zipvfs: opened archive 'scrantic_data.zip' (2594 entries)
Loading resources ...................................................................................................................................................................................
Art style: Cartoon (preview) (partial pack: 43/2401 assets; missing art uses HD/original), scale=2
rand seed: 11 (forced)
Art asset: data/hd/SCR/NIGHT.SCR.png
island backdrop: NIGHT.SCR
Art asset: data/hd/BMP/MRAFT.BMP/000.png
Art asset: data/hd/BMP/MRAFT.BMP/001.png
Art asset: data/hd/BMP/MRAFT.BMP/002.png
Art asset: data/hd/BMP/MRAFT.BMP/003.png
Art asset: data/hd/BMP/MRAFT.BMP/004.png
Art asset: data/hd/BMP/MRAFT.BMP/005.png
Art asset: data/hd/BMP/MRAFT.BMP/006.png
Art asset: data/styles/cartoon/BMP/BACKGRND.BMP/000.png
Art asset: data/hd/BMP/BACKGRND.BMP/001.png
Art asset: data/hd/BMP/BACKGRND.BMP/002.png
Art asset: data/styles/cartoon/BMP/BACKGRND.BMP/003.png
Art asset: data/styles/cartoon/BMP/BACKGRND.BMP/004.png
Art asset: data/styles/cartoon/BMP/BACKGRND.BMP/005.png
Art asset: data/styles/cartoon/BMP/BACKGRND.BMP/006.png
Art asset: data/styles/cartoon/BMP/BACKGRND.BMP/007.png
Art asset: data/styles/cartoon/BMP/BACKGRND.BMP/008.png
Art asset: data/styles/cartoon/BMP/BACKGRND.BMP/009.png
Art asset: data/styles/cartoon/BMP/BACKGRND.BMP/010.png
Art asset: data/styles/cartoon/BMP/BACKGRND.BMP/011.png
Art asset: data/styles/cartoon/BMP/BACKGRND.BMP/012.png
Art asset: data/styles/cartoon/BMP/BACKGRND.BMP/013.png
Art asset: data/styles/cartoon/BMP/BACKGRND.BMP/014.png
Art asset: data/styles/cartoon/BMP/BACKGRND.BMP/015.png
Art asset: data/hd/BMP/BACKGRND.BMP/016.png
Art asset: data/hd/BMP/BACKGRND.BMP/017.png
Art asset: data/hd/BMP/BACKGRND.BMP/018.png
Art asset: data/hd/BMP/BACKGRND.BMP/019.png
Art asset: data/hd/BMP/BACKGRND.BMP/020.png
Art asset: data/hd/BMP/BACKGRND.BMP/021.png
Art asset: data/hd/BMP/BACKGRND.BMP/022.png
Art asset: data/hd/BMP/BACKGRND.BMP/023.png
Art asset: data/hd/BMP/BACKGRND.BMP/024.png
Art asset: data/hd/BMP/BACKGRND.BMP/025.png
Art asset: data/hd/BMP/BACKGRND.BMP/026.png
Art asset: data/hd/BMP/BACKGRND.BMP/027.png
Art asset: data/hd/BMP/BACKGRND.BMP/028.png
Art asset: data/hd/BMP/BACKGRND.BMP/029.png
Art asset: data/hd/BMP/BACKGRND.BMP/030.png
Art asset: data/hd/BMP/BACKGRND.BMP/031.png
Art asset: data/hd/BMP/BACKGRND.BMP/032.png
Art asset: data/hd/BMP/BACKGRND.BMP/033.png
Art asset: data/hd/BMP/BACKGRND.BMP/034.png
Art asset: data/hd/BMP/BACKGRND.BMP/035.png
Art asset: data/hd/BMP/BACKGRND.BMP/036.png
Art asset: data/hd/BMP/BACKGRND.BMP/037.png
Art asset: data/hd/BMP/BACKGRND.BMP/038.png
Art asset: data/hd/BMP/BACKGRND.BMP/039.png
Art asset: data/hd/BMP/BACKGRND.BMP/040.png
Art asset: data/hd/BMP/BACKGRND.BMP/041.png
GROUND SURFACE: x=576 y=558 canvas=560x104
BG DRAW: frame=0 x=288 y=279 dx=0 dy=0 scale=2 canvas=560x104
BG DRAW: frame=13 x=442 y=148 dx=0 dy=0 scale=2 canvas=48x290
BG DRAW: frame=12 x=365 y=122 dx=0 dy=0 scale=2 canvas=304x138
BG DRAW: frame=14 x=396 y=279 dx=0 dy=0 scale=2 canvas=208x56
WAVE SURFACE: frame=6 x=728 y=638 canvas=320x50
BG DRAW: frame=6 x=364 y=319 dx=0 dy=0 scale=2 canvas=320x50
WAVE SURFACE: frame=6 x=728 y=638 canvas=320x50
BG DRAW: frame=6 x=364 y=319 dx=0 dy=0 scale=2 canvas=320x50
WAVE SURFACE: frame=9 x=1036 y=606 canvas=144x64
BG DRAW: frame=9 x=518 y=303 dx=0 dy=0 scale=2 canvas=144x64
WAVE SURFACE: frame=6 x=728 y=638 canvas=320x50
BG DRAW: frame=6 x=364 y=319 dx=0 dy=0 scale=2 canvas=320x50
WAVE SURFACE: frame=9 x=1036 y=606 canvas=144x64
BG DRAW: frame=9 x=518 y=303 dx=0 dy=0 scale=2 canvas=144x64
WAVE SURFACE: frame=3 x=540 y=612 canvas=144x58
BG DRAW: frame=3 x=270 y=306 dx=0 dy=0 scale=2 canvas=144x58
WAVE SURFACE: frame=9 x=1036 y=606 canvas=144x64
BG DRAW: frame=9 x=518 y=303 dx=0 dy=0 scale=2 canvas=144x64
WAVE SURFACE: frame=3 x=540 y=612 canvas=144x58
BG DRAW: frame=3 x=270 y=306 dx=0 dy=0 scale=2 canvas=144x58
WAVE SURFACE: frame=7 x=728 y=638 canvas=320x50
BG DRAW: frame=7 x=364 y=319 dx=0 dy=0 scale=2 canvas=320x50
Art asset: data/hd/BMP/HOLIDAY.BMP/000.png
Art asset: data/hd/BMP/HOLIDAY.BMP/001.png
Art asset: data/hd/BMP/HOLIDAY.BMP/002.png
Art asset: data/hd/BMP/HOLIDAY.BMP/003.png
PROP DRAW: frame=3 x=361 y=155 dx=0 dy=0 scale=2 canvas=304x94
Art asset: data/styles/cartoon/BMP/BACKGRND.BMP/000.png
Art asset: data/hd/BMP/BACKGRND.BMP/001.png
Art asset: data/hd/BMP/BACKGRND.BMP/002.png
Art asset: data/styles/cartoon/BMP/BACKGRND.BMP/003.png
Art asset: data/styles/cartoon/BMP/BACKGRND.BMP/004.png
Art asset: data/styles/cartoon/BMP/BACKGRND.BMP/005.png
Art asset: data/styles/cartoon/BMP/BACKGRND.BMP/006.png
Art asset: data/styles/cartoon/BMP/BACKGRND.BMP/007.png
Art asset: data/styles/cartoon/BMP/BACKGRND.BMP/008.png
Art asset: data/styles/cartoon/BMP/BACKGRND.BMP/009.png
Art asset: data/styles/cartoon/BMP/BACKGRND.BMP/010.png
Art asset: data/styles/cartoon/BMP/BACKGRND.BMP/011.png
Art asset: data/styles/cartoon/BMP/BACKGRND.BMP/012.png
Art asset: data/styles/cartoon/BMP/BACKGRND.BMP/013.png
Art asset: data/styles/cartoon/BMP/BACKGRND.BMP/014.png
Art asset: data/styles/cartoon/BMP/BACKGRND.BMP/015.png
Art asset: data/hd/BMP/BACKGRND.BMP/016.png
Art asset: data/hd/BMP/BACKGRND.BMP/017.png
Art asset: data/hd/BMP/BACKGRND.BMP/018.png
Art asset: data/hd/BMP/BACKGRND.BMP/019.png
Art asset: data/hd/BMP/BACKGRND.BMP/020.png
Art asset: data/hd/BMP/BACKGRND.BMP/021.png
Art asset: data/hd/BMP/BACKGRND.BMP/022.png
Art asset: data/hd/BMP/BACKGRND.BMP/023.png
Art asset: data/hd/BMP/BACKGRND.BMP/024.png
Art asset: data/hd/BMP/BACKGRND.BMP/025.png
Art asset: data/hd/BMP/BACKGRND.BMP/026.png
Art asset: data/hd/BMP/BACKGRND.BMP/027.png
Art asset: data/hd/BMP/BACKGRND.BMP/028.png
Art asset: data/hd/BMP/BACKGRND.BMP/029.png
Art asset: data/hd/BMP/BACKGRND.BMP/030.png
Art asset: data/hd/BMP/BACKGRND.BMP/031.png
Art asset: data/hd/BMP/BACKGRND.BMP/032.png
Art asset: data/hd/BMP/BACKGRND.BMP/033.png
Art asset: data/hd/BMP/BACKGRND.BMP/034.png
Art asset: data/hd/BMP/BACKGRND.BMP/035.png
Art asset: data/hd/BMP/BACKGRND.BMP/036.png
Art asset: data/hd/BMP/BACKGRND.BMP/037.png
Art asset: data/hd/BMP/BACKGRND.BMP/038.png
Art asset: data/hd/BMP/BACKGRND.BMP/039.png
Art asset: data/hd/BMP/BACKGRND.BMP/040.png
Art asset: data/hd/BMP/BACKGRND.BMP/041.png
Clouds Pos: 352, 68
BG DRAW: frame=15 x=352 y=68 dx=0 dy=0 scale=2 canvas=256x72
Clouds Pos: 347, 35
BG DRAW: frame=16 x=347 y=35 dx=0 dy=0 scale=2 canvas=384x114
Clouds Pos: 173, 39
BG DRAW: frame=17 x=173 y=39 dx=0 dy=0 scale=2 canvas=528x152
Clouds Pos: 106, 26
BG DRAW: frame=17 x=106 y=26 dx=0 dy=0 scale=2 canvas=528x152
Clouds Pos: 371, 62
BG DRAW: frame=16 x=371 y=62 dx=0 dy=0 scale=2 canvas=384x114
STATE: seed=11 holiday=4 night=1 offset=0,0 low=0 raft=0 render=1280x960
NATIVE CALL: segment=1 args=0,0,0,0
Art asset: data/styles/cartoon/BMP/JOHNWALK.BMP/000.png
Art asset: data/styles/cartoon/BMP/JOHNWALK.BMP/001.png
Art asset: data/styles/cartoon/BMP/JOHNWALK.BMP/002.png
Art asset: data/styles/cartoon/BMP/JOHNWALK.BMP/003.png
Art asset: data/styles/cartoon/BMP/JOHNWALK.BMP/004.png
Art asset: data/styles/cartoon/BMP/JOHNWALK.BMP/005.png
Art asset: data/styles/cartoon/BMP/JOHNWALK.BMP/006.png
Art asset: data/styles/cartoon/BMP/JOHNWALK.BMP/007.png
Art asset: data/styles/cartoon/BMP/JOHNWALK.BMP/008.png
Art asset: data/styles/cartoon/BMP/JOHNWALK.BMP/009.png
Art asset: data/styles/cartoon/BMP/JOHNWALK.BMP/010.png
Art asset: data/styles/cartoon/BMP/JOHNWALK.BMP/011.png
Art asset: data/styles/cartoon/BMP/JOHNWALK.BMP/012.png
Art asset: data/hd/BMP/JOHNWALK.BMP/013.png
Art asset: data/hd/BMP/JOHNWALK.BMP/014.png
Art asset: data/styles/cartoon/BMP/JOHNWALK.BMP/015.png
Art asset: data/styles/cartoon/BMP/JOHNWALK.BMP/016.png
Art asset: data/styles/cartoon/BMP/JOHNWALK.BMP/017.png
Art asset: data/styles/cartoon/BMP/JOHNWALK.BMP/018.png
Art asset: data/styles/cartoon/BMP/JOHNWALK.BMP/019.png
Art asset: data/styles/cartoon/BMP/JOHNWALK.BMP/020.png
Art asset: data/styles/cartoon/BMP/JOHNWALK.BMP/021.png
Art asset: data/styles/cartoon/BMP/JOHNWALK.BMP/022.png
Art asset: data/styles/cartoon/BMP/JOHNWALK.BMP/023.png
Art asset: data/styles/cartoon/BMP/JOHNWALK.BMP/024.png
Art asset: data/styles/cartoon/BMP/JOHNWALK.BMP/025.png
Art asset: data/styles/cartoon/BMP/JOHNWALK.BMP/026.png
Art asset: data/styles/cartoon/BMP/JOHNWALK.BMP/027.png
Art asset: data/styles/cartoon/BMP/JOHNWALK.BMP/028.png
Art asset: data/styles/cartoon/BMP/JOHNWALK.BMP/029.png
Art asset: data/hd/BMP/JOHNWALK.BMP/030.png
Art asset: data/hd/BMP/JOHNWALK.BMP/031.png
Art asset: data/hd/BMP/JOHNWALK.BMP/032.png
Art asset: data/hd/BMP/JOHNWALK.BMP/033.png
Art asset: data/hd/BMP/JOHNWALK.BMP/034.png
Art asset: data/hd/BMP/JOHNWALK.BMP/035.png

 +-- CALCULATE PATH --
 |
 |  . walking from A to A:
 |  . possible paths:  A
 |  . chosen path: A
 +--------------------

WALKING:  spot=0 hdg=0 next=0  -  data 0 300 243 16

JOHNNY DRAW: segment=1 frame=16 flip=0 x=299 y=243
    ------> Animate clouds
Clouds Pos: 354, 68
BG DRAW: frame=15 x=354 y=68 dx=0 dy=0 scale=2 canvas=256x72
Clouds Pos: 349, 35
BG DRAW: frame=16 x=349 y=35 dx=0 dy=0 scale=2 canvas=384x114
Clouds Pos: 174, 39
BG DRAW: frame=17 x=174 y=39 dx=0 dy=0 scale=2 canvas=528x152
Clouds Pos: 107, 26
BG DRAW: frame=17 x=107 y=26 dx=0 dy=0 scale=2 canvas=528x152
Clouds Pos: 372, 62
BG DRAW: frame=16 x=372 y=62 dx=0 dy=0 scale=2 canvas=384x114
DISPLAY: n=1 ticks=0 segment=1 phases=3,7,9,-1 johnny=16,0,299,243
DISPLAY: n=2 ticks=0 segment=1 phases=3,7,9,-1 johnny=16,0,299,243
 ******* WAIT: 6 ticks *******

    ------> Animate walking
WALKING: end walk

DISPLAY: n=3 ticks=6 segment=1 phases=3,7,9,-1 johnny=16,0,299,243
 ******* WAIT: 0 ticks *******

NATIVE RETURN: segment=1 ticks=6
NATIVE CALL: segment=2 args=0,0,0,0

 +-- CALCULATE PATH --
 |
 |  . walking from A to A:
 |  . possible paths:  A
 |  . chosen path: A
 +--------------------

WALKING:  spot=0 hdg=0 next=0  -  data 0 300 243 16

JOHNNY DRAW: segment=2 frame=16 flip=0 x=299 y=243
DISPLAY: n=4 ticks=6 segment=2 phases=3,7,9,-1 johnny=16,0,299,243
 ******* WAIT: 2 ticks *******

    ------> Animate bg
WAVE SURFACE: frame=3 x=540 y=612 canvas=144x58
BG DRAW: frame=3 x=270 y=306 dx=0 dy=0 scale=2 canvas=144x58
WAVE SURFACE: frame=7 x=728 y=638 canvas=320x50
BG DRAW: frame=7 x=364 y=319 dx=0 dy=0 scale=2 canvas=320x50
WAVE SURFACE: frame=10 x=1036 y=606 canvas=144x64
BG DRAW: frame=10 x=518 y=303 dx=0 dy=0 scale=2 canvas=144x64
    ------> Animate clouds
Clouds Pos: 356, 68
BG DRAW: frame=15 x=356 y=68 dx=0 dy=0 scale=2 canvas=256x72
Clouds Pos: 351, 35
BG DRAW: frame=16 x=351 y=35 dx=0 dy=0 scale=2 canvas=384x114
Clouds Pos: 175, 39
BG DRAW: frame=17 x=175 y=39 dx=0 dy=0 scale=2 canvas=528x152
Clouds Pos: 108, 26
BG DRAW: frame=17 x=108 y=26 dx=0 dy=0 scale=2 canvas=528x152
Clouds Pos: 373, 62
BG DRAW: frame=16 x=373 y=62 dx=0 dy=0 scale=2 canvas=384x114
DISPLAY: n=5 ticks=8 segment=2 phases=3,7,10,-1 johnny=16,0,299,243
 ******* WAIT: 4 ticks *******

    ------> Animate walking
WALKING: end walk

DISPLAY: n=6 ticks=12 segment=2 phases=3,7,10,-1 johnny=16,0,299,243
 ******* WAIT: 0 ticks *******

NATIVE RETURN: segment=2 ticks=12
NATIVE CALL: segment=3 args=0,0,0,0

 +-- CALCULATE PATH --
 |
 |  . walking from A to A:
 |  . possible paths:  A
 |  . chosen path: A
 +--------------------

WALKING:  spot=0 hdg=0 next=0  -  data 0 300 243 16

JOHNNY DRAW: segment=3 frame=16 flip=0 x=299 y=243
DISPLAY: n=7 ticks=12 segment=3 phases=3,7,10,-1 johnny=16,0,299,243
 ******* WAIT: 4 ticks *******

    ------> Animate bg
WAVE SURFACE: frame=7 x=728 y=638 canvas=320x50
BG DRAW: frame=7 x=364 y=319 dx=0 dy=0 scale=2 canvas=320x50
WAVE SURFACE: frame=10 x=1036 y=606 canvas=144x64
BG DRAW: frame=10 x=518 y=303 dx=0 dy=0 scale=2 canvas=144x64
WAVE SURFACE: frame=4 x=540 y=612 canvas=144x58
BG DRAW: frame=4 x=270 y=306 dx=0 dy=0 scale=2 canvas=144x58
    ------> Animate clouds
Clouds Pos: 358, 68
BG DRAW: frame=15 x=358 y=68 dx=0 dy=0 scale=2 canvas=256x72
Clouds Pos: 353, 35
BG DRAW: frame=16 x=353 y=35 dx=0 dy=0 scale=2 canvas=384x114
Clouds Pos: 176, 39
BG DRAW: frame=17 x=176 y=39 dx=0 dy=0 scale=2 canvas=528x152
Clouds Pos: 109, 26
BG DRAW: frame=17 x=109 y=26 dx=0 dy=0 scale=2 canvas=528x152
Clouds Pos: 374, 62
BG DRAW: frame=16 x=374 y=62 dx=0 dy=0 scale=2 canvas=384x114
DISPLAY: n=8 ticks=16 segment=3 phases=4,7,10,-1 johnny=16,0,299,243
 ******* WAIT: 2 ticks *******

    ------> Animate walking
WALKING: end walk

DISPLAY: n=9 ticks=18 segment=3 phases=4,7,10,-1 johnny=16,0,299,243
 ******* WAIT: 0 ticks *******

NATIVE RETURN: segment=3 ticks=18
NATIVE CALL: segment=4 args=0,0,0,0

 +-- CALCULATE PATH --
 |
 |  . walking from A to A:
 |  . possible paths:  A
 |  . chosen path: A
 +--------------------

WALKING:  spot=0 hdg=0 next=0  -  data 0 300 243 16

JOHNNY DRAW: segment=4 frame=16 flip=0 x=299 y=243
DISPLAY: n=10 ticks=18 segment=4 phases=4,7,10,-1 johnny=16,0,299,243
 ******* WAIT: 6 ticks *******

    ------> Animate bg
WAVE SURFACE: frame=10 x=1036 y=606 canvas=144x64
BG DRAW: frame=10 x=518 y=303 dx=0 dy=0 scale=2 canvas=144x64
WAVE SURFACE: frame=4 x=540 y=612 canvas=144x58
BG DRAW: frame=4 x=270 y=306 dx=0 dy=0 scale=2 canvas=144x58
WAVE SURFACE: frame=8 x=728 y=638 canvas=320x50
BG DRAW: frame=8 x=364 y=319 dx=0 dy=0 scale=2 canvas=320x50
    ------> Animate clouds
Clouds Pos: 360, 68
BG DRAW: frame=15 x=360 y=68 dx=0 dy=0 scale=2 canvas=256x72
Clouds Pos: 355, 35
BG DRAW: frame=16 x=355 y=35 dx=0 dy=0 scale=2 canvas=384x114
Clouds Pos: 177, 39
BG DRAW: frame=17 x=177 y=39 dx=0 dy=0 scale=2 canvas=528x152
Clouds Pos: 110, 26
BG DRAW: frame=17 x=110 y=26 dx=0 dy=0 scale=2 canvas=528x152
Clouds Pos: 375, 62
BG DRAW: frame=16 x=375 y=62 dx=0 dy=0 scale=2 canvas=384x114
    ------> Animate walking
WALKING: end walk

DISPLAY: n=11 ticks=24 segment=4 phases=4,8,10,-1 johnny=16,0,299,243
 ******* WAIT: 0 ticks *******

NATIVE RETURN: segment=4 ticks=24
NATIVE CALL: segment=5 args=0,0,0,0

 +-- CALCULATE PATH --
 |
 |  . walking from A to A:
 |  . possible paths:  A
 |  . chosen path: A
 +--------------------

WALKING:  spot=0 hdg=0 next=0  -  data 0 300 243 16

JOHNNY DRAW: segment=5 frame=16 flip=0 x=299 y=243
DISPLAY: n=12 ticks=24 segment=5 phases=4,8,10,-1 johnny=16,0,299,243
 ******* WAIT: 6 ticks *******

    ------> Animate walking
WALKING: end walk

DISPLAY: n=13 ticks=30 segment=5 phases=4,8,10,-1 johnny=16,0,299,243
 ******* WAIT: 0 ticks *******

NATIVE RETURN: segment=5 ticks=30
NATIVE CALL: segment=6 args=0,0,0,0

 +-- CALCULATE PATH --
 |
 |  . walking from A to A:
 |  . possible paths:  A
 |  . chosen path: A
 +--------------------

WALKING:  spot=0 hdg=0 next=0  -  data 0 300 243 16

JOHNNY DRAW: segment=6 frame=16 flip=0 x=299 y=243
DISPLAY: n=14 ticks=30 segment=6 phases=4,8,10,-1 johnny=16,0,299,243
 ******* WAIT: 2 ticks *******

    ------> Animate bg
WAVE SURFACE: frame=4 x=540 y=612 canvas=144x58
BG DRAW: frame=4 x=270 y=306 dx=0 dy=0 scale=2 canvas=144x58
WAVE SURFACE: frame=8 x=728 y=638 canvas=320x50
BG DRAW: frame=8 x=364 y=319 dx=0 dy=0 scale=2 canvas=320x50
WAVE SURFACE: frame=11 x=1036 y=606 canvas=144x64
BG DRAW: frame=11 x=518 y=303 dx=0 dy=0 scale=2 canvas=144x64
    ------> Animate clouds
Clouds Pos: 362, 68
BG DRAW: frame=15 x=362 y=68 dx=0 dy=0 scale=2 canvas=256x72
Clouds Pos: 357, 35
BG DRAW: frame=16 x=357 y=35 dx=0 dy=0 scale=2 canvas=384x114
Clouds Pos: 178, 39
BG DRAW: frame=17 x=178 y=39 dx=0 dy=0 scale=2 canvas=528x152
Clouds Pos: 111, 26
BG DRAW: frame=17 x=111 y=26 dx=0 dy=0 scale=2 canvas=528x152
Clouds Pos: 376, 62
BG DRAW: frame=16 x=376 y=62 dx=0 dy=0 scale=2 canvas=384x114
DISPLAY: n=15 ticks=32 segment=6 phases=4,8,11,-1 johnny=16,0,299,243
 ******* WAIT: 4 ticks *******

    ------> Animate walking
WALKING: end walk

DISPLAY: n=16 ticks=36 segment=6 phases=4,8,11,-1 johnny=16,0,299,243
 ******* WAIT: 0 ticks *******

NATIVE RETURN: segment=6 ticks=36
NATIVE CALL: segment=7 args=0,0,0,0

 +-- CALCULATE PATH --
 |
 |  . walking from A to A:
 |  . possible paths:  A
 |  . chosen path: A
 +--------------------

WALKING:  spot=0 hdg=0 next=0  -  data 0 300 243 16

JOHNNY DRAW: segment=7 frame=16 flip=0 x=299 y=243
DISPLAY: n=17 ticks=36 segment=7 phases=4,8,11,-1 johnny=16,0,299,243
 ******* WAIT: 4 ticks *******

    ------> Animate bg
WAVE SURFACE: frame=8 x=728 y=638 canvas=320x50
BG DRAW: frame=8 x=364 y=319 dx=0 dy=0 scale=2 canvas=320x50
WAVE SURFACE: frame=11 x=1036 y=606 canvas=144x64
BG DRAW: frame=11 x=518 y=303 dx=0 dy=0 scale=2 canvas=144x64
WAVE SURFACE: frame=5 x=540 y=612 canvas=144x58
BG DRAW: frame=5 x=270 y=306 dx=0 dy=0 scale=2 canvas=144x58
    ------> Animate clouds
Clouds Pos: 364, 68
BG DRAW: frame=15 x=364 y=68 dx=0 dy=0 scale=2 canvas=256x72
Clouds Pos: 359, 35
BG DRAW: frame=16 x=359 y=35 dx=0 dy=0 scale=2 canvas=384x114
Clouds Pos: 179, 39
BG DRAW: frame=17 x=179 y=39 dx=0 dy=0 scale=2 canvas=528x152
Clouds Pos: 112, 26
BG DRAW: frame=17 x=112 y=26 dx=0 dy=0 scale=2 canvas=528x152
Clouds Pos: 377, 62
BG DRAW: frame=16 x=377 y=62 dx=0 dy=0 scale=2 canvas=384x114
DISPLAY: n=18 ticks=40 segment=7 phases=5,8,11,-1 johnny=16,0,299,243
 ******* WAIT: 2 ticks *******

    ------> Animate walking
WALKING: end walk

DISPLAY: n=19 ticks=42 segment=7 phases=5,8,11,-1 johnny=16,0,299,243
 ******* WAIT: 0 ticks *******

NATIVE RETURN: segment=7 ticks=42
NATIVE CALL: segment=8 args=0,0,0,0

 +-- CALCULATE PATH --
 |
 |  . walking from A to A:
 |  . possible paths:  A
 |  . chosen path: A
 +--------------------

WALKING:  spot=0 hdg=0 next=0  -  data 0 300 243 16

JOHNNY DRAW: segment=8 frame=16 flip=0 x=299 y=243
DISPLAY: n=20 ticks=42 segment=8 phases=5,8,11,-1 johnny=16,0,299,243
 ******* WAIT: 6 ticks *******

    ------> Animate bg
WAVE SURFACE: frame=11 x=1036 y=606 canvas=144x64
BG DRAW: frame=11 x=518 y=303 dx=0 dy=0 scale=2 canvas=144x64
WAVE SURFACE: frame=5 x=540 y=612 canvas=144x58
BG DRAW: frame=5 x=270 y=306 dx=0 dy=0 scale=2 canvas=144x58
WAVE SURFACE: frame=6 x=728 y=638 canvas=320x50
BG DRAW: frame=6 x=364 y=319 dx=0 dy=0 scale=2 canvas=320x50
    ------> Animate clouds
Clouds Pos: 366, 68
BG DRAW: frame=15 x=366 y=68 dx=0 dy=0 scale=2 canvas=256x72
Clouds Pos: 361, 35
BG DRAW: frame=16 x=361 y=35 dx=0 dy=0 scale=2 canvas=384x114
Clouds Pos: 180, 39
BG DRAW: frame=17 x=180 y=39 dx=0 dy=0 scale=2 canvas=528x152
Clouds Pos: 113, 26
BG DRAW: frame=17 x=113 y=26 dx=0 dy=0 scale=2 canvas=528x152
Clouds Pos: 378, 62
BG DRAW: frame=16 x=378 y=62 dx=0 dy=0 scale=2 canvas=384x114
    ------> Animate walking
WALKING: end walk

DISPLAY: n=21 ticks=48 segment=8 phases=5,6,11,-1 johnny=16,0,299,243
 ******* WAIT: 0 ticks *******

NATIVE RETURN: segment=8 ticks=48
NATIVE CALL: segment=9 args=0,0,0,0

 +-- CALCULATE PATH --
 |
 |  . walking from A to A:
 |  . possible paths:  A
 |  . chosen path: A
 +--------------------

WALKING:  spot=0 hdg=0 next=0  -  data 0 300 243 16

JOHNNY DRAW: segment=9 frame=16 flip=0 x=299 y=243
DISPLAY: n=22 ticks=48 segment=9 phases=5,6,11,-1 johnny=16,0,299,243
 ******* WAIT: 6 ticks *******

    ------> Animate walking
WALKING: end walk

DISPLAY: n=23 ticks=54 segment=9 phases=5,6,11,-1 johnny=16,0,299,243
 ******* WAIT: 0 ticks *******

NATIVE RETURN: segment=9 ticks=54
NATIVE CALL: segment=10 args=0,0,0,0

 +-- CALCULATE PATH --
 |
 |  . walking from A to A:
 |  . possible paths:  A
 |  . chosen path: A
 +--------------------

WALKING:  spot=0 hdg=0 next=0  -  data 0 300 243 16

JOHNNY DRAW: segment=10 frame=16 flip=0 x=299 y=243
DISPLAY: n=24 ticks=54 segment=10 phases=5,6,11,-1 johnny=16,0,299,243
 ******* WAIT: 2 ticks *******

    ------> Animate bg
WAVE SURFACE: frame=5 x=540 y=612 canvas=144x58
BG DRAW: frame=5 x=270 y=306 dx=0 dy=0 scale=2 canvas=144x58
WAVE SURFACE: frame=6 x=728 y=638 canvas=320x50
BG DRAW: frame=6 x=364 y=319 dx=0 dy=0 scale=2 canvas=320x50
WAVE SURFACE: frame=9 x=1036 y=606 canvas=144x64
BG DRAW: frame=9 x=518 y=303 dx=0 dy=0 scale=2 canvas=144x64
    ------> Animate clouds
Clouds Pos: 368, 68
BG DRAW: frame=15 x=368 y=68 dx=0 dy=0 scale=2 canvas=256x72
Clouds Pos: 363, 35
BG DRAW: frame=16 x=363 y=35 dx=0 dy=0 scale=2 canvas=384x114
Clouds Pos: 181, 39
BG DRAW: frame=17 x=181 y=39 dx=0 dy=0 scale=2 canvas=528x152
Clouds Pos: 114, 26
BG DRAW: frame=17 x=114 y=26 dx=0 dy=0 scale=2 canvas=528x152
Clouds Pos: 379, 62
BG DRAW: frame=16 x=379 y=62 dx=0 dy=0 scale=2 canvas=384x114
DISPLAY: n=25 ticks=56 segment=10 phases=5,6,9,-1 johnny=16,0,299,243
 ******* WAIT: 4 ticks *******

    ------> Animate walking
WALKING: end walk

DISPLAY: n=26 ticks=60 segment=10 phases=5,6,9,-1 johnny=16,0,299,243
 ******* WAIT: 0 ticks *******

NATIVE RETURN: segment=10 ticks=60
NATIVE CALL: segment=11 args=0,0,0,0

 +-- CALCULATE PATH --
 |
 |  . walking from A to A:
 |  . possible paths:  A
 |  . chosen path: A
 +--------------------

WALKING:  spot=0 hdg=0 next=0  -  data 0 300 243 16

JOHNNY DRAW: segment=11 frame=16 flip=0 x=299 y=243
DISPLAY: n=27 ticks=60 segment=11 phases=5,6,9,-1 johnny=16,0,299,243
 ******* WAIT: 4 ticks *******

    ------> Animate bg
WAVE SURFACE: frame=6 x=728 y=638 canvas=320x50
BG DRAW: frame=6 x=364 y=319 dx=0 dy=0 scale=2 canvas=320x50
WAVE SURFACE: frame=9 x=1036 y=606 canvas=144x64
BG DRAW: frame=9 x=518 y=303 dx=0 dy=0 scale=2 canvas=144x64
WAVE SURFACE: frame=3 x=540 y=612 canvas=144x58
BG DRAW: frame=3 x=270 y=306 dx=0 dy=0 scale=2 canvas=144x58
    ------> Animate clouds
Clouds Pos: 370, 68
BG DRAW: frame=15 x=370 y=68 dx=0 dy=0 scale=2 canvas=256x72
Clouds Pos: 365, 35
BG DRAW: frame=16 x=365 y=35 dx=0 dy=0 scale=2 canvas=384x114
Clouds Pos: 182, 39
BG DRAW: frame=17 x=182 y=39 dx=0 dy=0 scale=2 canvas=528x152
Clouds Pos: 115, 26
BG DRAW: frame=17 x=115 y=26 dx=0 dy=0 scale=2 canvas=528x152
Clouds Pos: 380, 62
BG DRAW: frame=16 x=380 y=62 dx=0 dy=0 scale=2 canvas=384x114
DISPLAY: n=28 ticks=64 segment=11 phases=3,6,9,-1 johnny=16,0,299,243
 ******* WAIT: 2 ticks *******

    ------> Animate walking
WALKING: end walk

DISPLAY: n=29 ticks=66 segment=11 phases=3,6,9,-1 johnny=16,0,299,243
 ******* WAIT: 0 ticks *******

NATIVE RETURN: segment=11 ticks=66
NATIVE CALL: segment=12 args=0,0,0,0

 +-- CALCULATE PATH --
 |
 |  . walking from A to A:
 |  . possible paths:  A
 |  . chosen path: A
 +--------------------

WALKING:  spot=0 hdg=0 next=0  -  data 0 300 243 16

JOHNNY DRAW: segment=12 frame=16 flip=0 x=299 y=243
DISPLAY: n=30 ticks=66 segment=12 phases=3,6,9,-1 johnny=16,0,299,243
 ******* WAIT: 6 ticks *******

    ------> Animate bg
WAVE SURFACE: frame=9 x=1036 y=606 canvas=144x64
BG DRAW: frame=9 x=518 y=303 dx=0 dy=0 scale=2 canvas=144x64
WAVE SURFACE: frame=3 x=540 y=612 canvas=144x58
BG DRAW: frame=3 x=270 y=306 dx=0 dy=0 scale=2 canvas=144x58
WAVE SURFACE: frame=7 x=728 y=638 canvas=320x50
BG DRAW: frame=7 x=364 y=319 dx=0 dy=0 scale=2 canvas=320x50
    ------> Animate clouds
Clouds Pos: 372, 68
BG DRAW: frame=15 x=372 y=68 dx=0 dy=0 scale=2 canvas=256x72
Clouds Pos: 367, 35
BG DRAW: frame=16 x=367 y=35 dx=0 dy=0 scale=2 canvas=384x114
Clouds Pos: 183, 39
BG DRAW: frame=17 x=183 y=39 dx=0 dy=0 scale=2 canvas=528x152
Clouds Pos: 116, 26
BG DRAW: frame=17 x=116 y=26 dx=0 dy=0 scale=2 canvas=528x152
Clouds Pos: 381, 62
BG DRAW: frame=16 x=381 y=62 dx=0 dy=0 scale=2 canvas=384x114
    ------> Animate walking
WALKING: end walk

DISPLAY: n=31 ticks=72 segment=12 phases=3,7,9,-1 johnny=16,0,299,243
 ******* WAIT: 0 ticks *******

NATIVE RETURN: segment=12 ticks=72
NATIVE CALL: segment=13 args=0,0,0,0

 +-- CALCULATE PATH --
 |
 |  . walking from A to A:
 |  . possible paths:  A
 |  . chosen path: A
 +--------------------

WALKING:  spot=0 hdg=0 next=0  -  data 0 300 243 16

JOHNNY DRAW: segment=13 frame=16 flip=0 x=299 y=243
DISPLAY: n=32 ticks=72 segment=13 phases=3,7,9,-1 johnny=16,0,299,243
 ******* WAIT: 6 ticks *******

    ------> Animate walking
WALKING: end walk

DISPLAY: n=33 ticks=78 segment=13 phases=3,7,9,-1 johnny=16,0,299,243
 ******* WAIT: 0 ticks *******

NATIVE RETURN: segment=13 ticks=78
NATIVE CALL: segment=14 args=0,0,0,0

 +-- CALCULATE PATH --
 |
 |  . walking from A to A:
 |  . possible paths:  A
 |  . chosen path: A
 +--------------------

WALKING:  spot=0 hdg=0 next=0  -  data 0 300 243 16

JOHNNY DRAW: segment=14 frame=16 flip=0 x=299 y=243
DISPLAY: n=34 ticks=78 segment=14 phases=3,7,9,-1 johnny=16,0,299,243
 ******* WAIT: 2 ticks *******

    ------> Animate bg
WAVE SURFACE: frame=3 x=540 y=612 canvas=144x58
BG DRAW: frame=3 x=270 y=306 dx=0 dy=0 scale=2 canvas=144x58
WAVE SURFACE: frame=7 x=728 y=638 canvas=320x50
BG DRAW: frame=7 x=364 y=319 dx=0 dy=0 scale=2 canvas=320x50
WAVE SURFACE: frame=10 x=1036 y=606 canvas=144x64
BG DRAW: frame=10 x=518 y=303 dx=0 dy=0 scale=2 canvas=144x64
    ------> Animate clouds
Clouds Pos: 374, 68
BG DRAW: frame=15 x=374 y=68 dx=0 dy=0 scale=2 canvas=256x72
Clouds Pos: 369, 35
BG DRAW: frame=16 x=369 y=35 dx=0 dy=0 scale=2 canvas=384x114
Clouds Pos: 184, 39
BG DRAW: frame=17 x=184 y=39 dx=0 dy=0 scale=2 canvas=528x152
Clouds Pos: 117, 26
BG DRAW: frame=17 x=117 y=26 dx=0 dy=0 scale=2 canvas=528x152
Clouds Pos: 382, 62
BG DRAW: frame=16 x=382 y=62 dx=0 dy=0 scale=2 canvas=384x114
DISPLAY: n=35 ticks=80 segment=14 phases=3,7,10,-1 johnny=16,0,299,243
 ******* WAIT: 4 ticks *******

    ------> Animate walking
WALKING: end walk

DISPLAY: n=36 ticks=84 segment=14 phases=3,7,10,-1 johnny=16,0,299,243
 ******* WAIT: 0 ticks *******

NATIVE RETURN: segment=14 ticks=84
NATIVE CALL: segment=15 args=0,0,0,0

 +-- CALCULATE PATH --
 |
 |  . walking from A to A:
 |  . possible paths:  A
 |  . chosen path: A
 +--------------------

WALKING:  spot=0 hdg=0 next=0  -  data 0 300 243 16

JOHNNY DRAW: segment=15 frame=16 flip=0 x=299 y=243
DISPLAY: n=37 ticks=84 segment=15 phases=3,7,10,-1 johnny=16,0,299,243
 ******* WAIT: 4 ticks *******

    ------> Animate bg
WAVE SURFACE: frame=7 x=728 y=638 canvas=320x50
BG DRAW: frame=7 x=364 y=319 dx=0 dy=0 scale=2 canvas=320x50
WAVE SURFACE: frame=10 x=1036 y=606 canvas=144x64
BG DRAW: frame=10 x=518 y=303 dx=0 dy=0 scale=2 canvas=144x64
WAVE SURFACE: frame=4 x=540 y=612 canvas=144x58
BG DRAW: frame=4 x=270 y=306 dx=0 dy=0 scale=2 canvas=144x58
    ------> Animate clouds
Clouds Pos: 376, 68
BG DRAW: frame=15 x=376 y=68 dx=0 dy=0 scale=2 canvas=256x72
Clouds Pos: 371, 35
BG DRAW: frame=16 x=371 y=35 dx=0 dy=0 scale=2 canvas=384x114
Clouds Pos: 185, 39
BG DRAW: frame=17 x=185 y=39 dx=0 dy=0 scale=2 canvas=528x152
Clouds Pos: 118, 26
BG DRAW: frame=17 x=118 y=26 dx=0 dy=0 scale=2 canvas=528x152
Clouds Pos: 383, 62
BG DRAW: frame=16 x=383 y=62 dx=0 dy=0 scale=2 canvas=384x114
DISPLAY: n=38 ticks=88 segment=15 phases=4,7,10,-1 johnny=16,0,299,243
 ******* WAIT: 2 ticks *******

    ------> Animate walking
WALKING: end walk

DISPLAY: n=39 ticks=90 segment=15 phases=4,7,10,-1 johnny=16,0,299,243
 ******* WAIT: 0 ticks *******

NATIVE RETURN: segment=15 ticks=90
NATIVE CALL: segment=16 args=0,0,0,0

 +-- CALCULATE PATH --
 |
 |  . walking from A to A:
 |  . possible paths:  A
 |  . chosen path: A
 +--------------------

WALKING:  spot=0 hdg=0 next=0  -  data 0 300 243 16

JOHNNY DRAW: segment=16 frame=16 flip=0 x=299 y=243
DISPLAY: n=40 ticks=90 segment=16 phases=4,7,10,-1 johnny=16,0,299,243
 ******* WAIT: 6 ticks *******

    ------> Animate bg
WAVE SURFACE: frame=10 x=1036 y=606 canvas=144x64
BG DRAW: frame=10 x=518 y=303 dx=0 dy=0 scale=2 canvas=144x64
WAVE SURFACE: frame=4 x=540 y=612 canvas=144x58
BG DRAW: frame=4 x=270 y=306 dx=0 dy=0 scale=2 canvas=144x58
WAVE SURFACE: frame=8 x=728 y=638 canvas=320x50
BG DRAW: frame=8 x=364 y=319 dx=0 dy=0 scale=2 canvas=320x50
    ------> Animate clouds
Clouds Pos: 378, 68
BG DRAW: frame=15 x=378 y=68 dx=0 dy=0 scale=2 canvas=256x72
Clouds Pos: 373, 35
BG DRAW: frame=16 x=373 y=35 dx=0 dy=0 scale=2 canvas=384x114
Clouds Pos: 186, 39
BG DRAW: frame=17 x=186 y=39 dx=0 dy=0 scale=2 canvas=528x152
Clouds Pos: 119, 26
BG DRAW: frame=17 x=119 y=26 dx=0 dy=0 scale=2 canvas=528x152
Clouds Pos: 384, 62
BG DRAW: frame=16 x=384 y=62 dx=0 dy=0 scale=2 canvas=384x114
    ------> Animate walking
WALKING: end walk

DISPLAY: n=41 ticks=96 segment=16 phases=4,8,10,-1 johnny=16,0,299,243
 ******* WAIT: 0 ticks *******

NATIVE RETURN: segment=16 ticks=96
NATIVE CALL: segment=17 args=0,0,0,0

 +-- CALCULATE PATH --
 |
 |  . walking from A to A:
 |  . possible paths:  A
 |  . chosen path: A
 +--------------------

WALKING:  spot=0 hdg=0 next=0  -  data 0 300 243 16

JOHNNY DRAW: segment=17 frame=16 flip=0 x=299 y=243
DISPLAY: n=42 ticks=96 segment=17 phases=4,8,10,-1 johnny=16,0,299,243
 ******* WAIT: 6 ticks *******

    ------> Animate walking
WALKING: end walk

DISPLAY: n=43 ticks=102 segment=17 phases=4,8,10,-1 johnny=16,0,299,243
 ******* WAIT: 0 ticks *******

NATIVE RETURN: segment=17 ticks=102
NATIVE CALL: segment=18 args=0,0,0,0

 +-- CALCULATE PATH --
 |
 |  . walking from A to A:
 |  . possible paths:  A
 |  . chosen path: A
 +--------------------

WALKING:  spot=0 hdg=0 next=0  -  data 0 300 243 16

JOHNNY DRAW: segment=18 frame=16 flip=0 x=299 y=243
DISPLAY: n=44 ticks=102 segment=18 phases=4,8,10,-1 johnny=16,0,299,243
 ******* WAIT: 2 ticks *******

    ------> Animate bg
WAVE SURFACE: frame=4 x=540 y=612 canvas=144x58
BG DRAW: frame=4 x=270 y=306 dx=0 dy=0 scale=2 canvas=144x58
WAVE SURFACE: frame=8 x=728 y=638 canvas=320x50
BG DRAW: frame=8 x=364 y=319 dx=0 dy=0 scale=2 canvas=320x50
WAVE SURFACE: frame=11 x=1036 y=606 canvas=144x64
BG DRAW: frame=11 x=518 y=303 dx=0 dy=0 scale=2 canvas=144x64
    ------> Animate clouds
Clouds Pos: 380, 68
BG DRAW: frame=15 x=380 y=68 dx=0 dy=0 scale=2 canvas=256x72
Clouds Pos: 375, 35
BG DRAW: frame=16 x=375 y=35 dx=0 dy=0 scale=2 canvas=384x114
Clouds Pos: 187, 39
BG DRAW: frame=17 x=187 y=39 dx=0 dy=0 scale=2 canvas=528x152
Clouds Pos: 120, 26
BG DRAW: frame=17 x=120 y=26 dx=0 dy=0 scale=2 canvas=528x152
Clouds Pos: 385, 62
BG DRAW: frame=16 x=385 y=62 dx=0 dy=0 scale=2 canvas=384x114
DISPLAY: n=45 ticks=104 segment=18 phases=4,8,11,-1 johnny=16,0,299,243
 ******* WAIT: 4 ticks *******

    ------> Animate walking
WALKING: end walk

DISPLAY: n=46 ticks=108 segment=18 phases=4,8,11,-1 johnny=16,0,299,243
 ******* WAIT: 0 ticks *******

NATIVE RETURN: segment=18 ticks=108
NATIVE CALL: segment=19 args=0,0,0,0

 +-- CALCULATE PATH --
 |
 |  . walking from A to A:
 |  . possible paths:  A
 |  . chosen path: A
 +--------------------

WALKING:  spot=0 hdg=0 next=0  -  data 0 300 243 16

JOHNNY DRAW: segment=19 frame=16 flip=0 x=299 y=243
DISPLAY: n=47 ticks=108 segment=19 phases=4,8,11,-1 johnny=16,0,299,243
 ******* WAIT: 4 ticks *******

    ------> Animate bg
WAVE SURFACE: frame=8 x=728 y=638 canvas=320x50
BG DRAW: frame=8 x=364 y=319 dx=0 dy=0 scale=2 canvas=320x50
WAVE SURFACE: frame=11 x=1036 y=606 canvas=144x64
BG DRAW: frame=11 x=518 y=303 dx=0 dy=0 scale=2 canvas=144x64
WAVE SURFACE: frame=5 x=540 y=612 canvas=144x58
BG DRAW: frame=5 x=270 y=306 dx=0 dy=0 scale=2 canvas=144x58
    ------> Animate clouds
Clouds Pos: 382, 68
BG DRAW: frame=15 x=382 y=68 dx=0 dy=0 scale=2 canvas=256x72
Clouds Pos: 377, 35
BG DRAW: frame=16 x=377 y=35 dx=0 dy=0 scale=2 canvas=384x114
Clouds Pos: 188, 39
BG DRAW: frame=17 x=188 y=39 dx=0 dy=0 scale=2 canvas=528x152
Clouds Pos: 121, 26
BG DRAW: frame=17 x=121 y=26 dx=0 dy=0 scale=2 canvas=528x152
Clouds Pos: 386, 62
BG DRAW: frame=16 x=386 y=62 dx=0 dy=0 scale=2 canvas=384x114
DISPLAY: n=48 ticks=112 segment=19 phases=5,8,11,-1 johnny=16,0,299,243
 ******* WAIT: 2 ticks *******

    ------> Animate walking
WALKING: end walk

DISPLAY: n=49 ticks=114 segment=19 phases=5,8,11,-1 johnny=16,0,299,243
 ******* WAIT: 0 ticks *******

NATIVE RETURN: segment=19 ticks=114
NATIVE CALL: segment=20 args=0,0,0,0

 +-- CALCULATE PATH --
 |
 |  . walking from A to A:
 |  . possible paths:  A
 |  . chosen path: A
 +--------------------

WALKING:  spot=0 hdg=0 next=0  -  data 0 300 243 16

JOHNNY DRAW: segment=20 frame=16 flip=0 x=299 y=243
DISPLAY: n=50 ticks=114 segment=20 phases=5,8,11,-1 johnny=16,0,299,243
 ******* WAIT: 6 ticks *******

    ------> Animate bg
WAVE SURFACE: frame=11 x=1036 y=606 canvas=144x64
BG DRAW: frame=11 x=518 y=303 dx=0 dy=0 scale=2 canvas=144x64
WAVE SURFACE: frame=5 x=540 y=612 canvas=144x58
BG DRAW: frame=5 x=270 y=306 dx=0 dy=0 scale=2 canvas=144x58
WAVE SURFACE: frame=6 x=728 y=638 canvas=320x50
BG DRAW: frame=6 x=364 y=319 dx=0 dy=0 scale=2 canvas=320x50
    ------> Animate clouds
Clouds Pos: 384, 68
BG DRAW: frame=15 x=384 y=68 dx=0 dy=0 scale=2 canvas=256x72
Clouds Pos: 379, 35
BG DRAW: frame=16 x=379 y=35 dx=0 dy=0 scale=2 canvas=384x114
Clouds Pos: 189, 39
BG DRAW: frame=17 x=189 y=39 dx=0 dy=0 scale=2 canvas=528x152
Clouds Pos: 122, 26
BG DRAW: frame=17 x=122 y=26 dx=0 dy=0 scale=2 canvas=528x152
Clouds Pos: 387, 62
BG DRAW: frame=16 x=387 y=62 dx=0 dy=0 scale=2 canvas=384x114
    ------> Animate walking
WALKING: end walk

DISPLAY: n=51 ticks=120 segment=20 phases=5,6,11,-1 johnny=16,0,299,243
 ******* WAIT: 0 ticks *******

NATIVE RETURN: segment=20 ticks=120
Captured frame: final.ppm (1280x960)
Art assets decoded: cartoon=56, HD fallback=76, original fallback=0
DONE: native calls returned; cleanup complete
