zipvfs: opened archive 'scrantic_data.zip' (2591 entries)
Loading resources ...................................................................................................................................................................................
Art style: Cartoon (preview) (partial pack: 40/2401 assets; missing art uses HD/original), scale=2
rand seed: 11 (forced)
Art asset: data/styles/cartoon/SCR/OCEAN02.SCR.png
island backdrop: OCEAN02.SCR
Art asset: data/hd/BMP/MRAFT.BMP/000.png
Art asset: data/hd/BMP/MRAFT.BMP/001.png
Art asset: data/hd/BMP/MRAFT.BMP/002.png
Art asset: data/hd/BMP/MRAFT.BMP/003.png
Art asset: data/hd/BMP/MRAFT.BMP/004.png
Art asset: data/hd/BMP/MRAFT.BMP/005.png
Art asset: data/hd/BMP/MRAFT.BMP/006.png
Art asset: data/styles/cartoon/BMP/BACKGRND.BMP/000.png
Art asset: data/hd/BMP/BACKGRND.BMP/001.png
Art asset: data/hd/BMP/BACKGRND.BMP/002.png
Art asset: data/styles/cartoon/BMP/BACKGRND.BMP/003.png
Art asset: data/styles/cartoon/BMP/BACKGRND.BMP/004.png
Art asset: data/styles/cartoon/BMP/BACKGRND.BMP/005.png
Art asset: data/styles/cartoon/BMP/BACKGRND.BMP/006.png
Art asset: data/styles/cartoon/BMP/BACKGRND.BMP/007.png
Art asset: data/styles/cartoon/BMP/BACKGRND.BMP/008.png
Art asset: data/styles/cartoon/BMP/BACKGRND.BMP/009.png
Art asset: data/styles/cartoon/BMP/BACKGRND.BMP/010.png
Art asset: data/styles/cartoon/BMP/BACKGRND.BMP/011.png
Art asset: data/styles/cartoon/BMP/BACKGRND.BMP/012.png
Art asset: data/styles/cartoon/BMP/BACKGRND.BMP/013.png
Art asset: data/styles/cartoon/BMP/BACKGRND.BMP/014.png
Art asset: data/styles/cartoon/BMP/BACKGRND.BMP/015.png
Art asset: data/hd/BMP/BACKGRND.BMP/016.png
Art asset: data/hd/BMP/BACKGRND.BMP/017.png
Art asset: data/hd/BMP/BACKGRND.BMP/018.png
Art asset: data/hd/BMP/BACKGRND.BMP/019.png
Art asset: data/hd/BMP/BACKGRND.BMP/020.png
Art asset: data/hd/BMP/BACKGRND.BMP/021.png
Art asset: data/hd/BMP/BACKGRND.BMP/022.png
Art asset: data/hd/BMP/BACKGRND.BMP/023.png
Art asset: data/hd/BMP/BACKGRND.BMP/024.png
Art asset: data/hd/BMP/BACKGRND.BMP/025.png
Art asset: data/hd/BMP/BACKGRND.BMP/026.png
Art asset: data/hd/BMP/BACKGRND.BMP/027.png
Art asset: data/hd/BMP/BACKGRND.BMP/028.png
Art asset: data/hd/BMP/BACKGRND.BMP/029.png
Art asset: data/hd/BMP/BACKGRND.BMP/030.png
Art asset: data/hd/BMP/BACKGRND.BMP/031.png
Art asset: data/hd/BMP/BACKGRND.BMP/032.png
Art asset: data/hd/BMP/BACKGRND.BMP/033.png
Art asset: data/hd/BMP/BACKGRND.BMP/034.png
Art asset: data/hd/BMP/BACKGRND.BMP/035.png
Art asset: data/hd/BMP/BACKGRND.BMP/036.png
Art asset: data/hd/BMP/BACKGRND.BMP/037.png
Art asset: data/hd/BMP/BACKGRND.BMP/038.png
Art asset: data/hd/BMP/BACKGRND.BMP/039.png
Art asset: data/hd/BMP/BACKGRND.BMP/040.png
Art asset: data/hd/BMP/BACKGRND.BMP/041.png
Art asset: data/styles/cartoon/BMP/BACKGRND.BMP/000.png
Art asset: data/hd/BMP/BACKGRND.BMP/001.png
Art asset: data/hd/BMP/BACKGRND.BMP/002.png
Art asset: data/styles/cartoon/BMP/BACKGRND.BMP/003.png
Art asset: data/styles/cartoon/BMP/BACKGRND.BMP/004.png
Art asset: data/styles/cartoon/BMP/BACKGRND.BMP/005.png
Art asset: data/styles/cartoon/BMP/BACKGRND.BMP/006.png
Art asset: data/styles/cartoon/BMP/BACKGRND.BMP/007.png
Art asset: data/styles/cartoon/BMP/BACKGRND.BMP/008.png
Art asset: data/styles/cartoon/BMP/BACKGRND.BMP/009.png
Art asset: data/styles/cartoon/BMP/BACKGRND.BMP/010.png
Art asset: data/styles/cartoon/BMP/BACKGRND.BMP/011.png
Art asset: data/styles/cartoon/BMP/BACKGRND.BMP/012.png
Art asset: data/styles/cartoon/BMP/BACKGRND.BMP/013.png
Art asset: data/styles/cartoon/BMP/BACKGRND.BMP/014.png
Art asset: data/styles/cartoon/BMP/BACKGRND.BMP/015.png
Art asset: data/hd/BMP/BACKGRND.BMP/016.png
Art asset: data/hd/BMP/BACKGRND.BMP/017.png
Art asset: data/hd/BMP/BACKGRND.BMP/018.png
Art asset: data/hd/BMP/BACKGRND.BMP/019.png
Art asset: data/hd/BMP/BACKGRND.BMP/020.png
Art asset: data/hd/BMP/BACKGRND.BMP/021.png
Art asset: data/hd/BMP/BACKGRND.BMP/022.png
Art asset: data/hd/BMP/BACKGRND.BMP/023.png
Art asset: data/hd/BMP/BACKGRND.BMP/024.png
Art asset: data/hd/BMP/BACKGRND.BMP/025.png
Art asset: data/hd/BMP/BACKGRND.BMP/026.png
Art asset: data/hd/BMP/BACKGRND.BMP/027.png
Art asset: data/hd/BMP/BACKGRND.BMP/028.png
Art asset: data/hd/BMP/BACKGRND.BMP/029.png
Art asset: data/hd/BMP/BACKGRND.BMP/030.png
Art asset: data/hd/BMP/BACKGRND.BMP/031.png
Art asset: data/hd/BMP/BACKGRND.BMP/032.png
Art asset: data/hd/BMP/BACKGRND.BMP/033.png
Art asset: data/hd/BMP/BACKGRND.BMP/034.png
Art asset: data/hd/BMP/BACKGRND.BMP/035.png
Art asset: data/hd/BMP/BACKGRND.BMP/036.png
Art asset: data/hd/BMP/BACKGRND.BMP/037.png
Art asset: data/hd/BMP/BACKGRND.BMP/038.png
Art asset: data/hd/BMP/BACKGRND.BMP/039.png
Art asset: data/hd/BMP/BACKGRND.BMP/040.png
Art asset: data/hd/BMP/BACKGRND.BMP/041.png
Clouds Pos: 89, 32
Clouds Pos: 136, 26
TURN DRIVER: island_seed=11 path_seed=2 clip=travel_ec style=cartoon
TURN ISLAND: highTide=1 offset=0,0 raft=0 night=0 holiday=0
TURN SEGMENT: prime api=adsPlayWalk(4,7,4,7) start_ms=0
Art asset: data/styles/cartoon/BMP/JOHNWALK.BMP/000.png
Art asset: data/styles/cartoon/BMP/JOHNWALK.BMP/001.png
Art asset: data/styles/cartoon/BMP/JOHNWALK.BMP/002.png
Art asset: data/styles/cartoon/BMP/JOHNWALK.BMP/003.png
Art asset: data/styles/cartoon/BMP/JOHNWALK.BMP/004.png
Art asset: data/styles/cartoon/BMP/JOHNWALK.BMP/005.png
Art asset: data/styles/cartoon/BMP/JOHNWALK.BMP/006.png
Art asset: data/styles/cartoon/BMP/JOHNWALK.BMP/007.png
Art asset: data/styles/cartoon/BMP/JOHNWALK.BMP/008.png
Art asset: data/hd/BMP/JOHNWALK.BMP/009.png
Art asset: data/hd/BMP/JOHNWALK.BMP/010.png
Art asset: data/styles/cartoon/BMP/JOHNWALK.BMP/011.png
Art asset: data/hd/BMP/JOHNWALK.BMP/012.png
Art asset: data/hd/BMP/JOHNWALK.BMP/013.png
Art asset: data/hd/BMP/JOHNWALK.BMP/014.png
Art asset: data/styles/cartoon/BMP/JOHNWALK.BMP/015.png
Art asset: data/styles/cartoon/BMP/JOHNWALK.BMP/016.png
Art asset: data/styles/cartoon/BMP/JOHNWALK.BMP/017.png
Art asset: data/styles/cartoon/BMP/JOHNWALK.BMP/018.png
Art asset: data/styles/cartoon/BMP/JOHNWALK.BMP/019.png
Art asset: data/styles/cartoon/BMP/JOHNWALK.BMP/020.png
Art asset: data/styles/cartoon/BMP/JOHNWALK.BMP/021.png
Art asset: data/styles/cartoon/BMP/JOHNWALK.BMP/022.png
Art asset: data/styles/cartoon/BMP/JOHNWALK.BMP/023.png
Art asset: data/styles/cartoon/BMP/JOHNWALK.BMP/024.png
Art asset: data/styles/cartoon/BMP/JOHNWALK.BMP/025.png
Art asset: data/styles/cartoon/BMP/JOHNWALK.BMP/026.png
Art asset: data/styles/cartoon/BMP/JOHNWALK.BMP/027.png
Art asset: data/styles/cartoon/BMP/JOHNWALK.BMP/028.png
Art asset: data/styles/cartoon/BMP/JOHNWALK.BMP/029.png
Art asset: data/hd/BMP/JOHNWALK.BMP/030.png
Art asset: data/hd/BMP/JOHNWALK.BMP/031.png
Art asset: data/hd/BMP/JOHNWALK.BMP/032.png
Art asset: data/hd/BMP/JOHNWALK.BMP/033.png
Art asset: data/hd/BMP/JOHNWALK.BMP/034.png
Art asset: data/hd/BMP/JOHNWALK.BMP/035.png

 +-- CALCULATE PATH --
 |
 |  . walking from E to E:
 |  . possible paths:  E
 |  . chosen path: E
 +--------------------

WALKING:  spot=4 hdg=7 next=7  -  data 0 395 213 17

TURN DRAW: flip=0 x=394 y=213 frame=17
TURN ANIMATE: delay_ticks=80
    ------> Animate clouds
Clouds Pos: 87, 32
Clouds Pos: 135, 26
TURN WAIT: ticks=0 logical_ms=0
TURN DISPLAY: 1 logical_ms=0 file=display-001.ppm
 ******* WAIT: 6 ticks *******

    ------> Animate walking
WALKING: end walk

TURN ANIMATE: delay_ticks=0
TURN WAIT: ticks=6 logical_ms=120
TURN DISPLAY: 2 logical_ms=120 file=display-002.ppm
 ******* WAIT: 0 ticks *******

TURN SEGMENT END: prime end_ms=120
TURN SEGMENT: travel api=adsPlayWalk(4,7,2,6) start_ms=120

 +-- CALCULATE PATH --
 |
 |  . walking from E to C:
 |  . possible paths:  EABC EAC EC EDC
 |  . chosen path: EC
 +--------------------

WALKING:  spot=4 hdg=7 next=-1  -  data 1 396 212 28

TURN DRAW: flip=1 x=395 y=212 frame=28
TURN ANIMATE: delay_ticks=6
TURN WAIT: ticks=0 logical_ms=120
TURN DISPLAY: 3 logical_ms=120 file=display-003.ppm
 ******* WAIT: 2 ticks *******

    ------> Animate bg
    ------> Animate clouds
Clouds Pos: 85, 32
Clouds Pos: 134, 26
TURN WAIT: ticks=2 logical_ms=160
TURN DISPLAY: 4 logical_ms=160 file=display-004.ppm
 ******* WAIT: 4 ticks *******

    ------> Animate walking
WALKING:  spot=4 hdg=7 next=-1  -  data 1 402 214 29

TURN DRAW: flip=1 x=401 y=214 frame=29
TURN ANIMATE: delay_ticks=6
TURN WAIT: ticks=4 logical_ms=240
TURN DISPLAY: 5 logical_ms=240 file=display-005.ppm
 ******* WAIT: 4 ticks *******

    ------> Animate bg
    ------> Animate clouds
Clouds Pos: 83, 32
Clouds Pos: 133, 26
TURN WAIT: ticks=4 logical_ms=320
TURN DISPLAY: 6 logical_ms=320 file=display-006.ppm
 ******* WAIT: 2 ticks *******

    ------> Animate walking
WALKING:  spot=4 hdg=7 next=-1  -  data 1 415 216 24

TURN DRAW: flip=1 x=414 y=216 frame=24
TURN ANIMATE: delay_ticks=6
TURN WAIT: ticks=2 logical_ms=360
TURN DISPLAY: 7 logical_ms=360 file=display-007.ppm
 ******* WAIT: 6 ticks *******

    ------> Animate bg
    ------> Animate clouds
Clouds Pos: 81, 32
Clouds Pos: 132, 26
    ------> Animate walking
WALKING:  spot=4 hdg=7 next=-1  -  data 1 413 216 25

TURN DRAW: flip=1 x=412 y=216 frame=25
TURN ANIMATE: delay_ticks=6
TURN WAIT: ticks=6 logical_ms=480
TURN DISPLAY: 8 logical_ms=480 file=display-008.ppm
 ******* WAIT: 6 ticks *******

    ------> Animate walking
WALKING:  spot=4 hdg=7 next=-1  -  data 1 418 217 26

TURN DRAW: flip=1 x=417 y=217 frame=26
TURN ANIMATE: delay_ticks=6
TURN WAIT: ticks=6 logical_ms=600
TURN DISPLAY: 9 logical_ms=600 file=display-009.ppm
 ******* WAIT: 2 ticks *******

    ------> Animate bg
    ------> Animate clouds
Clouds Pos: 79, 32
Clouds Pos: 131, 26
TURN WAIT: ticks=2 logical_ms=640
TURN DISPLAY: 10 logical_ms=640 file=display-010.ppm
 ******* WAIT: 4 ticks *******

    ------> Animate walking
WALKING:  spot=4 hdg=7 next=-1  -  data 1 422 220 27

TURN DRAW: flip=1 x=421 y=220 frame=27
TURN ANIMATE: delay_ticks=6
TURN WAIT: ticks=4 logical_ms=720
TURN DISPLAY: 11 logical_ms=720 file=display-011.ppm
 ******* WAIT: 4 ticks *******

    ------> Animate bg
    ------> Animate clouds
Clouds Pos: 77, 32
Clouds Pos: 130, 26
TURN WAIT: ticks=4 logical_ms=800
TURN DISPLAY: 12 logical_ms=800 file=display-012.ppm
 ******* WAIT: 2 ticks *******

    ------> Animate walking
WALKING:  spot=4 hdg=7 next=-1  -  data 1 423 219 28

TURN DRAW: flip=1 x=422 y=219 frame=28
TURN ANIMATE: delay_ticks=6
TURN WAIT: ticks=2 logical_ms=840
TURN DISPLAY: 13 logical_ms=840 file=display-013.ppm
 ******* WAIT: 6 ticks *******

    ------> Animate bg
    ------> Animate clouds
Clouds Pos: 75, 32
Clouds Pos: 129, 26
    ------> Animate walking
WALKING:  spot=4 hdg=7 next=-1  -  data 1 429 221 29

TURN DRAW: flip=1 x=428 y=221 frame=29
TURN ANIMATE: delay_ticks=6
TURN WAIT: ticks=6 logical_ms=960
TURN DISPLAY: 14 logical_ms=960 file=display-014.ppm
 ******* WAIT: 6 ticks *******

    ------> Animate walking
WALKING:  spot=4 hdg=7 next=-1  -  data 1 437 225 24

TURN DRAW: flip=1 x=436 y=225 frame=24
TURN ANIMATE: delay_ticks=6
TURN WAIT: ticks=6 logical_ms=1080
TURN DISPLAY: 15 logical_ms=1080 file=display-015.ppm
 ******* WAIT: 2 ticks *******

    ------> Animate bg
    ------> Animate clouds
Clouds Pos: 73, 32
Clouds Pos: 128, 26
TURN WAIT: ticks=2 logical_ms=1120
TURN DISPLAY: 16 logical_ms=1120 file=display-016.ppm
 ******* WAIT: 4 ticks *******

    ------> Animate walking
WALKING:  spot=4 hdg=7 next=-1  -  data 1 434 226 25

TURN DRAW: flip=1 x=433 y=226 frame=25
TURN ANIMATE: delay_ticks=6
TURN WAIT: ticks=4 logical_ms=1200
TURN DISPLAY: 17 logical_ms=1200 file=display-017.ppm
 ******* WAIT: 4 ticks *******

    ------> Animate bg
    ------> Animate clouds
Clouds Pos: 71, 32
Clouds Pos: 127, 26
TURN WAIT: ticks=4 logical_ms=1280
TURN DISPLAY: 18 logical_ms=1280 file=display-018.ppm
 ******* WAIT: 2 ticks *******

    ------> Animate walking
WALKING:  spot=4 hdg=7 next=-1  -  data 0 435 229 9

TURN DRAW: flip=0 x=434 y=229 frame=9
TURN ANIMATE: delay_ticks=6
TURN WAIT: ticks=2 logical_ms=1320
TURN DISPLAY: 19 logical_ms=1320 file=display-019.ppm
 ******* WAIT: 6 ticks *******

    ------> Animate bg
    ------> Animate clouds
Clouds Pos: 69, 32
Clouds Pos: 126, 26
    ------> Animate walking
WALKING:  spot=4 hdg=7 next=-1  -  data 0 440 226 3

TURN DRAW: flip=0 x=439 y=226 frame=3
TURN ANIMATE: delay_ticks=6
TURN WAIT: ticks=6 logical_ms=1440
TURN DISPLAY: 20 logical_ms=1440 file=display-020.ppm
 ******* WAIT: 6 ticks *******

    ------> Animate walking
WALKING:  spot=4 hdg=7 next=-1  -  data 0 444 227 4

TURN DRAW: flip=0 x=443 y=227 frame=4
TURN ANIMATE: delay_ticks=6
TURN WAIT: ticks=6 logical_ms=1560
TURN DISPLAY: 21 logical_ms=1560 file=display-021.ppm
 ******* WAIT: 2 ticks *******

    ------> Animate bg
    ------> Animate clouds
Clouds Pos: 67, 32
Clouds Pos: 125, 26
TURN WAIT: ticks=2 logical_ms=1600
TURN DISPLAY: 22 logical_ms=1600 file=display-022.ppm
 ******* WAIT: 4 ticks *******

    ------> Animate walking
WALKING:  spot=4 hdg=7 next=-1  -  data 0 445 230 5

TURN DRAW: flip=0 x=444 y=230 frame=5
TURN ANIMATE: delay_ticks=6
TURN WAIT: ticks=4 logical_ms=1680
TURN DISPLAY: 23 logical_ms=1680 file=display-023.ppm
 ******* WAIT: 4 ticks *******

    ------> Animate bg
    ------> Animate clouds
Clouds Pos: 65, 32
Clouds Pos: 124, 26
TURN WAIT: ticks=4 logical_ms=1760
TURN DISPLAY: 24 logical_ms=1760 file=display-024.ppm
 ******* WAIT: 2 ticks *******

    ------> Animate walking
WALKING:  spot=4 hdg=7 next=-1  -  data 0 455 229 6

TURN DRAW: flip=0 x=454 y=229 frame=6
TURN ANIMATE: delay_ticks=6
TURN WAIT: ticks=2 logical_ms=1800
TURN DISPLAY: 25 logical_ms=1800 file=display-025.ppm
 ******* WAIT: 6 ticks *******

    ------> Animate bg
    ------> Animate clouds
Clouds Pos: 63, 32
Clouds Pos: 123, 26
    ------> Animate walking
WALKING:  spot=4 hdg=7 next=-1  -  data 0 471 228 7

TURN DRAW: flip=0 x=470 y=228 frame=7
TURN ANIMATE: delay_ticks=6
TURN WAIT: ticks=6 logical_ms=1920
TURN DISPLAY: 26 logical_ms=1920 file=display-026.ppm
 ******* WAIT: 6 ticks *******

    ------> Animate walking
WALKING:  spot=4 hdg=7 next=-1  -  data 0 473 229 8

TURN DRAW: flip=0 x=472 y=229 frame=8
TURN ANIMATE: delay_ticks=6
TURN WAIT: ticks=6 logical_ms=2040
TURN DISPLAY: 27 logical_ms=2040 file=display-027.ppm
 ******* WAIT: 2 ticks *******

    ------> Animate bg
    ------> Animate clouds
Clouds Pos: 61, 32
Clouds Pos: 122, 26
TURN WAIT: ticks=2 logical_ms=2080
TURN DISPLAY: 28 logical_ms=2080 file=display-028.ppm
 ******* WAIT: 4 ticks *******

    ------> Animate walking
WALKING:  spot=4 hdg=7 next=-1  -  data 0 474 232 1

TURN DRAW: flip=0 x=473 y=232 frame=1
TURN ANIMATE: delay_ticks=6
TURN WAIT: ticks=4 logical_ms=2160
TURN DISPLAY: 29 logical_ms=2160 file=display-029.ppm
 ******* WAIT: 4 ticks *******

    ------> Animate bg
    ------> Animate clouds
Clouds Pos: 59, 32
Clouds Pos: 121, 26
TURN WAIT: ticks=4 logical_ms=2240
TURN DISPLAY: 30 logical_ms=2240 file=display-030.ppm
 ******* WAIT: 2 ticks *******

    ------> Animate walking
WALKING:  spot=4 hdg=7 next=-1  -  data 0 488 232 2

TURN DRAW: flip=0 x=487 y=232 frame=2
TURN ANIMATE: delay_ticks=6
TURN WAIT: ticks=2 logical_ms=2280
TURN DISPLAY: 31 logical_ms=2280 file=display-031.ppm
 ******* WAIT: 6 ticks *******

    ------> Animate bg
    ------> Animate clouds
Clouds Pos: 57, 32
Clouds Pos: 120, 26
    ------> Animate walking
WALKING:  spot=4 hdg=7 next=-1  -  data 0 499 229 3

TURN DRAW: flip=0 x=498 y=229 frame=3
TURN ANIMATE: delay_ticks=6
TURN WAIT: ticks=6 logical_ms=2400
TURN DISPLAY: 32 logical_ms=2400 file=display-032.ppm
 ******* WAIT: 6 ticks *******

    ------> Animate walking
WALKING:  spot=4 hdg=7 next=-1  -  data 0 506 231 4

TURN DRAW: flip=0 x=505 y=231 frame=4
TURN ANIMATE: delay_ticks=6
TURN WAIT: ticks=6 logical_ms=2520
TURN DISPLAY: 33 logical_ms=2520 file=display-033.ppm
 ******* WAIT: 2 ticks *******

    ------> Animate bg
    ------> Animate clouds
Clouds Pos: 55, 32
Clouds Pos: 119, 26
TURN WAIT: ticks=2 logical_ms=2560
TURN DISPLAY: 34 logical_ms=2560 file=display-034.ppm
 ******* WAIT: 4 ticks *******

    ------> Animate walking
WALKING:  spot=4 hdg=7 next=-1  -  data 0 505 231 6

TURN DRAW: flip=0 x=504 y=231 frame=6
TURN ANIMATE: delay_ticks=6
TURN WAIT: ticks=4 logical_ms=2640
TURN DISPLAY: 35 logical_ms=2640 file=display-035.ppm
 ******* WAIT: 4 ticks *******

    ------> Animate bg
    ------> Animate clouds
Clouds Pos: 53, 32
Clouds Pos: 118, 26
TURN WAIT: ticks=4 logical_ms=2720
TURN DISPLAY: 36 logical_ms=2720 file=display-036.ppm
 ******* WAIT: 2 ticks *******

    ------> Animate walking
WALKING:  spot=4 hdg=7 next=-1  -  data 0 519 231 7

TURN DRAW: flip=0 x=518 y=231 frame=7
TURN ANIMATE: delay_ticks=6
TURN WAIT: ticks=2 logical_ms=2760
TURN DISPLAY: 37 logical_ms=2760 file=display-037.ppm
 ******* WAIT: 6 ticks *******

    ------> Animate bg
    ------> Animate clouds
Clouds Pos: 51, 32
Clouds Pos: 117, 26
    ------> Animate walking
WALKING:  spot=4 hdg=7 next=-1  -  data 0 519 231 8

TURN DRAW: flip=0 x=518 y=231 frame=8
TURN ANIMATE: delay_ticks=6
TURN WAIT: ticks=6 logical_ms=2880
TURN DISPLAY: 38 logical_ms=2880 file=display-038.ppm
 ******* WAIT: 6 ticks *******

    ------> Animate walking
WALKING:  spot=2 hdg=6 next=6  -  data 0 527 231 0

TURN DRAW: flip=0 x=526 y=231 frame=0
TURN ANIMATE: delay_ticks=80
TURN WAIT: ticks=6 logical_ms=3000
TURN DISPLAY: 39 logical_ms=3000 file=display-039.ppm
 ******* WAIT: 2 ticks *******

    ------> Animate bg
    ------> Animate clouds
Clouds Pos: 49, 32
Clouds Pos: 116, 26
TURN WAIT: ticks=2 logical_ms=3040
TURN DISPLAY: 40 logical_ms=3040 file=display-040.ppm
 ******* WAIT: 8 ticks *******

    ------> Animate bg
    ------> Animate clouds
Clouds Pos: 47, 32
Clouds Pos: 115, 26
TURN WAIT: ticks=8 logical_ms=3200
TURN DISPLAY: 41 logical_ms=3200 file=display-041.ppm
 ******* WAIT: 8 ticks *******

    ------> Animate bg
    ------> Animate clouds
Clouds Pos: 45, 32
Clouds Pos: 114, 26
TURN WAIT: ticks=8 logical_ms=3360
TURN DISPLAY: 42 logical_ms=3360 file=display-042.ppm
 ******* WAIT: 8 ticks *******

    ------> Animate bg
    ------> Animate clouds
Clouds Pos: 43, 32
Clouds Pos: 113, 26
TURN WAIT: ticks=8 logical_ms=3520
TURN DISPLAY: 43 logical_ms=3520 file=display-043.ppm
 ******* WAIT: 8 ticks *******

    ------> Animate bg
    ------> Animate clouds
Clouds Pos: 41, 32
Clouds Pos: 112, 26
TURN WAIT: ticks=8 logical_ms=3680
TURN DISPLAY: 44 logical_ms=3680 file=display-044.ppm
 ******* WAIT: 8 ticks *******

    ------> Animate bg
    ------> Animate clouds
Clouds Pos: 39, 32
Clouds Pos: 111, 26
TURN WAIT: ticks=8 logical_ms=3840
TURN DISPLAY: 45 logical_ms=3840 file=display-045.ppm
 ******* WAIT: 8 ticks *******

    ------> Animate bg
    ------> Animate clouds
Clouds Pos: 37, 32
Clouds Pos: 110, 26
TURN WAIT: ticks=8 logical_ms=4000
TURN DISPLAY: 46 logical_ms=4000 file=display-046.ppm
 ******* WAIT: 8 ticks *******

    ------> Animate bg
    ------> Animate clouds
Clouds Pos: 35, 32
Clouds Pos: 109, 26
TURN WAIT: ticks=8 logical_ms=4160
TURN DISPLAY: 47 logical_ms=4160 file=display-047.ppm
 ******* WAIT: 8 ticks *******

    ------> Animate bg
    ------> Animate clouds
Clouds Pos: 33, 32
Clouds Pos: 108, 26
TURN WAIT: ticks=8 logical_ms=4320
TURN DISPLAY: 48 logical_ms=4320 file=display-048.ppm
 ******* WAIT: 8 ticks *******

    ------> Animate bg
    ------> Animate clouds
Clouds Pos: 31, 32
Clouds Pos: 107, 26
TURN WAIT: ticks=8 logical_ms=4480
TURN DISPLAY: 49 logical_ms=4480 file=display-049.ppm
 ******* WAIT: 6 ticks *******

    ------> Animate walking
WALKING: end walk

TURN ANIMATE: delay_ticks=0
TURN WAIT: ticks=6 logical_ms=4600
TURN DISPLAY: 50 logical_ms=4600 file=display-050.ppm
 ******* WAIT: 0 ticks *******

TURN SEGMENT END: travel end_ms=4600
Captured frame: final.ppm (1280x960)
Art assets decoded: cartoon=54, HD fallback=74, original fallback=0
TURN DRIVER: finite clips returned; cleanup complete; displays=50 logical_ms=4600
