test_accepted_hash_mutation_is_rejected (test_art_tools.ArtToolsTests.test_accepted_hash_mutation_is_rejected) ... ok
test_all_filters_rgb_rgba_and_grayscale_alpha (test_art_tools.ArtToolsTests.test_all_filters_rgb_rgba_and_grayscale_alpha) ... ok
test_alpha_channel_is_required_for_sprites (test_art_tools.ArtToolsTests.test_alpha_channel_is_required_for_sprites) ... ok
test_alpha_declaration_is_checked_against_pixels (test_art_tools.ArtToolsTests.test_alpha_declaration_is_checked_against_pixels) ... ok
test_bad_deflate_with_correct_chunk_crc_is_rejected (test_art_tools.ArtToolsTests.test_bad_deflate_with_correct_chunk_crc_is_rejected) ... ok
test_build_is_repeatable_preserves_originals_and_refuses_overwrite (test_art_tools.ArtToolsTests.test_build_is_repeatable_preserves_originals_and_refuses_overwrite) ... ok
test_complete_coverage_requires_all_original_slots (test_art_tools.ArtToolsTests.test_complete_coverage_requires_all_original_slots) ... ok
test_complete_pack_accepts_blank_sprite_and_opaque_rgb_screen (test_art_tools.ArtToolsTests.test_complete_pack_accepts_blank_sprite_and_opaque_rgb_screen) ... ok
test_corrupt_crc_mutation_names_one_asset (test_art_tools.ArtToolsTests.test_corrupt_crc_mutation_names_one_asset) ... ok
test_duplicate_accepted_path_mutation_names_one_asset (test_art_tools.ArtToolsTests.test_duplicate_accepted_path_mutation_names_one_asset) ... ok
test_duplicate_archive_member_mutation_names_one_asset (test_art_tools.ArtToolsTests.test_duplicate_archive_member_mutation_names_one_asset) ... ok
test_inventory_exports_unmodified_and_records_exact_aliases (test_art_tools.ArtToolsTests.test_inventory_exports_unmodified_and_records_exact_aliases) ... ok
test_missing_accepted_file_mutation_names_one_asset (test_art_tools.ArtToolsTests.test_missing_accepted_file_mutation_names_one_asset) ... ok
test_missing_coverage_mutation_names_one_asset (test_art_tools.ArtToolsTests.test_missing_coverage_mutation_names_one_asset) ... ok
test_source_hash_mutation_is_rejected (test_art_tools.ArtToolsTests.test_source_hash_mutation_is_rejected) ... ok
test_traversal_path_is_rejected_before_opening_a_file (test_art_tools.ArtToolsTests.test_traversal_path_is_rejected_before_opening_a_file) ... ok
test_true_alpha_preserves_opaque_magenta_and_binary_control (test_art_tools.ArtToolsTests.test_true_alpha_preserves_opaque_magenta_and_binary_control) ... ok
test_unrecorded_png_is_rejected (test_art_tools.ArtToolsTests.test_unrecorded_png_is_rejected) ... ok
test_unsupported_png_mutations_name_one_asset (test_art_tools.ArtToolsTests.test_unsupported_png_mutations_name_one_asset) ... ok
test_wrong_dimensions_mutation_names_one_asset (test_art_tools.ArtToolsTests.test_wrong_dimensions_mutation_names_one_asset) ... ok

----------------------------------------------------------------------
Ran 20 tests in 0.487s

OK
