zipvfs: opened archive 'scrantic_data.zip' (2581 entries)
Loading resources ...................................................................................................................................................................................
Art style: Cartoon (preview) (partial pack: 30/2401 assets; missing art uses HD/original), scale=2
rand seed: 11 (forced)
Art asset: data/styles/cartoon/SCR/OCEAN02.SCR.png
island backdrop: OCEAN02.SCR
Art asset: data/hd/BMP/MRAFT.BMP/000.png
Art asset: data/hd/BMP/MRAFT.BMP/001.png
Art asset: data/hd/BMP/MRAFT.BMP/002.png
Art asset: data/hd/BMP/MRAFT.BMP/003.png
Art asset: data/hd/BMP/MRAFT.BMP/004.png
Art asset: data/hd/BMP/MRAFT.BMP/005.png
Art asset: data/hd/BMP/MRAFT.BMP/006.png
Art asset: data/styles/cartoon/BMP/BACKGRND.BMP/000.png
Art asset: data/hd/BMP/BACKGRND.BMP/001.png
Art asset: data/hd/BMP/BACKGRND.BMP/002.png
Art asset: data/styles/cartoon/BMP/BACKGRND.BMP/003.png
Art asset: data/styles/cartoon/BMP/BACKGRND.BMP/004.png
Art asset: data/styles/cartoon/BMP/BACKGRND.BMP/005.png
Art asset: data/styles/cartoon/BMP/BACKGRND.BMP/006.png
Art asset: data/styles/cartoon/BMP/BACKGRND.BMP/007.png
Art asset: data/styles/cartoon/BMP/BACKGRND.BMP/008.png
Art asset: data/styles/cartoon/BMP/BACKGRND.BMP/009.png
Art asset: data/styles/cartoon/BMP/BACKGRND.BMP/010.png
Art asset: data/styles/cartoon/BMP/BACKGRND.BMP/011.png
Art asset: data/styles/cartoon/BMP/BACKGRND.BMP/012.png
Art asset: data/styles/cartoon/BMP/BACKGRND.BMP/013.png
Art asset: data/styles/cartoon/BMP/BACKGRND.BMP/014.png
Art asset: data/styles/cartoon/BMP/BACKGRND.BMP/015.png
Art asset: data/hd/BMP/BACKGRND.BMP/016.png
Art asset: data/hd/BMP/BACKGRND.BMP/017.png
Art asset: data/hd/BMP/BACKGRND.BMP/018.png
Art asset: data/hd/BMP/BACKGRND.BMP/019.png
Art asset: data/hd/BMP/BACKGRND.BMP/020.png
Art asset: data/hd/BMP/BACKGRND.BMP/021.png
Art asset: data/hd/BMP/BACKGRND.BMP/022.png
Art asset: data/hd/BMP/BACKGRND.BMP/023.png
Art asset: data/hd/BMP/BACKGRND.BMP/024.png
Art asset: data/hd/BMP/BACKGRND.BMP/025.png
Art asset: data/hd/BMP/BACKGRND.BMP/026.png
Art asset: data/hd/BMP/BACKGRND.BMP/027.png
Art asset: data/hd/BMP/BACKGRND.BMP/028.png
Art asset: data/hd/BMP/BACKGRND.BMP/029.png
Art asset: data/hd/BMP/BACKGRND.BMP/030.png
Art asset: data/hd/BMP/BACKGRND.BMP/031.png
Art asset: data/hd/BMP/BACKGRND.BMP/032.png
Art asset: data/hd/BMP/BACKGRND.BMP/033.png
Art asset: data/hd/BMP/BACKGRND.BMP/034.png
Art asset: data/hd/BMP/BACKGRND.BMP/035.png
Art asset: data/hd/BMP/BACKGRND.BMP/036.png
Art asset: data/hd/BMP/BACKGRND.BMP/037.png
Art asset: data/hd/BMP/BACKGRND.BMP/038.png
Art asset: data/hd/BMP/BACKGRND.BMP/039.png
Art asset: data/hd/BMP/BACKGRND.BMP/040.png
Art asset: data/hd/BMP/BACKGRND.BMP/041.png
Art asset: data/styles/cartoon/BMP/BACKGRND.BMP/000.png
Art asset: data/hd/BMP/BACKGRND.BMP/001.png
Art asset: data/hd/BMP/BACKGRND.BMP/002.png
Art asset: data/styles/cartoon/BMP/BACKGRND.BMP/003.png
Art asset: data/styles/cartoon/BMP/BACKGRND.BMP/004.png
Art asset: data/styles/cartoon/BMP/BACKGRND.BMP/005.png
Art asset: data/styles/cartoon/BMP/BACKGRND.BMP/006.png
Art asset: data/styles/cartoon/BMP/BACKGRND.BMP/007.png
Art asset: data/styles/cartoon/BMP/BACKGRND.BMP/008.png
Art asset: data/styles/cartoon/BMP/BACKGRND.BMP/009.png
Art asset: data/styles/cartoon/BMP/BACKGRND.BMP/010.png
Art asset: data/styles/cartoon/BMP/BACKGRND.BMP/011.png
Art asset: data/styles/cartoon/BMP/BACKGRND.BMP/012.png
Art asset: data/styles/cartoon/BMP/BACKGRND.BMP/013.png
Art asset: data/styles/cartoon/BMP/BACKGRND.BMP/014.png
Art asset: data/styles/cartoon/BMP/BACKGRND.BMP/015.png
Art asset: data/hd/BMP/BACKGRND.BMP/016.png
Art asset: data/hd/BMP/BACKGRND.BMP/017.png
Art asset: data/hd/BMP/BACKGRND.BMP/018.png
Art asset: data/hd/BMP/BACKGRND.BMP/019.png
Art asset: data/hd/BMP/BACKGRND.BMP/020.png
Art asset: data/hd/BMP/BACKGRND.BMP/021.png
Art asset: data/hd/BMP/BACKGRND.BMP/022.png
Art asset: data/hd/BMP/BACKGRND.BMP/023.png
Art asset: data/hd/BMP/BACKGRND.BMP/024.png
Art asset: data/hd/BMP/BACKGRND.BMP/025.png
Art asset: data/hd/BMP/BACKGRND.BMP/026.png
Art asset: data/hd/BMP/BACKGRND.BMP/027.png
Art asset: data/hd/BMP/BACKGRND.BMP/028.png
Art asset: data/hd/BMP/BACKGRND.BMP/029.png
Art asset: data/hd/BMP/BACKGRND.BMP/030.png
Art asset: data/hd/BMP/BACKGRND.BMP/031.png
Art asset: data/hd/BMP/BACKGRND.BMP/032.png
Art asset: data/hd/BMP/BACKGRND.BMP/033.png
Art asset: data/hd/BMP/BACKGRND.BMP/034.png
Art asset: data/hd/BMP/BACKGRND.BMP/035.png
Art asset: data/hd/BMP/BACKGRND.BMP/036.png
Art asset: data/hd/BMP/BACKGRND.BMP/037.png
Art asset: data/hd/BMP/BACKGRND.BMP/038.png
Art asset: data/hd/BMP/BACKGRND.BMP/039.png
Art asset: data/hd/BMP/BACKGRND.BMP/040.png
Art asset: data/hd/BMP/BACKGRND.BMP/041.png
Clouds Pos: 89, 32
Clouds Pos: 136, 26
TURN DRIVER: island_seed=11 path_seed=2 clip=A1-to-A7 style=cartoon
TURN ISLAND: highTide=1 offset=0,0 raft=0 night=0 holiday=0
TURN SEGMENT: prime api=adsPlayWalk(0,1,0,1) start_ms=0
Art asset: data/hd/BMP/JOHNWALK.BMP/000.png
Art asset: data/hd/BMP/JOHNWALK.BMP/001.png
Art asset: data/hd/BMP/JOHNWALK.BMP/002.png
Art asset: data/hd/BMP/JOHNWALK.BMP/003.png
Art asset: data/hd/BMP/JOHNWALK.BMP/004.png
Art asset: data/hd/BMP/JOHNWALK.BMP/005.png
Art asset: data/hd/BMP/JOHNWALK.BMP/006.png
Art asset: data/hd/BMP/JOHNWALK.BMP/007.png
Art asset: data/hd/BMP/JOHNWALK.BMP/008.png
Art asset: data/hd/BMP/JOHNWALK.BMP/009.png
Art asset: data/hd/BMP/JOHNWALK.BMP/010.png
Art asset: data/styles/cartoon/BMP/JOHNWALK.BMP/011.png
Art asset: data/hd/BMP/JOHNWALK.BMP/012.png
Art asset: data/hd/BMP/JOHNWALK.BMP/013.png
Art asset: data/hd/BMP/JOHNWALK.BMP/014.png
Art asset: data/hd/BMP/JOHNWALK.BMP/015.png
Art asset: data/styles/cartoon/BMP/JOHNWALK.BMP/016.png
Art asset: data/styles/cartoon/BMP/JOHNWALK.BMP/017.png
Art asset: data/styles/cartoon/BMP/JOHNWALK.BMP/018.png
Art asset: data/styles/cartoon/BMP/JOHNWALK.BMP/019.png
Art asset: data/styles/cartoon/BMP/JOHNWALK.BMP/020.png
Art asset: data/styles/cartoon/BMP/JOHNWALK.BMP/021.png
Art asset: data/styles/cartoon/BMP/JOHNWALK.BMP/022.png
Art asset: data/styles/cartoon/BMP/JOHNWALK.BMP/023.png
Art asset: data/styles/cartoon/BMP/JOHNWALK.BMP/024.png
Art asset: data/styles/cartoon/BMP/JOHNWALK.BMP/025.png
Art asset: data/styles/cartoon/BMP/JOHNWALK.BMP/026.png
Art asset: data/styles/cartoon/BMP/JOHNWALK.BMP/027.png
Art asset: data/styles/cartoon/BMP/JOHNWALK.BMP/028.png
Art asset: data/styles/cartoon/BMP/JOHNWALK.BMP/029.png
Art asset: data/hd/BMP/JOHNWALK.BMP/030.png
Art asset: data/hd/BMP/JOHNWALK.BMP/031.png
Art asset: data/hd/BMP/JOHNWALK.BMP/032.png
Art asset: data/hd/BMP/JOHNWALK.BMP/033.png
Art asset: data/hd/BMP/JOHNWALK.BMP/034.png
Art asset: data/hd/BMP/JOHNWALK.BMP/035.png

 +-- CALCULATE PATH --
 |
 |  . walking from A to A:
 |  . possible paths:  A
 |  . chosen path: A
 +--------------------

WALKING:  spot=0 hdg=1 next=1  -  data 1 294 243 17

TURN DRAW: flip=1 x=293 y=243 frame=17
TURN ANIMATE: delay_ticks=80
    ------> Animate clouds
Clouds Pos: 87, 32
Clouds Pos: 135, 26
TURN WAIT: ticks=0 logical_ms=0
TURN DISPLAY: 1 logical_ms=0 file=display-001.ppm
 ******* WAIT: 6 ticks *******

    ------> Animate walking
WALKING: end walk

TURN ANIMATE: delay_ticks=0
TURN WAIT: ticks=6 logical_ms=120
TURN DISPLAY: 2 logical_ms=120 file=display-002.ppm
 ******* WAIT: 0 ticks *******

TURN SEGMENT END: prime end_ms=120
TURN SEGMENT: turn api=adsPlayWalk(0,1,0,7) start_ms=120

 +-- CALCULATE PATH --
 |
 |  . walking from A to A:
 |  . possible paths:  A
 |  . chosen path: A
 +--------------------

WALKING:  spot=0 hdg=0 next=7  -  data 0 300 243 16

TURN DRAW: flip=0 x=299 y=243 frame=16
TURN ANIMATE: delay_ticks=6
TURN WAIT: ticks=0 logical_ms=120
TURN DISPLAY: 3 logical_ms=120 file=display-003.ppm
 ******* WAIT: 2 ticks *******

    ------> Animate bg
    ------> Animate clouds
Clouds Pos: 85, 32
Clouds Pos: 134, 26
TURN WAIT: ticks=2 logical_ms=160
TURN DISPLAY: 4 logical_ms=160 file=display-004.ppm
 ******* WAIT: 4 ticks *******

    ------> Animate walking
WALKING:  spot=0 hdg=7 next=7  -  data 0 300 243 17

TURN DRAW: flip=0 x=299 y=243 frame=17
TURN ANIMATE: delay_ticks=6
TURN WAIT: ticks=4 logical_ms=240
TURN DISPLAY: 5 logical_ms=240 file=display-005.ppm
 ******* WAIT: 4 ticks *******

    ------> Animate bg
    ------> Animate clouds
Clouds Pos: 83, 32
Clouds Pos: 133, 26
TURN WAIT: ticks=4 logical_ms=320
TURN DISPLAY: 6 logical_ms=320 file=display-006.ppm
 ******* WAIT: 2 ticks *******

    ------> Animate walking
WALKING:  spot=0 hdg=7 next=7  -  data 0 300 243 17

TURN DRAW: flip=0 x=299 y=243 frame=17
TURN ANIMATE: delay_ticks=80
TURN WAIT: ticks=2 logical_ms=360
TURN DISPLAY: 7 logical_ms=360 file=display-007.ppm
 ******* WAIT: 6 ticks *******

    ------> Animate bg
    ------> Animate clouds
Clouds Pos: 81, 32
Clouds Pos: 132, 26
TURN WAIT: ticks=6 logical_ms=480
TURN DISPLAY: 8 logical_ms=480 file=display-008.ppm
 ******* WAIT: 8 ticks *******

    ------> Animate bg
    ------> Animate clouds
Clouds Pos: 79, 32
Clouds Pos: 131, 26
TURN WAIT: ticks=8 logical_ms=640
TURN DISPLAY: 9 logical_ms=640 file=display-009.ppm
 ******* WAIT: 8 ticks *******

    ------> Animate bg
    ------> Animate clouds
Clouds Pos: 77, 32
Clouds Pos: 130, 26
TURN WAIT: ticks=8 logical_ms=800
TURN DISPLAY: 10 logical_ms=800 file=display-010.ppm
 ******* WAIT: 8 ticks *******

    ------> Animate bg
    ------> Animate clouds
Clouds Pos: 75, 32
Clouds Pos: 129, 26
TURN WAIT: ticks=8 logical_ms=960
TURN DISPLAY: 11 logical_ms=960 file=display-011.ppm
 ******* WAIT: 8 ticks *******

    ------> Animate bg
    ------> Animate clouds
Clouds Pos: 73, 32
Clouds Pos: 128, 26
TURN WAIT: ticks=8 logical_ms=1120
TURN DISPLAY: 12 logical_ms=1120 file=display-012.ppm
 ******* WAIT: 8 ticks *******

    ------> Animate bg
    ------> Animate clouds
Clouds Pos: 71, 32
Clouds Pos: 127, 26
TURN WAIT: ticks=8 logical_ms=1280
TURN DISPLAY: 13 logical_ms=1280 file=display-013.ppm
 ******* WAIT: 8 ticks *******

    ------> Animate bg
    ------> Animate clouds
Clouds Pos: 69, 32
Clouds Pos: 126, 26
TURN WAIT: ticks=8 logical_ms=1440
TURN DISPLAY: 14 logical_ms=1440 file=display-014.ppm
 ******* WAIT: 8 ticks *******

    ------> Animate bg
    ------> Animate clouds
Clouds Pos: 67, 32
Clouds Pos: 125, 26
TURN WAIT: ticks=8 logical_ms=1600
TURN DISPLAY: 15 logical_ms=1600 file=display-015.ppm
 ******* WAIT: 8 ticks *******

    ------> Animate bg
    ------> Animate clouds
Clouds Pos: 65, 32
Clouds Pos: 124, 26
TURN WAIT: ticks=8 logical_ms=1760
TURN DISPLAY: 16 logical_ms=1760 file=display-016.ppm
 ******* WAIT: 8 ticks *******

    ------> Animate bg
    ------> Animate clouds
Clouds Pos: 63, 32
Clouds Pos: 123, 26
TURN WAIT: ticks=8 logical_ms=1920
TURN DISPLAY: 17 logical_ms=1920 file=display-017.ppm
 ******* WAIT: 2 ticks *******

    ------> Animate walking
WALKING: end walk

TURN ANIMATE: delay_ticks=0
TURN WAIT: ticks=2 logical_ms=1960
TURN DISPLAY: 18 logical_ms=1960 file=display-018.ppm
 ******* WAIT: 0 ticks *******

TURN SEGMENT END: turn end_ms=1960
Captured frame: final.ppm (1280x960)
Art assets decoded: cartoon=44, HD fallback=84, original fallback=0
TURN DRIVER: finite clips returned; cleanup complete; displays=18 logical_ms=1960
