zipvfs: opened archive 'scrantic_data.zip' (2579 entries)
Loading resources ...................................................................................................................................................................................
Art style: Cartoon (preview) (partial pack: 28/2401 assets; missing art uses HD/original), scale=2
rand seed: 11 (forced)
Art asset: data/styles/cartoon/SCR/OCEAN02.SCR.png
island backdrop: OCEAN02.SCR
Art asset: data/hd/BMP/MRAFT.BMP/000.png
Art asset: data/hd/BMP/MRAFT.BMP/001.png
Art asset: data/hd/BMP/MRAFT.BMP/002.png
Art asset: data/hd/BMP/MRAFT.BMP/003.png
Art asset: data/hd/BMP/MRAFT.BMP/004.png
Art asset: data/hd/BMP/MRAFT.BMP/005.png
Art asset: data/hd/BMP/MRAFT.BMP/006.png
Art asset: data/styles/cartoon/BMP/BACKGRND.BMP/000.png
Art asset: data/hd/BMP/BACKGRND.BMP/001.png
Art asset: data/hd/BMP/BACKGRND.BMP/002.png
Art asset: data/styles/cartoon/BMP/BACKGRND.BMP/003.png
Art asset: data/styles/cartoon/BMP/BACKGRND.BMP/004.png
Art asset: data/styles/cartoon/BMP/BACKGRND.BMP/005.png
Art asset: data/styles/cartoon/BMP/BACKGRND.BMP/006.png
Art asset: data/styles/cartoon/BMP/BACKGRND.BMP/007.png
Art asset: data/styles/cartoon/BMP/BACKGRND.BMP/008.png
Art asset: data/styles/cartoon/BMP/BACKGRND.BMP/009.png
Art asset: data/styles/cartoon/BMP/BACKGRND.BMP/010.png
Art asset: data/styles/cartoon/BMP/BACKGRND.BMP/011.png
Art asset: data/styles/cartoon/BMP/BACKGRND.BMP/012.png
Art asset: data/styles/cartoon/BMP/BACKGRND.BMP/013.png
Art asset: data/styles/cartoon/BMP/BACKGRND.BMP/014.png
Art asset: data/styles/cartoon/BMP/BACKGRND.BMP/015.png
Art asset: data/hd/BMP/BACKGRND.BMP/016.png
Art asset: data/hd/BMP/BACKGRND.BMP/017.png
Art asset: data/hd/BMP/BACKGRND.BMP/018.png
Art asset: data/hd/BMP/BACKGRND.BMP/019.png
Art asset: data/hd/BMP/BACKGRND.BMP/020.png
Art asset: data/hd/BMP/BACKGRND.BMP/021.png
Art asset: data/hd/BMP/BACKGRND.BMP/022.png
Art asset: data/hd/BMP/BACKGRND.BMP/023.png
Art asset: data/hd/BMP/BACKGRND.BMP/024.png
Art asset: data/hd/BMP/BACKGRND.BMP/025.png
Art asset: data/hd/BMP/BACKGRND.BMP/026.png
Art asset: data/hd/BMP/BACKGRND.BMP/027.png
Art asset: data/hd/BMP/BACKGRND.BMP/028.png
Art asset: data/hd/BMP/BACKGRND.BMP/029.png
Art asset: data/hd/BMP/BACKGRND.BMP/030.png
Art asset: data/hd/BMP/BACKGRND.BMP/031.png
Art asset: data/hd/BMP/BACKGRND.BMP/032.png
Art asset: data/hd/BMP/BACKGRND.BMP/033.png
Art asset: data/hd/BMP/BACKGRND.BMP/034.png
Art asset: data/hd/BMP/BACKGRND.BMP/035.png
Art asset: data/hd/BMP/BACKGRND.BMP/036.png
Art asset: data/hd/BMP/BACKGRND.BMP/037.png
Art asset: data/hd/BMP/BACKGRND.BMP/038.png
Art asset: data/hd/BMP/BACKGRND.BMP/039.png
Art asset: data/hd/BMP/BACKGRND.BMP/040.png
Art asset: data/hd/BMP/BACKGRND.BMP/041.png
Art asset: data/styles/cartoon/BMP/BACKGRND.BMP/000.png
Art asset: data/hd/BMP/BACKGRND.BMP/001.png
Art asset: data/hd/BMP/BACKGRND.BMP/002.png
Art asset: data/styles/cartoon/BMP/BACKGRND.BMP/003.png
Art asset: data/styles/cartoon/BMP/BACKGRND.BMP/004.png
Art asset: data/styles/cartoon/BMP/BACKGRND.BMP/005.png
Art asset: data/styles/cartoon/BMP/BACKGRND.BMP/006.png
Art asset: data/styles/cartoon/BMP/BACKGRND.BMP/007.png
Art asset: data/styles/cartoon/BMP/BACKGRND.BMP/008.png
Art asset: data/styles/cartoon/BMP/BACKGRND.BMP/009.png
Art asset: data/styles/cartoon/BMP/BACKGRND.BMP/010.png
Art asset: data/styles/cartoon/BMP/BACKGRND.BMP/011.png
Art asset: data/styles/cartoon/BMP/BACKGRND.BMP/012.png
Art asset: data/styles/cartoon/BMP/BACKGRND.BMP/013.png
Art asset: data/styles/cartoon/BMP/BACKGRND.BMP/014.png
Art asset: data/styles/cartoon/BMP/BACKGRND.BMP/015.png
Art asset: data/hd/BMP/BACKGRND.BMP/016.png
Art asset: data/hd/BMP/BACKGRND.BMP/017.png
Art asset: data/hd/BMP/BACKGRND.BMP/018.png
Art asset: data/hd/BMP/BACKGRND.BMP/019.png
Art asset: data/hd/BMP/BACKGRND.BMP/020.png
Art asset: data/hd/BMP/BACKGRND.BMP/021.png
Art asset: data/hd/BMP/BACKGRND.BMP/022.png
Art asset: data/hd/BMP/BACKGRND.BMP/023.png
Art asset: data/hd/BMP/BACKGRND.BMP/024.png
Art asset: data/hd/BMP/BACKGRND.BMP/025.png
Art asset: data/hd/BMP/BACKGRND.BMP/026.png
Art asset: data/hd/BMP/BACKGRND.BMP/027.png
Art asset: data/hd/BMP/BACKGRND.BMP/028.png
Art asset: data/hd/BMP/BACKGRND.BMP/029.png
Art asset: data/hd/BMP/BACKGRND.BMP/030.png
Art asset: data/hd/BMP/BACKGRND.BMP/031.png
Art asset: data/hd/BMP/BACKGRND.BMP/032.png
Art asset: data/hd/BMP/BACKGRND.BMP/033.png
Art asset: data/hd/BMP/BACKGRND.BMP/034.png
Art asset: data/hd/BMP/BACKGRND.BMP/035.png
Art asset: data/hd/BMP/BACKGRND.BMP/036.png
Art asset: data/hd/BMP/BACKGRND.BMP/037.png
Art asset: data/hd/BMP/BACKGRND.BMP/038.png
Art asset: data/hd/BMP/BACKGRND.BMP/039.png
Art asset: data/hd/BMP/BACKGRND.BMP/040.png
Art asset: data/hd/BMP/BACKGRND.BMP/041.png
Clouds Pos: 89, 32
Clouds Pos: 136, 26
FRONT DRIVER: island_seed=11 path_seed=2 route=E,A,UNDEF api=adsPlayWalk(4,1,0,1) style=cartoon
FRONT ISLAND: highTide=1 offset=0,0 raft=0 night=0 holiday=0
Art asset: data/hd/BMP/JOHNWALK.BMP/000.png
Art asset: data/hd/BMP/JOHNWALK.BMP/001.png
Art asset: data/hd/BMP/JOHNWALK.BMP/002.png
Art asset: data/hd/BMP/JOHNWALK.BMP/003.png
Art asset: data/hd/BMP/JOHNWALK.BMP/004.png
Art asset: data/hd/BMP/JOHNWALK.BMP/005.png
Art asset: data/hd/BMP/JOHNWALK.BMP/006.png
Art asset: data/hd/BMP/JOHNWALK.BMP/007.png
Art asset: data/hd/BMP/JOHNWALK.BMP/008.png
Art asset: data/hd/BMP/JOHNWALK.BMP/009.png
Art asset: data/hd/BMP/JOHNWALK.BMP/010.png
Art asset: data/styles/cartoon/BMP/JOHNWALK.BMP/011.png
Art asset: data/hd/BMP/JOHNWALK.BMP/012.png
Art asset: data/hd/BMP/JOHNWALK.BMP/013.png
Art asset: data/hd/BMP/JOHNWALK.BMP/014.png
Art asset: data/hd/BMP/JOHNWALK.BMP/015.png
Art asset: data/hd/BMP/JOHNWALK.BMP/016.png
Art asset: data/hd/BMP/JOHNWALK.BMP/017.png
Art asset: data/styles/cartoon/BMP/JOHNWALK.BMP/018.png
Art asset: data/styles/cartoon/BMP/JOHNWALK.BMP/019.png
Art asset: data/styles/cartoon/BMP/JOHNWALK.BMP/020.png
Art asset: data/styles/cartoon/BMP/JOHNWALK.BMP/021.png
Art asset: data/styles/cartoon/BMP/JOHNWALK.BMP/022.png
Art asset: data/styles/cartoon/BMP/JOHNWALK.BMP/023.png
Art asset: data/styles/cartoon/BMP/JOHNWALK.BMP/024.png
Art asset: data/styles/cartoon/BMP/JOHNWALK.BMP/025.png
Art asset: data/styles/cartoon/BMP/JOHNWALK.BMP/026.png
Art asset: data/styles/cartoon/BMP/JOHNWALK.BMP/027.png
Art asset: data/styles/cartoon/BMP/JOHNWALK.BMP/028.png
Art asset: data/styles/cartoon/BMP/JOHNWALK.BMP/029.png
Art asset: data/hd/BMP/JOHNWALK.BMP/030.png
Art asset: data/hd/BMP/JOHNWALK.BMP/031.png
Art asset: data/hd/BMP/JOHNWALK.BMP/032.png
Art asset: data/hd/BMP/JOHNWALK.BMP/033.png
Art asset: data/hd/BMP/JOHNWALK.BMP/034.png
Art asset: data/hd/BMP/JOHNWALK.BMP/035.png

 +-- CALCULATE PATH --
 |
 |  . walking from E to A:
 |  . possible paths:  EA EDCA EDCBA
 |  . chosen path: EA
 +--------------------

WALKING:  spot=4 hdg=1 next=-1  -  data 0 395 212 28

FRONT DRAW: flip=0 x=394 y=212 frame=28
FRONT ANIMATE: delay_ticks=6
    ------> Animate clouds
Clouds Pos: 87, 32
Clouds Pos: 135, 26
FRONT WAIT: ticks=0 logical_ms=0
FRONT DISPLAY: 1 logical_ms=0 file=display-001.ppm
 ******* WAIT: 6 ticks *******

    ------> Animate walking
WALKING:  spot=4 hdg=1 next=-1  -  data 0 388 214 29

FRONT DRAW: flip=0 x=387 y=214 frame=29
FRONT ANIMATE: delay_ticks=6
FRONT WAIT: ticks=6 logical_ms=120
FRONT DISPLAY: 2 logical_ms=120 file=display-002.ppm
 ******* WAIT: 2 ticks *******

    ------> Animate bg
    ------> Animate clouds
Clouds Pos: 85, 32
Clouds Pos: 134, 26
FRONT WAIT: ticks=2 logical_ms=160
FRONT DISPLAY: 3 logical_ms=160 file=display-003.ppm
 ******* WAIT: 4 ticks *******

    ------> Animate walking
WALKING:  spot=4 hdg=1 next=-1  -  data 0 385 216 24

FRONT DRAW: flip=0 x=384 y=216 frame=24
FRONT ANIMATE: delay_ticks=6
FRONT WAIT: ticks=4 logical_ms=240
FRONT DISPLAY: 4 logical_ms=240 file=display-004.ppm
 ******* WAIT: 4 ticks *******

    ------> Animate bg
    ------> Animate clouds
Clouds Pos: 83, 32
Clouds Pos: 133, 26
FRONT WAIT: ticks=4 logical_ms=320
FRONT DISPLAY: 5 logical_ms=320 file=display-005.ppm
 ******* WAIT: 2 ticks *******

    ------> Animate walking
WALKING:  spot=4 hdg=1 next=-1  -  data 0 379 214 25

FRONT DRAW: flip=0 x=378 y=214 frame=25
FRONT ANIMATE: delay_ticks=6
FRONT WAIT: ticks=2 logical_ms=360
FRONT DISPLAY: 6 logical_ms=360 file=display-006.ppm
 ******* WAIT: 6 ticks *******

    ------> Animate bg
    ------> Animate clouds
Clouds Pos: 81, 32
Clouds Pos: 132, 26
    ------> Animate walking
WALKING:  spot=4 hdg=1 next=-1  -  data 0 375 215 26

FRONT DRAW: flip=0 x=374 y=215 frame=26
FRONT ANIMATE: delay_ticks=6
FRONT WAIT: ticks=6 logical_ms=480
FRONT DISPLAY: 7 logical_ms=480 file=display-007.ppm
 ******* WAIT: 6 ticks *******

    ------> Animate walking
WALKING:  spot=4 hdg=1 next=-1  -  data 0 369 217 27

FRONT DRAW: flip=0 x=368 y=217 frame=27
FRONT ANIMATE: delay_ticks=6
FRONT WAIT: ticks=6 logical_ms=600
FRONT DISPLAY: 8 logical_ms=600 file=display-008.ppm
 ******* WAIT: 2 ticks *******

    ------> Animate bg
    ------> Animate clouds
Clouds Pos: 79, 32
Clouds Pos: 131, 26
FRONT WAIT: ticks=2 logical_ms=640
FRONT DISPLAY: 9 logical_ms=640 file=display-009.ppm
 ******* WAIT: 4 ticks *******

    ------> Animate walking
WALKING:  spot=4 hdg=1 next=-1  -  data 0 367 215 28

FRONT DRAW: flip=0 x=366 y=215 frame=28
FRONT ANIMATE: delay_ticks=6
FRONT WAIT: ticks=4 logical_ms=720
FRONT DISPLAY: 10 logical_ms=720 file=display-010.ppm
 ******* WAIT: 4 ticks *******

    ------> Animate bg
    ------> Animate clouds
Clouds Pos: 77, 32
Clouds Pos: 130, 26
FRONT WAIT: ticks=4 logical_ms=800
FRONT DISPLAY: 11 logical_ms=800 file=display-011.ppm
 ******* WAIT: 2 ticks *******

    ------> Animate walking
WALKING:  spot=4 hdg=1 next=-1  -  data 0 360 217 29

FRONT DRAW: flip=0 x=359 y=217 frame=29
FRONT ANIMATE: delay_ticks=6
FRONT WAIT: ticks=2 logical_ms=840
FRONT DISPLAY: 12 logical_ms=840 file=display-012.ppm
 ******* WAIT: 6 ticks *******

    ------> Animate bg
    ------> Animate clouds
Clouds Pos: 75, 32
Clouds Pos: 129, 26
    ------> Animate walking
WALKING:  spot=4 hdg=1 next=-1  -  data 0 357 220 24

FRONT DRAW: flip=0 x=356 y=220 frame=24
FRONT ANIMATE: delay_ticks=6
FRONT WAIT: ticks=6 logical_ms=960
FRONT DISPLAY: 13 logical_ms=960 file=display-013.ppm
 ******* WAIT: 6 ticks *******

    ------> Animate walking
WALKING:  spot=4 hdg=1 next=-1  -  data 0 351 219 25

FRONT DRAW: flip=0 x=350 y=219 frame=25
FRONT ANIMATE: delay_ticks=6
FRONT WAIT: ticks=6 logical_ms=1080
FRONT DISPLAY: 14 logical_ms=1080 file=display-014.ppm
 ******* WAIT: 2 ticks *******

    ------> Animate bg
    ------> Animate clouds
Clouds Pos: 73, 32
Clouds Pos: 128, 26
FRONT WAIT: ticks=2 logical_ms=1120
FRONT DISPLAY: 15 logical_ms=1120 file=display-015.ppm
 ******* WAIT: 4 ticks *******

    ------> Animate walking
WALKING:  spot=4 hdg=1 next=-1  -  data 0 347 220 26

FRONT DRAW: flip=0 x=346 y=220 frame=26
FRONT ANIMATE: delay_ticks=6
FRONT WAIT: ticks=4 logical_ms=1200
FRONT DISPLAY: 16 logical_ms=1200 file=display-016.ppm
 ******* WAIT: 4 ticks *******

    ------> Animate bg
    ------> Animate clouds
Clouds Pos: 71, 32
Clouds Pos: 127, 26
FRONT WAIT: ticks=4 logical_ms=1280
FRONT DISPLAY: 17 logical_ms=1280 file=display-017.ppm
 ******* WAIT: 2 ticks *******

    ------> Animate walking
WALKING:  spot=4 hdg=1 next=-1  -  data 0 342 225 27

FRONT DRAW: flip=0 x=341 y=225 frame=27
FRONT ANIMATE: delay_ticks=6
FRONT WAIT: ticks=2 logical_ms=1320
FRONT DISPLAY: 18 logical_ms=1320 file=display-018.ppm
 ******* WAIT: 6 ticks *******

    ------> Animate bg
    ------> Animate clouds
Clouds Pos: 69, 32
Clouds Pos: 126, 26
    ------> Animate walking
WALKING:  spot=4 hdg=1 next=-1  -  data 0 340 224 28

FRONT DRAW: flip=0 x=339 y=224 frame=28
FRONT ANIMATE: delay_ticks=6
FRONT WAIT: ticks=6 logical_ms=1440
FRONT DISPLAY: 19 logical_ms=1440 file=display-019.ppm
 ******* WAIT: 6 ticks *******

    ------> Animate walking
WALKING:  spot=4 hdg=1 next=-1  -  data 0 335 227 29

FRONT DRAW: flip=0 x=334 y=227 frame=29
FRONT ANIMATE: delay_ticks=6
FRONT WAIT: ticks=6 logical_ms=1560
FRONT DISPLAY: 20 logical_ms=1560 file=display-020.ppm
 ******* WAIT: 2 ticks *******

    ------> Animate bg
    ------> Animate clouds
Clouds Pos: 67, 32
Clouds Pos: 125, 26
FRONT WAIT: ticks=2 logical_ms=1600
FRONT DISPLAY: 21 logical_ms=1600 file=display-021.ppm
 ******* WAIT: 4 ticks *******

    ------> Animate walking
WALKING:  spot=4 hdg=1 next=-1  -  data 0 332 231 24

FRONT DRAW: flip=0 x=331 y=231 frame=24
FRONT ANIMATE: delay_ticks=6
FRONT WAIT: ticks=4 logical_ms=1680
FRONT DISPLAY: 22 logical_ms=1680 file=display-022.ppm
 ******* WAIT: 4 ticks *******

    ------> Animate bg
    ------> Animate clouds
Clouds Pos: 65, 32
Clouds Pos: 124, 26
FRONT WAIT: ticks=4 logical_ms=1760
FRONT DISPLAY: 23 logical_ms=1760 file=display-023.ppm
 ******* WAIT: 2 ticks *******

    ------> Animate walking
WALKING:  spot=4 hdg=1 next=-1  -  data 0 326 230 25

FRONT DRAW: flip=0 x=325 y=230 frame=25
FRONT ANIMATE: delay_ticks=6
FRONT WAIT: ticks=2 logical_ms=1800
FRONT DISPLAY: 24 logical_ms=1800 file=display-024.ppm
 ******* WAIT: 6 ticks *******

    ------> Animate bg
    ------> Animate clouds
Clouds Pos: 63, 32
Clouds Pos: 123, 26
    ------> Animate walking
WALKING:  spot=4 hdg=1 next=-1  -  data 0 321 231 26

FRONT DRAW: flip=0 x=320 y=231 frame=26
FRONT ANIMATE: delay_ticks=6
FRONT WAIT: ticks=6 logical_ms=1920
FRONT DISPLAY: 25 logical_ms=1920 file=display-025.ppm
 ******* WAIT: 6 ticks *******

    ------> Animate walking
WALKING:  spot=4 hdg=1 next=-1  -  data 0 316 236 27

FRONT DRAW: flip=0 x=315 y=236 frame=27
FRONT ANIMATE: delay_ticks=6
FRONT WAIT: ticks=6 logical_ms=2040
FRONT DISPLAY: 26 logical_ms=2040 file=display-026.ppm
 ******* WAIT: 2 ticks *******

    ------> Animate bg
    ------> Animate clouds
Clouds Pos: 61, 32
Clouds Pos: 122, 26
FRONT WAIT: ticks=2 logical_ms=2080
FRONT DISPLAY: 27 logical_ms=2080 file=display-027.ppm
 ******* WAIT: 4 ticks *******

    ------> Animate walking
WALKING:  spot=4 hdg=1 next=-1  -  data 0 315 234 28

FRONT DRAW: flip=0 x=314 y=234 frame=28
FRONT ANIMATE: delay_ticks=6
FRONT WAIT: ticks=4 logical_ms=2160
FRONT DISPLAY: 28 logical_ms=2160 file=display-028.ppm
 ******* WAIT: 4 ticks *******

    ------> Animate bg
    ------> Animate clouds
Clouds Pos: 59, 32
Clouds Pos: 121, 26
FRONT WAIT: ticks=4 logical_ms=2240
FRONT DISPLAY: 29 logical_ms=2240 file=display-029.ppm
 ******* WAIT: 2 ticks *******

    ------> Animate walking
WALKING:  spot=4 hdg=1 next=-1  -  data 0 309 236 29

FRONT DRAW: flip=0 x=308 y=236 frame=29
FRONT ANIMATE: delay_ticks=6
FRONT WAIT: ticks=2 logical_ms=2280
FRONT DISPLAY: 30 logical_ms=2280 file=display-030.ppm
 ******* WAIT: 6 ticks *******

    ------> Animate bg
    ------> Animate clouds
Clouds Pos: 57, 32
Clouds Pos: 120, 26
    ------> Animate walking
WALKING:  spot=4 hdg=1 next=-1  -  data 0 308 240 24

FRONT DRAW: flip=0 x=307 y=240 frame=24
FRONT ANIMATE: delay_ticks=6
FRONT WAIT: ticks=6 logical_ms=2400
FRONT DISPLAY: 31 logical_ms=2400 file=display-031.ppm
 ******* WAIT: 6 ticks *******

    ------> Animate walking
WALKING:  spot=4 hdg=1 next=-1  -  data 0 303 241 25

FRONT DRAW: flip=0 x=302 y=241 frame=25
FRONT ANIMATE: delay_ticks=6
FRONT WAIT: ticks=6 logical_ms=2520
FRONT DISPLAY: 32 logical_ms=2520 file=display-032.ppm
 ******* WAIT: 2 ticks *******

    ------> Animate bg
    ------> Animate clouds
Clouds Pos: 55, 32
Clouds Pos: 119, 26
FRONT WAIT: ticks=2 logical_ms=2560
FRONT DISPLAY: 33 logical_ms=2560 file=display-033.ppm
 ******* WAIT: 4 ticks *******

    ------> Animate walking
WALKING:  spot=4 hdg=1 next=-1  -  data 0 301 242 27

FRONT DRAW: flip=0 x=300 y=242 frame=27
FRONT ANIMATE: delay_ticks=6
FRONT WAIT: ticks=4 logical_ms=2640
FRONT DISPLAY: 34 logical_ms=2640 file=display-034.ppm
 ******* WAIT: 4 ticks *******

    ------> Animate bg
    ------> Animate clouds
Clouds Pos: 53, 32
Clouds Pos: 118, 26
FRONT WAIT: ticks=4 logical_ms=2720
FRONT DISPLAY: 35 logical_ms=2720 file=display-035.ppm
 ******* WAIT: 2 ticks *******

    ------> Animate walking
WALKING:  spot=0 hdg=1 next=1  -  data 1 294 243 17

FRONT DRAW: flip=1 x=293 y=243 frame=17
FRONT ANIMATE: delay_ticks=80
FRONT WAIT: ticks=2 logical_ms=2760
FRONT DISPLAY: 36 logical_ms=2760 file=display-036.ppm
 ******* WAIT: 6 ticks *******

    ------> Animate bg
    ------> Animate clouds
Clouds Pos: 51, 32
Clouds Pos: 117, 26
FRONT WAIT: ticks=6 logical_ms=2880
FRONT DISPLAY: 37 logical_ms=2880 file=display-037.ppm
 ******* WAIT: 8 ticks *******

    ------> Animate bg
    ------> Animate clouds
Clouds Pos: 49, 32
Clouds Pos: 116, 26
FRONT WAIT: ticks=8 logical_ms=3040
FRONT DISPLAY: 38 logical_ms=3040 file=display-038.ppm
 ******* WAIT: 8 ticks *******

    ------> Animate bg
    ------> Animate clouds
Clouds Pos: 47, 32
Clouds Pos: 115, 26
FRONT WAIT: ticks=8 logical_ms=3200
FRONT DISPLAY: 39 logical_ms=3200 file=display-039.ppm
 ******* WAIT: 8 ticks *******

    ------> Animate bg
    ------> Animate clouds
Clouds Pos: 45, 32
Clouds Pos: 114, 26
FRONT WAIT: ticks=8 logical_ms=3360
FRONT DISPLAY: 40 logical_ms=3360 file=display-040.ppm
 ******* WAIT: 8 ticks *******

    ------> Animate bg
    ------> Animate clouds
Clouds Pos: 43, 32
Clouds Pos: 113, 26
FRONT WAIT: ticks=8 logical_ms=3520
FRONT DISPLAY: 41 logical_ms=3520 file=display-041.ppm
 ******* WAIT: 8 ticks *******

    ------> Animate bg
    ------> Animate clouds
Clouds Pos: 41, 32
Clouds Pos: 112, 26
FRONT WAIT: ticks=8 logical_ms=3680
FRONT DISPLAY: 42 logical_ms=3680 file=display-042.ppm
 ******* WAIT: 8 ticks *******

    ------> Animate bg
    ------> Animate clouds
Clouds Pos: 39, 32
Clouds Pos: 111, 26
FRONT WAIT: ticks=8 logical_ms=3840
FRONT DISPLAY: 43 logical_ms=3840 file=display-043.ppm
 ******* WAIT: 8 ticks *******

    ------> Animate bg
    ------> Animate clouds
Clouds Pos: 37, 32
Clouds Pos: 110, 26
FRONT WAIT: ticks=8 logical_ms=4000
FRONT DISPLAY: 44 logical_ms=4000 file=display-044.ppm
 ******* WAIT: 8 ticks *******

    ------> Animate bg
    ------> Animate clouds
Clouds Pos: 35, 32
Clouds Pos: 109, 26
FRONT WAIT: ticks=8 logical_ms=4160
FRONT DISPLAY: 45 logical_ms=4160 file=display-045.ppm
 ******* WAIT: 8 ticks *******

    ------> Animate bg
    ------> Animate clouds
Clouds Pos: 33, 32
Clouds Pos: 108, 26
FRONT WAIT: ticks=8 logical_ms=4320
FRONT DISPLAY: 46 logical_ms=4320 file=display-046.ppm
 ******* WAIT: 2 ticks *******

    ------> Animate walking
WALKING: end walk

FRONT ANIMATE: delay_ticks=0
FRONT WAIT: ticks=2 logical_ms=4360
FRONT DISPLAY: 47 logical_ms=4360 file=display-047.ppm
 ******* WAIT: 0 ticks *******

Captured frame: final.ppm (1280x960)
Art assets decoded: cartoon=42, HD fallback=86, original fallback=0
FRONT DRIVER: finite route returned; cleanup complete; displays=47 logical_ms=4360
