zipvfs: opened archive 'scrantic_data.zip' (2598 entries)
Loading resources ...................................................................................................................................................................................
Art style: Cartoon (preview) (partial pack: 47/2401 assets; missing art uses HD/original), scale=2
rand seed: 11 (forced)
Art asset: data/styles/cartoon/SCR/OCEAN02.SCR.png
island backdrop: OCEAN02.SCR
Art asset: data/hd/BMP/MRAFT.BMP/000.png
Art asset: data/hd/BMP/MRAFT.BMP/001.png
Art asset: data/hd/BMP/MRAFT.BMP/002.png
Art asset: data/hd/BMP/MRAFT.BMP/003.png
Art asset: data/hd/BMP/MRAFT.BMP/004.png
Art asset: data/hd/BMP/MRAFT.BMP/005.png
Art asset: data/hd/BMP/MRAFT.BMP/006.png
Art asset: data/styles/cartoon/BMP/BACKGRND.BMP/000.png
Art asset: data/hd/BMP/BACKGRND.BMP/001.png
Art asset: data/hd/BMP/BACKGRND.BMP/002.png
Art asset: data/styles/cartoon/BMP/BACKGRND.BMP/003.png
Art asset: data/styles/cartoon/BMP/BACKGRND.BMP/004.png
Art asset: data/styles/cartoon/BMP/BACKGRND.BMP/005.png
Art asset: data/styles/cartoon/BMP/BACKGRND.BMP/006.png
Art asset: data/styles/cartoon/BMP/BACKGRND.BMP/007.png
Art asset: data/styles/cartoon/BMP/BACKGRND.BMP/008.png
Art asset: data/styles/cartoon/BMP/BACKGRND.BMP/009.png
Art asset: data/styles/cartoon/BMP/BACKGRND.BMP/010.png
Art asset: data/styles/cartoon/BMP/BACKGRND.BMP/011.png
Art asset: data/styles/cartoon/BMP/BACKGRND.BMP/012.png
Art asset: data/styles/cartoon/BMP/BACKGRND.BMP/013.png
Art asset: data/styles/cartoon/BMP/BACKGRND.BMP/014.png
Art asset: data/styles/cartoon/BMP/BACKGRND.BMP/015.png
Art asset: data/hd/BMP/BACKGRND.BMP/016.png
Art asset: data/hd/BMP/BACKGRND.BMP/017.png
Art asset: data/hd/BMP/BACKGRND.BMP/018.png
Art asset: data/hd/BMP/BACKGRND.BMP/019.png
Art asset: data/hd/BMP/BACKGRND.BMP/020.png
Art asset: data/hd/BMP/BACKGRND.BMP/021.png
Art asset: data/hd/BMP/BACKGRND.BMP/022.png
Art asset: data/hd/BMP/BACKGRND.BMP/023.png
Art asset: data/hd/BMP/BACKGRND.BMP/024.png
Art asset: data/hd/BMP/BACKGRND.BMP/025.png
Art asset: data/hd/BMP/BACKGRND.BMP/026.png
Art asset: data/hd/BMP/BACKGRND.BMP/027.png
Art asset: data/hd/BMP/BACKGRND.BMP/028.png
Art asset: data/hd/BMP/BACKGRND.BMP/029.png
Art asset: data/hd/BMP/BACKGRND.BMP/030.png
Art asset: data/hd/BMP/BACKGRND.BMP/031.png
Art asset: data/hd/BMP/BACKGRND.BMP/032.png
Art asset: data/hd/BMP/BACKGRND.BMP/033.png
Art asset: data/hd/BMP/BACKGRND.BMP/034.png
Art asset: data/hd/BMP/BACKGRND.BMP/035.png
Art asset: data/hd/BMP/BACKGRND.BMP/036.png
Art asset: data/hd/BMP/BACKGRND.BMP/037.png
Art asset: data/hd/BMP/BACKGRND.BMP/038.png
Art asset: data/hd/BMP/BACKGRND.BMP/039.png
Art asset: data/hd/BMP/BACKGRND.BMP/040.png
Art asset: data/hd/BMP/BACKGRND.BMP/041.png
GROUND SURFACE: x=540 y=548 canvas=640x180
BG DRAW: frame=0 x=288 y=279 dx=0 dy=0 scale=2 canvas=640x180
BG DRAW: frame=13 x=442 y=148 dx=0 dy=0 scale=2 canvas=48x290
BG DRAW: frame=12 x=365 y=122 dx=0 dy=0 scale=2 canvas=304x138
BG DRAW: frame=14 x=396 y=279 dx=0 dy=0 scale=2 canvas=208x56
WAVE SURFACE: frame=6 x=696 y=548 canvas=384x256
BG DRAW: frame=6 x=364 y=319 dx=0 dy=0 scale=2 canvas=384x256
WAVE SURFACE: frame=6 x=696 y=548 canvas=384x256
BG DRAW: frame=6 x=364 y=319 dx=0 dy=0 scale=2 canvas=384x256
WAVE SURFACE: frame=9 x=1036 y=606 canvas=144x64
BG DRAW: frame=9 x=518 y=303 dx=0 dy=0 scale=2 canvas=144x64
WAVE SURFACE: frame=6 x=696 y=548 canvas=384x256
BG DRAW: frame=6 x=364 y=319 dx=0 dy=0 scale=2 canvas=384x256
WAVE SURFACE: frame=9 x=1036 y=606 canvas=144x64
BG DRAW: frame=9 x=518 y=303 dx=0 dy=0 scale=2 canvas=144x64
WAVE SURFACE: frame=3 x=540 y=612 canvas=144x58
BG DRAW: frame=3 x=270 y=306 dx=0 dy=0 scale=2 canvas=144x58
WAVE SURFACE: frame=9 x=1036 y=606 canvas=144x64
BG DRAW: frame=9 x=518 y=303 dx=0 dy=0 scale=2 canvas=144x64
WAVE SURFACE: frame=3 x=540 y=612 canvas=144x58
BG DRAW: frame=3 x=270 y=306 dx=0 dy=0 scale=2 canvas=144x58
WAVE SURFACE: frame=7 x=696 y=548 canvas=384x256
BG DRAW: frame=7 x=364 y=319 dx=0 dy=0 scale=2 canvas=384x256
Art asset: data/styles/cartoon/BMP/BACKGRND.BMP/000.png
Art asset: data/hd/BMP/BACKGRND.BMP/001.png
Art asset: data/hd/BMP/BACKGRND.BMP/002.png
Art asset: data/styles/cartoon/BMP/BACKGRND.BMP/003.png
Art asset: data/styles/cartoon/BMP/BACKGRND.BMP/004.png
Art asset: data/styles/cartoon/BMP/BACKGRND.BMP/005.png
Art asset: data/styles/cartoon/BMP/BACKGRND.BMP/006.png
Art asset: data/styles/cartoon/BMP/BACKGRND.BMP/007.png
Art asset: data/styles/cartoon/BMP/BACKGRND.BMP/008.png
Art asset: data/styles/cartoon/BMP/BACKGRND.BMP/009.png
Art asset: data/styles/cartoon/BMP/BACKGRND.BMP/010.png
Art asset: data/styles/cartoon/BMP/BACKGRND.BMP/011.png
Art asset: data/styles/cartoon/BMP/BACKGRND.BMP/012.png
Art asset: data/styles/cartoon/BMP/BACKGRND.BMP/013.png
Art asset: data/styles/cartoon/BMP/BACKGRND.BMP/014.png
Art asset: data/styles/cartoon/BMP/BACKGRND.BMP/015.png
Art asset: data/hd/BMP/BACKGRND.BMP/016.png
Art asset: data/hd/BMP/BACKGRND.BMP/017.png
Art asset: data/hd/BMP/BACKGRND.BMP/018.png
Art asset: data/hd/BMP/BACKGRND.BMP/019.png
Art asset: data/hd/BMP/BACKGRND.BMP/020.png
Art asset: data/hd/BMP/BACKGRND.BMP/021.png
Art asset: data/hd/BMP/BACKGRND.BMP/022.png
Art asset: data/hd/BMP/BACKGRND.BMP/023.png
Art asset: data/hd/BMP/BACKGRND.BMP/024.png
Art asset: data/hd/BMP/BACKGRND.BMP/025.png
Art asset: data/hd/BMP/BACKGRND.BMP/026.png
Art asset: data/hd/BMP/BACKGRND.BMP/027.png
Art asset: data/hd/BMP/BACKGRND.BMP/028.png
Art asset: data/hd/BMP/BACKGRND.BMP/029.png
Art asset: data/hd/BMP/BACKGRND.BMP/030.png
Art asset: data/hd/BMP/BACKGRND.BMP/031.png
Art asset: data/hd/BMP/BACKGRND.BMP/032.png
Art asset: data/hd/BMP/BACKGRND.BMP/033.png
Art asset: data/hd/BMP/BACKGRND.BMP/034.png
Art asset: data/hd/BMP/BACKGRND.BMP/035.png
Art asset: data/hd/BMP/BACKGRND.BMP/036.png
Art asset: data/hd/BMP/BACKGRND.BMP/037.png
Art asset: data/hd/BMP/BACKGRND.BMP/038.png
Art asset: data/hd/BMP/BACKGRND.BMP/039.png
Art asset: data/hd/BMP/BACKGRND.BMP/040.png
Art asset: data/hd/BMP/BACKGRND.BMP/041.png
Clouds Pos: 89, 32
BG DRAW: frame=17 x=89 y=32 dx=0 dy=0 scale=2 canvas=528x152
Clouds Pos: 136, 26
BG DRAW: frame=16 x=136 y=26 dx=0 dy=0 scale=2 canvas=384x114
STATE: seed=11 holiday=0 night=0 offset=0,0 low=0 raft=0 render=1280x960
NATIVE CALL: segment=1 args=1,3,1,3
Art asset: data/styles/cartoon/BMP/JOHNWALK.BMP/000.png
Art asset: data/styles/cartoon/BMP/JOHNWALK.BMP/001.png
Art asset: data/styles/cartoon/BMP/JOHNWALK.BMP/002.png
Art asset: data/styles/cartoon/BMP/JOHNWALK.BMP/003.png
Art asset: data/styles/cartoon/BMP/JOHNWALK.BMP/004.png
Art asset: data/styles/cartoon/BMP/JOHNWALK.BMP/005.png
Art asset: data/styles/cartoon/BMP/JOHNWALK.BMP/006.png
Art asset: data/styles/cartoon/BMP/JOHNWALK.BMP/007.png
Art asset: data/styles/cartoon/BMP/JOHNWALK.BMP/008.png
Art asset: data/styles/cartoon/BMP/JOHNWALK.BMP/009.png
Art asset: data/styles/cartoon/BMP/JOHNWALK.BMP/010.png
Art asset: data/styles/cartoon/BMP/JOHNWALK.BMP/011.png
Art asset: data/styles/cartoon/BMP/JOHNWALK.BMP/012.png
Art asset: data/hd/BMP/JOHNWALK.BMP/013.png
Art asset: data/hd/BMP/JOHNWALK.BMP/014.png
Art asset: data/styles/cartoon/BMP/JOHNWALK.BMP/015.png
Art asset: data/styles/cartoon/BMP/JOHNWALK.BMP/016.png
Art asset: data/styles/cartoon/BMP/JOHNWALK.BMP/017.png
Art asset: data/styles/cartoon/BMP/JOHNWALK.BMP/018.png
Art asset: data/styles/cartoon/BMP/JOHNWALK.BMP/019.png
Art asset: data/styles/cartoon/BMP/JOHNWALK.BMP/020.png
Art asset: data/styles/cartoon/BMP/JOHNWALK.BMP/021.png
Art asset: data/styles/cartoon/BMP/JOHNWALK.BMP/022.png
Art asset: data/styles/cartoon/BMP/JOHNWALK.BMP/023.png
Art asset: data/styles/cartoon/BMP/JOHNWALK.BMP/024.png
Art asset: data/styles/cartoon/BMP/JOHNWALK.BMP/025.png
Art asset: data/styles/cartoon/BMP/JOHNWALK.BMP/026.png
Art asset: data/styles/cartoon/BMP/JOHNWALK.BMP/027.png
Art asset: data/styles/cartoon/BMP/JOHNWALK.BMP/028.png
Art asset: data/styles/cartoon/BMP/JOHNWALK.BMP/029.png
Art asset: data/hd/BMP/JOHNWALK.BMP/030.png
Art asset: data/hd/BMP/JOHNWALK.BMP/031.png
Art asset: data/hd/BMP/JOHNWALK.BMP/032.png
Art asset: data/hd/BMP/JOHNWALK.BMP/033.png
Art asset: data/hd/BMP/JOHNWALK.BMP/034.png
Art asset: data/hd/BMP/JOHNWALK.BMP/035.png

 +-- CALCULATE PATH --
 |
 |  . walking from B to B:
 |  . possible paths:  B
 |  . chosen path: B
 +--------------------

WALKING:  spot=1 hdg=3 next=3  -  data 0 453 254 18

JOHNNY DRAW: segment=1 frame=18 flip=0 x=452 y=254
    ------> Animate clouds
Clouds Pos: 87, 32
BG DRAW: frame=17 x=87 y=32 dx=0 dy=0 scale=2 canvas=528x152
Clouds Pos: 135, 26
BG DRAW: frame=16 x=135 y=26 dx=0 dy=0 scale=2 canvas=384x114
DISPLAY: n=1 ticks=0 segment=1 phases=3,7,9,-1 johnny=18,0,452,254
DISPLAY: n=2 ticks=0 segment=1 phases=3,7,9,-1 johnny=18,0,452,254
 ******* WAIT: 6 ticks *******

    ------> Animate walking
WALKING: end walk

DISPLAY: n=3 ticks=6 segment=1 phases=3,7,9,-1 johnny=18,0,452,254
 ******* WAIT: 0 ticks *******

NATIVE RETURN: segment=1 ticks=6
NATIVE CALL: segment=2 args=1,3,4,5

 +-- CALCULATE PATH --
 |
 |  . walking from B to E:
 |  . possible paths:  BAE BCDE
 |  . chosen path: BAE
 +--------------------

WALKING:  spot=1 hdg=3 next=-1  -  data 0 446 252 11

JOHNNY DRAW: segment=2 frame=11 flip=0 x=445 y=252
DISPLAY: n=4 ticks=6 segment=2 phases=3,7,9,-1 johnny=11,0,445,252
 ******* WAIT: 2 ticks *******

    ------> Animate bg
WAVE SURFACE: frame=3 x=540 y=612 canvas=144x58
BG DRAW: frame=3 x=270 y=306 dx=0 dy=0 scale=2 canvas=144x58
WAVE SURFACE: frame=7 x=696 y=548 canvas=384x256
BG DRAW: frame=7 x=364 y=319 dx=0 dy=0 scale=2 canvas=384x256
WAVE SURFACE: frame=10 x=1036 y=606 canvas=144x64
BG DRAW: frame=10 x=518 y=303 dx=0 dy=0 scale=2 canvas=144x64
    ------> Animate clouds
Clouds Pos: 85, 32
BG DRAW: frame=17 x=85 y=32 dx=0 dy=0 scale=2 canvas=528x152
Clouds Pos: 134, 26
BG DRAW: frame=16 x=134 y=26 dx=0 dy=0 scale=2 canvas=384x114
DISPLAY: n=5 ticks=8 segment=2 phases=3,7,10,-1 johnny=11,0,445,252
 ******* WAIT: 4 ticks *******

    ------> Animate walking
WALKING:  spot=1 hdg=3 next=-1  -  data 0 439 254 19

JOHNNY DRAW: segment=2 frame=19 flip=0 x=438 y=254
DISPLAY: n=6 ticks=12 segment=2 phases=3,7,10,-1 johnny=19,0,438,254
 ******* WAIT: 4 ticks *******

    ------> Animate bg
WAVE SURFACE: frame=7 x=696 y=548 canvas=384x256
BG DRAW: frame=7 x=364 y=319 dx=0 dy=0 scale=2 canvas=384x256
WAVE SURFACE: frame=10 x=1036 y=606 canvas=144x64
BG DRAW: frame=10 x=518 y=303 dx=0 dy=0 scale=2 canvas=144x64
WAVE SURFACE: frame=4 x=540 y=612 canvas=144x58
BG DRAW: frame=4 x=270 y=306 dx=0 dy=0 scale=2 canvas=144x58
    ------> Animate clouds
Clouds Pos: 83, 32
BG DRAW: frame=17 x=83 y=32 dx=0 dy=0 scale=2 canvas=528x152
Clouds Pos: 133, 26
BG DRAW: frame=16 x=133 y=26 dx=0 dy=0 scale=2 canvas=384x114
DISPLAY: n=7 ticks=16 segment=2 phases=4,7,10,-1 johnny=19,0,438,254
 ******* WAIT: 2 ticks *******

    ------> Animate walking
WALKING:  spot=1 hdg=3 next=-1  -  data 0 433 253 20

JOHNNY DRAW: segment=2 frame=20 flip=0 x=432 y=253
DISPLAY: n=8 ticks=18 segment=2 phases=4,7,10,-1 johnny=20,0,432,253
 ******* WAIT: 6 ticks *******

    ------> Animate bg
WAVE SURFACE: frame=10 x=1036 y=606 canvas=144x64
BG DRAW: frame=10 x=518 y=303 dx=0 dy=0 scale=2 canvas=144x64
WAVE SURFACE: frame=4 x=540 y=612 canvas=144x58
BG DRAW: frame=4 x=270 y=306 dx=0 dy=0 scale=2 canvas=144x58
WAVE SURFACE: frame=8 x=696 y=548 canvas=384x256
BG DRAW: frame=8 x=364 y=319 dx=0 dy=0 scale=2 canvas=384x256
    ------> Animate clouds
Clouds Pos: 81, 32
BG DRAW: frame=17 x=81 y=32 dx=0 dy=0 scale=2 canvas=528x152
Clouds Pos: 132, 26
BG DRAW: frame=16 x=132 y=26 dx=0 dy=0 scale=2 canvas=384x114
    ------> Animate walking
WALKING:  spot=1 hdg=3 next=-1  -  data 0 424 252 21

JOHNNY DRAW: segment=2 frame=21 flip=0 x=423 y=252
DISPLAY: n=9 ticks=24 segment=2 phases=4,8,10,-1 johnny=21,0,423,252
 ******* WAIT: 6 ticks *******

    ------> Animate walking
WALKING:  spot=1 hdg=3 next=-1  -  data 0 419 252 22

JOHNNY DRAW: segment=2 frame=22 flip=0 x=418 y=252
DISPLAY: n=10 ticks=30 segment=2 phases=4,8,10,-1 johnny=22,0,418,252
 ******* WAIT: 2 ticks *******

    ------> Animate bg
WAVE SURFACE: frame=4 x=540 y=612 canvas=144x58
BG DRAW: frame=4 x=270 y=306 dx=0 dy=0 scale=2 canvas=144x58
WAVE SURFACE: frame=8 x=696 y=548 canvas=384x256
BG DRAW: frame=8 x=364 y=319 dx=0 dy=0 scale=2 canvas=384x256
WAVE SURFACE: frame=11 x=1036 y=606 canvas=144x64
BG DRAW: frame=11 x=518 y=303 dx=0 dy=0 scale=2 canvas=144x64
    ------> Animate clouds
Clouds Pos: 79, 32
BG DRAW: frame=17 x=79 y=32 dx=0 dy=0 scale=2 canvas=528x152
Clouds Pos: 131, 26
BG DRAW: frame=16 x=131 y=26 dx=0 dy=0 scale=2 canvas=384x114
DISPLAY: n=11 ticks=32 segment=2 phases=4,8,11,-1 johnny=22,0,418,252
 ******* WAIT: 4 ticks *******

    ------> Animate walking
WALKING:  spot=1 hdg=3 next=-1  -  data 0 413 249 23

JOHNNY DRAW: segment=2 frame=23 flip=0 x=412 y=249
DISPLAY: n=12 ticks=36 segment=2 phases=4,8,11,-1 johnny=23,0,412,249
 ******* WAIT: 4 ticks *******

    ------> Animate bg
WAVE SURFACE: frame=8 x=696 y=548 canvas=384x256
BG DRAW: frame=8 x=364 y=319 dx=0 dy=0 scale=2 canvas=384x256
WAVE SURFACE: frame=11 x=1036 y=606 canvas=144x64
BG DRAW: frame=11 x=518 y=303 dx=0 dy=0 scale=2 canvas=144x64
WAVE SURFACE: frame=5 x=540 y=612 canvas=144x58
BG DRAW: frame=5 x=270 y=306 dx=0 dy=0 scale=2 canvas=144x58
    ------> Animate clouds
Clouds Pos: 77, 32
BG DRAW: frame=17 x=77 y=32 dx=0 dy=0 scale=2 canvas=528x152
Clouds Pos: 130, 26
BG DRAW: frame=16 x=130 y=26 dx=0 dy=0 scale=2 canvas=384x114
DISPLAY: n=13 ticks=40 segment=2 phases=5,8,11,-1 johnny=23,0,412,249
 ******* WAIT: 2 ticks *******

    ------> Animate walking
WALKING:  spot=1 hdg=3 next=-1  -  data 0 406 248 11

JOHNNY DRAW: segment=2 frame=11 flip=0 x=405 y=248
DISPLAY: n=14 ticks=42 segment=2 phases=5,8,11,-1 johnny=11,0,405,248
 ******* WAIT: 6 ticks *******

    ------> Animate bg
WAVE SURFACE: frame=11 x=1036 y=606 canvas=144x64
BG DRAW: frame=11 x=518 y=303 dx=0 dy=0 scale=2 canvas=144x64
WAVE SURFACE: frame=5 x=540 y=612 canvas=144x58
BG DRAW: frame=5 x=270 y=306 dx=0 dy=0 scale=2 canvas=144x58
WAVE SURFACE: frame=6 x=696 y=548 canvas=384x256
BG DRAW: frame=6 x=364 y=319 dx=0 dy=0 scale=2 canvas=384x256
    ------> Animate clouds
Clouds Pos: 75, 32
BG DRAW: frame=17 x=75 y=32 dx=0 dy=0 scale=2 canvas=528x152
Clouds Pos: 129, 26
BG DRAW: frame=16 x=129 y=26 dx=0 dy=0 scale=2 canvas=384x114
    ------> Animate walking
WALKING:  spot=1 hdg=3 next=-1  -  data 0 399 250 19

JOHNNY DRAW: segment=2 frame=19 flip=0 x=398 y=250
DISPLAY: n=15 ticks=48 segment=2 phases=5,6,11,-1 johnny=19,0,398,250
 ******* WAIT: 6 ticks *******

    ------> Animate walking
WALKING:  spot=1 hdg=3 next=-1  -  data 0 393 249 20

JOHNNY DRAW: segment=2 frame=20 flip=0 x=392 y=249
DISPLAY: n=16 ticks=54 segment=2 phases=5,6,11,-1 johnny=20,0,392,249
 ******* WAIT: 2 ticks *******

    ------> Animate bg
WAVE SURFACE: frame=5 x=540 y=612 canvas=144x58
BG DRAW: frame=5 x=270 y=306 dx=0 dy=0 scale=2 canvas=144x58
WAVE SURFACE: frame=6 x=696 y=548 canvas=384x256
BG DRAW: frame=6 x=364 y=319 dx=0 dy=0 scale=2 canvas=384x256
WAVE SURFACE: frame=9 x=1036 y=606 canvas=144x64
BG DRAW: frame=9 x=518 y=303 dx=0 dy=0 scale=2 canvas=144x64
    ------> Animate clouds
Clouds Pos: 73, 32
BG DRAW: frame=17 x=73 y=32 dx=0 dy=0 scale=2 canvas=528x152
Clouds Pos: 128, 26
BG DRAW: frame=16 x=128 y=26 dx=0 dy=0 scale=2 canvas=384x114
DISPLAY: n=17 ticks=56 segment=2 phases=5,6,9,-1 johnny=20,0,392,249
 ******* WAIT: 4 ticks *******

    ------> Animate walking
WALKING:  spot=1 hdg=3 next=-1  -  data 0 386 248 21

JOHNNY DRAW: segment=2 frame=21 flip=0 x=385 y=248
DISPLAY: n=18 ticks=60 segment=2 phases=5,6,9,-1 johnny=21,0,385,248
 ******* WAIT: 4 ticks *******

    ------> Animate bg
WAVE SURFACE: frame=6 x=696 y=548 canvas=384x256
BG DRAW: frame=6 x=364 y=319 dx=0 dy=0 scale=2 canvas=384x256
WAVE SURFACE: frame=9 x=1036 y=606 canvas=144x64
BG DRAW: frame=9 x=518 y=303 dx=0 dy=0 scale=2 canvas=144x64
WAVE SURFACE: frame=3 x=540 y=612 canvas=144x58
BG DRAW: frame=3 x=270 y=306 dx=0 dy=0 scale=2 canvas=144x58
    ------> Animate clouds
Clouds Pos: 71, 32
BG DRAW: frame=17 x=71 y=32 dx=0 dy=0 scale=2 canvas=528x152
Clouds Pos: 127, 26
BG DRAW: frame=16 x=127 y=26 dx=0 dy=0 scale=2 canvas=384x114
DISPLAY: n=19 ticks=64 segment=2 phases=3,6,9,-1 johnny=21,0,385,248
 ******* WAIT: 2 ticks *******

    ------> Animate walking
WALKING:  spot=1 hdg=3 next=-1  -  data 0 380 248 22

JOHNNY DRAW: segment=2 frame=22 flip=0 x=379 y=248
DISPLAY: n=20 ticks=66 segment=2 phases=3,6,9,-1 johnny=22,0,379,248
 ******* WAIT: 6 ticks *******

    ------> Animate bg
WAVE SURFACE: frame=9 x=1036 y=606 canvas=144x64
BG DRAW: frame=9 x=518 y=303 dx=0 dy=0 scale=2 canvas=144x64
WAVE SURFACE: frame=3 x=540 y=612 canvas=144x58
BG DRAW: frame=3 x=270 y=306 dx=0 dy=0 scale=2 canvas=144x58
WAVE SURFACE: frame=7 x=696 y=548 canvas=384x256
BG DRAW: frame=7 x=364 y=319 dx=0 dy=0 scale=2 canvas=384x256
    ------> Animate clouds
Clouds Pos: 69, 32
BG DRAW: frame=17 x=69 y=32 dx=0 dy=0 scale=2 canvas=528x152
Clouds Pos: 126, 26
BG DRAW: frame=16 x=126 y=26 dx=0 dy=0 scale=2 canvas=384x114
    ------> Animate walking
WALKING:  spot=1 hdg=3 next=-1  -  data 0 374 245 23

JOHNNY DRAW: segment=2 frame=23 flip=0 x=373 y=245
DISPLAY: n=21 ticks=72 segment=2 phases=3,7,9,-1 johnny=23,0,373,245
 ******* WAIT: 6 ticks *******

    ------> Animate walking
WALKING:  spot=1 hdg=3 next=-1  -  data 0 367 245 11

JOHNNY DRAW: segment=2 frame=11 flip=0 x=366 y=245
DISPLAY: n=22 ticks=78 segment=2 phases=3,7,9,-1 johnny=11,0,366,245
 ******* WAIT: 2 ticks *******

    ------> Animate bg
WAVE SURFACE: frame=3 x=540 y=612 canvas=144x58
BG DRAW: frame=3 x=270 y=306 dx=0 dy=0 scale=2 canvas=144x58
WAVE SURFACE: frame=7 x=696 y=548 canvas=384x256
BG DRAW: frame=7 x=364 y=319 dx=0 dy=0 scale=2 canvas=384x256
WAVE SURFACE: frame=10 x=1036 y=606 canvas=144x64
BG DRAW: frame=10 x=518 y=303 dx=0 dy=0 scale=2 canvas=144x64
    ------> Animate clouds
Clouds Pos: 67, 32
BG DRAW: frame=17 x=67 y=32 dx=0 dy=0 scale=2 canvas=528x152
Clouds Pos: 125, 26
BG DRAW: frame=16 x=125 y=26 dx=0 dy=0 scale=2 canvas=384x114
DISPLAY: n=23 ticks=80 segment=2 phases=3,7,10,-1 johnny=11,0,366,245
 ******* WAIT: 4 ticks *******

    ------> Animate walking
WALKING:  spot=1 hdg=3 next=-1  -  data 0 359 247 19

JOHNNY DRAW: segment=2 frame=19 flip=0 x=358 y=247
DISPLAY: n=24 ticks=84 segment=2 phases=3,7,10,-1 johnny=19,0,358,247
 ******* WAIT: 4 ticks *******

    ------> Animate bg
WAVE SURFACE: frame=7 x=696 y=548 canvas=384x256
BG DRAW: frame=7 x=364 y=319 dx=0 dy=0 scale=2 canvas=384x256
WAVE SURFACE: frame=10 x=1036 y=606 canvas=144x64
BG DRAW: frame=10 x=518 y=303 dx=0 dy=0 scale=2 canvas=144x64
WAVE SURFACE: frame=4 x=540 y=612 canvas=144x58
BG DRAW: frame=4 x=270 y=306 dx=0 dy=0 scale=2 canvas=144x58
    ------> Animate clouds
Clouds Pos: 65, 32
BG DRAW: frame=17 x=65 y=32 dx=0 dy=0 scale=2 canvas=528x152
Clouds Pos: 124, 26
BG DRAW: frame=16 x=124 y=26 dx=0 dy=0 scale=2 canvas=384x114
DISPLAY: n=25 ticks=88 segment=2 phases=4,7,10,-1 johnny=19,0,358,247
 ******* WAIT: 2 ticks *******

    ------> Animate walking
WALKING:  spot=1 hdg=3 next=-1  -  data 0 353 246 20

JOHNNY DRAW: segment=2 frame=20 flip=0 x=352 y=246
DISPLAY: n=26 ticks=90 segment=2 phases=4,7,10,-1 johnny=20,0,352,246
 ******* WAIT: 6 ticks *******

    ------> Animate bg
WAVE SURFACE: frame=10 x=1036 y=606 canvas=144x64
BG DRAW: frame=10 x=518 y=303 dx=0 dy=0 scale=2 canvas=144x64
WAVE SURFACE: frame=4 x=540 y=612 canvas=144x58
BG DRAW: frame=4 x=270 y=306 dx=0 dy=0 scale=2 canvas=144x58
WAVE SURFACE: frame=8 x=696 y=548 canvas=384x256
BG DRAW: frame=8 x=364 y=319 dx=0 dy=0 scale=2 canvas=384x256
    ------> Animate clouds
Clouds Pos: 63, 32
BG DRAW: frame=17 x=63 y=32 dx=0 dy=0 scale=2 canvas=528x152
Clouds Pos: 123, 26
BG DRAW: frame=16 x=123 y=26 dx=0 dy=0 scale=2 canvas=384x114
    ------> Animate walking
WALKING:  spot=1 hdg=3 next=-1  -  data 0 346 247 21

JOHNNY DRAW: segment=2 frame=21 flip=0 x=345 y=247
DISPLAY: n=27 ticks=96 segment=2 phases=4,8,10,-1 johnny=21,0,345,247
 ******* WAIT: 6 ticks *******

    ------> Animate walking
WALKING:  spot=1 hdg=3 next=-1  -  data 0 341 248 22

JOHNNY DRAW: segment=2 frame=22 flip=0 x=340 y=248
DISPLAY: n=28 ticks=102 segment=2 phases=4,8,10,-1 johnny=22,0,340,248
 ******* WAIT: 2 ticks *******

    ------> Animate bg
WAVE SURFACE: frame=4 x=540 y=612 canvas=144x58
BG DRAW: frame=4 x=270 y=306 dx=0 dy=0 scale=2 canvas=144x58
WAVE SURFACE: frame=8 x=696 y=548 canvas=384x256
BG DRAW: frame=8 x=364 y=319 dx=0 dy=0 scale=2 canvas=384x256
WAVE SURFACE: frame=11 x=1036 y=606 canvas=144x64
BG DRAW: frame=11 x=518 y=303 dx=0 dy=0 scale=2 canvas=144x64
    ------> Animate clouds
Clouds Pos: 61, 32
BG DRAW: frame=17 x=61 y=32 dx=0 dy=0 scale=2 canvas=528x152
Clouds Pos: 122, 26
BG DRAW: frame=16 x=122 y=26 dx=0 dy=0 scale=2 canvas=384x114
DISPLAY: n=29 ticks=104 segment=2 phases=4,8,11,-1 johnny=22,0,340,248
 ******* WAIT: 4 ticks *******

    ------> Animate walking
WALKING:  spot=1 hdg=3 next=-1  -  data 0 334 244 23

JOHNNY DRAW: segment=2 frame=23 flip=0 x=333 y=244
DISPLAY: n=30 ticks=108 segment=2 phases=4,8,11,-1 johnny=23,0,333,244
 ******* WAIT: 4 ticks *******

    ------> Animate bg
WAVE SURFACE: frame=8 x=696 y=548 canvas=384x256
BG DRAW: frame=8 x=364 y=319 dx=0 dy=0 scale=2 canvas=384x256
WAVE SURFACE: frame=11 x=1036 y=606 canvas=144x64
BG DRAW: frame=11 x=518 y=303 dx=0 dy=0 scale=2 canvas=144x64
WAVE SURFACE: frame=5 x=540 y=612 canvas=144x58
BG DRAW: frame=5 x=270 y=306 dx=0 dy=0 scale=2 canvas=144x58
    ------> Animate clouds
Clouds Pos: 59, 32
BG DRAW: frame=17 x=59 y=32 dx=0 dy=0 scale=2 canvas=528x152
Clouds Pos: 121, 26
BG DRAW: frame=16 x=121 y=26 dx=0 dy=0 scale=2 canvas=384x114
DISPLAY: n=31 ticks=112 segment=2 phases=5,8,11,-1 johnny=23,0,333,244
 ******* WAIT: 2 ticks *******

    ------> Animate walking
WALKING:  spot=1 hdg=3 next=-1  -  data 0 327 243 11

JOHNNY DRAW: segment=2 frame=11 flip=0 x=326 y=243
DISPLAY: n=32 ticks=114 segment=2 phases=5,8,11,-1 johnny=11,0,326,243
 ******* WAIT: 6 ticks *******

    ------> Animate bg
WAVE SURFACE: frame=11 x=1036 y=606 canvas=144x64
BG DRAW: frame=11 x=518 y=303 dx=0 dy=0 scale=2 canvas=144x64
WAVE SURFACE: frame=5 x=540 y=612 canvas=144x58
BG DRAW: frame=5 x=270 y=306 dx=0 dy=0 scale=2 canvas=144x58
WAVE SURFACE: frame=6 x=696 y=548 canvas=384x256
BG DRAW: frame=6 x=364 y=319 dx=0 dy=0 scale=2 canvas=384x256
    ------> Animate clouds
Clouds Pos: 57, 32
BG DRAW: frame=17 x=57 y=32 dx=0 dy=0 scale=2 canvas=528x152
Clouds Pos: 120, 26
BG DRAW: frame=16 x=120 y=26 dx=0 dy=0 scale=2 canvas=384x114
    ------> Animate walking
WALKING:  spot=1 hdg=3 next=-1  -  data 0 322 245 19

JOHNNY DRAW: segment=2 frame=19 flip=0 x=321 y=245
DISPLAY: n=33 ticks=120 segment=2 phases=5,6,11,-1 johnny=19,0,321,245
 ******* WAIT: 6 ticks *******

    ------> Animate walking
WALKING:  spot=1 hdg=3 next=-1  -  data 0 318 245 20

JOHNNY DRAW: segment=2 frame=20 flip=0 x=317 y=245
DISPLAY: n=34 ticks=126 segment=2 phases=5,6,11,-1 johnny=20,0,317,245
 ******* WAIT: 2 ticks *******

    ------> Animate bg
WAVE SURFACE: frame=5 x=540 y=612 canvas=144x58
BG DRAW: frame=5 x=270 y=306 dx=0 dy=0 scale=2 canvas=144x58
WAVE SURFACE: frame=6 x=696 y=548 canvas=384x256
BG DRAW: frame=6 x=364 y=319 dx=0 dy=0 scale=2 canvas=384x256
WAVE SURFACE: frame=9 x=1036 y=606 canvas=144x64
BG DRAW: frame=9 x=518 y=303 dx=0 dy=0 scale=2 canvas=144x64
    ------> Animate clouds
Clouds Pos: 55, 32
BG DRAW: frame=17 x=55 y=32 dx=0 dy=0 scale=2 canvas=528x152
Clouds Pos: 119, 26
BG DRAW: frame=16 x=119 y=26 dx=0 dy=0 scale=2 canvas=384x114
DISPLAY: n=35 ticks=128 segment=2 phases=5,6,9,-1 johnny=20,0,317,245
 ******* WAIT: 4 ticks *******

    ------> Animate walking
WALKING:  spot=1 hdg=3 next=-1  -  data 0 312 244 21

JOHNNY DRAW: segment=2 frame=21 flip=0 x=311 y=244
DISPLAY: n=36 ticks=132 segment=2 phases=5,6,9,-1 johnny=21,0,311,244
 ******* WAIT: 4 ticks *******

    ------> Animate bg
WAVE SURFACE: frame=6 x=696 y=548 canvas=384x256
BG DRAW: frame=6 x=364 y=319 dx=0 dy=0 scale=2 canvas=384x256
WAVE SURFACE: frame=9 x=1036 y=606 canvas=144x64
BG DRAW: frame=9 x=518 y=303 dx=0 dy=0 scale=2 canvas=144x64
WAVE SURFACE: frame=3 x=540 y=612 canvas=144x58
BG DRAW: frame=3 x=270 y=306 dx=0 dy=0 scale=2 canvas=144x58
    ------> Animate clouds
Clouds Pos: 53, 32
BG DRAW: frame=17 x=53 y=32 dx=0 dy=0 scale=2 canvas=528x152
Clouds Pos: 118, 26
BG DRAW: frame=16 x=118 y=26 dx=0 dy=0 scale=2 canvas=384x114
DISPLAY: n=37 ticks=136 segment=2 phases=3,6,9,-1 johnny=21,0,311,244
 ******* WAIT: 2 ticks *******

    ------> Animate walking
WALKING:  spot=1 hdg=3 next=-1  -  data 0 303 244 22

JOHNNY DRAW: segment=2 frame=22 flip=0 x=302 y=244
DISPLAY: n=38 ticks=138 segment=2 phases=3,6,9,-1 johnny=22,0,302,244
 ******* WAIT: 6 ticks *******

    ------> Animate bg
WAVE SURFACE: frame=9 x=1036 y=606 canvas=144x64
BG DRAW: frame=9 x=518 y=303 dx=0 dy=0 scale=2 canvas=144x64
WAVE SURFACE: frame=3 x=540 y=612 canvas=144x58
BG DRAW: frame=3 x=270 y=306 dx=0 dy=0 scale=2 canvas=144x58
WAVE SURFACE: frame=7 x=696 y=548 canvas=384x256
BG DRAW: frame=7 x=364 y=319 dx=0 dy=0 scale=2 canvas=384x256
    ------> Animate clouds
Clouds Pos: 51, 32
BG DRAW: frame=17 x=51 y=32 dx=0 dy=0 scale=2 canvas=528x152
Clouds Pos: 117, 26
BG DRAW: frame=16 x=117 y=26 dx=0 dy=0 scale=2 canvas=384x114
    ------> Animate walking
WALKING:  spot=0 hdg=4 next=5  -  data 0 297 241 12

JOHNNY DRAW: segment=2 frame=12 flip=0 x=296 y=241
DISPLAY: n=39 ticks=144 segment=2 phases=3,7,9,-1 johnny=12,0,296,241
 ******* WAIT: 6 ticks *******

    ------> Animate walking
WALKING:  spot=0 hdg=4 next=-1  -  data 1 306 238 19

JOHNNY DRAW: segment=2 frame=19 flip=1 x=305 y=238
DISPLAY: n=40 ticks=150 segment=2 phases=3,7,9,-1 johnny=19,1,305,238
 ******* WAIT: 2 ticks *******

    ------> Animate bg
WAVE SURFACE: frame=3 x=540 y=612 canvas=144x58
BG DRAW: frame=3 x=270 y=306 dx=0 dy=0 scale=2 canvas=144x58
WAVE SURFACE: frame=7 x=696 y=548 canvas=384x256
BG DRAW: frame=7 x=364 y=319 dx=0 dy=0 scale=2 canvas=384x256
WAVE SURFACE: frame=10 x=1036 y=606 canvas=144x64
BG DRAW: frame=10 x=518 y=303 dx=0 dy=0 scale=2 canvas=144x64
    ------> Animate clouds
Clouds Pos: 49, 32
BG DRAW: frame=17 x=49 y=32 dx=0 dy=0 scale=2 canvas=528x152
Clouds Pos: 116, 26
BG DRAW: frame=16 x=116 y=26 dx=0 dy=0 scale=2 canvas=384x114
DISPLAY: n=41 ticks=152 segment=2 phases=3,7,10,-1 johnny=19,1,305,238
 ******* WAIT: 4 ticks *******

    ------> Animate walking
WALKING:  spot=0 hdg=4 next=-1  -  data 1 322 235 20

JOHNNY DRAW: segment=2 frame=20 flip=1 x=321 y=235
DISPLAY: n=42 ticks=156 segment=2 phases=3,7,10,-1 johnny=20,1,321,235
 ******* WAIT: 4 ticks *******

    ------> Animate bg
WAVE SURFACE: frame=7 x=696 y=548 canvas=384x256
BG DRAW: frame=7 x=364 y=319 dx=0 dy=0 scale=2 canvas=384x256
WAVE SURFACE: frame=10 x=1036 y=606 canvas=144x64
BG DRAW: frame=10 x=518 y=303 dx=0 dy=0 scale=2 canvas=144x64
WAVE SURFACE: frame=4 x=540 y=612 canvas=144x58
BG DRAW: frame=4 x=270 y=306 dx=0 dy=0 scale=2 canvas=144x58
    ------> Animate clouds
Clouds Pos: 47, 32
BG DRAW: frame=17 x=47 y=32 dx=0 dy=0 scale=2 canvas=528x152
Clouds Pos: 115, 26
BG DRAW: frame=16 x=115 y=26 dx=0 dy=0 scale=2 canvas=384x114
DISPLAY: n=43 ticks=160 segment=2 phases=4,7,10,-1 johnny=20,1,321,235
 ******* WAIT: 2 ticks *******

    ------> Animate walking
WALKING:  spot=0 hdg=4 next=-1  -  data 1 322 233 21

JOHNNY DRAW: segment=2 frame=21 flip=1 x=321 y=233
DISPLAY: n=44 ticks=162 segment=2 phases=4,7,10,-1 johnny=21,1,321,233
 ******* WAIT: 6 ticks *******

    ------> Animate bg
WAVE SURFACE: frame=10 x=1036 y=606 canvas=144x64
BG DRAW: frame=10 x=518 y=303 dx=0 dy=0 scale=2 canvas=144x64
WAVE SURFACE: frame=4 x=540 y=612 canvas=144x58
BG DRAW: frame=4 x=270 y=306 dx=0 dy=0 scale=2 canvas=144x58
WAVE SURFACE: frame=8 x=696 y=548 canvas=384x256
BG DRAW: frame=8 x=364 y=319 dx=0 dy=0 scale=2 canvas=384x256
    ------> Animate clouds
Clouds Pos: 45, 32
BG DRAW: frame=17 x=45 y=32 dx=0 dy=0 scale=2 canvas=528x152
Clouds Pos: 114, 26
BG DRAW: frame=16 x=114 y=26 dx=0 dy=0 scale=2 canvas=384x114
    ------> Animate walking
WALKING:  spot=0 hdg=4 next=-1  -  data 1 326 232 22

JOHNNY DRAW: segment=2 frame=22 flip=1 x=325 y=232
DISPLAY: n=45 ticks=168 segment=2 phases=4,8,10,-1 johnny=22,1,325,232
 ******* WAIT: 6 ticks *******

    ------> Animate walking
WALKING:  spot=0 hdg=4 next=-1  -  data 1 332 227 23

JOHNNY DRAW: segment=2 frame=23 flip=1 x=331 y=227
DISPLAY: n=46 ticks=174 segment=2 phases=4,8,10,-1 johnny=23,1,331,227
 ******* WAIT: 2 ticks *******

    ------> Animate bg
WAVE SURFACE: frame=4 x=540 y=612 canvas=144x58
BG DRAW: frame=4 x=270 y=306 dx=0 dy=0 scale=2 canvas=144x58
WAVE SURFACE: frame=8 x=696 y=548 canvas=384x256
BG DRAW: frame=8 x=364 y=319 dx=0 dy=0 scale=2 canvas=384x256
WAVE SURFACE: frame=11 x=1036 y=606 canvas=144x64
BG DRAW: frame=11 x=518 y=303 dx=0 dy=0 scale=2 canvas=144x64
    ------> Animate clouds
Clouds Pos: 43, 32
BG DRAW: frame=17 x=43 y=32 dx=0 dy=0 scale=2 canvas=528x152
Clouds Pos: 113, 26
BG DRAW: frame=16 x=113 y=26 dx=0 dy=0 scale=2 canvas=384x114
DISPLAY: n=47 ticks=176 segment=2 phases=4,8,11,-1 johnny=23,1,331,227
 ******* WAIT: 4 ticks *******

    ------> Animate walking
WALKING:  spot=0 hdg=4 next=-1  -  data 1 339 223 11

JOHNNY DRAW: segment=2 frame=11 flip=1 x=338 y=223
DISPLAY: n=48 ticks=180 segment=2 phases=4,8,11,-1 johnny=11,1,338,223
 ******* WAIT: 4 ticks *******

    ------> Animate bg
WAVE SURFACE: frame=8 x=696 y=548 canvas=384x256
BG DRAW: frame=8 x=364 y=319 dx=0 dy=0 scale=2 canvas=384x256
WAVE SURFACE: frame=11 x=1036 y=606 canvas=144x64
BG DRAW: frame=11 x=518 y=303 dx=0 dy=0 scale=2 canvas=144x64
WAVE SURFACE: frame=5 x=540 y=612 canvas=144x58
BG DRAW: frame=5 x=270 y=306 dx=0 dy=0 scale=2 canvas=144x58
    ------> Animate clouds
Clouds Pos: 41, 32
BG DRAW: frame=17 x=41 y=32 dx=0 dy=0 scale=2 canvas=528x152
Clouds Pos: 112, 26
BG DRAW: frame=16 x=112 y=26 dx=0 dy=0 scale=2 canvas=384x114
DISPLAY: n=49 ticks=184 segment=2 phases=5,8,11,-1 johnny=11,1,338,223
 ******* WAIT: 2 ticks *******

    ------> Animate walking
WALKING:  spot=0 hdg=4 next=-1  -  data 1 345 223 19

JOHNNY DRAW: segment=2 frame=19 flip=1 x=344 y=223
DISPLAY: n=50 ticks=186 segment=2 phases=5,8,11,-1 johnny=19,1,344,223
 ******* WAIT: 6 ticks *******

    ------> Animate bg
WAVE SURFACE: frame=11 x=1036 y=606 canvas=144x64
BG DRAW: frame=11 x=518 y=303 dx=0 dy=0 scale=2 canvas=144x64
WAVE SURFACE: frame=5 x=540 y=612 canvas=144x58
BG DRAW: frame=5 x=270 y=306 dx=0 dy=0 scale=2 canvas=144x58
WAVE SURFACE: frame=6 x=696 y=548 canvas=384x256
BG DRAW: frame=6 x=364 y=319 dx=0 dy=0 scale=2 canvas=384x256
    ------> Animate clouds
Clouds Pos: 39, 32
BG DRAW: frame=17 x=39 y=32 dx=0 dy=0 scale=2 canvas=528x152
Clouds Pos: 111, 26
BG DRAW: frame=16 x=111 y=26 dx=0 dy=0 scale=2 canvas=384x114
    ------> Animate walking
WALKING:  spot=0 hdg=4 next=-1  -  data 1 358 222 20

JOHNNY DRAW: segment=2 frame=20 flip=1 x=357 y=222
DISPLAY: n=51 ticks=192 segment=2 phases=5,6,11,-1 johnny=20,1,357,222
 ******* WAIT: 6 ticks *******

    ------> Animate walking
WALKING:  spot=0 hdg=4 next=-1  -  data 1 356 221 21

JOHNNY DRAW: segment=2 frame=21 flip=1 x=355 y=221
DISPLAY: n=52 ticks=198 segment=2 phases=5,6,11,-1 johnny=21,1,355,221
 ******* WAIT: 2 ticks *******

    ------> Animate bg
WAVE SURFACE: frame=5 x=540 y=612 canvas=144x58
BG DRAW: frame=5 x=270 y=306 dx=0 dy=0 scale=2 canvas=144x58
WAVE SURFACE: frame=6 x=696 y=548 canvas=384x256
BG DRAW: frame=6 x=364 y=319 dx=0 dy=0 scale=2 canvas=384x256
WAVE SURFACE: frame=9 x=1036 y=606 canvas=144x64
BG DRAW: frame=9 x=518 y=303 dx=0 dy=0 scale=2 canvas=144x64
    ------> Animate clouds
Clouds Pos: 37, 32
BG DRAW: frame=17 x=37 y=32 dx=0 dy=0 scale=2 canvas=528x152
Clouds Pos: 110, 26
BG DRAW: frame=16 x=110 y=26 dx=0 dy=0 scale=2 canvas=384x114
DISPLAY: n=53 ticks=200 segment=2 phases=5,6,9,-1 johnny=21,1,355,221
 ******* WAIT: 4 ticks *******

    ------> Animate walking
WALKING:  spot=0 hdg=4 next=-1  -  data 1 361 221 22

JOHNNY DRAW: segment=2 frame=22 flip=1 x=360 y=221
DISPLAY: n=54 ticks=204 segment=2 phases=5,6,9,-1 johnny=22,1,360,221
 ******* WAIT: 4 ticks *******

    ------> Animate bg
WAVE SURFACE: frame=6 x=696 y=548 canvas=384x256
BG DRAW: frame=6 x=364 y=319 dx=0 dy=0 scale=2 canvas=384x256
WAVE SURFACE: frame=9 x=1036 y=606 canvas=144x64
BG DRAW: frame=9 x=518 y=303 dx=0 dy=0 scale=2 canvas=144x64
WAVE SURFACE: frame=3 x=540 y=612 canvas=144x58
BG DRAW: frame=3 x=270 y=306 dx=0 dy=0 scale=2 canvas=144x58
    ------> Animate clouds
Clouds Pos: 35, 32
BG DRAW: frame=17 x=35 y=32 dx=0 dy=0 scale=2 canvas=528x152
Clouds Pos: 109, 26
BG DRAW: frame=16 x=109 y=26 dx=0 dy=0 scale=2 canvas=384x114
DISPLAY: n=55 ticks=208 segment=2 phases=3,6,9,-1 johnny=22,1,360,221
 ******* WAIT: 2 ticks *******

    ------> Animate walking
WALKING:  spot=0 hdg=4 next=-1  -  data 1 366 217 23

JOHNNY DRAW: segment=2 frame=23 flip=1 x=365 y=217
DISPLAY: n=56 ticks=210 segment=2 phases=3,6,9,-1 johnny=23,1,365,217
 ******* WAIT: 6 ticks *******

    ------> Animate bg
WAVE SURFACE: frame=9 x=1036 y=606 canvas=144x64
BG DRAW: frame=9 x=518 y=303 dx=0 dy=0 scale=2 canvas=144x64
WAVE SURFACE: frame=3 x=540 y=612 canvas=144x58
BG DRAW: frame=3 x=270 y=306 dx=0 dy=0 scale=2 canvas=144x58
WAVE SURFACE: frame=7 x=696 y=548 canvas=384x256
BG DRAW: frame=7 x=364 y=319 dx=0 dy=0 scale=2 canvas=384x256
    ------> Animate clouds
Clouds Pos: 33, 32
BG DRAW: frame=17 x=33 y=32 dx=0 dy=0 scale=2 canvas=528x152
Clouds Pos: 108, 26
BG DRAW: frame=16 x=108 y=26 dx=0 dy=0 scale=2 canvas=384x114
    ------> Animate walking
WALKING:  spot=0 hdg=4 next=-1  -  data 1 372 215 11

JOHNNY DRAW: segment=2 frame=11 flip=1 x=371 y=215
DISPLAY: n=57 ticks=216 segment=2 phases=3,7,9,-1 johnny=11,1,371,215
 ******* WAIT: 6 ticks *******

    ------> Animate walking
WALKING:  spot=0 hdg=4 next=-1  -  data 1 377 215 19

JOHNNY DRAW: segment=2 frame=19 flip=1 x=376 y=215
DISPLAY: n=58 ticks=222 segment=2 phases=3,7,9,-1 johnny=19,1,376,215
 ******* WAIT: 2 ticks *******

    ------> Animate bg
WAVE SURFACE: frame=3 x=540 y=612 canvas=144x58
BG DRAW: frame=3 x=270 y=306 dx=0 dy=0 scale=2 canvas=144x58
WAVE SURFACE: frame=7 x=696 y=548 canvas=384x256
BG DRAW: frame=7 x=364 y=319 dx=0 dy=0 scale=2 canvas=384x256
WAVE SURFACE: frame=10 x=1036 y=606 canvas=144x64
BG DRAW: frame=10 x=518 y=303 dx=0 dy=0 scale=2 canvas=144x64
    ------> Animate clouds
Clouds Pos: 31, 32
BG DRAW: frame=17 x=31 y=32 dx=0 dy=0 scale=2 canvas=528x152
Clouds Pos: 107, 26
BG DRAW: frame=16 x=107 y=26 dx=0 dy=0 scale=2 canvas=384x114
DISPLAY: n=59 ticks=224 segment=2 phases=3,7,10,-1 johnny=19,1,376,215
 ******* WAIT: 4 ticks *******

    ------> Animate walking
WALKING:  spot=0 hdg=4 next=-1  -  data 1 387 213 20

JOHNNY DRAW: segment=2 frame=20 flip=1 x=386 y=213
DISPLAY: n=60 ticks=228 segment=2 phases=3,7,10,-1 johnny=20,1,386,213
 ******* WAIT: 4 ticks *******

    ------> Animate bg
WAVE SURFACE: frame=7 x=696 y=548 canvas=384x256
BG DRAW: frame=7 x=364 y=319 dx=0 dy=0 scale=2 canvas=384x256
WAVE SURFACE: frame=10 x=1036 y=606 canvas=144x64
BG DRAW: frame=10 x=518 y=303 dx=0 dy=0 scale=2 canvas=144x64
WAVE SURFACE: frame=4 x=540 y=612 canvas=144x58
BG DRAW: frame=4 x=270 y=306 dx=0 dy=0 scale=2 canvas=144x58
    ------> Animate clouds
Clouds Pos: 29, 32
BG DRAW: frame=17 x=29 y=32 dx=0 dy=0 scale=2 canvas=528x152
Clouds Pos: 106, 26
BG DRAW: frame=16 x=106 y=26 dx=0 dy=0 scale=2 canvas=384x114
DISPLAY: n=61 ticks=232 segment=2 phases=4,7,10,-1 johnny=20,1,386,213
 ******* WAIT: 2 ticks *******

    ------> Animate walking
WALKING:  spot=0 hdg=4 next=-1  -  data 1 385 213 21

JOHNNY DRAW: segment=2 frame=21 flip=1 x=384 y=213
DISPLAY: n=62 ticks=234 segment=2 phases=4,7,10,-1 johnny=21,1,384,213
 ******* WAIT: 6 ticks *******

    ------> Animate bg
WAVE SURFACE: frame=10 x=1036 y=606 canvas=144x64
BG DRAW: frame=10 x=518 y=303 dx=0 dy=0 scale=2 canvas=144x64
WAVE SURFACE: frame=4 x=540 y=612 canvas=144x58
BG DRAW: frame=4 x=270 y=306 dx=0 dy=0 scale=2 canvas=144x58
WAVE SURFACE: frame=8 x=696 y=548 canvas=384x256
BG DRAW: frame=8 x=364 y=319 dx=0 dy=0 scale=2 canvas=384x256
    ------> Animate clouds
Clouds Pos: 27, 32
BG DRAW: frame=17 x=27 y=32 dx=0 dy=0 scale=2 canvas=528x152
Clouds Pos: 105, 26
BG DRAW: frame=16 x=105 y=26 dx=0 dy=0 scale=2 canvas=384x114
    ------> Animate walking
WALKING:  spot=0 hdg=4 next=-1  -  data 1 390 213 22

JOHNNY DRAW: segment=2 frame=22 flip=1 x=389 y=213
DISPLAY: n=63 ticks=240 segment=2 phases=4,8,10,-1 johnny=22,1,389,213
 ******* WAIT: 6 ticks *******

    ------> Animate walking
WALKING:  spot=4 hdg=5 next=5  -  data 1 395 209 18

JOHNNY DRAW: segment=2 frame=18 flip=1 x=394 y=209
DISPLAY: n=64 ticks=246 segment=2 phases=4,8,10,-1 johnny=18,1,394,209
 ******* WAIT: 2 ticks *******

    ------> Animate bg
WAVE SURFACE: frame=4 x=540 y=612 canvas=144x58
BG DRAW: frame=4 x=270 y=306 dx=0 dy=0 scale=2 canvas=144x58
WAVE SURFACE: frame=8 x=696 y=548 canvas=384x256
BG DRAW: frame=8 x=364 y=319 dx=0 dy=0 scale=2 canvas=384x256
WAVE SURFACE: frame=11 x=1036 y=606 canvas=144x64
BG DRAW: frame=11 x=518 y=303 dx=0 dy=0 scale=2 canvas=144x64
    ------> Animate clouds
Clouds Pos: 25, 32
BG DRAW: frame=17 x=25 y=32 dx=0 dy=0 scale=2 canvas=528x152
Clouds Pos: 104, 26
BG DRAW: frame=16 x=104 y=26 dx=0 dy=0 scale=2 canvas=384x114
DISPLAY: n=65 ticks=248 segment=2 phases=4,8,11,-1 johnny=18,1,394,209
 ******* WAIT: 8 ticks *******

    ------> Animate bg
WAVE SURFACE: frame=8 x=696 y=548 canvas=384x256
BG DRAW: frame=8 x=364 y=319 dx=0 dy=0 scale=2 canvas=384x256
WAVE SURFACE: frame=11 x=1036 y=606 canvas=144x64
BG DRAW: frame=11 x=518 y=303 dx=0 dy=0 scale=2 canvas=144x64
WAVE SURFACE: frame=5 x=540 y=612 canvas=144x58
BG DRAW: frame=5 x=270 y=306 dx=0 dy=0 scale=2 canvas=144x58
    ------> Animate clouds
Clouds Pos: 23, 32
BG DRAW: frame=17 x=23 y=32 dx=0 dy=0 scale=2 canvas=528x152
Clouds Pos: 103, 26
BG DRAW: frame=16 x=103 y=26 dx=0 dy=0 scale=2 canvas=384x114
DISPLAY: n=66 ticks=256 segment=2 phases=5,8,11,-1 johnny=18,1,394,209
 ******* WAIT: 8 ticks *******

    ------> Animate bg
WAVE SURFACE: frame=11 x=1036 y=606 canvas=144x64
BG DRAW: frame=11 x=518 y=303 dx=0 dy=0 scale=2 canvas=144x64
WAVE SURFACE: frame=5 x=540 y=612 canvas=144x58
BG DRAW: frame=5 x=270 y=306 dx=0 dy=0 scale=2 canvas=144x58
WAVE SURFACE: frame=6 x=696 y=548 canvas=384x256
BG DRAW: frame=6 x=364 y=319 dx=0 dy=0 scale=2 canvas=384x256
    ------> Animate clouds
Clouds Pos: 21, 32
BG DRAW: frame=17 x=21 y=32 dx=0 dy=0 scale=2 canvas=528x152
Clouds Pos: 102, 26
BG DRAW: frame=16 x=102 y=26 dx=0 dy=0 scale=2 canvas=384x114
DISPLAY: n=67 ticks=264 segment=2 phases=5,6,11,-1 johnny=18,1,394,209
 ******* WAIT: 8 ticks *******

    ------> Animate bg
WAVE SURFACE: frame=5 x=540 y=612 canvas=144x58
BG DRAW: frame=5 x=270 y=306 dx=0 dy=0 scale=2 canvas=144x58
WAVE SURFACE: frame=6 x=696 y=548 canvas=384x256
BG DRAW: frame=6 x=364 y=319 dx=0 dy=0 scale=2 canvas=384x256
WAVE SURFACE: frame=9 x=1036 y=606 canvas=144x64
BG DRAW: frame=9 x=518 y=303 dx=0 dy=0 scale=2 canvas=144x64
    ------> Animate clouds
Clouds Pos: 19, 32
BG DRAW: frame=17 x=19 y=32 dx=0 dy=0 scale=2 canvas=528x152
Clouds Pos: 101, 26
BG DRAW: frame=16 x=101 y=26 dx=0 dy=0 scale=2 canvas=384x114
DISPLAY: n=68 ticks=272 segment=2 phases=5,6,9,-1 johnny=18,1,394,209
 ******* WAIT: 8 ticks *******

    ------> Animate bg
WAVE SURFACE: frame=6 x=696 y=548 canvas=384x256
BG DRAW: frame=6 x=364 y=319 dx=0 dy=0 scale=2 canvas=384x256
WAVE SURFACE: frame=9 x=1036 y=606 canvas=144x64
BG DRAW: frame=9 x=518 y=303 dx=0 dy=0 scale=2 canvas=144x64
WAVE SURFACE: frame=3 x=540 y=612 canvas=144x58
BG DRAW: frame=3 x=270 y=306 dx=0 dy=0 scale=2 canvas=144x58
    ------> Animate clouds
Clouds Pos: 17, 32
BG DRAW: frame=17 x=17 y=32 dx=0 dy=0 scale=2 canvas=528x152
Clouds Pos: 100, 26
BG DRAW: frame=16 x=100 y=26 dx=0 dy=0 scale=2 canvas=384x114
DISPLAY: n=69 ticks=280 segment=2 phases=3,6,9,-1 johnny=18,1,394,209
 ******* WAIT: 8 ticks *******

    ------> Animate bg
WAVE SURFACE: frame=9 x=1036 y=606 canvas=144x64
BG DRAW: frame=9 x=518 y=303 dx=0 dy=0 scale=2 canvas=144x64
WAVE SURFACE: frame=3 x=540 y=612 canvas=144x58
BG DRAW: frame=3 x=270 y=306 dx=0 dy=0 scale=2 canvas=144x58
WAVE SURFACE: frame=7 x=696 y=548 canvas=384x256
BG DRAW: frame=7 x=364 y=319 dx=0 dy=0 scale=2 canvas=384x256
    ------> Animate clouds
Clouds Pos: 15, 32
BG DRAW: frame=17 x=15 y=32 dx=0 dy=0 scale=2 canvas=528x152
Clouds Pos: 99, 26
BG DRAW: frame=16 x=99 y=26 dx=0 dy=0 scale=2 canvas=384x114
DISPLAY: n=70 ticks=288 segment=2 phases=3,7,9,-1 johnny=18,1,394,209
 ******* WAIT: 8 ticks *******

    ------> Animate bg
WAVE SURFACE: frame=3 x=540 y=612 canvas=144x58
BG DRAW: frame=3 x=270 y=306 dx=0 dy=0 scale=2 canvas=144x58
WAVE SURFACE: frame=7 x=696 y=548 canvas=384x256
BG DRAW: frame=7 x=364 y=319 dx=0 dy=0 scale=2 canvas=384x256
WAVE SURFACE: frame=10 x=1036 y=606 canvas=144x64
BG DRAW: frame=10 x=518 y=303 dx=0 dy=0 scale=2 canvas=144x64
    ------> Animate clouds
Clouds Pos: 13, 32
BG DRAW: frame=17 x=13 y=32 dx=0 dy=0 scale=2 canvas=528x152
Clouds Pos: 98, 26
BG DRAW: frame=16 x=98 y=26 dx=0 dy=0 scale=2 canvas=384x114
DISPLAY: n=71 ticks=296 segment=2 phases=3,7,10,-1 johnny=18,1,394,209
 ******* WAIT: 8 ticks *******

    ------> Animate bg
WAVE SURFACE: frame=7 x=696 y=548 canvas=384x256
BG DRAW: frame=7 x=364 y=319 dx=0 dy=0 scale=2 canvas=384x256
WAVE SURFACE: frame=10 x=1036 y=606 canvas=144x64
BG DRAW: frame=10 x=518 y=303 dx=0 dy=0 scale=2 canvas=144x64
WAVE SURFACE: frame=4 x=540 y=612 canvas=144x58
BG DRAW: frame=4 x=270 y=306 dx=0 dy=0 scale=2 canvas=144x58
    ------> Animate clouds
Clouds Pos: 11, 32
BG DRAW: frame=17 x=11 y=32 dx=0 dy=0 scale=2 canvas=528x152
Clouds Pos: 97, 26
BG DRAW: frame=16 x=97 y=26 dx=0 dy=0 scale=2 canvas=384x114
DISPLAY: n=72 ticks=304 segment=2 phases=4,7,10,-1 johnny=18,1,394,209
 ******* WAIT: 8 ticks *******

    ------> Animate bg
WAVE SURFACE: frame=10 x=1036 y=606 canvas=144x64
BG DRAW: frame=10 x=518 y=303 dx=0 dy=0 scale=2 canvas=144x64
WAVE SURFACE: frame=4 x=540 y=612 canvas=144x58
BG DRAW: frame=4 x=270 y=306 dx=0 dy=0 scale=2 canvas=144x58
WAVE SURFACE: frame=8 x=696 y=548 canvas=384x256
BG DRAW: frame=8 x=364 y=319 dx=0 dy=0 scale=2 canvas=384x256
    ------> Animate clouds
Clouds Pos: 9, 32
BG DRAW: frame=17 x=9 y=32 dx=0 dy=0 scale=2 canvas=528x152
Clouds Pos: 96, 26
BG DRAW: frame=16 x=96 y=26 dx=0 dy=0 scale=2 canvas=384x114
DISPLAY: n=73 ticks=312 segment=2 phases=4,8,10,-1 johnny=18,1,394,209
 ******* WAIT: 8 ticks *******

    ------> Animate bg
WAVE SURFACE: frame=4 x=540 y=612 canvas=144x58
BG DRAW: frame=4 x=270 y=306 dx=0 dy=0 scale=2 canvas=144x58
WAVE SURFACE: frame=8 x=696 y=548 canvas=384x256
BG DRAW: frame=8 x=364 y=319 dx=0 dy=0 scale=2 canvas=384x256
WAVE SURFACE: frame=11 x=1036 y=606 canvas=144x64
BG DRAW: frame=11 x=518 y=303 dx=0 dy=0 scale=2 canvas=144x64
    ------> Animate clouds
Clouds Pos: 7, 32
BG DRAW: frame=17 x=7 y=32 dx=0 dy=0 scale=2 canvas=528x152
Clouds Pos: 95, 26
BG DRAW: frame=16 x=95 y=26 dx=0 dy=0 scale=2 canvas=384x114
DISPLAY: n=74 ticks=320 segment=2 phases=4,8,11,-1 johnny=18,1,394,209
 ******* WAIT: 6 ticks *******

    ------> Animate walking
WALKING: end walk

DISPLAY: n=75 ticks=326 segment=2 phases=4,8,11,-1 johnny=18,1,394,209
 ******* WAIT: 0 ticks *******

NATIVE RETURN: segment=2 ticks=326
Captured frame: final.ppm (1280x960)
Art assets decoded: cartoon=57, HD fallback=71, original fallback=0
DONE: native calls returned; cleanup complete
