zipvfs: opened archive 'scrantic_data.zip' (2614 entries)
Loading resources ...................................................................................................................................................................................
Art style: Cartoon (preview) (partial pack: 63/2401 assets; missing art uses HD/original), scale=2
rand seed: 11 (forced)
Art asset: data/styles/cartoon/SCR/OCEAN02.SCR.png
island backdrop: OCEAN02.SCR
Art asset: data/hd/BMP/MRAFT.BMP/000.png
Art asset: data/hd/BMP/MRAFT.BMP/001.png
Art asset: data/hd/BMP/MRAFT.BMP/002.png
Art asset: data/hd/BMP/MRAFT.BMP/003.png
Art asset: data/hd/BMP/MRAFT.BMP/004.png
Art asset: data/hd/BMP/MRAFT.BMP/005.png
Art asset: data/hd/BMP/MRAFT.BMP/006.png
Art asset: data/styles/cartoon/BMP/BACKGRND.BMP/000.png
Art asset: data/styles/cartoon/BMP/BACKGRND.BMP/001.png
Art asset: data/styles/cartoon/BMP/BACKGRND.BMP/002.png
Art asset: data/styles/cartoon/BMP/BACKGRND.BMP/003.png
Art asset: data/styles/cartoon/BMP/BACKGRND.BMP/004.png
Art asset: data/styles/cartoon/BMP/BACKGRND.BMP/005.png
Art asset: data/styles/cartoon/BMP/BACKGRND.BMP/006.png
Art asset: data/styles/cartoon/BMP/BACKGRND.BMP/007.png
Art asset: data/styles/cartoon/BMP/BACKGRND.BMP/008.png
Art asset: data/styles/cartoon/BMP/BACKGRND.BMP/009.png
Art asset: data/styles/cartoon/BMP/BACKGRND.BMP/010.png
Art asset: data/styles/cartoon/BMP/BACKGRND.BMP/011.png
Art asset: data/styles/cartoon/BMP/BACKGRND.BMP/012.png
Art asset: data/styles/cartoon/BMP/BACKGRND.BMP/013.png
Art asset: data/styles/cartoon/BMP/BACKGRND.BMP/014.png
Art asset: data/styles/cartoon/BMP/BACKGRND.BMP/015.png
Art asset: data/styles/cartoon/BMP/BACKGRND.BMP/016.png
Art asset: data/styles/cartoon/BMP/BACKGRND.BMP/017.png
Art asset: data/hd/BMP/BACKGRND.BMP/018.png
Art asset: data/hd/BMP/BACKGRND.BMP/019.png
Art asset: data/hd/BMP/BACKGRND.BMP/020.png
Art asset: data/hd/BMP/BACKGRND.BMP/021.png
Art asset: data/hd/BMP/BACKGRND.BMP/022.png
Art asset: data/hd/BMP/BACKGRND.BMP/023.png
Art asset: data/hd/BMP/BACKGRND.BMP/024.png
Art asset: data/hd/BMP/BACKGRND.BMP/025.png
Art asset: data/hd/BMP/BACKGRND.BMP/026.png
Art asset: data/hd/BMP/BACKGRND.BMP/027.png
Art asset: data/hd/BMP/BACKGRND.BMP/028.png
Art asset: data/hd/BMP/BACKGRND.BMP/029.png
Art asset: data/styles/cartoon/BMP/BACKGRND.BMP/030.png
Art asset: data/styles/cartoon/BMP/BACKGRND.BMP/031.png
Art asset: data/styles/cartoon/BMP/BACKGRND.BMP/032.png
Art asset: data/styles/cartoon/BMP/BACKGRND.BMP/033.png
Art asset: data/styles/cartoon/BMP/BACKGRND.BMP/034.png
Art asset: data/styles/cartoon/BMP/BACKGRND.BMP/035.png
Art asset: data/styles/cartoon/BMP/BACKGRND.BMP/036.png
Art asset: data/styles/cartoon/BMP/BACKGRND.BMP/037.png
Art asset: data/styles/cartoon/BMP/BACKGRND.BMP/038.png
Art asset: data/styles/cartoon/BMP/BACKGRND.BMP/039.png
Art asset: data/styles/cartoon/BMP/BACKGRND.BMP/040.png
Art asset: data/styles/cartoon/BMP/BACKGRND.BMP/041.png
GROUND SURFACE: x=540 y=548 canvas=640x180
BG DRAW: frame=0 x=288 y=279 dx=0 dy=0 scale=2 canvas=640x180
BG DRAW: frame=13 x=442 y=148 dx=0 dy=0 scale=2 canvas=48x290
BG DRAW: frame=12 x=365 y=122 dx=0 dy=0 scale=2 canvas=304x138
BG DRAW: frame=14 x=396 y=279 dx=0 dy=0 scale=2 canvas=208x56
WAVE SURFACE: frame=6 x=696 y=548 canvas=384x256
BG DRAW: frame=6 x=364 y=319 dx=0 dy=0 scale=2 canvas=384x256
WAVE SURFACE: frame=6 x=696 y=548 canvas=384x256
BG DRAW: frame=6 x=364 y=319 dx=0 dy=0 scale=2 canvas=384x256
WAVE SURFACE: frame=9 x=1036 y=606 canvas=154x74
BG DRAW: frame=9 x=518 y=303 dx=0 dy=0 scale=2 canvas=154x74
WAVE SURFACE: frame=6 x=696 y=548 canvas=384x256
BG DRAW: frame=6 x=364 y=319 dx=0 dy=0 scale=2 canvas=384x256
WAVE SURFACE: frame=9 x=1036 y=606 canvas=154x74
BG DRAW: frame=9 x=518 y=303 dx=0 dy=0 scale=2 canvas=154x74
WAVE SURFACE: frame=3 x=534 y=612 canvas=150x66
BG DRAW: frame=3 x=270 y=306 dx=0 dy=0 scale=2 canvas=150x66
WAVE SURFACE: frame=9 x=1036 y=606 canvas=154x74
BG DRAW: frame=9 x=518 y=303 dx=0 dy=0 scale=2 canvas=154x74
WAVE SURFACE: frame=3 x=534 y=612 canvas=150x66
BG DRAW: frame=3 x=270 y=306 dx=0 dy=0 scale=2 canvas=150x66
WAVE SURFACE: frame=7 x=696 y=548 canvas=384x256
BG DRAW: frame=7 x=364 y=319 dx=0 dy=0 scale=2 canvas=384x256
Art asset: data/styles/cartoon/BMP/BACKGRND.BMP/000.png
Art asset: data/styles/cartoon/BMP/BACKGRND.BMP/001.png
Art asset: data/styles/cartoon/BMP/BACKGRND.BMP/002.png
Art asset: data/styles/cartoon/BMP/BACKGRND.BMP/003.png
Art asset: data/styles/cartoon/BMP/BACKGRND.BMP/004.png
Art asset: data/styles/cartoon/BMP/BACKGRND.BMP/005.png
Art asset: data/styles/cartoon/BMP/BACKGRND.BMP/006.png
Art asset: data/styles/cartoon/BMP/BACKGRND.BMP/007.png
Art asset: data/styles/cartoon/BMP/BACKGRND.BMP/008.png
Art asset: data/styles/cartoon/BMP/BACKGRND.BMP/009.png
Art asset: data/styles/cartoon/BMP/BACKGRND.BMP/010.png
Art asset: data/styles/cartoon/BMP/BACKGRND.BMP/011.png
Art asset: data/styles/cartoon/BMP/BACKGRND.BMP/012.png
Art asset: data/styles/cartoon/BMP/BACKGRND.BMP/013.png
Art asset: data/styles/cartoon/BMP/BACKGRND.BMP/014.png
Art asset: data/styles/cartoon/BMP/BACKGRND.BMP/015.png
Art asset: data/styles/cartoon/BMP/BACKGRND.BMP/016.png
Art asset: data/styles/cartoon/BMP/BACKGRND.BMP/017.png
Art asset: data/hd/BMP/BACKGRND.BMP/018.png
Art asset: data/hd/BMP/BACKGRND.BMP/019.png
Art asset: data/hd/BMP/BACKGRND.BMP/020.png
Art asset: data/hd/BMP/BACKGRND.BMP/021.png
Art asset: data/hd/BMP/BACKGRND.BMP/022.png
Art asset: data/hd/BMP/BACKGRND.BMP/023.png
Art asset: data/hd/BMP/BACKGRND.BMP/024.png
Art asset: data/hd/BMP/BACKGRND.BMP/025.png
Art asset: data/hd/BMP/BACKGRND.BMP/026.png
Art asset: data/hd/BMP/BACKGRND.BMP/027.png
Art asset: data/hd/BMP/BACKGRND.BMP/028.png
Art asset: data/hd/BMP/BACKGRND.BMP/029.png
Art asset: data/styles/cartoon/BMP/BACKGRND.BMP/030.png
Art asset: data/styles/cartoon/BMP/BACKGRND.BMP/031.png
Art asset: data/styles/cartoon/BMP/BACKGRND.BMP/032.png
Art asset: data/styles/cartoon/BMP/BACKGRND.BMP/033.png
Art asset: data/styles/cartoon/BMP/BACKGRND.BMP/034.png
Art asset: data/styles/cartoon/BMP/BACKGRND.BMP/035.png
Art asset: data/styles/cartoon/BMP/BACKGRND.BMP/036.png
Art asset: data/styles/cartoon/BMP/BACKGRND.BMP/037.png
Art asset: data/styles/cartoon/BMP/BACKGRND.BMP/038.png
Art asset: data/styles/cartoon/BMP/BACKGRND.BMP/039.png
Art asset: data/styles/cartoon/BMP/BACKGRND.BMP/040.png
Art asset: data/styles/cartoon/BMP/BACKGRND.BMP/041.png
Clouds Pos: 89, 32
BG DRAW: frame=17 x=89 y=32 dx=0 dy=0 scale=2 canvas=528x152
Clouds Pos: 136, 26
BG DRAW: frame=16 x=136 y=26 dx=0 dy=0 scale=2 canvas=384x114
STATE: seed=11 holiday=0 night=0 offset=0,0 low=0 raft=0 render=1280x960
CLOUD FIXTURE: wind=1 count=3 source=explicit-native-state
CLOUD INITIAL: frame=15 x=40 y=25 speed=1
CLOUD INITIAL: frame=16 x=230 y=55 speed=2
CLOUD INITIAL: frame=17 x=375 y=30 speed=1
NATIVE CALL: segment=1 args=0,0,0,0
Art asset: data/styles/cartoon/BMP/JOHNWALK.BMP/000.png
Art asset: data/styles/cartoon/BMP/JOHNWALK.BMP/001.png
Art asset: data/styles/cartoon/BMP/JOHNWALK.BMP/002.png
Art asset: data/styles/cartoon/BMP/JOHNWALK.BMP/003.png
Art asset: data/styles/cartoon/BMP/JOHNWALK.BMP/004.png
Art asset: data/styles/cartoon/BMP/JOHNWALK.BMP/005.png
Art asset: data/styles/cartoon/BMP/JOHNWALK.BMP/006.png
Art asset: data/styles/cartoon/BMP/JOHNWALK.BMP/007.png
Art asset: data/styles/cartoon/BMP/JOHNWALK.BMP/008.png
Art asset: data/styles/cartoon/BMP/JOHNWALK.BMP/009.png
Art asset: data/styles/cartoon/BMP/JOHNWALK.BMP/010.png
Art asset: data/styles/cartoon/BMP/JOHNWALK.BMP/011.png
Art asset: data/styles/cartoon/BMP/JOHNWALK.BMP/012.png
Art asset: data/hd/BMP/JOHNWALK.BMP/013.png
Art asset: data/hd/BMP/JOHNWALK.BMP/014.png
Art asset: data/styles/cartoon/BMP/JOHNWALK.BMP/015.png
Art asset: data/styles/cartoon/BMP/JOHNWALK.BMP/016.png
Art asset: data/styles/cartoon/BMP/JOHNWALK.BMP/017.png
Art asset: data/styles/cartoon/BMP/JOHNWALK.BMP/018.png
Art asset: data/styles/cartoon/BMP/JOHNWALK.BMP/019.png
Art asset: data/styles/cartoon/BMP/JOHNWALK.BMP/020.png
Art asset: data/styles/cartoon/BMP/JOHNWALK.BMP/021.png
Art asset: data/styles/cartoon/BMP/JOHNWALK.BMP/022.png
Art asset: data/styles/cartoon/BMP/JOHNWALK.BMP/023.png
Art asset: data/styles/cartoon/BMP/JOHNWALK.BMP/024.png
Art asset: data/styles/cartoon/BMP/JOHNWALK.BMP/025.png
Art asset: data/styles/cartoon/BMP/JOHNWALK.BMP/026.png
Art asset: data/styles/cartoon/BMP/JOHNWALK.BMP/027.png
Art asset: data/styles/cartoon/BMP/JOHNWALK.BMP/028.png
Art asset: data/styles/cartoon/BMP/JOHNWALK.BMP/029.png
Art asset: data/hd/BMP/JOHNWALK.BMP/030.png
Art asset: data/hd/BMP/JOHNWALK.BMP/031.png
Art asset: data/hd/BMP/JOHNWALK.BMP/032.png
Art asset: data/hd/BMP/JOHNWALK.BMP/033.png
Art asset: data/hd/BMP/JOHNWALK.BMP/034.png
Art asset: data/hd/BMP/JOHNWALK.BMP/035.png

 +-- CALCULATE PATH --
 |
 |  . walking from A to A:
 |  . possible paths:  A
 |  . chosen path: A
 +--------------------

WALKING:  spot=0 hdg=0 next=0  -  data 0 300 243 16

JOHNNY DRAW: segment=1 frame=16 flip=0 x=299 y=243
    ------> Animate clouds
Clouds Pos: 39, 25
BG DRAW: frame=15 x=39 y=25 dx=0 dy=0 scale=2 canvas=256x72
CLOUD DRAW: frame=15 flip=0 x=39 y=25 dx=0 dy=0 scale=2 canvas=256x72 blits=1 bounds=78,50,334,122
Clouds Pos: 228, 55
BG DRAW: frame=16 x=228 y=55 dx=0 dy=0 scale=2 canvas=384x114
CLOUD DRAW: frame=16 flip=0 x=228 y=55 dx=0 dy=0 scale=2 canvas=384x114 blits=1 bounds=456,110,840,224
Clouds Pos: 374, 30
BG DRAW: frame=17 x=374 y=30 dx=0 dy=0 scale=2 canvas=528x152
CLOUD DRAW: frame=17 flip=0 x=374 y=30 dx=0 dy=0 scale=2 canvas=528x152 blits=1 bounds=748,60,1276,212
DISPLAY: n=1 ticks=0 segment=1 phases=3,7,9,-1 johnny=16,0,299,243
DISPLAY: n=2 ticks=0 segment=1 phases=3,7,9,-1 johnny=16,0,299,243
 ******* WAIT: 6 ticks *******

    ------> Animate walking
WALKING: end walk

DISPLAY: n=3 ticks=6 segment=1 phases=3,7,9,-1 johnny=16,0,299,243
 ******* WAIT: 0 ticks *******

NATIVE RETURN: segment=1 ticks=6
NATIVE CALL: segment=2 args=0,0,0,0

 +-- CALCULATE PATH --
 |
 |  . walking from A to A:
 |  . possible paths:  A
 |  . chosen path: A
 +--------------------

WALKING:  spot=0 hdg=0 next=0  -  data 0 300 243 16

JOHNNY DRAW: segment=2 frame=16 flip=0 x=299 y=243
DISPLAY: n=4 ticks=6 segment=2 phases=3,7,9,-1 johnny=16,0,299,243
 ******* WAIT: 2 ticks *******

    ------> Animate bg
WAVE SURFACE: frame=3 x=534 y=612 canvas=150x66
BG DRAW: frame=3 x=270 y=306 dx=0 dy=0 scale=2 canvas=150x66
WAVE SURFACE: frame=7 x=696 y=548 canvas=384x256
BG DRAW: frame=7 x=364 y=319 dx=0 dy=0 scale=2 canvas=384x256
WAVE SURFACE: frame=10 x=1036 y=606 canvas=154x74
BG DRAW: frame=10 x=518 y=303 dx=0 dy=0 scale=2 canvas=154x74
    ------> Animate clouds
Clouds Pos: 38, 25
BG DRAW: frame=15 x=38 y=25 dx=0 dy=0 scale=2 canvas=256x72
CLOUD DRAW: frame=15 flip=0 x=38 y=25 dx=0 dy=0 scale=2 canvas=256x72 blits=1 bounds=76,50,332,122
Clouds Pos: 226, 55
BG DRAW: frame=16 x=226 y=55 dx=0 dy=0 scale=2 canvas=384x114
CLOUD DRAW: frame=16 flip=0 x=226 y=55 dx=0 dy=0 scale=2 canvas=384x114 blits=1 bounds=452,110,836,224
Clouds Pos: 373, 30
BG DRAW: frame=17 x=373 y=30 dx=0 dy=0 scale=2 canvas=528x152
CLOUD DRAW: frame=17 flip=0 x=373 y=30 dx=0 dy=0 scale=2 canvas=528x152 blits=1 bounds=746,60,1274,212
DISPLAY: n=5 ticks=8 segment=2 phases=3,7,10,-1 johnny=16,0,299,243
 ******* WAIT: 4 ticks *******

    ------> Animate walking
WALKING: end walk

DISPLAY: n=6 ticks=12 segment=2 phases=3,7,10,-1 johnny=16,0,299,243
 ******* WAIT: 0 ticks *******

NATIVE RETURN: segment=2 ticks=12
NATIVE CALL: segment=3 args=0,0,0,0

 +-- CALCULATE PATH --
 |
 |  . walking from A to A:
 |  . possible paths:  A
 |  . chosen path: A
 +--------------------

WALKING:  spot=0 hdg=0 next=0  -  data 0 300 243 16

JOHNNY DRAW: segment=3 frame=16 flip=0 x=299 y=243
DISPLAY: n=7 ticks=12 segment=3 phases=3,7,10,-1 johnny=16,0,299,243
 ******* WAIT: 4 ticks *******

    ------> Animate bg
WAVE SURFACE: frame=7 x=696 y=548 canvas=384x256
BG DRAW: frame=7 x=364 y=319 dx=0 dy=0 scale=2 canvas=384x256
WAVE SURFACE: frame=10 x=1036 y=606 canvas=154x74
BG DRAW: frame=10 x=518 y=303 dx=0 dy=0 scale=2 canvas=154x74
WAVE SURFACE: frame=4 x=534 y=612 canvas=150x66
BG DRAW: frame=4 x=270 y=306 dx=0 dy=0 scale=2 canvas=150x66
    ------> Animate clouds
Clouds Pos: 37, 25
BG DRAW: frame=15 x=37 y=25 dx=0 dy=0 scale=2 canvas=256x72
CLOUD DRAW: frame=15 flip=0 x=37 y=25 dx=0 dy=0 scale=2 canvas=256x72 blits=1 bounds=74,50,330,122
Clouds Pos: 224, 55
BG DRAW: frame=16 x=224 y=55 dx=0 dy=0 scale=2 canvas=384x114
CLOUD DRAW: frame=16 flip=0 x=224 y=55 dx=0 dy=0 scale=2 canvas=384x114 blits=1 bounds=448,110,832,224
Clouds Pos: 372, 30
BG DRAW: frame=17 x=372 y=30 dx=0 dy=0 scale=2 canvas=528x152
CLOUD DRAW: frame=17 flip=0 x=372 y=30 dx=0 dy=0 scale=2 canvas=528x152 blits=1 bounds=744,60,1272,212
DISPLAY: n=8 ticks=16 segment=3 phases=4,7,10,-1 johnny=16,0,299,243
 ******* WAIT: 2 ticks *******

    ------> Animate walking
WALKING: end walk

DISPLAY: n=9 ticks=18 segment=3 phases=4,7,10,-1 johnny=16,0,299,243
 ******* WAIT: 0 ticks *******

NATIVE RETURN: segment=3 ticks=18
NATIVE CALL: segment=4 args=0,0,0,0

 +-- CALCULATE PATH --
 |
 |  . walking from A to A:
 |  . possible paths:  A
 |  . chosen path: A
 +--------------------

WALKING:  spot=0 hdg=0 next=0  -  data 0 300 243 16

JOHNNY DRAW: segment=4 frame=16 flip=0 x=299 y=243
DISPLAY: n=10 ticks=18 segment=4 phases=4,7,10,-1 johnny=16,0,299,243
 ******* WAIT: 6 ticks *******

    ------> Animate bg
WAVE SURFACE: frame=10 x=1036 y=606 canvas=154x74
BG DRAW: frame=10 x=518 y=303 dx=0 dy=0 scale=2 canvas=154x74
WAVE SURFACE: frame=4 x=534 y=612 canvas=150x66
BG DRAW: frame=4 x=270 y=306 dx=0 dy=0 scale=2 canvas=150x66
WAVE SURFACE: frame=8 x=696 y=548 canvas=384x256
BG DRAW: frame=8 x=364 y=319 dx=0 dy=0 scale=2 canvas=384x256
    ------> Animate clouds
Clouds Pos: 36, 25
BG DRAW: frame=15 x=36 y=25 dx=0 dy=0 scale=2 canvas=256x72
CLOUD DRAW: frame=15 flip=0 x=36 y=25 dx=0 dy=0 scale=2 canvas=256x72 blits=1 bounds=72,50,328,122
Clouds Pos: 222, 55
BG DRAW: frame=16 x=222 y=55 dx=0 dy=0 scale=2 canvas=384x114
CLOUD DRAW: frame=16 flip=0 x=222 y=55 dx=0 dy=0 scale=2 canvas=384x114 blits=1 bounds=444,110,828,224
Clouds Pos: 371, 30
BG DRAW: frame=17 x=371 y=30 dx=0 dy=0 scale=2 canvas=528x152
CLOUD DRAW: frame=17 flip=0 x=371 y=30 dx=0 dy=0 scale=2 canvas=528x152 blits=1 bounds=742,60,1270,212
    ------> Animate walking
WALKING: end walk

DISPLAY: n=11 ticks=24 segment=4 phases=4,8,10,-1 johnny=16,0,299,243
 ******* WAIT: 0 ticks *******

NATIVE RETURN: segment=4 ticks=24
NATIVE CALL: segment=5 args=0,0,0,0

 +-- CALCULATE PATH --
 |
 |  . walking from A to A:
 |  . possible paths:  A
 |  . chosen path: A
 +--------------------

WALKING:  spot=0 hdg=0 next=0  -  data 0 300 243 16

JOHNNY DRAW: segment=5 frame=16 flip=0 x=299 y=243
DISPLAY: n=12 ticks=24 segment=5 phases=4,8,10,-1 johnny=16,0,299,243
 ******* WAIT: 6 ticks *******

    ------> Animate walking
WALKING: end walk

DISPLAY: n=13 ticks=30 segment=5 phases=4,8,10,-1 johnny=16,0,299,243
 ******* WAIT: 0 ticks *******

NATIVE RETURN: segment=5 ticks=30
NATIVE CALL: segment=6 args=0,0,0,0

 +-- CALCULATE PATH --
 |
 |  . walking from A to A:
 |  . possible paths:  A
 |  . chosen path: A
 +--------------------

WALKING:  spot=0 hdg=0 next=0  -  data 0 300 243 16

JOHNNY DRAW: segment=6 frame=16 flip=0 x=299 y=243
DISPLAY: n=14 ticks=30 segment=6 phases=4,8,10,-1 johnny=16,0,299,243
 ******* WAIT: 2 ticks *******

    ------> Animate bg
WAVE SURFACE: frame=4 x=534 y=612 canvas=150x66
BG DRAW: frame=4 x=270 y=306 dx=0 dy=0 scale=2 canvas=150x66
WAVE SURFACE: frame=8 x=696 y=548 canvas=384x256
BG DRAW: frame=8 x=364 y=319 dx=0 dy=0 scale=2 canvas=384x256
WAVE SURFACE: frame=11 x=1036 y=606 canvas=154x74
BG DRAW: frame=11 x=518 y=303 dx=0 dy=0 scale=2 canvas=154x74
    ------> Animate clouds
Clouds Pos: 35, 25
BG DRAW: frame=15 x=35 y=25 dx=0 dy=0 scale=2 canvas=256x72
CLOUD DRAW: frame=15 flip=0 x=35 y=25 dx=0 dy=0 scale=2 canvas=256x72 blits=1 bounds=70,50,326,122
Clouds Pos: 220, 55
BG DRAW: frame=16 x=220 y=55 dx=0 dy=0 scale=2 canvas=384x114
CLOUD DRAW: frame=16 flip=0 x=220 y=55 dx=0 dy=0 scale=2 canvas=384x114 blits=1 bounds=440,110,824,224
Clouds Pos: 370, 30
BG DRAW: frame=17 x=370 y=30 dx=0 dy=0 scale=2 canvas=528x152
CLOUD DRAW: frame=17 flip=0 x=370 y=30 dx=0 dy=0 scale=2 canvas=528x152 blits=1 bounds=740,60,1268,212
DISPLAY: n=15 ticks=32 segment=6 phases=4,8,11,-1 johnny=16,0,299,243
 ******* WAIT: 4 ticks *******

    ------> Animate walking
WALKING: end walk

DISPLAY: n=16 ticks=36 segment=6 phases=4,8,11,-1 johnny=16,0,299,243
 ******* WAIT: 0 ticks *******

NATIVE RETURN: segment=6 ticks=36
NATIVE CALL: segment=7 args=0,0,0,0

 +-- CALCULATE PATH --
 |
 |  . walking from A to A:
 |  . possible paths:  A
 |  . chosen path: A
 +--------------------

WALKING:  spot=0 hdg=0 next=0  -  data 0 300 243 16

JOHNNY DRAW: segment=7 frame=16 flip=0 x=299 y=243
DISPLAY: n=17 ticks=36 segment=7 phases=4,8,11,-1 johnny=16,0,299,243
 ******* WAIT: 4 ticks *******

    ------> Animate bg
WAVE SURFACE: frame=8 x=696 y=548 canvas=384x256
BG DRAW: frame=8 x=364 y=319 dx=0 dy=0 scale=2 canvas=384x256
WAVE SURFACE: frame=11 x=1036 y=606 canvas=154x74
BG DRAW: frame=11 x=518 y=303 dx=0 dy=0 scale=2 canvas=154x74
WAVE SURFACE: frame=5 x=534 y=612 canvas=150x66
BG DRAW: frame=5 x=270 y=306 dx=0 dy=0 scale=2 canvas=150x66
    ------> Animate clouds
Clouds Pos: 34, 25
BG DRAW: frame=15 x=34 y=25 dx=0 dy=0 scale=2 canvas=256x72
CLOUD DRAW: frame=15 flip=0 x=34 y=25 dx=0 dy=0 scale=2 canvas=256x72 blits=1 bounds=68,50,324,122
Clouds Pos: 218, 55
BG DRAW: frame=16 x=218 y=55 dx=0 dy=0 scale=2 canvas=384x114
CLOUD DRAW: frame=16 flip=0 x=218 y=55 dx=0 dy=0 scale=2 canvas=384x114 blits=1 bounds=436,110,820,224
Clouds Pos: 369, 30
BG DRAW: frame=17 x=369 y=30 dx=0 dy=0 scale=2 canvas=528x152
CLOUD DRAW: frame=17 flip=0 x=369 y=30 dx=0 dy=0 scale=2 canvas=528x152 blits=1 bounds=738,60,1266,212
DISPLAY: n=18 ticks=40 segment=7 phases=5,8,11,-1 johnny=16,0,299,243
 ******* WAIT: 2 ticks *******

    ------> Animate walking
WALKING: end walk

DISPLAY: n=19 ticks=42 segment=7 phases=5,8,11,-1 johnny=16,0,299,243
 ******* WAIT: 0 ticks *******

NATIVE RETURN: segment=7 ticks=42
NATIVE CALL: segment=8 args=0,0,0,0

 +-- CALCULATE PATH --
 |
 |  . walking from A to A:
 |  . possible paths:  A
 |  . chosen path: A
 +--------------------

WALKING:  spot=0 hdg=0 next=0  -  data 0 300 243 16

JOHNNY DRAW: segment=8 frame=16 flip=0 x=299 y=243
DISPLAY: n=20 ticks=42 segment=8 phases=5,8,11,-1 johnny=16,0,299,243
 ******* WAIT: 6 ticks *******

    ------> Animate bg
WAVE SURFACE: frame=11 x=1036 y=606 canvas=154x74
BG DRAW: frame=11 x=518 y=303 dx=0 dy=0 scale=2 canvas=154x74
WAVE SURFACE: frame=5 x=534 y=612 canvas=150x66
BG DRAW: frame=5 x=270 y=306 dx=0 dy=0 scale=2 canvas=150x66
WAVE SURFACE: frame=6 x=696 y=548 canvas=384x256
BG DRAW: frame=6 x=364 y=319 dx=0 dy=0 scale=2 canvas=384x256
    ------> Animate clouds
Clouds Pos: 33, 25
BG DRAW: frame=15 x=33 y=25 dx=0 dy=0 scale=2 canvas=256x72
CLOUD DRAW: frame=15 flip=0 x=33 y=25 dx=0 dy=0 scale=2 canvas=256x72 blits=1 bounds=66,50,322,122
Clouds Pos: 216, 55
BG DRAW: frame=16 x=216 y=55 dx=0 dy=0 scale=2 canvas=384x114
CLOUD DRAW: frame=16 flip=0 x=216 y=55 dx=0 dy=0 scale=2 canvas=384x114 blits=1 bounds=432,110,816,224
Clouds Pos: 368, 30
BG DRAW: frame=17 x=368 y=30 dx=0 dy=0 scale=2 canvas=528x152
CLOUD DRAW: frame=17 flip=0 x=368 y=30 dx=0 dy=0 scale=2 canvas=528x152 blits=1 bounds=736,60,1264,212
    ------> Animate walking
WALKING: end walk

DISPLAY: n=21 ticks=48 segment=8 phases=5,6,11,-1 johnny=16,0,299,243
 ******* WAIT: 0 ticks *******

NATIVE RETURN: segment=8 ticks=48
NATIVE CALL: segment=9 args=0,0,0,0

 +-- CALCULATE PATH --
 |
 |  . walking from A to A:
 |  . possible paths:  A
 |  . chosen path: A
 +--------------------

WALKING:  spot=0 hdg=0 next=0  -  data 0 300 243 16

JOHNNY DRAW: segment=9 frame=16 flip=0 x=299 y=243
DISPLAY: n=22 ticks=48 segment=9 phases=5,6,11,-1 johnny=16,0,299,243
 ******* WAIT: 6 ticks *******

    ------> Animate walking
WALKING: end walk

DISPLAY: n=23 ticks=54 segment=9 phases=5,6,11,-1 johnny=16,0,299,243
 ******* WAIT: 0 ticks *******

NATIVE RETURN: segment=9 ticks=54
NATIVE CALL: segment=10 args=0,0,0,0

 +-- CALCULATE PATH --
 |
 |  . walking from A to A:
 |  . possible paths:  A
 |  . chosen path: A
 +--------------------

WALKING:  spot=0 hdg=0 next=0  -  data 0 300 243 16

JOHNNY DRAW: segment=10 frame=16 flip=0 x=299 y=243
DISPLAY: n=24 ticks=54 segment=10 phases=5,6,11,-1 johnny=16,0,299,243
 ******* WAIT: 2 ticks *******

    ------> Animate bg
WAVE SURFACE: frame=5 x=534 y=612 canvas=150x66
BG DRAW: frame=5 x=270 y=306 dx=0 dy=0 scale=2 canvas=150x66
WAVE SURFACE: frame=6 x=696 y=548 canvas=384x256
BG DRAW: frame=6 x=364 y=319 dx=0 dy=0 scale=2 canvas=384x256
WAVE SURFACE: frame=9 x=1036 y=606 canvas=154x74
BG DRAW: frame=9 x=518 y=303 dx=0 dy=0 scale=2 canvas=154x74
    ------> Animate clouds
Clouds Pos: 32, 25
BG DRAW: frame=15 x=32 y=25 dx=0 dy=0 scale=2 canvas=256x72
CLOUD DRAW: frame=15 flip=0 x=32 y=25 dx=0 dy=0 scale=2 canvas=256x72 blits=1 bounds=64,50,320,122
Clouds Pos: 214, 55
BG DRAW: frame=16 x=214 y=55 dx=0 dy=0 scale=2 canvas=384x114
CLOUD DRAW: frame=16 flip=0 x=214 y=55 dx=0 dy=0 scale=2 canvas=384x114 blits=1 bounds=428,110,812,224
Clouds Pos: 367, 30
BG DRAW: frame=17 x=367 y=30 dx=0 dy=0 scale=2 canvas=528x152
CLOUD DRAW: frame=17 flip=0 x=367 y=30 dx=0 dy=0 scale=2 canvas=528x152 blits=1 bounds=734,60,1262,212
DISPLAY: n=25 ticks=56 segment=10 phases=5,6,9,-1 johnny=16,0,299,243
 ******* WAIT: 4 ticks *******

    ------> Animate walking
WALKING: end walk

DISPLAY: n=26 ticks=60 segment=10 phases=5,6,9,-1 johnny=16,0,299,243
 ******* WAIT: 0 ticks *******

NATIVE RETURN: segment=10 ticks=60
NATIVE CALL: segment=11 args=0,0,0,0

 +-- CALCULATE PATH --
 |
 |  . walking from A to A:
 |  . possible paths:  A
 |  . chosen path: A
 +--------------------

WALKING:  spot=0 hdg=0 next=0  -  data 0 300 243 16

JOHNNY DRAW: segment=11 frame=16 flip=0 x=299 y=243
DISPLAY: n=27 ticks=60 segment=11 phases=5,6,9,-1 johnny=16,0,299,243
 ******* WAIT: 4 ticks *******

    ------> Animate bg
WAVE SURFACE: frame=6 x=696 y=548 canvas=384x256
BG DRAW: frame=6 x=364 y=319 dx=0 dy=0 scale=2 canvas=384x256
WAVE SURFACE: frame=9 x=1036 y=606 canvas=154x74
BG DRAW: frame=9 x=518 y=303 dx=0 dy=0 scale=2 canvas=154x74
WAVE SURFACE: frame=3 x=534 y=612 canvas=150x66
BG DRAW: frame=3 x=270 y=306 dx=0 dy=0 scale=2 canvas=150x66
    ------> Animate clouds
Clouds Pos: 31, 25
BG DRAW: frame=15 x=31 y=25 dx=0 dy=0 scale=2 canvas=256x72
CLOUD DRAW: frame=15 flip=0 x=31 y=25 dx=0 dy=0 scale=2 canvas=256x72 blits=1 bounds=62,50,318,122
Clouds Pos: 212, 55
BG DRAW: frame=16 x=212 y=55 dx=0 dy=0 scale=2 canvas=384x114
CLOUD DRAW: frame=16 flip=0 x=212 y=55 dx=0 dy=0 scale=2 canvas=384x114 blits=1 bounds=424,110,808,224
Clouds Pos: 366, 30
BG DRAW: frame=17 x=366 y=30 dx=0 dy=0 scale=2 canvas=528x152
CLOUD DRAW: frame=17 flip=0 x=366 y=30 dx=0 dy=0 scale=2 canvas=528x152 blits=1 bounds=732,60,1260,212
DISPLAY: n=28 ticks=64 segment=11 phases=3,6,9,-1 johnny=16,0,299,243
 ******* WAIT: 2 ticks *******

    ------> Animate walking
WALKING: end walk

DISPLAY: n=29 ticks=66 segment=11 phases=3,6,9,-1 johnny=16,0,299,243
 ******* WAIT: 0 ticks *******

NATIVE RETURN: segment=11 ticks=66
NATIVE CALL: segment=12 args=0,0,0,0

 +-- CALCULATE PATH --
 |
 |  . walking from A to A:
 |  . possible paths:  A
 |  . chosen path: A
 +--------------------

WALKING:  spot=0 hdg=0 next=0  -  data 0 300 243 16

JOHNNY DRAW: segment=12 frame=16 flip=0 x=299 y=243
DISPLAY: n=30 ticks=66 segment=12 phases=3,6,9,-1 johnny=16,0,299,243
 ******* WAIT: 6 ticks *******

    ------> Animate bg
WAVE SURFACE: frame=9 x=1036 y=606 canvas=154x74
BG DRAW: frame=9 x=518 y=303 dx=0 dy=0 scale=2 canvas=154x74
WAVE SURFACE: frame=3 x=534 y=612 canvas=150x66
BG DRAW: frame=3 x=270 y=306 dx=0 dy=0 scale=2 canvas=150x66
WAVE SURFACE: frame=7 x=696 y=548 canvas=384x256
BG DRAW: frame=7 x=364 y=319 dx=0 dy=0 scale=2 canvas=384x256
    ------> Animate clouds
Clouds Pos: 30, 25
BG DRAW: frame=15 x=30 y=25 dx=0 dy=0 scale=2 canvas=256x72
CLOUD DRAW: frame=15 flip=0 x=30 y=25 dx=0 dy=0 scale=2 canvas=256x72 blits=1 bounds=60,50,316,122
Clouds Pos: 210, 55
BG DRAW: frame=16 x=210 y=55 dx=0 dy=0 scale=2 canvas=384x114
CLOUD DRAW: frame=16 flip=0 x=210 y=55 dx=0 dy=0 scale=2 canvas=384x114 blits=1 bounds=420,110,804,224
Clouds Pos: 365, 30
BG DRAW: frame=17 x=365 y=30 dx=0 dy=0 scale=2 canvas=528x152
CLOUD DRAW: frame=17 flip=0 x=365 y=30 dx=0 dy=0 scale=2 canvas=528x152 blits=1 bounds=730,60,1258,212
    ------> Animate walking
WALKING: end walk

DISPLAY: n=31 ticks=72 segment=12 phases=3,7,9,-1 johnny=16,0,299,243
 ******* WAIT: 0 ticks *******

NATIVE RETURN: segment=12 ticks=72
NATIVE CALL: segment=13 args=0,0,0,0

 +-- CALCULATE PATH --
 |
 |  . walking from A to A:
 |  . possible paths:  A
 |  . chosen path: A
 +--------------------

WALKING:  spot=0 hdg=0 next=0  -  data 0 300 243 16

JOHNNY DRAW: segment=13 frame=16 flip=0 x=299 y=243
DISPLAY: n=32 ticks=72 segment=13 phases=3,7,9,-1 johnny=16,0,299,243
 ******* WAIT: 6 ticks *******

    ------> Animate walking
WALKING: end walk

DISPLAY: n=33 ticks=78 segment=13 phases=3,7,9,-1 johnny=16,0,299,243
 ******* WAIT: 0 ticks *******

NATIVE RETURN: segment=13 ticks=78
NATIVE CALL: segment=14 args=0,0,0,0

 +-- CALCULATE PATH --
 |
 |  . walking from A to A:
 |  . possible paths:  A
 |  . chosen path: A
 +--------------------

WALKING:  spot=0 hdg=0 next=0  -  data 0 300 243 16

JOHNNY DRAW: segment=14 frame=16 flip=0 x=299 y=243
DISPLAY: n=34 ticks=78 segment=14 phases=3,7,9,-1 johnny=16,0,299,243
 ******* WAIT: 2 ticks *******

    ------> Animate bg
WAVE SURFACE: frame=3 x=534 y=612 canvas=150x66
BG DRAW: frame=3 x=270 y=306 dx=0 dy=0 scale=2 canvas=150x66
WAVE SURFACE: frame=7 x=696 y=548 canvas=384x256
BG DRAW: frame=7 x=364 y=319 dx=0 dy=0 scale=2 canvas=384x256
WAVE SURFACE: frame=10 x=1036 y=606 canvas=154x74
BG DRAW: frame=10 x=518 y=303 dx=0 dy=0 scale=2 canvas=154x74
    ------> Animate clouds
Clouds Pos: 29, 25
BG DRAW: frame=15 x=29 y=25 dx=0 dy=0 scale=2 canvas=256x72
CLOUD DRAW: frame=15 flip=0 x=29 y=25 dx=0 dy=0 scale=2 canvas=256x72 blits=1 bounds=58,50,314,122
Clouds Pos: 208, 55
BG DRAW: frame=16 x=208 y=55 dx=0 dy=0 scale=2 canvas=384x114
CLOUD DRAW: frame=16 flip=0 x=208 y=55 dx=0 dy=0 scale=2 canvas=384x114 blits=1 bounds=416,110,800,224
Clouds Pos: 364, 30
BG DRAW: frame=17 x=364 y=30 dx=0 dy=0 scale=2 canvas=528x152
CLOUD DRAW: frame=17 flip=0 x=364 y=30 dx=0 dy=0 scale=2 canvas=528x152 blits=1 bounds=728,60,1256,212
DISPLAY: n=35 ticks=80 segment=14 phases=3,7,10,-1 johnny=16,0,299,243
 ******* WAIT: 4 ticks *******

    ------> Animate walking
WALKING: end walk

DISPLAY: n=36 ticks=84 segment=14 phases=3,7,10,-1 johnny=16,0,299,243
 ******* WAIT: 0 ticks *******

NATIVE RETURN: segment=14 ticks=84
NATIVE CALL: segment=15 args=0,0,0,0

 +-- CALCULATE PATH --
 |
 |  . walking from A to A:
 |  . possible paths:  A
 |  . chosen path: A
 +--------------------

WALKING:  spot=0 hdg=0 next=0  -  data 0 300 243 16

JOHNNY DRAW: segment=15 frame=16 flip=0 x=299 y=243
DISPLAY: n=37 ticks=84 segment=15 phases=3,7,10,-1 johnny=16,0,299,243
 ******* WAIT: 4 ticks *******

    ------> Animate bg
WAVE SURFACE: frame=7 x=696 y=548 canvas=384x256
BG DRAW: frame=7 x=364 y=319 dx=0 dy=0 scale=2 canvas=384x256
WAVE SURFACE: frame=10 x=1036 y=606 canvas=154x74
BG DRAW: frame=10 x=518 y=303 dx=0 dy=0 scale=2 canvas=154x74
WAVE SURFACE: frame=4 x=534 y=612 canvas=150x66
BG DRAW: frame=4 x=270 y=306 dx=0 dy=0 scale=2 canvas=150x66
    ------> Animate clouds
Clouds Pos: 28, 25
BG DRAW: frame=15 x=28 y=25 dx=0 dy=0 scale=2 canvas=256x72
CLOUD DRAW: frame=15 flip=0 x=28 y=25 dx=0 dy=0 scale=2 canvas=256x72 blits=1 bounds=56,50,312,122
Clouds Pos: 206, 55
BG DRAW: frame=16 x=206 y=55 dx=0 dy=0 scale=2 canvas=384x114
CLOUD DRAW: frame=16 flip=0 x=206 y=55 dx=0 dy=0 scale=2 canvas=384x114 blits=1 bounds=412,110,796,224
Clouds Pos: 363, 30
BG DRAW: frame=17 x=363 y=30 dx=0 dy=0 scale=2 canvas=528x152
CLOUD DRAW: frame=17 flip=0 x=363 y=30 dx=0 dy=0 scale=2 canvas=528x152 blits=1 bounds=726,60,1254,212
DISPLAY: n=38 ticks=88 segment=15 phases=4,7,10,-1 johnny=16,0,299,243
 ******* WAIT: 2 ticks *******

    ------> Animate walking
WALKING: end walk

DISPLAY: n=39 ticks=90 segment=15 phases=4,7,10,-1 johnny=16,0,299,243
 ******* WAIT: 0 ticks *******

NATIVE RETURN: segment=15 ticks=90
NATIVE CALL: segment=16 args=0,0,0,0

 +-- CALCULATE PATH --
 |
 |  . walking from A to A:
 |  . possible paths:  A
 |  . chosen path: A
 +--------------------

WALKING:  spot=0 hdg=0 next=0  -  data 0 300 243 16

JOHNNY DRAW: segment=16 frame=16 flip=0 x=299 y=243
DISPLAY: n=40 ticks=90 segment=16 phases=4,7,10,-1 johnny=16,0,299,243
 ******* WAIT: 6 ticks *******

    ------> Animate bg
WAVE SURFACE: frame=10 x=1036 y=606 canvas=154x74
BG DRAW: frame=10 x=518 y=303 dx=0 dy=0 scale=2 canvas=154x74
WAVE SURFACE: frame=4 x=534 y=612 canvas=150x66
BG DRAW: frame=4 x=270 y=306 dx=0 dy=0 scale=2 canvas=150x66
WAVE SURFACE: frame=8 x=696 y=548 canvas=384x256
BG DRAW: frame=8 x=364 y=319 dx=0 dy=0 scale=2 canvas=384x256
    ------> Animate clouds
Clouds Pos: 27, 25
BG DRAW: frame=15 x=27 y=25 dx=0 dy=0 scale=2 canvas=256x72
CLOUD DRAW: frame=15 flip=0 x=27 y=25 dx=0 dy=0 scale=2 canvas=256x72 blits=1 bounds=54,50,310,122
Clouds Pos: 204, 55
BG DRAW: frame=16 x=204 y=55 dx=0 dy=0 scale=2 canvas=384x114
CLOUD DRAW: frame=16 flip=0 x=204 y=55 dx=0 dy=0 scale=2 canvas=384x114 blits=1 bounds=408,110,792,224
Clouds Pos: 362, 30
BG DRAW: frame=17 x=362 y=30 dx=0 dy=0 scale=2 canvas=528x152
CLOUD DRAW: frame=17 flip=0 x=362 y=30 dx=0 dy=0 scale=2 canvas=528x152 blits=1 bounds=724,60,1252,212
    ------> Animate walking
WALKING: end walk

DISPLAY: n=41 ticks=96 segment=16 phases=4,8,10,-1 johnny=16,0,299,243
 ******* WAIT: 0 ticks *******

NATIVE RETURN: segment=16 ticks=96
NATIVE CALL: segment=17 args=0,0,0,0

 +-- CALCULATE PATH --
 |
 |  . walking from A to A:
 |  . possible paths:  A
 |  . chosen path: A
 +--------------------

WALKING:  spot=0 hdg=0 next=0  -  data 0 300 243 16

JOHNNY DRAW: segment=17 frame=16 flip=0 x=299 y=243
DISPLAY: n=42 ticks=96 segment=17 phases=4,8,10,-1 johnny=16,0,299,243
 ******* WAIT: 6 ticks *******

    ------> Animate walking
WALKING: end walk

DISPLAY: n=43 ticks=102 segment=17 phases=4,8,10,-1 johnny=16,0,299,243
 ******* WAIT: 0 ticks *******

NATIVE RETURN: segment=17 ticks=102
NATIVE CALL: segment=18 args=0,0,0,0

 +-- CALCULATE PATH --
 |
 |  . walking from A to A:
 |  . possible paths:  A
 |  . chosen path: A
 +--------------------

WALKING:  spot=0 hdg=0 next=0  -  data 0 300 243 16

JOHNNY DRAW: segment=18 frame=16 flip=0 x=299 y=243
DISPLAY: n=44 ticks=102 segment=18 phases=4,8,10,-1 johnny=16,0,299,243
 ******* WAIT: 2 ticks *******

    ------> Animate bg
WAVE SURFACE: frame=4 x=534 y=612 canvas=150x66
BG DRAW: frame=4 x=270 y=306 dx=0 dy=0 scale=2 canvas=150x66
WAVE SURFACE: frame=8 x=696 y=548 canvas=384x256
BG DRAW: frame=8 x=364 y=319 dx=0 dy=0 scale=2 canvas=384x256
WAVE SURFACE: frame=11 x=1036 y=606 canvas=154x74
BG DRAW: frame=11 x=518 y=303 dx=0 dy=0 scale=2 canvas=154x74
    ------> Animate clouds
Clouds Pos: 26, 25
BG DRAW: frame=15 x=26 y=25 dx=0 dy=0 scale=2 canvas=256x72
CLOUD DRAW: frame=15 flip=0 x=26 y=25 dx=0 dy=0 scale=2 canvas=256x72 blits=1 bounds=52,50,308,122
Clouds Pos: 202, 55
BG DRAW: frame=16 x=202 y=55 dx=0 dy=0 scale=2 canvas=384x114
CLOUD DRAW: frame=16 flip=0 x=202 y=55 dx=0 dy=0 scale=2 canvas=384x114 blits=1 bounds=404,110,788,224
Clouds Pos: 361, 30
BG DRAW: frame=17 x=361 y=30 dx=0 dy=0 scale=2 canvas=528x152
CLOUD DRAW: frame=17 flip=0 x=361 y=30 dx=0 dy=0 scale=2 canvas=528x152 blits=1 bounds=722,60,1250,212
DISPLAY: n=45 ticks=104 segment=18 phases=4,8,11,-1 johnny=16,0,299,243
 ******* WAIT: 4 ticks *******

    ------> Animate walking
WALKING: end walk

DISPLAY: n=46 ticks=108 segment=18 phases=4,8,11,-1 johnny=16,0,299,243
 ******* WAIT: 0 ticks *******

NATIVE RETURN: segment=18 ticks=108
NATIVE CALL: segment=19 args=0,0,0,0

 +-- CALCULATE PATH --
 |
 |  . walking from A to A:
 |  . possible paths:  A
 |  . chosen path: A
 +--------------------

WALKING:  spot=0 hdg=0 next=0  -  data 0 300 243 16

JOHNNY DRAW: segment=19 frame=16 flip=0 x=299 y=243
DISPLAY: n=47 ticks=108 segment=19 phases=4,8,11,-1 johnny=16,0,299,243
 ******* WAIT: 4 ticks *******

    ------> Animate bg
WAVE SURFACE: frame=8 x=696 y=548 canvas=384x256
BG DRAW: frame=8 x=364 y=319 dx=0 dy=0 scale=2 canvas=384x256
WAVE SURFACE: frame=11 x=1036 y=606 canvas=154x74
BG DRAW: frame=11 x=518 y=303 dx=0 dy=0 scale=2 canvas=154x74
WAVE SURFACE: frame=5 x=534 y=612 canvas=150x66
BG DRAW: frame=5 x=270 y=306 dx=0 dy=0 scale=2 canvas=150x66
    ------> Animate clouds
Clouds Pos: 25, 25
BG DRAW: frame=15 x=25 y=25 dx=0 dy=0 scale=2 canvas=256x72
CLOUD DRAW: frame=15 flip=0 x=25 y=25 dx=0 dy=0 scale=2 canvas=256x72 blits=1 bounds=50,50,306,122
Clouds Pos: 200, 55
BG DRAW: frame=16 x=200 y=55 dx=0 dy=0 scale=2 canvas=384x114
CLOUD DRAW: frame=16 flip=0 x=200 y=55 dx=0 dy=0 scale=2 canvas=384x114 blits=1 bounds=400,110,784,224
Clouds Pos: 360, 30
BG DRAW: frame=17 x=360 y=30 dx=0 dy=0 scale=2 canvas=528x152
CLOUD DRAW: frame=17 flip=0 x=360 y=30 dx=0 dy=0 scale=2 canvas=528x152 blits=1 bounds=720,60,1248,212
DISPLAY: n=48 ticks=112 segment=19 phases=5,8,11,-1 johnny=16,0,299,243
 ******* WAIT: 2 ticks *******

    ------> Animate walking
WALKING: end walk

DISPLAY: n=49 ticks=114 segment=19 phases=5,8,11,-1 johnny=16,0,299,243
 ******* WAIT: 0 ticks *******

NATIVE RETURN: segment=19 ticks=114
NATIVE CALL: segment=20 args=0,0,0,0

 +-- CALCULATE PATH --
 |
 |  . walking from A to A:
 |  . possible paths:  A
 |  . chosen path: A
 +--------------------

WALKING:  spot=0 hdg=0 next=0  -  data 0 300 243 16

JOHNNY DRAW: segment=20 frame=16 flip=0 x=299 y=243
DISPLAY: n=50 ticks=114 segment=20 phases=5,8,11,-1 johnny=16,0,299,243
 ******* WAIT: 6 ticks *******

    ------> Animate bg
WAVE SURFACE: frame=11 x=1036 y=606 canvas=154x74
BG DRAW: frame=11 x=518 y=303 dx=0 dy=0 scale=2 canvas=154x74
WAVE SURFACE: frame=5 x=534 y=612 canvas=150x66
BG DRAW: frame=5 x=270 y=306 dx=0 dy=0 scale=2 canvas=150x66
WAVE SURFACE: frame=6 x=696 y=548 canvas=384x256
BG DRAW: frame=6 x=364 y=319 dx=0 dy=0 scale=2 canvas=384x256
    ------> Animate clouds
Clouds Pos: 24, 25
BG DRAW: frame=15 x=24 y=25 dx=0 dy=0 scale=2 canvas=256x72
CLOUD DRAW: frame=15 flip=0 x=24 y=25 dx=0 dy=0 scale=2 canvas=256x72 blits=1 bounds=48,50,304,122
Clouds Pos: 198, 55
BG DRAW: frame=16 x=198 y=55 dx=0 dy=0 scale=2 canvas=384x114
CLOUD DRAW: frame=16 flip=0 x=198 y=55 dx=0 dy=0 scale=2 canvas=384x114 blits=1 bounds=396,110,780,224
Clouds Pos: 359, 30
BG DRAW: frame=17 x=359 y=30 dx=0 dy=0 scale=2 canvas=528x152
CLOUD DRAW: frame=17 flip=0 x=359 y=30 dx=0 dy=0 scale=2 canvas=528x152 blits=1 bounds=718,60,1246,212
    ------> Animate walking
WALKING: end walk

DISPLAY: n=51 ticks=120 segment=20 phases=5,6,11,-1 johnny=16,0,299,243
 ******* WAIT: 0 ticks *******

NATIVE RETURN: segment=20 ticks=120
Captured frame: final.ppm (1280x960)
Art assets decoded: cartoon=89, HD fallback=39, original fallback=0
DONE: native calls returned; cleanup complete
