zipvfs: opened archive 'scrantic_data.zip' (150 entries)
Loading resources ....................................................................................................................................................................................
HD assets enabled (scale=2, render=1280x960)
rand seed: 11 (forced)
island backdrop: OCEAN02.SCR
SEASONAL DRAW: frame=1 x=333 y=286 dx=0 dy=0 scale=2 canvas=240x94
Clouds Pos: 89, 32
Clouds Pos: 136, 26
SEASONAL STATE: seed=11 holiday=2 night=0 offset=0,0 lowTide=1 raft=0 render=1280x960

 +-- CALCULATE PATH --
 |
 |  . walking from A to A:
 |  . possible paths:  A
 |  . chosen path: A
 +--------------------

WALKING:  spot=0 hdg=0 next=0  -  data 0 300 243 16

    ------> Animate clouds
Clouds Pos: 87, 32
Clouds Pos: 135, 26
 ******* WAIT: 6 ticks *******

    ------> Animate walking
WALKING: end walk

 ******* WAIT: 0 ticks *******

Captured frame: final.ppm (1280x960)
SEASONAL DONE: finite native wait returned; cleanup complete
