zipvfs: opened archive 'scrantic_data.zip' (2598 entries)
Loading resources ...................................................................................................................................................................................
Art style: Cartoon (preview) (partial pack: 47/2401 assets; missing art uses HD/original), scale=2
rand seed: 11 (forced)
Art asset: data/styles/cartoon/SCR/OCEAN02.SCR.png
island backdrop: OCEAN02.SCR
Art asset: data/hd/BMP/MRAFT.BMP/000.png
Art asset: data/hd/BMP/MRAFT.BMP/001.png
Art asset: data/hd/BMP/MRAFT.BMP/002.png
Art asset: data/hd/BMP/MRAFT.BMP/003.png
Art asset: data/hd/BMP/MRAFT.BMP/004.png
Art asset: data/hd/BMP/MRAFT.BMP/005.png
Art asset: data/hd/BMP/MRAFT.BMP/006.png
Art asset: data/styles/cartoon/BMP/BACKGRND.BMP/000.png
Art asset: data/hd/BMP/BACKGRND.BMP/001.png
Art asset: data/hd/BMP/BACKGRND.BMP/002.png
Art asset: data/styles/cartoon/BMP/BACKGRND.BMP/003.png
Art asset: data/styles/cartoon/BMP/BACKGRND.BMP/004.png
Art asset: data/styles/cartoon/BMP/BACKGRND.BMP/005.png
Art asset: data/styles/cartoon/BMP/BACKGRND.BMP/006.png
Art asset: data/styles/cartoon/BMP/BACKGRND.BMP/007.png
Art asset: data/styles/cartoon/BMP/BACKGRND.BMP/008.png
Art asset: data/styles/cartoon/BMP/BACKGRND.BMP/009.png
Art asset: data/styles/cartoon/BMP/BACKGRND.BMP/010.png
Art asset: data/styles/cartoon/BMP/BACKGRND.BMP/011.png
Art asset: data/styles/cartoon/BMP/BACKGRND.BMP/012.png
Art asset: data/styles/cartoon/BMP/BACKGRND.BMP/013.png
Art asset: data/styles/cartoon/BMP/BACKGRND.BMP/014.png
Art asset: data/styles/cartoon/BMP/BACKGRND.BMP/015.png
Art asset: data/hd/BMP/BACKGRND.BMP/016.png
Art asset: data/hd/BMP/BACKGRND.BMP/017.png
Art asset: data/hd/BMP/BACKGRND.BMP/018.png
Art asset: data/hd/BMP/BACKGRND.BMP/019.png
Art asset: data/hd/BMP/BACKGRND.BMP/020.png
Art asset: data/hd/BMP/BACKGRND.BMP/021.png
Art asset: data/hd/BMP/BACKGRND.BMP/022.png
Art asset: data/hd/BMP/BACKGRND.BMP/023.png
Art asset: data/hd/BMP/BACKGRND.BMP/024.png
Art asset: data/hd/BMP/BACKGRND.BMP/025.png
Art asset: data/hd/BMP/BACKGRND.BMP/026.png
Art asset: data/hd/BMP/BACKGRND.BMP/027.png
Art asset: data/hd/BMP/BACKGRND.BMP/028.png
Art asset: data/hd/BMP/BACKGRND.BMP/029.png
Art asset: data/hd/BMP/BACKGRND.BMP/030.png
Art asset: data/hd/BMP/BACKGRND.BMP/031.png
Art asset: data/hd/BMP/BACKGRND.BMP/032.png
Art asset: data/hd/BMP/BACKGRND.BMP/033.png
Art asset: data/hd/BMP/BACKGRND.BMP/034.png
Art asset: data/hd/BMP/BACKGRND.BMP/035.png
Art asset: data/hd/BMP/BACKGRND.BMP/036.png
Art asset: data/hd/BMP/BACKGRND.BMP/037.png
Art asset: data/hd/BMP/BACKGRND.BMP/038.png
Art asset: data/hd/BMP/BACKGRND.BMP/039.png
Art asset: data/hd/BMP/BACKGRND.BMP/040.png
Art asset: data/hd/BMP/BACKGRND.BMP/041.png
GROUND SURFACE: x=540 y=548 canvas=640x180
BG DRAW: frame=0 x=288 y=279 dx=0 dy=0 scale=2 canvas=640x180
BG DRAW: frame=13 x=442 y=148 dx=0 dy=0 scale=2 canvas=48x290
BG DRAW: frame=12 x=365 y=122 dx=0 dy=0 scale=2 canvas=304x138
BG DRAW: frame=14 x=396 y=279 dx=0 dy=0 scale=2 canvas=208x56
WAVE SURFACE: frame=6 x=696 y=548 canvas=384x256
BG DRAW: frame=6 x=364 y=319 dx=0 dy=0 scale=2 canvas=384x256
WAVE SURFACE: frame=6 x=696 y=548 canvas=384x256
BG DRAW: frame=6 x=364 y=319 dx=0 dy=0 scale=2 canvas=384x256
WAVE SURFACE: frame=9 x=1036 y=606 canvas=144x64
BG DRAW: frame=9 x=518 y=303 dx=0 dy=0 scale=2 canvas=144x64
WAVE SURFACE: frame=6 x=696 y=548 canvas=384x256
BG DRAW: frame=6 x=364 y=319 dx=0 dy=0 scale=2 canvas=384x256
WAVE SURFACE: frame=9 x=1036 y=606 canvas=144x64
BG DRAW: frame=9 x=518 y=303 dx=0 dy=0 scale=2 canvas=144x64
WAVE SURFACE: frame=3 x=540 y=612 canvas=144x58
BG DRAW: frame=3 x=270 y=306 dx=0 dy=0 scale=2 canvas=144x58
WAVE SURFACE: frame=9 x=1036 y=606 canvas=144x64
BG DRAW: frame=9 x=518 y=303 dx=0 dy=0 scale=2 canvas=144x64
WAVE SURFACE: frame=3 x=540 y=612 canvas=144x58
BG DRAW: frame=3 x=270 y=306 dx=0 dy=0 scale=2 canvas=144x58
WAVE SURFACE: frame=7 x=696 y=548 canvas=384x256
BG DRAW: frame=7 x=364 y=319 dx=0 dy=0 scale=2 canvas=384x256
Art asset: data/styles/cartoon/BMP/BACKGRND.BMP/000.png
Art asset: data/hd/BMP/BACKGRND.BMP/001.png
Art asset: data/hd/BMP/BACKGRND.BMP/002.png
Art asset: data/styles/cartoon/BMP/BACKGRND.BMP/003.png
Art asset: data/styles/cartoon/BMP/BACKGRND.BMP/004.png
Art asset: data/styles/cartoon/BMP/BACKGRND.BMP/005.png
Art asset: data/styles/cartoon/BMP/BACKGRND.BMP/006.png
Art asset: data/styles/cartoon/BMP/BACKGRND.BMP/007.png
Art asset: data/styles/cartoon/BMP/BACKGRND.BMP/008.png
Art asset: data/styles/cartoon/BMP/BACKGRND.BMP/009.png
Art asset: data/styles/cartoon/BMP/BACKGRND.BMP/010.png
Art asset: data/styles/cartoon/BMP/BACKGRND.BMP/011.png
Art asset: data/styles/cartoon/BMP/BACKGRND.BMP/012.png
Art asset: data/styles/cartoon/BMP/BACKGRND.BMP/013.png
Art asset: data/styles/cartoon/BMP/BACKGRND.BMP/014.png
Art asset: data/styles/cartoon/BMP/BACKGRND.BMP/015.png
Art asset: data/hd/BMP/BACKGRND.BMP/016.png
Art asset: data/hd/BMP/BACKGRND.BMP/017.png
Art asset: data/hd/BMP/BACKGRND.BMP/018.png
Art asset: data/hd/BMP/BACKGRND.BMP/019.png
Art asset: data/hd/BMP/BACKGRND.BMP/020.png
Art asset: data/hd/BMP/BACKGRND.BMP/021.png
Art asset: data/hd/BMP/BACKGRND.BMP/022.png
Art asset: data/hd/BMP/BACKGRND.BMP/023.png
Art asset: data/hd/BMP/BACKGRND.BMP/024.png
Art asset: data/hd/BMP/BACKGRND.BMP/025.png
Art asset: data/hd/BMP/BACKGRND.BMP/026.png
Art asset: data/hd/BMP/BACKGRND.BMP/027.png
Art asset: data/hd/BMP/BACKGRND.BMP/028.png
Art asset: data/hd/BMP/BACKGRND.BMP/029.png
Art asset: data/hd/BMP/BACKGRND.BMP/030.png
Art asset: data/hd/BMP/BACKGRND.BMP/031.png
Art asset: data/hd/BMP/BACKGRND.BMP/032.png
Art asset: data/hd/BMP/BACKGRND.BMP/033.png
Art asset: data/hd/BMP/BACKGRND.BMP/034.png
Art asset: data/hd/BMP/BACKGRND.BMP/035.png
Art asset: data/hd/BMP/BACKGRND.BMP/036.png
Art asset: data/hd/BMP/BACKGRND.BMP/037.png
Art asset: data/hd/BMP/BACKGRND.BMP/038.png
Art asset: data/hd/BMP/BACKGRND.BMP/039.png
Art asset: data/hd/BMP/BACKGRND.BMP/040.png
Art asset: data/hd/BMP/BACKGRND.BMP/041.png
Clouds Pos: 89, 32
BG DRAW: frame=17 x=89 y=32 dx=0 dy=0 scale=2 canvas=528x152
Clouds Pos: 136, 26
BG DRAW: frame=16 x=136 y=26 dx=0 dy=0 scale=2 canvas=384x114
STATE: seed=11 holiday=0 night=0 offset=0,0 low=0 raft=0 render=1280x960
NATIVE CALL: segment=1 args=3,7,3,7
Art asset: data/styles/cartoon/BMP/JOHNWALK.BMP/000.png
Art asset: data/styles/cartoon/BMP/JOHNWALK.BMP/001.png
Art asset: data/styles/cartoon/BMP/JOHNWALK.BMP/002.png
Art asset: data/styles/cartoon/BMP/JOHNWALK.BMP/003.png
Art asset: data/styles/cartoon/BMP/JOHNWALK.BMP/004.png
Art asset: data/styles/cartoon/BMP/JOHNWALK.BMP/005.png
Art asset: data/styles/cartoon/BMP/JOHNWALK.BMP/006.png
Art asset: data/styles/cartoon/BMP/JOHNWALK.BMP/007.png
Art asset: data/styles/cartoon/BMP/JOHNWALK.BMP/008.png
Art asset: data/styles/cartoon/BMP/JOHNWALK.BMP/009.png
Art asset: data/styles/cartoon/BMP/JOHNWALK.BMP/010.png
Art asset: data/styles/cartoon/BMP/JOHNWALK.BMP/011.png
Art asset: data/styles/cartoon/BMP/JOHNWALK.BMP/012.png
Art asset: data/hd/BMP/JOHNWALK.BMP/013.png
Art asset: data/hd/BMP/JOHNWALK.BMP/014.png
Art asset: data/styles/cartoon/BMP/JOHNWALK.BMP/015.png
Art asset: data/styles/cartoon/BMP/JOHNWALK.BMP/016.png
Art asset: data/styles/cartoon/BMP/JOHNWALK.BMP/017.png
Art asset: data/styles/cartoon/BMP/JOHNWALK.BMP/018.png
Art asset: data/styles/cartoon/BMP/JOHNWALK.BMP/019.png
Art asset: data/styles/cartoon/BMP/JOHNWALK.BMP/020.png
Art asset: data/styles/cartoon/BMP/JOHNWALK.BMP/021.png
Art asset: data/styles/cartoon/BMP/JOHNWALK.BMP/022.png
Art asset: data/styles/cartoon/BMP/JOHNWALK.BMP/023.png
Art asset: data/styles/cartoon/BMP/JOHNWALK.BMP/024.png
Art asset: data/styles/cartoon/BMP/JOHNWALK.BMP/025.png
Art asset: data/styles/cartoon/BMP/JOHNWALK.BMP/026.png
Art asset: data/styles/cartoon/BMP/JOHNWALK.BMP/027.png
Art asset: data/styles/cartoon/BMP/JOHNWALK.BMP/028.png
Art asset: data/styles/cartoon/BMP/JOHNWALK.BMP/029.png
Art asset: data/hd/BMP/JOHNWALK.BMP/030.png
Art asset: data/hd/BMP/JOHNWALK.BMP/031.png
Art asset: data/hd/BMP/JOHNWALK.BMP/032.png
Art asset: data/hd/BMP/JOHNWALK.BMP/033.png
Art asset: data/hd/BMP/JOHNWALK.BMP/034.png
Art asset: data/hd/BMP/JOHNWALK.BMP/035.png

 +-- CALCULATE PATH --
 |
 |  . walking from D to D:
 |  . possible paths:  D
 |  . chosen path: D
 +--------------------

WALKING:  spot=3 hdg=7 next=7  -  data 0 480 219 17

JOHNNY DRAW: segment=1 frame=17 flip=0 x=479 y=219
    ------> Animate clouds
Clouds Pos: 87, 32
BG DRAW: frame=17 x=87 y=32 dx=0 dy=0 scale=2 canvas=528x152
Clouds Pos: 135, 26
BG DRAW: frame=16 x=135 y=26 dx=0 dy=0 scale=2 canvas=384x114
DISPLAY: n=1 ticks=0 segment=1 phases=3,7,9,-1 johnny=17,0,479,219
DISPLAY: n=2 ticks=0 segment=1 phases=3,7,9,-1 johnny=17,0,479,219
 ******* WAIT: 6 ticks *******

    ------> Animate walking
WALKING: end walk

DISPLAY: n=3 ticks=6 segment=1 phases=3,7,9,-1 johnny=17,0,479,219
 ******* WAIT: 0 ticks *******

NATIVE RETURN: segment=1 ticks=6
NATIVE CALL: segment=2 args=3,7,5,3

 +-- CALCULATE PATH --
 |
 |  . walking from D to F:
 |  . possible paths:  DCAEF DCBAEF DCF DF
 |  . chosen path: DCF
 +--------------------

WALKING:  spot=3 hdg=7 next=-1  -  data 1 481 218 28

JOHNNY DRAW: segment=2 frame=28 flip=1 x=480 y=218
DISPLAY: n=4 ticks=6 segment=2 phases=3,7,9,-1 johnny=28,1,480,218
 ******* WAIT: 2 ticks *******

    ------> Animate bg
WAVE SURFACE: frame=3 x=540 y=612 canvas=144x58
BG DRAW: frame=3 x=270 y=306 dx=0 dy=0 scale=2 canvas=144x58
WAVE SURFACE: frame=7 x=696 y=548 canvas=384x256
BG DRAW: frame=7 x=364 y=319 dx=0 dy=0 scale=2 canvas=384x256
WAVE SURFACE: frame=10 x=1036 y=606 canvas=144x64
BG DRAW: frame=10 x=518 y=303 dx=0 dy=0 scale=2 canvas=144x64
    ------> Animate clouds
Clouds Pos: 85, 32
BG DRAW: frame=17 x=85 y=32 dx=0 dy=0 scale=2 canvas=528x152
Clouds Pos: 134, 26
BG DRAW: frame=16 x=134 y=26 dx=0 dy=0 scale=2 canvas=384x114
DISPLAY: n=5 ticks=8 segment=2 phases=3,7,10,-1 johnny=28,1,480,218
 ******* WAIT: 4 ticks *******

    ------> Animate walking
WALKING:  spot=3 hdg=7 next=-1  -  data 1 487 220 29

JOHNNY DRAW: segment=2 frame=29 flip=1 x=486 y=220
DISPLAY: n=6 ticks=12 segment=2 phases=3,7,10,-1 johnny=29,1,486,220
 ******* WAIT: 4 ticks *******

    ------> Animate bg
WAVE SURFACE: frame=7 x=696 y=548 canvas=384x256
BG DRAW: frame=7 x=364 y=319 dx=0 dy=0 scale=2 canvas=384x256
WAVE SURFACE: frame=10 x=1036 y=606 canvas=144x64
BG DRAW: frame=10 x=518 y=303 dx=0 dy=0 scale=2 canvas=144x64
WAVE SURFACE: frame=4 x=540 y=612 canvas=144x58
BG DRAW: frame=4 x=270 y=306 dx=0 dy=0 scale=2 canvas=144x58
    ------> Animate clouds
Clouds Pos: 83, 32
BG DRAW: frame=17 x=83 y=32 dx=0 dy=0 scale=2 canvas=528x152
Clouds Pos: 133, 26
BG DRAW: frame=16 x=133 y=26 dx=0 dy=0 scale=2 canvas=384x114
DISPLAY: n=7 ticks=16 segment=2 phases=4,7,10,-1 johnny=29,1,486,220
 ******* WAIT: 2 ticks *******

    ------> Animate walking
WALKING:  spot=3 hdg=7 next=-1  -  data 1 500 223 24

JOHNNY DRAW: segment=2 frame=24 flip=1 x=499 y=223
DISPLAY: n=8 ticks=18 segment=2 phases=4,7,10,-1 johnny=24,1,499,223
 ******* WAIT: 6 ticks *******

    ------> Animate bg
WAVE SURFACE: frame=10 x=1036 y=606 canvas=144x64
BG DRAW: frame=10 x=518 y=303 dx=0 dy=0 scale=2 canvas=144x64
WAVE SURFACE: frame=4 x=540 y=612 canvas=144x58
BG DRAW: frame=4 x=270 y=306 dx=0 dy=0 scale=2 canvas=144x58
WAVE SURFACE: frame=8 x=696 y=548 canvas=384x256
BG DRAW: frame=8 x=364 y=319 dx=0 dy=0 scale=2 canvas=384x256
    ------> Animate clouds
Clouds Pos: 81, 32
BG DRAW: frame=17 x=81 y=32 dx=0 dy=0 scale=2 canvas=528x152
Clouds Pos: 132, 26
BG DRAW: frame=16 x=132 y=26 dx=0 dy=0 scale=2 canvas=384x114
    ------> Animate walking
WALKING:  spot=3 hdg=7 next=-1  -  data 1 499 223 25

JOHNNY DRAW: segment=2 frame=25 flip=1 x=498 y=223
DISPLAY: n=9 ticks=24 segment=2 phases=4,8,10,-1 johnny=25,1,498,223
 ******* WAIT: 6 ticks *******

    ------> Animate walking
WALKING:  spot=3 hdg=7 next=-1  -  data 1 504 224 26

JOHNNY DRAW: segment=2 frame=26 flip=1 x=503 y=224
DISPLAY: n=10 ticks=30 segment=2 phases=4,8,10,-1 johnny=26,1,503,224
 ******* WAIT: 2 ticks *******

    ------> Animate bg
WAVE SURFACE: frame=4 x=540 y=612 canvas=144x58
BG DRAW: frame=4 x=270 y=306 dx=0 dy=0 scale=2 canvas=144x58
WAVE SURFACE: frame=8 x=696 y=548 canvas=384x256
BG DRAW: frame=8 x=364 y=319 dx=0 dy=0 scale=2 canvas=384x256
WAVE SURFACE: frame=11 x=1036 y=606 canvas=144x64
BG DRAW: frame=11 x=518 y=303 dx=0 dy=0 scale=2 canvas=144x64
    ------> Animate clouds
Clouds Pos: 79, 32
BG DRAW: frame=17 x=79 y=32 dx=0 dy=0 scale=2 canvas=528x152
Clouds Pos: 131, 26
BG DRAW: frame=16 x=131 y=26 dx=0 dy=0 scale=2 canvas=384x114
DISPLAY: n=11 ticks=32 segment=2 phases=4,8,11,-1 johnny=26,1,503,224
 ******* WAIT: 4 ticks *******

    ------> Animate walking
WALKING:  spot=3 hdg=7 next=-1  -  data 1 507 227 27

JOHNNY DRAW: segment=2 frame=27 flip=1 x=506 y=227
DISPLAY: n=12 ticks=36 segment=2 phases=4,8,11,-1 johnny=27,1,506,227
 ******* WAIT: 4 ticks *******

    ------> Animate bg
WAVE SURFACE: frame=8 x=696 y=548 canvas=384x256
BG DRAW: frame=8 x=364 y=319 dx=0 dy=0 scale=2 canvas=384x256
WAVE SURFACE: frame=11 x=1036 y=606 canvas=144x64
BG DRAW: frame=11 x=518 y=303 dx=0 dy=0 scale=2 canvas=144x64
WAVE SURFACE: frame=5 x=540 y=612 canvas=144x58
BG DRAW: frame=5 x=270 y=306 dx=0 dy=0 scale=2 canvas=144x58
    ------> Animate clouds
Clouds Pos: 77, 32
BG DRAW: frame=17 x=77 y=32 dx=0 dy=0 scale=2 canvas=528x152
Clouds Pos: 130, 26
BG DRAW: frame=16 x=130 y=26 dx=0 dy=0 scale=2 canvas=384x114
DISPLAY: n=13 ticks=40 segment=2 phases=5,8,11,-1 johnny=27,1,506,227
 ******* WAIT: 2 ticks *******

    ------> Animate walking
WALKING:  spot=3 hdg=7 next=-1  -  data 1 509 226 28

JOHNNY DRAW: segment=2 frame=28 flip=1 x=508 y=226
DISPLAY: n=14 ticks=42 segment=2 phases=5,8,11,-1 johnny=28,1,508,226
 ******* WAIT: 6 ticks *******

    ------> Animate bg
WAVE SURFACE: frame=11 x=1036 y=606 canvas=144x64
BG DRAW: frame=11 x=518 y=303 dx=0 dy=0 scale=2 canvas=144x64
WAVE SURFACE: frame=5 x=540 y=612 canvas=144x58
BG DRAW: frame=5 x=270 y=306 dx=0 dy=0 scale=2 canvas=144x58
WAVE SURFACE: frame=6 x=696 y=548 canvas=384x256
BG DRAW: frame=6 x=364 y=319 dx=0 dy=0 scale=2 canvas=384x256
    ------> Animate clouds
Clouds Pos: 75, 32
BG DRAW: frame=17 x=75 y=32 dx=0 dy=0 scale=2 canvas=528x152
Clouds Pos: 129, 26
BG DRAW: frame=16 x=129 y=26 dx=0 dy=0 scale=2 canvas=384x114
    ------> Animate walking
WALKING:  spot=3 hdg=7 next=-1  -  data 1 514 231 29

JOHNNY DRAW: segment=2 frame=29 flip=1 x=513 y=231
DISPLAY: n=15 ticks=48 segment=2 phases=5,6,11,-1 johnny=29,1,513,231
 ******* WAIT: 6 ticks *******

    ------> Animate walking
WALKING:  spot=3 hdg=7 next=-1  -  data 1 521 233 24

JOHNNY DRAW: segment=2 frame=24 flip=1 x=520 y=233
DISPLAY: n=16 ticks=54 segment=2 phases=5,6,11,-1 johnny=24,1,520,233
 ******* WAIT: 2 ticks *******

    ------> Animate bg
WAVE SURFACE: frame=5 x=540 y=612 canvas=144x58
BG DRAW: frame=5 x=270 y=306 dx=0 dy=0 scale=2 canvas=144x58
WAVE SURFACE: frame=6 x=696 y=548 canvas=384x256
BG DRAW: frame=6 x=364 y=319 dx=0 dy=0 scale=2 canvas=384x256
WAVE SURFACE: frame=9 x=1036 y=606 canvas=144x64
BG DRAW: frame=9 x=518 y=303 dx=0 dy=0 scale=2 canvas=144x64
    ------> Animate clouds
Clouds Pos: 73, 32
BG DRAW: frame=17 x=73 y=32 dx=0 dy=0 scale=2 canvas=528x152
Clouds Pos: 128, 26
BG DRAW: frame=16 x=128 y=26 dx=0 dy=0 scale=2 canvas=384x114
DISPLAY: n=17 ticks=56 segment=2 phases=5,6,9,-1 johnny=24,1,520,233
 ******* WAIT: 4 ticks *******

    ------> Animate walking
WALKING:  spot=3 hdg=7 next=-1  -  data 1 521 232 25

JOHNNY DRAW: segment=2 frame=25 flip=1 x=520 y=232
DISPLAY: n=18 ticks=60 segment=2 phases=5,6,9,-1 johnny=25,1,520,232
 ******* WAIT: 4 ticks *******

    ------> Animate bg
WAVE SURFACE: frame=6 x=696 y=548 canvas=384x256
BG DRAW: frame=6 x=364 y=319 dx=0 dy=0 scale=2 canvas=384x256
WAVE SURFACE: frame=9 x=1036 y=606 canvas=144x64
BG DRAW: frame=9 x=518 y=303 dx=0 dy=0 scale=2 canvas=144x64
WAVE SURFACE: frame=3 x=540 y=612 canvas=144x58
BG DRAW: frame=3 x=270 y=306 dx=0 dy=0 scale=2 canvas=144x58
    ------> Animate clouds
Clouds Pos: 71, 32
BG DRAW: frame=17 x=71 y=32 dx=0 dy=0 scale=2 canvas=528x152
Clouds Pos: 127, 26
BG DRAW: frame=16 x=127 y=26 dx=0 dy=0 scale=2 canvas=384x114
DISPLAY: n=19 ticks=64 segment=2 phases=3,6,9,-1 johnny=25,1,520,232
 ******* WAIT: 2 ticks *******

    ------> Animate walking
WALKING:  spot=2 hdg=0 next=2  -  data 0 522 233 10

JOHNNY DRAW: segment=2 frame=10 flip=0 x=521 y=233
DISPLAY: n=20 ticks=66 segment=2 phases=3,6,9,-1 johnny=10,0,521,233
 ******* WAIT: 6 ticks *******

    ------> Animate bg
WAVE SURFACE: frame=9 x=1036 y=606 canvas=144x64
BG DRAW: frame=9 x=518 y=303 dx=0 dy=0 scale=2 canvas=144x64
WAVE SURFACE: frame=3 x=540 y=612 canvas=144x58
BG DRAW: frame=3 x=270 y=306 dx=0 dy=0 scale=2 canvas=144x58
WAVE SURFACE: frame=7 x=696 y=548 canvas=384x256
BG DRAW: frame=7 x=364 y=319 dx=0 dy=0 scale=2 canvas=384x256
    ------> Animate clouds
Clouds Pos: 69, 32
BG DRAW: frame=17 x=69 y=32 dx=0 dy=0 scale=2 canvas=528x152
Clouds Pos: 126, 26
BG DRAW: frame=16 x=126 y=26 dx=0 dy=0 scale=2 canvas=384x114
    ------> Animate walking
WALKING:  spot=2 hdg=1 next=2  -  data 1 515 234 9

JOHNNY DRAW: segment=2 frame=9 flip=1 x=514 y=234
DISPLAY: n=21 ticks=72 segment=2 phases=3,7,9,-1 johnny=9,1,514,234
 ******* WAIT: 6 ticks *******

    ------> Animate walking
WALKING:  spot=2 hdg=1 next=-1  -  data 1 502 232 4

JOHNNY DRAW: segment=2 frame=4 flip=1 x=501 y=232
DISPLAY: n=22 ticks=78 segment=2 phases=3,7,9,-1 johnny=4,1,501,232
 ******* WAIT: 2 ticks *******

    ------> Animate bg
WAVE SURFACE: frame=3 x=540 y=612 canvas=144x58
BG DRAW: frame=3 x=270 y=306 dx=0 dy=0 scale=2 canvas=144x58
WAVE SURFACE: frame=7 x=696 y=548 canvas=384x256
BG DRAW: frame=7 x=364 y=319 dx=0 dy=0 scale=2 canvas=384x256
WAVE SURFACE: frame=10 x=1036 y=606 canvas=144x64
BG DRAW: frame=10 x=518 y=303 dx=0 dy=0 scale=2 canvas=144x64
    ------> Animate clouds
Clouds Pos: 67, 32
BG DRAW: frame=17 x=67 y=32 dx=0 dy=0 scale=2 canvas=528x152
Clouds Pos: 125, 26
BG DRAW: frame=16 x=125 y=26 dx=0 dy=0 scale=2 canvas=384x114
DISPLAY: n=23 ticks=80 segment=2 phases=3,7,10,-1 johnny=4,1,501,232
 ******* WAIT: 4 ticks *******

    ------> Animate walking
WALKING:  spot=2 hdg=1 next=-1  -  data 1 491 231 6

JOHNNY DRAW: segment=2 frame=6 flip=1 x=490 y=231
DISPLAY: n=24 ticks=84 segment=2 phases=3,7,10,-1 johnny=6,1,490,231
 ******* WAIT: 4 ticks *******

    ------> Animate bg
WAVE SURFACE: frame=7 x=696 y=548 canvas=384x256
BG DRAW: frame=7 x=364 y=319 dx=0 dy=0 scale=2 canvas=384x256
WAVE SURFACE: frame=10 x=1036 y=606 canvas=144x64
BG DRAW: frame=10 x=518 y=303 dx=0 dy=0 scale=2 canvas=144x64
WAVE SURFACE: frame=4 x=540 y=612 canvas=144x58
BG DRAW: frame=4 x=270 y=306 dx=0 dy=0 scale=2 canvas=144x58
    ------> Animate clouds
Clouds Pos: 65, 32
BG DRAW: frame=17 x=65 y=32 dx=0 dy=0 scale=2 canvas=528x152
Clouds Pos: 124, 26
BG DRAW: frame=16 x=124 y=26 dx=0 dy=0 scale=2 canvas=384x114
DISPLAY: n=25 ticks=88 segment=2 phases=4,7,10,-1 johnny=6,1,490,231
 ******* WAIT: 2 ticks *******

    ------> Animate walking
WALKING:  spot=2 hdg=1 next=-1  -  data 1 492 231 7

JOHNNY DRAW: segment=2 frame=7 flip=1 x=491 y=231
DISPLAY: n=26 ticks=90 segment=2 phases=4,7,10,-1 johnny=7,1,491,231
 ******* WAIT: 6 ticks *******

    ------> Animate bg
WAVE SURFACE: frame=10 x=1036 y=606 canvas=144x64
BG DRAW: frame=10 x=518 y=303 dx=0 dy=0 scale=2 canvas=144x64
WAVE SURFACE: frame=4 x=540 y=612 canvas=144x58
BG DRAW: frame=4 x=270 y=306 dx=0 dy=0 scale=2 canvas=144x58
WAVE SURFACE: frame=8 x=696 y=548 canvas=384x256
BG DRAW: frame=8 x=364 y=319 dx=0 dy=0 scale=2 canvas=384x256
    ------> Animate clouds
Clouds Pos: 63, 32
BG DRAW: frame=17 x=63 y=32 dx=0 dy=0 scale=2 canvas=528x152
Clouds Pos: 123, 26
BG DRAW: frame=16 x=123 y=26 dx=0 dy=0 scale=2 canvas=384x114
    ------> Animate walking
WALKING:  spot=2 hdg=1 next=-1  -  data 1 484 232 8

JOHNNY DRAW: segment=2 frame=8 flip=1 x=483 y=232
DISPLAY: n=27 ticks=96 segment=2 phases=4,8,10,-1 johnny=8,1,483,232
 ******* WAIT: 6 ticks *******

    ------> Animate walking
WALKING:  spot=2 hdg=1 next=-1  -  data 1 475 234 1

JOHNNY DRAW: segment=2 frame=1 flip=1 x=474 y=234
DISPLAY: n=28 ticks=102 segment=2 phases=4,8,10,-1 johnny=1,1,474,234
 ******* WAIT: 2 ticks *******

    ------> Animate bg
WAVE SURFACE: frame=4 x=540 y=612 canvas=144x58
BG DRAW: frame=4 x=270 y=306 dx=0 dy=0 scale=2 canvas=144x58
WAVE SURFACE: frame=8 x=696 y=548 canvas=384x256
BG DRAW: frame=8 x=364 y=319 dx=0 dy=0 scale=2 canvas=384x256
WAVE SURFACE: frame=11 x=1036 y=606 canvas=144x64
BG DRAW: frame=11 x=518 y=303 dx=0 dy=0 scale=2 canvas=144x64
    ------> Animate clouds
Clouds Pos: 61, 32
BG DRAW: frame=17 x=61 y=32 dx=0 dy=0 scale=2 canvas=528x152
Clouds Pos: 122, 26
BG DRAW: frame=16 x=122 y=26 dx=0 dy=0 scale=2 canvas=384x114
DISPLAY: n=29 ticks=104 segment=2 phases=4,8,11,-1 johnny=1,1,474,234
 ******* WAIT: 4 ticks *******

    ------> Animate walking
WALKING:  spot=2 hdg=1 next=-1  -  data 1 467 232 2

JOHNNY DRAW: segment=2 frame=2 flip=1 x=466 y=232
DISPLAY: n=30 ticks=108 segment=2 phases=4,8,11,-1 johnny=2,1,466,232
 ******* WAIT: 4 ticks *******

    ------> Animate bg
WAVE SURFACE: frame=8 x=696 y=548 canvas=384x256
BG DRAW: frame=8 x=364 y=319 dx=0 dy=0 scale=2 canvas=384x256
WAVE SURFACE: frame=11 x=1036 y=606 canvas=144x64
BG DRAW: frame=11 x=518 y=303 dx=0 dy=0 scale=2 canvas=144x64
WAVE SURFACE: frame=5 x=540 y=612 canvas=144x58
BG DRAW: frame=5 x=270 y=306 dx=0 dy=0 scale=2 canvas=144x58
    ------> Animate clouds
Clouds Pos: 59, 32
BG DRAW: frame=17 x=59 y=32 dx=0 dy=0 scale=2 canvas=528x152
Clouds Pos: 121, 26
BG DRAW: frame=16 x=121 y=26 dx=0 dy=0 scale=2 canvas=384x114
DISPLAY: n=31 ticks=112 segment=2 phases=5,8,11,-1 johnny=2,1,466,232
 ******* WAIT: 2 ticks *******

    ------> Animate walking
WALKING:  spot=2 hdg=1 next=-1  -  data 1 463 230 3

JOHNNY DRAW: segment=2 frame=3 flip=1 x=462 y=230
DISPLAY: n=32 ticks=114 segment=2 phases=5,8,11,-1 johnny=3,1,462,230
 ******* WAIT: 6 ticks *******

    ------> Animate bg
WAVE SURFACE: frame=11 x=1036 y=606 canvas=144x64
BG DRAW: frame=11 x=518 y=303 dx=0 dy=0 scale=2 canvas=144x64
WAVE SURFACE: frame=5 x=540 y=612 canvas=144x58
BG DRAW: frame=5 x=270 y=306 dx=0 dy=0 scale=2 canvas=144x58
WAVE SURFACE: frame=6 x=696 y=548 canvas=384x256
BG DRAW: frame=6 x=364 y=319 dx=0 dy=0 scale=2 canvas=384x256
    ------> Animate clouds
Clouds Pos: 57, 32
BG DRAW: frame=17 x=57 y=32 dx=0 dy=0 scale=2 canvas=528x152
Clouds Pos: 120, 26
BG DRAW: frame=16 x=120 y=26 dx=0 dy=0 scale=2 canvas=384x114
    ------> Animate walking
WALKING:  spot=2 hdg=1 next=-1  -  data 1 457 230 4

JOHNNY DRAW: segment=2 frame=4 flip=1 x=456 y=230
DISPLAY: n=33 ticks=120 segment=2 phases=5,6,11,-1 johnny=4,1,456,230
 ******* WAIT: 6 ticks *******

    ------> Animate walking
WALKING:  spot=2 hdg=1 next=-1  -  data 1 449 231 5

JOHNNY DRAW: segment=2 frame=5 flip=1 x=448 y=231
DISPLAY: n=34 ticks=126 segment=2 phases=5,6,11,-1 johnny=5,1,448,231
 ******* WAIT: 2 ticks *******

    ------> Animate bg
WAVE SURFACE: frame=5 x=540 y=612 canvas=144x58
BG DRAW: frame=5 x=270 y=306 dx=0 dy=0 scale=2 canvas=144x58
WAVE SURFACE: frame=6 x=696 y=548 canvas=384x256
BG DRAW: frame=6 x=364 y=319 dx=0 dy=0 scale=2 canvas=384x256
WAVE SURFACE: frame=9 x=1036 y=606 canvas=144x64
BG DRAW: frame=9 x=518 y=303 dx=0 dy=0 scale=2 canvas=144x64
    ------> Animate clouds
Clouds Pos: 55, 32
BG DRAW: frame=17 x=55 y=32 dx=0 dy=0 scale=2 canvas=528x152
Clouds Pos: 119, 26
BG DRAW: frame=16 x=119 y=26 dx=0 dy=0 scale=2 canvas=384x114
DISPLAY: n=35 ticks=128 segment=2 phases=5,6,9,-1 johnny=5,1,448,231
 ******* WAIT: 4 ticks *******

    ------> Animate walking
WALKING:  spot=2 hdg=1 next=-1  -  data 1 439 228 6

JOHNNY DRAW: segment=2 frame=6 flip=1 x=438 y=228
DISPLAY: n=36 ticks=132 segment=2 phases=5,6,9,-1 johnny=6,1,438,228
 ******* WAIT: 4 ticks *******

    ------> Animate bg
WAVE SURFACE: frame=6 x=696 y=548 canvas=384x256
BG DRAW: frame=6 x=364 y=319 dx=0 dy=0 scale=2 canvas=384x256
WAVE SURFACE: frame=9 x=1036 y=606 canvas=144x64
BG DRAW: frame=9 x=518 y=303 dx=0 dy=0 scale=2 canvas=144x64
WAVE SURFACE: frame=3 x=540 y=612 canvas=144x58
BG DRAW: frame=3 x=270 y=306 dx=0 dy=0 scale=2 canvas=144x58
    ------> Animate clouds
Clouds Pos: 53, 32
BG DRAW: frame=17 x=53 y=32 dx=0 dy=0 scale=2 canvas=528x152
Clouds Pos: 118, 26
BG DRAW: frame=16 x=118 y=26 dx=0 dy=0 scale=2 canvas=384x114
DISPLAY: n=37 ticks=136 segment=2 phases=3,6,9,-1 johnny=6,1,438,228
 ******* WAIT: 2 ticks *******

    ------> Animate walking
WALKING:  spot=2 hdg=1 next=-1  -  data 1 441 228 7

JOHNNY DRAW: segment=2 frame=7 flip=1 x=440 y=228
DISPLAY: n=38 ticks=138 segment=2 phases=3,6,9,-1 johnny=7,1,440,228
 ******* WAIT: 6 ticks *******

    ------> Animate bg
WAVE SURFACE: frame=9 x=1036 y=606 canvas=144x64
BG DRAW: frame=9 x=518 y=303 dx=0 dy=0 scale=2 canvas=144x64
WAVE SURFACE: frame=3 x=540 y=612 canvas=144x58
BG DRAW: frame=3 x=270 y=306 dx=0 dy=0 scale=2 canvas=144x58
WAVE SURFACE: frame=7 x=696 y=548 canvas=384x256
BG DRAW: frame=7 x=364 y=319 dx=0 dy=0 scale=2 canvas=384x256
    ------> Animate clouds
Clouds Pos: 51, 32
BG DRAW: frame=17 x=51 y=32 dx=0 dy=0 scale=2 canvas=528x152
Clouds Pos: 117, 26
BG DRAW: frame=16 x=117 y=26 dx=0 dy=0 scale=2 canvas=384x114
    ------> Animate walking
WALKING:  spot=2 hdg=1 next=-1  -  data 0 443 229 21

JOHNNY DRAW: segment=2 frame=21 flip=0 x=442 y=229
DISPLAY: n=39 ticks=144 segment=2 phases=3,7,9,-1 johnny=21,0,442,229
 ******* WAIT: 6 ticks *******

    ------> Animate walking
WALKING:  spot=2 hdg=1 next=-1  -  data 0 438 230 22

JOHNNY DRAW: segment=2 frame=22 flip=0 x=437 y=230
DISPLAY: n=40 ticks=150 segment=2 phases=3,7,9,-1 johnny=22,0,437,230
 ******* WAIT: 2 ticks *******

    ------> Animate bg
WAVE SURFACE: frame=3 x=540 y=612 canvas=144x58
BG DRAW: frame=3 x=270 y=306 dx=0 dy=0 scale=2 canvas=144x58
WAVE SURFACE: frame=7 x=696 y=548 canvas=384x256
BG DRAW: frame=7 x=364 y=319 dx=0 dy=0 scale=2 canvas=384x256
WAVE SURFACE: frame=10 x=1036 y=606 canvas=144x64
BG DRAW: frame=10 x=518 y=303 dx=0 dy=0 scale=2 canvas=144x64
    ------> Animate clouds
Clouds Pos: 49, 32
BG DRAW: frame=17 x=49 y=32 dx=0 dy=0 scale=2 canvas=528x152
Clouds Pos: 116, 26
BG DRAW: frame=16 x=116 y=26 dx=0 dy=0 scale=2 canvas=384x114
DISPLAY: n=41 ticks=152 segment=2 phases=3,7,10,-1 johnny=22,0,437,230
 ******* WAIT: 4 ticks *******

    ------> Animate walking
WALKING:  spot=2 hdg=1 next=-1  -  data 0 434 225 23

JOHNNY DRAW: segment=2 frame=23 flip=0 x=433 y=225
DISPLAY: n=42 ticks=156 segment=2 phases=3,7,10,-1 johnny=23,0,433,225
 ******* WAIT: 4 ticks *******

    ------> Animate bg
WAVE SURFACE: frame=7 x=696 y=548 canvas=384x256
BG DRAW: frame=7 x=364 y=319 dx=0 dy=0 scale=2 canvas=384x256
WAVE SURFACE: frame=10 x=1036 y=606 canvas=144x64
BG DRAW: frame=10 x=518 y=303 dx=0 dy=0 scale=2 canvas=144x64
WAVE SURFACE: frame=4 x=540 y=612 canvas=144x58
BG DRAW: frame=4 x=270 y=306 dx=0 dy=0 scale=2 canvas=144x58
    ------> Animate clouds
Clouds Pos: 47, 32
BG DRAW: frame=17 x=47 y=32 dx=0 dy=0 scale=2 canvas=528x152
Clouds Pos: 115, 26
BG DRAW: frame=16 x=115 y=26 dx=0 dy=0 scale=2 canvas=384x114
DISPLAY: n=43 ticks=160 segment=2 phases=4,7,10,-1 johnny=23,0,433,225
 ******* WAIT: 2 ticks *******

    ------> Animate walking
WALKING:  spot=5 hdg=3 next=3  -  data 0 434 225 18

JOHNNY DRAW: segment=2 frame=18 flip=0 x=433 y=225
DISPLAY: n=44 ticks=162 segment=2 phases=4,7,10,-1 johnny=18,0,433,225
 ******* WAIT: 6 ticks *******

    ------> Animate bg
WAVE SURFACE: frame=10 x=1036 y=606 canvas=144x64
BG DRAW: frame=10 x=518 y=303 dx=0 dy=0 scale=2 canvas=144x64
WAVE SURFACE: frame=4 x=540 y=612 canvas=144x58
BG DRAW: frame=4 x=270 y=306 dx=0 dy=0 scale=2 canvas=144x58
WAVE SURFACE: frame=8 x=696 y=548 canvas=384x256
BG DRAW: frame=8 x=364 y=319 dx=0 dy=0 scale=2 canvas=384x256
    ------> Animate clouds
Clouds Pos: 45, 32
BG DRAW: frame=17 x=45 y=32 dx=0 dy=0 scale=2 canvas=528x152
Clouds Pos: 114, 26
BG DRAW: frame=16 x=114 y=26 dx=0 dy=0 scale=2 canvas=384x114
DISPLAY: n=45 ticks=168 segment=2 phases=4,8,10,-1 johnny=18,0,433,225
 ******* WAIT: 8 ticks *******

    ------> Animate bg
WAVE SURFACE: frame=4 x=540 y=612 canvas=144x58
BG DRAW: frame=4 x=270 y=306 dx=0 dy=0 scale=2 canvas=144x58
WAVE SURFACE: frame=8 x=696 y=548 canvas=384x256
BG DRAW: frame=8 x=364 y=319 dx=0 dy=0 scale=2 canvas=384x256
WAVE SURFACE: frame=11 x=1036 y=606 canvas=144x64
BG DRAW: frame=11 x=518 y=303 dx=0 dy=0 scale=2 canvas=144x64
    ------> Animate clouds
Clouds Pos: 43, 32
BG DRAW: frame=17 x=43 y=32 dx=0 dy=0 scale=2 canvas=528x152
Clouds Pos: 113, 26
BG DRAW: frame=16 x=113 y=26 dx=0 dy=0 scale=2 canvas=384x114
DISPLAY: n=46 ticks=176 segment=2 phases=4,8,11,-1 johnny=18,0,433,225
 ******* WAIT: 8 ticks *******

    ------> Animate bg
WAVE SURFACE: frame=8 x=696 y=548 canvas=384x256
BG DRAW: frame=8 x=364 y=319 dx=0 dy=0 scale=2 canvas=384x256
WAVE SURFACE: frame=11 x=1036 y=606 canvas=144x64
BG DRAW: frame=11 x=518 y=303 dx=0 dy=0 scale=2 canvas=144x64
WAVE SURFACE: frame=5 x=540 y=612 canvas=144x58
BG DRAW: frame=5 x=270 y=306 dx=0 dy=0 scale=2 canvas=144x58
    ------> Animate clouds
Clouds Pos: 41, 32
BG DRAW: frame=17 x=41 y=32 dx=0 dy=0 scale=2 canvas=528x152
Clouds Pos: 112, 26
BG DRAW: frame=16 x=112 y=26 dx=0 dy=0 scale=2 canvas=384x114
DISPLAY: n=47 ticks=184 segment=2 phases=5,8,11,-1 johnny=18,0,433,225
 ******* WAIT: 8 ticks *******

    ------> Animate bg
WAVE SURFACE: frame=11 x=1036 y=606 canvas=144x64
BG DRAW: frame=11 x=518 y=303 dx=0 dy=0 scale=2 canvas=144x64
WAVE SURFACE: frame=5 x=540 y=612 canvas=144x58
BG DRAW: frame=5 x=270 y=306 dx=0 dy=0 scale=2 canvas=144x58
WAVE SURFACE: frame=6 x=696 y=548 canvas=384x256
BG DRAW: frame=6 x=364 y=319 dx=0 dy=0 scale=2 canvas=384x256
    ------> Animate clouds
Clouds Pos: 39, 32
BG DRAW: frame=17 x=39 y=32 dx=0 dy=0 scale=2 canvas=528x152
Clouds Pos: 111, 26
BG DRAW: frame=16 x=111 y=26 dx=0 dy=0 scale=2 canvas=384x114
DISPLAY: n=48 ticks=192 segment=2 phases=5,6,11,-1 johnny=18,0,433,225
 ******* WAIT: 8 ticks *******

    ------> Animate bg
WAVE SURFACE: frame=5 x=540 y=612 canvas=144x58
BG DRAW: frame=5 x=270 y=306 dx=0 dy=0 scale=2 canvas=144x58
WAVE SURFACE: frame=6 x=696 y=548 canvas=384x256
BG DRAW: frame=6 x=364 y=319 dx=0 dy=0 scale=2 canvas=384x256
WAVE SURFACE: frame=9 x=1036 y=606 canvas=144x64
BG DRAW: frame=9 x=518 y=303 dx=0 dy=0 scale=2 canvas=144x64
    ------> Animate clouds
Clouds Pos: 37, 32
BG DRAW: frame=17 x=37 y=32 dx=0 dy=0 scale=2 canvas=528x152
Clouds Pos: 110, 26
BG DRAW: frame=16 x=110 y=26 dx=0 dy=0 scale=2 canvas=384x114
DISPLAY: n=49 ticks=200 segment=2 phases=5,6,9,-1 johnny=18,0,433,225
 ******* WAIT: 8 ticks *******

    ------> Animate bg
WAVE SURFACE: frame=6 x=696 y=548 canvas=384x256
BG DRAW: frame=6 x=364 y=319 dx=0 dy=0 scale=2 canvas=384x256
WAVE SURFACE: frame=9 x=1036 y=606 canvas=144x64
BG DRAW: frame=9 x=518 y=303 dx=0 dy=0 scale=2 canvas=144x64
WAVE SURFACE: frame=3 x=540 y=612 canvas=144x58
BG DRAW: frame=3 x=270 y=306 dx=0 dy=0 scale=2 canvas=144x58
    ------> Animate clouds
Clouds Pos: 35, 32
BG DRAW: frame=17 x=35 y=32 dx=0 dy=0 scale=2 canvas=528x152
Clouds Pos: 109, 26
BG DRAW: frame=16 x=109 y=26 dx=0 dy=0 scale=2 canvas=384x114
DISPLAY: n=50 ticks=208 segment=2 phases=3,6,9,-1 johnny=18,0,433,225
 ******* WAIT: 8 ticks *******

    ------> Animate bg
WAVE SURFACE: frame=9 x=1036 y=606 canvas=144x64
BG DRAW: frame=9 x=518 y=303 dx=0 dy=0 scale=2 canvas=144x64
WAVE SURFACE: frame=3 x=540 y=612 canvas=144x58
BG DRAW: frame=3 x=270 y=306 dx=0 dy=0 scale=2 canvas=144x58
WAVE SURFACE: frame=7 x=696 y=548 canvas=384x256
BG DRAW: frame=7 x=364 y=319 dx=0 dy=0 scale=2 canvas=384x256
    ------> Animate clouds
Clouds Pos: 33, 32
BG DRAW: frame=17 x=33 y=32 dx=0 dy=0 scale=2 canvas=528x152
Clouds Pos: 108, 26
BG DRAW: frame=16 x=108 y=26 dx=0 dy=0 scale=2 canvas=384x114
DISPLAY: n=51 ticks=216 segment=2 phases=3,7,9,-1 johnny=18,0,433,225
 ******* WAIT: 8 ticks *******

    ------> Animate bg
WAVE SURFACE: frame=3 x=540 y=612 canvas=144x58
BG DRAW: frame=3 x=270 y=306 dx=0 dy=0 scale=2 canvas=144x58
WAVE SURFACE: frame=7 x=696 y=548 canvas=384x256
BG DRAW: frame=7 x=364 y=319 dx=0 dy=0 scale=2 canvas=384x256
WAVE SURFACE: frame=10 x=1036 y=606 canvas=144x64
BG DRAW: frame=10 x=518 y=303 dx=0 dy=0 scale=2 canvas=144x64
    ------> Animate clouds
Clouds Pos: 31, 32
BG DRAW: frame=17 x=31 y=32 dx=0 dy=0 scale=2 canvas=528x152
Clouds Pos: 107, 26
BG DRAW: frame=16 x=107 y=26 dx=0 dy=0 scale=2 canvas=384x114
DISPLAY: n=52 ticks=224 segment=2 phases=3,7,10,-1 johnny=18,0,433,225
 ******* WAIT: 8 ticks *******

    ------> Animate bg
WAVE SURFACE: frame=7 x=696 y=548 canvas=384x256
BG DRAW: frame=7 x=364 y=319 dx=0 dy=0 scale=2 canvas=384x256
WAVE SURFACE: frame=10 x=1036 y=606 canvas=144x64
BG DRAW: frame=10 x=518 y=303 dx=0 dy=0 scale=2 canvas=144x64
WAVE SURFACE: frame=4 x=540 y=612 canvas=144x58
BG DRAW: frame=4 x=270 y=306 dx=0 dy=0 scale=2 canvas=144x58
    ------> Animate clouds
Clouds Pos: 29, 32
BG DRAW: frame=17 x=29 y=32 dx=0 dy=0 scale=2 canvas=528x152
Clouds Pos: 106, 26
BG DRAW: frame=16 x=106 y=26 dx=0 dy=0 scale=2 canvas=384x114
DISPLAY: n=53 ticks=232 segment=2 phases=4,7,10,-1 johnny=18,0,433,225
 ******* WAIT: 8 ticks *******

    ------> Animate bg
WAVE SURFACE: frame=10 x=1036 y=606 canvas=144x64
BG DRAW: frame=10 x=518 y=303 dx=0 dy=0 scale=2 canvas=144x64
WAVE SURFACE: frame=4 x=540 y=612 canvas=144x58
BG DRAW: frame=4 x=270 y=306 dx=0 dy=0 scale=2 canvas=144x58
WAVE SURFACE: frame=8 x=696 y=548 canvas=384x256
BG DRAW: frame=8 x=364 y=319 dx=0 dy=0 scale=2 canvas=384x256
    ------> Animate clouds
Clouds Pos: 27, 32
BG DRAW: frame=17 x=27 y=32 dx=0 dy=0 scale=2 canvas=528x152
Clouds Pos: 105, 26
BG DRAW: frame=16 x=105 y=26 dx=0 dy=0 scale=2 canvas=384x114
DISPLAY: n=54 ticks=240 segment=2 phases=4,8,10,-1 johnny=18,0,433,225
 ******* WAIT: 2 ticks *******

    ------> Animate walking
WALKING: end walk

DISPLAY: n=55 ticks=242 segment=2 phases=4,8,10,-1 johnny=18,0,433,225
 ******* WAIT: 0 ticks *******

NATIVE RETURN: segment=2 ticks=242
Captured frame: final.ppm (1280x960)
Art assets decoded: cartoon=57, HD fallback=71, original fallback=0
DONE: native calls returned; cleanup complete
