zipvfs: opened archive 'scrantic_data.zip' (2598 entries)
Loading resources ...................................................................................................................................................................................
Art style: Cartoon (preview) (partial pack: 47/2401 assets; missing art uses HD/original), scale=2
rand seed: 11 (forced)
SHORE STAGE: init
Art asset: data/styles/cartoon/SCR/OCEAN02.SCR.png
island backdrop: OCEAN02.SCR
Art asset: data/hd/BMP/MRAFT.BMP/000.png
Art asset: data/hd/BMP/MRAFT.BMP/001.png
Art asset: data/hd/BMP/MRAFT.BMP/002.png
Art asset: data/hd/BMP/MRAFT.BMP/003.png
Art asset: data/hd/BMP/MRAFT.BMP/004.png
Art asset: data/hd/BMP/MRAFT.BMP/005.png
Art asset: data/hd/BMP/MRAFT.BMP/006.png
Art asset: data/styles/cartoon/BMP/BACKGRND.BMP/000.png
Art asset: data/hd/BMP/BACKGRND.BMP/001.png
Art asset: data/hd/BMP/BACKGRND.BMP/002.png
Art asset: data/styles/cartoon/BMP/BACKGRND.BMP/003.png
Art asset: data/styles/cartoon/BMP/BACKGRND.BMP/004.png
Art asset: data/styles/cartoon/BMP/BACKGRND.BMP/005.png
Art asset: data/styles/cartoon/BMP/BACKGRND.BMP/006.png
Art asset: data/styles/cartoon/BMP/BACKGRND.BMP/007.png
Art asset: data/styles/cartoon/BMP/BACKGRND.BMP/008.png
Art asset: data/styles/cartoon/BMP/BACKGRND.BMP/009.png
Art asset: data/styles/cartoon/BMP/BACKGRND.BMP/010.png
Art asset: data/styles/cartoon/BMP/BACKGRND.BMP/011.png
Art asset: data/styles/cartoon/BMP/BACKGRND.BMP/012.png
Art asset: data/styles/cartoon/BMP/BACKGRND.BMP/013.png
Art asset: data/styles/cartoon/BMP/BACKGRND.BMP/014.png
Art asset: data/styles/cartoon/BMP/BACKGRND.BMP/015.png
Art asset: data/hd/BMP/BACKGRND.BMP/016.png
Art asset: data/hd/BMP/BACKGRND.BMP/017.png
Art asset: data/hd/BMP/BACKGRND.BMP/018.png
Art asset: data/hd/BMP/BACKGRND.BMP/019.png
Art asset: data/hd/BMP/BACKGRND.BMP/020.png
Art asset: data/hd/BMP/BACKGRND.BMP/021.png
Art asset: data/hd/BMP/BACKGRND.BMP/022.png
Art asset: data/hd/BMP/BACKGRND.BMP/023.png
Art asset: data/hd/BMP/BACKGRND.BMP/024.png
Art asset: data/hd/BMP/BACKGRND.BMP/025.png
Art asset: data/hd/BMP/BACKGRND.BMP/026.png
Art asset: data/hd/BMP/BACKGRND.BMP/027.png
Art asset: data/hd/BMP/BACKGRND.BMP/028.png
Art asset: data/hd/BMP/BACKGRND.BMP/029.png
Art asset: data/hd/BMP/BACKGRND.BMP/030.png
Art asset: data/hd/BMP/BACKGRND.BMP/031.png
Art asset: data/hd/BMP/BACKGRND.BMP/032.png
Art asset: data/hd/BMP/BACKGRND.BMP/033.png
Art asset: data/hd/BMP/BACKGRND.BMP/034.png
Art asset: data/hd/BMP/BACKGRND.BMP/035.png
Art asset: data/hd/BMP/BACKGRND.BMP/036.png
Art asset: data/hd/BMP/BACKGRND.BMP/037.png
Art asset: data/hd/BMP/BACKGRND.BMP/038.png
Art asset: data/hd/BMP/BACKGRND.BMP/039.png
Art asset: data/hd/BMP/BACKGRND.BMP/040.png
Art asset: data/hd/BMP/BACKGRND.BMP/041.png
SHORE DRAW: frame=0 x=288 y=279 dx=0 dy=0 scale=2 canvas=560x104
SHORE DRAW: frame=13 x=442 y=148 dx=0 dy=0 scale=2 canvas=48x290
SHORE DRAW: frame=12 x=365 y=122 dx=0 dy=0 scale=2 canvas=304x138
SHORE DRAW: frame=14 x=396 y=279 dx=0 dy=0 scale=2 canvas=208x56
SHORE DRAW: frame=6 x=364 y=319 dx=0 dy=0 scale=2 canvas=320x50
SHORE DRAW: frame=6 x=364 y=319 dx=0 dy=0 scale=2 canvas=320x50
SHORE DRAW: frame=9 x=518 y=303 dx=0 dy=0 scale=2 canvas=144x64
SHORE DRAW: frame=6 x=364 y=319 dx=0 dy=0 scale=2 canvas=320x50
SHORE DRAW: frame=9 x=518 y=303 dx=0 dy=0 scale=2 canvas=144x64
SHORE DRAW: frame=3 x=270 y=306 dx=0 dy=0 scale=2 canvas=144x58
SHORE DRAW: frame=9 x=518 y=303 dx=0 dy=0 scale=2 canvas=144x64
SHORE DRAW: frame=3 x=270 y=306 dx=0 dy=0 scale=2 canvas=144x58
SHORE DRAW: frame=7 x=364 y=319 dx=0 dy=0 scale=2 canvas=320x50
Art asset: data/styles/cartoon/BMP/HOLIDAY.BMP/000.png
Art asset: data/styles/cartoon/BMP/HOLIDAY.BMP/001.png
Art asset: data/styles/cartoon/BMP/HOLIDAY.BMP/002.png
Art asset: data/styles/cartoon/BMP/HOLIDAY.BMP/003.png
SEASONAL DRAW: frame=0 x=410 y=298 dx=0 dy=0 scale=2 canvas=80x68
Art asset: data/styles/cartoon/BMP/BACKGRND.BMP/000.png
Art asset: data/hd/BMP/BACKGRND.BMP/001.png
Art asset: data/hd/BMP/BACKGRND.BMP/002.png
Art asset: data/styles/cartoon/BMP/BACKGRND.BMP/003.png
Art asset: data/styles/cartoon/BMP/BACKGRND.BMP/004.png
Art asset: data/styles/cartoon/BMP/BACKGRND.BMP/005.png
Art asset: data/styles/cartoon/BMP/BACKGRND.BMP/006.png
Art asset: data/styles/cartoon/BMP/BACKGRND.BMP/007.png
Art asset: data/styles/cartoon/BMP/BACKGRND.BMP/008.png
Art asset: data/styles/cartoon/BMP/BACKGRND.BMP/009.png
Art asset: data/styles/cartoon/BMP/BACKGRND.BMP/010.png
Art asset: data/styles/cartoon/BMP/BACKGRND.BMP/011.png
Art asset: data/styles/cartoon/BMP/BACKGRND.BMP/012.png
Art asset: data/styles/cartoon/BMP/BACKGRND.BMP/013.png
Art asset: data/styles/cartoon/BMP/BACKGRND.BMP/014.png
Art asset: data/styles/cartoon/BMP/BACKGRND.BMP/015.png
Art asset: data/hd/BMP/BACKGRND.BMP/016.png
Art asset: data/hd/BMP/BACKGRND.BMP/017.png
Art asset: data/hd/BMP/BACKGRND.BMP/018.png
Art asset: data/hd/BMP/BACKGRND.BMP/019.png
Art asset: data/hd/BMP/BACKGRND.BMP/020.png
Art asset: data/hd/BMP/BACKGRND.BMP/021.png
Art asset: data/hd/BMP/BACKGRND.BMP/022.png
Art asset: data/hd/BMP/BACKGRND.BMP/023.png
Art asset: data/hd/BMP/BACKGRND.BMP/024.png
Art asset: data/hd/BMP/BACKGRND.BMP/025.png
Art asset: data/hd/BMP/BACKGRND.BMP/026.png
Art asset: data/hd/BMP/BACKGRND.BMP/027.png
Art asset: data/hd/BMP/BACKGRND.BMP/028.png
Art asset: data/hd/BMP/BACKGRND.BMP/029.png
Art asset: data/hd/BMP/BACKGRND.BMP/030.png
Art asset: data/hd/BMP/BACKGRND.BMP/031.png
Art asset: data/hd/BMP/BACKGRND.BMP/032.png
Art asset: data/hd/BMP/BACKGRND.BMP/033.png
Art asset: data/hd/BMP/BACKGRND.BMP/034.png
Art asset: data/hd/BMP/BACKGRND.BMP/035.png
Art asset: data/hd/BMP/BACKGRND.BMP/036.png
Art asset: data/hd/BMP/BACKGRND.BMP/037.png
Art asset: data/hd/BMP/BACKGRND.BMP/038.png
Art asset: data/hd/BMP/BACKGRND.BMP/039.png
Art asset: data/hd/BMP/BACKGRND.BMP/040.png
Art asset: data/hd/BMP/BACKGRND.BMP/041.png
Clouds Pos: 89, 32
SHORE DRAW: frame=17 x=89 y=32 dx=0 dy=0 scale=2 canvas=528x152
Clouds Pos: 136, 26
SHORE DRAW: frame=16 x=136 y=26 dx=0 dy=0 scale=2 canvas=384x114
SEASONAL STATE: seed=11 holiday=1 night=0 offset=0,0 lowTide=0 raft=0 render=1280x960
SHORE STAGE: native same-heading wait
Art asset: data/styles/cartoon/BMP/JOHNWALK.BMP/000.png
Art asset: data/styles/cartoon/BMP/JOHNWALK.BMP/001.png
Art asset: data/styles/cartoon/BMP/JOHNWALK.BMP/002.png
Art asset: data/styles/cartoon/BMP/JOHNWALK.BMP/003.png
Art asset: data/styles/cartoon/BMP/JOHNWALK.BMP/004.png
Art asset: data/styles/cartoon/BMP/JOHNWALK.BMP/005.png
Art asset: data/styles/cartoon/BMP/JOHNWALK.BMP/006.png
Art asset: data/styles/cartoon/BMP/JOHNWALK.BMP/007.png
Art asset: data/styles/cartoon/BMP/JOHNWALK.BMP/008.png
Art asset: data/styles/cartoon/BMP/JOHNWALK.BMP/009.png
Art asset: data/styles/cartoon/BMP/JOHNWALK.BMP/010.png
Art asset: data/styles/cartoon/BMP/JOHNWALK.BMP/011.png
Art asset: data/styles/cartoon/BMP/JOHNWALK.BMP/012.png
Art asset: data/hd/BMP/JOHNWALK.BMP/013.png
Art asset: data/hd/BMP/JOHNWALK.BMP/014.png
Art asset: data/styles/cartoon/BMP/JOHNWALK.BMP/015.png
Art asset: data/styles/cartoon/BMP/JOHNWALK.BMP/016.png
Art asset: data/styles/cartoon/BMP/JOHNWALK.BMP/017.png
Art asset: data/styles/cartoon/BMP/JOHNWALK.BMP/018.png
Art asset: data/styles/cartoon/BMP/JOHNWALK.BMP/019.png
Art asset: data/styles/cartoon/BMP/JOHNWALK.BMP/020.png
Art asset: data/styles/cartoon/BMP/JOHNWALK.BMP/021.png
Art asset: data/styles/cartoon/BMP/JOHNWALK.BMP/022.png
Art asset: data/styles/cartoon/BMP/JOHNWALK.BMP/023.png
Art asset: data/styles/cartoon/BMP/JOHNWALK.BMP/024.png
Art asset: data/styles/cartoon/BMP/JOHNWALK.BMP/025.png
Art asset: data/styles/cartoon/BMP/JOHNWALK.BMP/026.png
Art asset: data/styles/cartoon/BMP/JOHNWALK.BMP/027.png
Art asset: data/styles/cartoon/BMP/JOHNWALK.BMP/028.png
Art asset: data/styles/cartoon/BMP/JOHNWALK.BMP/029.png
Art asset: data/hd/BMP/JOHNWALK.BMP/030.png
Art asset: data/hd/BMP/JOHNWALK.BMP/031.png
Art asset: data/hd/BMP/JOHNWALK.BMP/032.png
Art asset: data/hd/BMP/JOHNWALK.BMP/033.png
Art asset: data/hd/BMP/JOHNWALK.BMP/034.png
Art asset: data/hd/BMP/JOHNWALK.BMP/035.png

 +-- CALCULATE PATH --
 |
 |  . walking from A to A:
 |  . possible paths:  A
 |  . chosen path: A
 +--------------------

WALKING:  spot=0 hdg=0 next=0  -  data 0 300 243 16

    ------> Animate clouds
Clouds Pos: 87, 32
SHORE DRAW: frame=17 x=87 y=32 dx=0 dy=0 scale=2 canvas=528x152
Clouds Pos: 135, 26
SHORE DRAW: frame=16 x=135 y=26 dx=0 dy=0 scale=2 canvas=384x114
 ******* WAIT: 6 ticks *******

    ------> Animate walking
WALKING: end walk

 ******* WAIT: 0 ticks *******

SHORE STAGE: native wait returned
Captured frame: final.ppm (1280x960)
Art assets decoded: cartoon=61, HD fallback=71, original fallback=0
SEASONAL DONE: finite native wait returned; cleanup complete
