PASS day/none/baseline/smoke
PASS day/none/candidate/smoke
PASS day/pumpkin/baseline/smoke
PASS day/pumpkin/candidate/smoke
PASS day/clover/baseline/smoke
PASS day/clover/candidate/smoke
PASS day/tree/baseline/smoke
PASS day/tree/candidate/smoke
PASS day/banner/baseline/smoke
PASS day/banner/candidate/smoke
PASS day smoke group
PASS motion/high_none/baseline/smoke
PASS motion/high_none/candidate/smoke
PASS motion/high_clover/baseline/smoke
PASS motion/high_clover/candidate/smoke
PASS motion/low_none/baseline/smoke
PASS motion/low_none/candidate/smoke
PASS motion/low_clover/baseline/smoke
PASS motion/low_clover/candidate/smoke
PASS motion/night_shift_clover/baseline/smoke
PASS motion/night_shift_clover/candidate/smoke
PASS motion/johnny_front/baseline/smoke
PASS motion/johnny_front/candidate/smoke
PASS motion/johnny_rear/baseline/smoke
PASS motion/johnny_rear/candidate/smoke
PASS motion smoke group
PASS day/none/baseline/repeat
PASS day/none/candidate/repeat
PASS day/pumpkin/baseline/repeat
PASS day/pumpkin/candidate/repeat
PASS day/clover/baseline/repeat
PASS day/clover/candidate/repeat
PASS day/tree/baseline/repeat
PASS day/tree/candidate/repeat
PASS day/banner/baseline/repeat
PASS day/banner/candidate/repeat
PASS motion/high_none/baseline/repeat
PASS motion/high_none/candidate/repeat
PASS motion/high_clover/baseline/repeat
PASS motion/high_clover/candidate/repeat
PASS motion/low_none/baseline/repeat
PASS motion/low_none/candidate/repeat
PASS motion/low_clover/baseline/repeat
PASS motion/low_clover/candidate/repeat
PASS motion/night_shift_clover/baseline/repeat
PASS motion/night_shift_clover/candidate/repeat
PASS motion/johnny_front/baseline/repeat
PASS motion/johnny_front/candidate/repeat
PASS motion/johnny_rear/baseline/repeat
PASS motion/johnny_rear/candidate/repeat
