zipvfs: opened archive 'scrantic_data.zip' (2581 entries)
Loading resources ...................................................................................................................................................................................
Art style: Cartoon (preview) (partial pack: 30/2401 assets; missing art uses HD/original), scale=2
rand seed: 11 (forced)
Art asset: data/styles/cartoon/SCR/OCEAN02.SCR.png
island backdrop: OCEAN02.SCR
Art asset: data/hd/BMP/MRAFT.BMP/000.png
Art asset: data/hd/BMP/MRAFT.BMP/001.png
Art asset: data/hd/BMP/MRAFT.BMP/002.png
Art asset: data/hd/BMP/MRAFT.BMP/003.png
Art asset: data/hd/BMP/MRAFT.BMP/004.png
Art asset: data/hd/BMP/MRAFT.BMP/005.png
Art asset: data/hd/BMP/MRAFT.BMP/006.png
Art asset: data/styles/cartoon/BMP/BACKGRND.BMP/000.png
Art asset: data/hd/BMP/BACKGRND.BMP/001.png
Art asset: data/hd/BMP/BACKGRND.BMP/002.png
Art asset: data/styles/cartoon/BMP/BACKGRND.BMP/003.png
Art asset: data/styles/cartoon/BMP/BACKGRND.BMP/004.png
Art asset: data/styles/cartoon/BMP/BACKGRND.BMP/005.png
Art asset: data/styles/cartoon/BMP/BACKGRND.BMP/006.png
Art asset: data/styles/cartoon/BMP/BACKGRND.BMP/007.png
Art asset: data/styles/cartoon/BMP/BACKGRND.BMP/008.png
Art asset: data/styles/cartoon/BMP/BACKGRND.BMP/009.png
Art asset: data/styles/cartoon/BMP/BACKGRND.BMP/010.png
Art asset: data/styles/cartoon/BMP/BACKGRND.BMP/011.png
Art asset: data/styles/cartoon/BMP/BACKGRND.BMP/012.png
Art asset: data/styles/cartoon/BMP/BACKGRND.BMP/013.png
Art asset: data/styles/cartoon/BMP/BACKGRND.BMP/014.png
Art asset: data/styles/cartoon/BMP/BACKGRND.BMP/015.png
Art asset: data/hd/BMP/BACKGRND.BMP/016.png
Art asset: data/hd/BMP/BACKGRND.BMP/017.png
Art asset: data/hd/BMP/BACKGRND.BMP/018.png
Art asset: data/hd/BMP/BACKGRND.BMP/019.png
Art asset: data/hd/BMP/BACKGRND.BMP/020.png
Art asset: data/hd/BMP/BACKGRND.BMP/021.png
Art asset: data/hd/BMP/BACKGRND.BMP/022.png
Art asset: data/hd/BMP/BACKGRND.BMP/023.png
Art asset: data/hd/BMP/BACKGRND.BMP/024.png
Art asset: data/hd/BMP/BACKGRND.BMP/025.png
Art asset: data/hd/BMP/BACKGRND.BMP/026.png
Art asset: data/hd/BMP/BACKGRND.BMP/027.png
Art asset: data/hd/BMP/BACKGRND.BMP/028.png
Art asset: data/hd/BMP/BACKGRND.BMP/029.png
Art asset: data/hd/BMP/BACKGRND.BMP/030.png
Art asset: data/hd/BMP/BACKGRND.BMP/031.png
Art asset: data/hd/BMP/BACKGRND.BMP/032.png
Art asset: data/hd/BMP/BACKGRND.BMP/033.png
Art asset: data/hd/BMP/BACKGRND.BMP/034.png
Art asset: data/hd/BMP/BACKGRND.BMP/035.png
Art asset: data/hd/BMP/BACKGRND.BMP/036.png
Art asset: data/hd/BMP/BACKGRND.BMP/037.png
Art asset: data/hd/BMP/BACKGRND.BMP/038.png
Art asset: data/hd/BMP/BACKGRND.BMP/039.png
Art asset: data/hd/BMP/BACKGRND.BMP/040.png
Art asset: data/hd/BMP/BACKGRND.BMP/041.png
Art asset: data/styles/cartoon/BMP/BACKGRND.BMP/000.png
Art asset: data/hd/BMP/BACKGRND.BMP/001.png
Art asset: data/hd/BMP/BACKGRND.BMP/002.png
Art asset: data/styles/cartoon/BMP/BACKGRND.BMP/003.png
Art asset: data/styles/cartoon/BMP/BACKGRND.BMP/004.png
Art asset: data/styles/cartoon/BMP/BACKGRND.BMP/005.png
Art asset: data/styles/cartoon/BMP/BACKGRND.BMP/006.png
Art asset: data/styles/cartoon/BMP/BACKGRND.BMP/007.png
Art asset: data/styles/cartoon/BMP/BACKGRND.BMP/008.png
Art asset: data/styles/cartoon/BMP/BACKGRND.BMP/009.png
Art asset: data/styles/cartoon/BMP/BACKGRND.BMP/010.png
Art asset: data/styles/cartoon/BMP/BACKGRND.BMP/011.png
Art asset: data/styles/cartoon/BMP/BACKGRND.BMP/012.png
Art asset: data/styles/cartoon/BMP/BACKGRND.BMP/013.png
Art asset: data/styles/cartoon/BMP/BACKGRND.BMP/014.png
Art asset: data/styles/cartoon/BMP/BACKGRND.BMP/015.png
Art asset: data/hd/BMP/BACKGRND.BMP/016.png
Art asset: data/hd/BMP/BACKGRND.BMP/017.png
Art asset: data/hd/BMP/BACKGRND.BMP/018.png
Art asset: data/hd/BMP/BACKGRND.BMP/019.png
Art asset: data/hd/BMP/BACKGRND.BMP/020.png
Art asset: data/hd/BMP/BACKGRND.BMP/021.png
Art asset: data/hd/BMP/BACKGRND.BMP/022.png
Art asset: data/hd/BMP/BACKGRND.BMP/023.png
Art asset: data/hd/BMP/BACKGRND.BMP/024.png
Art asset: data/hd/BMP/BACKGRND.BMP/025.png
Art asset: data/hd/BMP/BACKGRND.BMP/026.png
Art asset: data/hd/BMP/BACKGRND.BMP/027.png
Art asset: data/hd/BMP/BACKGRND.BMP/028.png
Art asset: data/hd/BMP/BACKGRND.BMP/029.png
Art asset: data/hd/BMP/BACKGRND.BMP/030.png
Art asset: data/hd/BMP/BACKGRND.BMP/031.png
Art asset: data/hd/BMP/BACKGRND.BMP/032.png
Art asset: data/hd/BMP/BACKGRND.BMP/033.png
Art asset: data/hd/BMP/BACKGRND.BMP/034.png
Art asset: data/hd/BMP/BACKGRND.BMP/035.png
Art asset: data/hd/BMP/BACKGRND.BMP/036.png
Art asset: data/hd/BMP/BACKGRND.BMP/037.png
Art asset: data/hd/BMP/BACKGRND.BMP/038.png
Art asset: data/hd/BMP/BACKGRND.BMP/039.png
Art asset: data/hd/BMP/BACKGRND.BMP/040.png
Art asset: data/hd/BMP/BACKGRND.BMP/041.png
Clouds Pos: 89, 32
Clouds Pos: 136, 26
TURN DRIVER: island_seed=11 path_seed=2 clip=increasing style=cartoon
TURN ISLAND: highTide=1 offset=0,0 raft=0 night=0 holiday=0
TURN SEGMENT: prime api=adsPlayWalk(0,0,0,0) start_ms=0
Art asset: data/hd/BMP/JOHNWALK.BMP/000.png
Art asset: data/hd/BMP/JOHNWALK.BMP/001.png
Art asset: data/hd/BMP/JOHNWALK.BMP/002.png
Art asset: data/hd/BMP/JOHNWALK.BMP/003.png
Art asset: data/hd/BMP/JOHNWALK.BMP/004.png
Art asset: data/hd/BMP/JOHNWALK.BMP/005.png
Art asset: data/hd/BMP/JOHNWALK.BMP/006.png
Art asset: data/hd/BMP/JOHNWALK.BMP/007.png
Art asset: data/hd/BMP/JOHNWALK.BMP/008.png
Art asset: data/hd/BMP/JOHNWALK.BMP/009.png
Art asset: data/hd/BMP/JOHNWALK.BMP/010.png
Art asset: data/styles/cartoon/BMP/JOHNWALK.BMP/011.png
Art asset: data/hd/BMP/JOHNWALK.BMP/012.png
Art asset: data/hd/BMP/JOHNWALK.BMP/013.png
Art asset: data/hd/BMP/JOHNWALK.BMP/014.png
Art asset: data/hd/BMP/JOHNWALK.BMP/015.png
Art asset: data/styles/cartoon/BMP/JOHNWALK.BMP/016.png
Art asset: data/styles/cartoon/BMP/JOHNWALK.BMP/017.png
Art asset: data/styles/cartoon/BMP/JOHNWALK.BMP/018.png
Art asset: data/styles/cartoon/BMP/JOHNWALK.BMP/019.png
Art asset: data/styles/cartoon/BMP/JOHNWALK.BMP/020.png
Art asset: data/styles/cartoon/BMP/JOHNWALK.BMP/021.png
Art asset: data/styles/cartoon/BMP/JOHNWALK.BMP/022.png
Art asset: data/styles/cartoon/BMP/JOHNWALK.BMP/023.png
Art asset: data/styles/cartoon/BMP/JOHNWALK.BMP/024.png
Art asset: data/styles/cartoon/BMP/JOHNWALK.BMP/025.png
Art asset: data/styles/cartoon/BMP/JOHNWALK.BMP/026.png
Art asset: data/styles/cartoon/BMP/JOHNWALK.BMP/027.png
Art asset: data/styles/cartoon/BMP/JOHNWALK.BMP/028.png
Art asset: data/styles/cartoon/BMP/JOHNWALK.BMP/029.png
Art asset: data/hd/BMP/JOHNWALK.BMP/030.png
Art asset: data/hd/BMP/JOHNWALK.BMP/031.png
Art asset: data/hd/BMP/JOHNWALK.BMP/032.png
Art asset: data/hd/BMP/JOHNWALK.BMP/033.png
Art asset: data/hd/BMP/JOHNWALK.BMP/034.png
Art asset: data/hd/BMP/JOHNWALK.BMP/035.png

 +-- CALCULATE PATH --
 |
 |  . walking from A to A:
 |  . possible paths:  A
 |  . chosen path: A
 +--------------------

WALKING:  spot=0 hdg=0 next=0  -  data 0 300 243 16

TURN DRAW: flip=0 x=299 y=243 frame=16
TURN ANIMATE: delay_ticks=80
    ------> Animate clouds
Clouds Pos: 87, 32
Clouds Pos: 135, 26
TURN WAIT: ticks=0 logical_ms=0
TURN DISPLAY: 1 logical_ms=0 file=display-001.ppm
 ******* WAIT: 6 ticks *******

    ------> Animate walking
WALKING: end walk

TURN ANIMATE: delay_ticks=0
TURN WAIT: ticks=6 logical_ms=120
TURN DISPLAY: 2 logical_ms=120 file=display-002.ppm
 ******* WAIT: 0 ticks *******

TURN SEGMENT END: prime end_ms=120
TURN SEGMENT: turn01 api=adsPlayWalk(0,0,0,1) start_ms=120

 +-- CALCULATE PATH --
 |
 |  . walking from A to A:
 |  . possible paths:  A
 |  . chosen path: A
 +--------------------

WALKING:  spot=0 hdg=0 next=1  -  data 1 294 243 17

TURN DRAW: flip=1 x=293 y=243 frame=17
TURN ANIMATE: delay_ticks=80
TURN WAIT: ticks=0 logical_ms=120
TURN DISPLAY: 3 logical_ms=120 file=display-003.ppm
 ******* WAIT: 2 ticks *******

    ------> Animate bg
    ------> Animate clouds
Clouds Pos: 85, 32
Clouds Pos: 134, 26
TURN WAIT: ticks=2 logical_ms=160
TURN DISPLAY: 4 logical_ms=160 file=display-004.ppm
 ******* WAIT: 4 ticks *******

    ------> Animate walking
WALKING: end walk

TURN ANIMATE: delay_ticks=0
TURN WAIT: ticks=4 logical_ms=240
TURN DISPLAY: 5 logical_ms=240 file=display-005.ppm
 ******* WAIT: 0 ticks *******

TURN SEGMENT END: turn01 end_ms=240
TURN SEGMENT: turn02 api=adsPlayWalk(0,1,0,2) start_ms=240

 +-- CALCULATE PATH --
 |
 |  . walking from A to A:
 |  . possible paths:  A
 |  . chosen path: A
 +--------------------

WALKING:  spot=0 hdg=1 next=2  -  data 1 285 241 0

TURN DRAW: flip=1 x=284 y=241 frame=0
TURN ANIMATE: delay_ticks=80
TURN WAIT: ticks=0 logical_ms=240
TURN DISPLAY: 6 logical_ms=240 file=display-006.ppm
 ******* WAIT: 4 ticks *******

    ------> Animate bg
    ------> Animate clouds
Clouds Pos: 83, 32
Clouds Pos: 133, 26
TURN WAIT: ticks=4 logical_ms=320
TURN DISPLAY: 7 logical_ms=320 file=display-007.ppm
 ******* WAIT: 2 ticks *******

    ------> Animate walking
WALKING: end walk

TURN ANIMATE: delay_ticks=0
TURN WAIT: ticks=2 logical_ms=360
TURN DISPLAY: 8 logical_ms=360 file=display-008.ppm
 ******* WAIT: 0 ticks *******

TURN SEGMENT END: turn02 end_ms=360
TURN SEGMENT: turn03 api=adsPlayWalk(0,2,0,3) start_ms=360

 +-- CALCULATE PATH --
 |
 |  . walking from A to A:
 |  . possible paths:  A
 |  . chosen path: A
 +--------------------

WALKING:  spot=0 hdg=2 next=3  -  data 0 299 240 18

TURN DRAW: flip=0 x=298 y=240 frame=18
TURN ANIMATE: delay_ticks=80
TURN WAIT: ticks=0 logical_ms=360
TURN DISPLAY: 9 logical_ms=360 file=display-009.ppm
 ******* WAIT: 6 ticks *******

    ------> Animate bg
    ------> Animate clouds
Clouds Pos: 81, 32
Clouds Pos: 132, 26
    ------> Animate walking
WALKING: end walk

TURN ANIMATE: delay_ticks=0
TURN WAIT: ticks=6 logical_ms=480
TURN DISPLAY: 10 logical_ms=480 file=display-010.ppm
 ******* WAIT: 0 ticks *******

TURN SEGMENT END: turn03 end_ms=480
TURN SEGMENT: turn04 api=adsPlayWalk(0,3,0,4) start_ms=480

 +-- CALCULATE PATH --
 |
 |  . walking from A to A:
 |  . possible paths:  A
 |  . chosen path: A
 +--------------------

WALKING:  spot=0 hdg=3 next=4  -  data 0 299 241 15

TURN DRAW: flip=0 x=298 y=241 frame=15
TURN ANIMATE: delay_ticks=80
TURN WAIT: ticks=0 logical_ms=480
TURN DISPLAY: 11 logical_ms=480 file=display-011.ppm
 ******* WAIT: 6 ticks *******

    ------> Animate walking
WALKING: end walk

TURN ANIMATE: delay_ticks=0
TURN WAIT: ticks=6 logical_ms=600
TURN DISPLAY: 12 logical_ms=600 file=display-012.ppm
 ******* WAIT: 0 ticks *******

TURN SEGMENT END: turn04 end_ms=600
TURN SEGMENT: turn05 api=adsPlayWalk(0,4,0,5) start_ms=600

 +-- CALCULATE PATH --
 |
 |  . walking from A to A:
 |  . possible paths:  A
 |  . chosen path: A
 +--------------------

WALKING:  spot=0 hdg=4 next=5  -  data 1 300 239 18

TURN DRAW: flip=1 x=299 y=239 frame=18
TURN ANIMATE: delay_ticks=80
TURN WAIT: ticks=0 logical_ms=600
TURN DISPLAY: 13 logical_ms=600 file=display-013.ppm
 ******* WAIT: 2 ticks *******

    ------> Animate bg
    ------> Animate clouds
Clouds Pos: 79, 32
Clouds Pos: 131, 26
TURN WAIT: ticks=2 logical_ms=640
TURN DISPLAY: 14 logical_ms=640 file=display-014.ppm
 ******* WAIT: 4 ticks *******

    ------> Animate walking
WALKING: end walk

TURN ANIMATE: delay_ticks=0
TURN WAIT: ticks=4 logical_ms=720
TURN DISPLAY: 15 logical_ms=720 file=display-015.ppm
 ******* WAIT: 0 ticks *******

TURN SEGMENT END: turn05 end_ms=720
TURN SEGMENT: turn06 api=adsPlayWalk(0,5,0,6) start_ms=720

 +-- CALCULATE PATH --
 |
 |  . walking from A to A:
 |  . possible paths:  A
 |  . chosen path: A
 +--------------------

WALKING:  spot=0 hdg=5 next=6  -  data 0 305 241 0

TURN DRAW: flip=0 x=304 y=241 frame=0
TURN ANIMATE: delay_ticks=80
TURN WAIT: ticks=0 logical_ms=720
TURN DISPLAY: 16 logical_ms=720 file=display-016.ppm
 ******* WAIT: 4 ticks *******

    ------> Animate bg
    ------> Animate clouds
Clouds Pos: 77, 32
Clouds Pos: 130, 26
TURN WAIT: ticks=4 logical_ms=800
TURN DISPLAY: 17 logical_ms=800 file=display-017.ppm
 ******* WAIT: 2 ticks *******

    ------> Animate walking
WALKING: end walk

TURN ANIMATE: delay_ticks=0
TURN WAIT: ticks=2 logical_ms=840
TURN DISPLAY: 18 logical_ms=840 file=display-018.ppm
 ******* WAIT: 0 ticks *******

TURN SEGMENT END: turn06 end_ms=840
TURN SEGMENT: turn07 api=adsPlayWalk(0,6,0,7) start_ms=840

 +-- CALCULATE PATH --
 |
 |  . walking from A to A:
 |  . possible paths:  A
 |  . chosen path: A
 +--------------------

WALKING:  spot=0 hdg=6 next=7  -  data 0 300 243 17

TURN DRAW: flip=0 x=299 y=243 frame=17
TURN ANIMATE: delay_ticks=80
TURN WAIT: ticks=0 logical_ms=840
TURN DISPLAY: 19 logical_ms=840 file=display-019.ppm
 ******* WAIT: 6 ticks *******

    ------> Animate bg
    ------> Animate clouds
Clouds Pos: 75, 32
Clouds Pos: 129, 26
    ------> Animate walking
WALKING: end walk

TURN ANIMATE: delay_ticks=0
TURN WAIT: ticks=6 logical_ms=960
TURN DISPLAY: 20 logical_ms=960 file=display-020.ppm
 ******* WAIT: 0 ticks *******

TURN SEGMENT END: turn07 end_ms=960
TURN SEGMENT: turn08 api=adsPlayWalk(0,7,0,0) start_ms=960

 +-- CALCULATE PATH --
 |
 |  . walking from A to A:
 |  . possible paths:  A
 |  . chosen path: A
 +--------------------

WALKING:  spot=0 hdg=7 next=0  -  data 0 300 243 16

TURN DRAW: flip=0 x=299 y=243 frame=16
TURN ANIMATE: delay_ticks=80
TURN WAIT: ticks=0 logical_ms=960
TURN DISPLAY: 21 logical_ms=960 file=display-021.ppm
 ******* WAIT: 6 ticks *******

    ------> Animate walking
WALKING: end walk

TURN ANIMATE: delay_ticks=0
TURN WAIT: ticks=6 logical_ms=1080
TURN DISPLAY: 22 logical_ms=1080 file=display-022.ppm
 ******* WAIT: 0 ticks *******

TURN SEGMENT END: turn08 end_ms=1080
Captured frame: final.ppm (1280x960)
Art assets decoded: cartoon=44, HD fallback=84, original fallback=0
TURN DRIVER: finite clips returned; cleanup complete; displays=22 logical_ms=1080
