PASS high_clover/baseline/smoke
PASS high_clover/candidate/smoke
PASS night_shift_clover/baseline/smoke
PASS night_shift_clover/candidate/smoke
PASS low_clover/baseline/smoke
PASS low_clover/candidate/smoke
PASS johnny_front/baseline/smoke
PASS johnny_front/candidate/smoke
PASS johnny_rear/baseline/smoke
PASS johnny_rear/candidate/smoke
PASS high_clover/baseline/repeat
PASS high_clover/candidate/repeat
PASS night_shift_clover/baseline/repeat
PASS night_shift_clover/candidate/repeat
PASS low_clover/baseline/repeat
PASS low_clover/candidate/repeat
PASS johnny_front/baseline/repeat
PASS johnny_front/candidate/repeat
PASS johnny_rear/baseline/repeat
PASS johnny_rear/candidate/repeat
