zipvfs: opened archive 'scrantic_data.zip' (2612 entries)
Loading resources ...................................................................................................................................................................................
Art style: Cartoon (preview) (partial pack: 61/2401 assets; missing art uses HD/original), scale=2
rand seed: 11 (forced)
Art asset: data/styles/cartoon/SCR/OCEAN02.SCR.png
island backdrop: OCEAN02.SCR
Art asset: data/hd/BMP/MRAFT.BMP/000.png
Art asset: data/hd/BMP/MRAFT.BMP/001.png
Art asset: data/hd/BMP/MRAFT.BMP/002.png
Art asset: data/hd/BMP/MRAFT.BMP/003.png
Art asset: data/hd/BMP/MRAFT.BMP/004.png
Art asset: data/hd/BMP/MRAFT.BMP/005.png
Art asset: data/hd/BMP/MRAFT.BMP/006.png
Art asset: data/styles/cartoon/BMP/BACKGRND.BMP/000.png
Art asset: data/styles/cartoon/BMP/BACKGRND.BMP/001.png
Art asset: data/styles/cartoon/BMP/BACKGRND.BMP/002.png
Art asset: data/styles/cartoon/BMP/BACKGRND.BMP/003.png
Art asset: data/styles/cartoon/BMP/BACKGRND.BMP/004.png
Art asset: data/styles/cartoon/BMP/BACKGRND.BMP/005.png
Art asset: data/styles/cartoon/BMP/BACKGRND.BMP/006.png
Art asset: data/styles/cartoon/BMP/BACKGRND.BMP/007.png
Art asset: data/styles/cartoon/BMP/BACKGRND.BMP/008.png
Art asset: data/styles/cartoon/BMP/BACKGRND.BMP/009.png
Art asset: data/styles/cartoon/BMP/BACKGRND.BMP/010.png
Art asset: data/styles/cartoon/BMP/BACKGRND.BMP/011.png
Art asset: data/styles/cartoon/BMP/BACKGRND.BMP/012.png
Art asset: data/styles/cartoon/BMP/BACKGRND.BMP/013.png
Art asset: data/styles/cartoon/BMP/BACKGRND.BMP/014.png
Art asset: data/styles/cartoon/BMP/BACKGRND.BMP/015.png
Art asset: data/hd/BMP/BACKGRND.BMP/016.png
Art asset: data/hd/BMP/BACKGRND.BMP/017.png
Art asset: data/hd/BMP/BACKGRND.BMP/018.png
Art asset: data/hd/BMP/BACKGRND.BMP/019.png
Art asset: data/hd/BMP/BACKGRND.BMP/020.png
Art asset: data/hd/BMP/BACKGRND.BMP/021.png
Art asset: data/hd/BMP/BACKGRND.BMP/022.png
Art asset: data/hd/BMP/BACKGRND.BMP/023.png
Art asset: data/hd/BMP/BACKGRND.BMP/024.png
Art asset: data/hd/BMP/BACKGRND.BMP/025.png
Art asset: data/hd/BMP/BACKGRND.BMP/026.png
Art asset: data/hd/BMP/BACKGRND.BMP/027.png
Art asset: data/hd/BMP/BACKGRND.BMP/028.png
Art asset: data/hd/BMP/BACKGRND.BMP/029.png
Art asset: data/styles/cartoon/BMP/BACKGRND.BMP/030.png
Art asset: data/styles/cartoon/BMP/BACKGRND.BMP/031.png
Art asset: data/styles/cartoon/BMP/BACKGRND.BMP/032.png
Art asset: data/styles/cartoon/BMP/BACKGRND.BMP/033.png
Art asset: data/styles/cartoon/BMP/BACKGRND.BMP/034.png
Art asset: data/styles/cartoon/BMP/BACKGRND.BMP/035.png
Art asset: data/styles/cartoon/BMP/BACKGRND.BMP/036.png
Art asset: data/styles/cartoon/BMP/BACKGRND.BMP/037.png
Art asset: data/styles/cartoon/BMP/BACKGRND.BMP/038.png
Art asset: data/styles/cartoon/BMP/BACKGRND.BMP/039.png
Art asset: data/styles/cartoon/BMP/BACKGRND.BMP/040.png
Art asset: data/styles/cartoon/BMP/BACKGRND.BMP/041.png
GROUND SURFACE: x=540 y=548 canvas=640x180
BG DRAW: frame=0 x=288 y=279 dx=0 dy=0 scale=2 canvas=640x180
BG DRAW: frame=13 x=442 y=148 dx=0 dy=0 scale=2 canvas=48x290
BG DRAW: frame=12 x=365 y=122 dx=0 dy=0 scale=2 canvas=304x138
BG DRAW: frame=14 x=396 y=279 dx=0 dy=0 scale=2 canvas=208x56
WAVE SURFACE: frame=6 x=696 y=548 canvas=384x256
BG DRAW: frame=6 x=364 y=319 dx=0 dy=0 scale=2 canvas=384x256
WAVE SURFACE: frame=6 x=696 y=548 canvas=384x256
BG DRAW: frame=6 x=364 y=319 dx=0 dy=0 scale=2 canvas=384x256
WAVE SURFACE: frame=9 x=1036 y=606 canvas=154x74
BG DRAW: frame=9 x=518 y=303 dx=0 dy=0 scale=2 canvas=154x74
WAVE SURFACE: frame=6 x=696 y=548 canvas=384x256
BG DRAW: frame=6 x=364 y=319 dx=0 dy=0 scale=2 canvas=384x256
WAVE SURFACE: frame=9 x=1036 y=606 canvas=154x74
BG DRAW: frame=9 x=518 y=303 dx=0 dy=0 scale=2 canvas=154x74
WAVE SURFACE: frame=3 x=534 y=612 canvas=150x66
BG DRAW: frame=3 x=270 y=306 dx=0 dy=0 scale=2 canvas=150x66
WAVE SURFACE: frame=9 x=1036 y=606 canvas=154x74
BG DRAW: frame=9 x=518 y=303 dx=0 dy=0 scale=2 canvas=154x74
WAVE SURFACE: frame=3 x=534 y=612 canvas=150x66
BG DRAW: frame=3 x=270 y=306 dx=0 dy=0 scale=2 canvas=150x66
WAVE SURFACE: frame=7 x=696 y=548 canvas=384x256
BG DRAW: frame=7 x=364 y=319 dx=0 dy=0 scale=2 canvas=384x256
Art asset: data/styles/cartoon/BMP/BACKGRND.BMP/000.png
Art asset: data/styles/cartoon/BMP/BACKGRND.BMP/001.png
Art asset: data/styles/cartoon/BMP/BACKGRND.BMP/002.png
Art asset: data/styles/cartoon/BMP/BACKGRND.BMP/003.png
Art asset: data/styles/cartoon/BMP/BACKGRND.BMP/004.png
Art asset: data/styles/cartoon/BMP/BACKGRND.BMP/005.png
Art asset: data/styles/cartoon/BMP/BACKGRND.BMP/006.png
Art asset: data/styles/cartoon/BMP/BACKGRND.BMP/007.png
Art asset: data/styles/cartoon/BMP/BACKGRND.BMP/008.png
Art asset: data/styles/cartoon/BMP/BACKGRND.BMP/009.png
Art asset: data/styles/cartoon/BMP/BACKGRND.BMP/010.png
Art asset: data/styles/cartoon/BMP/BACKGRND.BMP/011.png
Art asset: data/styles/cartoon/BMP/BACKGRND.BMP/012.png
Art asset: data/styles/cartoon/BMP/BACKGRND.BMP/013.png
Art asset: data/styles/cartoon/BMP/BACKGRND.BMP/014.png
Art asset: data/styles/cartoon/BMP/BACKGRND.BMP/015.png
Art asset: data/hd/BMP/BACKGRND.BMP/016.png
Art asset: data/hd/BMP/BACKGRND.BMP/017.png
Art asset: data/hd/BMP/BACKGRND.BMP/018.png
Art asset: data/hd/BMP/BACKGRND.BMP/019.png
Art asset: data/hd/BMP/BACKGRND.BMP/020.png
Art asset: data/hd/BMP/BACKGRND.BMP/021.png
Art asset: data/hd/BMP/BACKGRND.BMP/022.png
Art asset: data/hd/BMP/BACKGRND.BMP/023.png
Art asset: data/hd/BMP/BACKGRND.BMP/024.png
Art asset: data/hd/BMP/BACKGRND.BMP/025.png
Art asset: data/hd/BMP/BACKGRND.BMP/026.png
Art asset: data/hd/BMP/BACKGRND.BMP/027.png
Art asset: data/hd/BMP/BACKGRND.BMP/028.png
Art asset: data/hd/BMP/BACKGRND.BMP/029.png
Art asset: data/styles/cartoon/BMP/BACKGRND.BMP/030.png
Art asset: data/styles/cartoon/BMP/BACKGRND.BMP/031.png
Art asset: data/styles/cartoon/BMP/BACKGRND.BMP/032.png
Art asset: data/styles/cartoon/BMP/BACKGRND.BMP/033.png
Art asset: data/styles/cartoon/BMP/BACKGRND.BMP/034.png
Art asset: data/styles/cartoon/BMP/BACKGRND.BMP/035.png
Art asset: data/styles/cartoon/BMP/BACKGRND.BMP/036.png
Art asset: data/styles/cartoon/BMP/BACKGRND.BMP/037.png
Art asset: data/styles/cartoon/BMP/BACKGRND.BMP/038.png
Art asset: data/styles/cartoon/BMP/BACKGRND.BMP/039.png
Art asset: data/styles/cartoon/BMP/BACKGRND.BMP/040.png
Art asset: data/styles/cartoon/BMP/BACKGRND.BMP/041.png
Clouds Pos: 89, 32
BG DRAW: frame=17 x=89 y=32 dx=0 dy=0 scale=2 canvas=528x152
Clouds Pos: 136, 26
BG DRAW: frame=16 x=136 y=26 dx=0 dy=0 scale=2 canvas=384x114
STATE: seed=11 holiday=0 night=0 offset=0,0 low=0 raft=0 render=1280x960
NATIVE CALL: segment=1 args=0,0,0,0
Art asset: data/styles/cartoon/BMP/JOHNWALK.BMP/000.png
Art asset: data/styles/cartoon/BMP/JOHNWALK.BMP/001.png
Art asset: data/styles/cartoon/BMP/JOHNWALK.BMP/002.png
Art asset: data/styles/cartoon/BMP/JOHNWALK.BMP/003.png
Art asset: data/styles/cartoon/BMP/JOHNWALK.BMP/004.png
Art asset: data/styles/cartoon/BMP/JOHNWALK.BMP/005.png
Art asset: data/styles/cartoon/BMP/JOHNWALK.BMP/006.png
Art asset: data/styles/cartoon/BMP/JOHNWALK.BMP/007.png
Art asset: data/styles/cartoon/BMP/JOHNWALK.BMP/008.png
Art asset: data/styles/cartoon/BMP/JOHNWALK.BMP/009.png
Art asset: data/styles/cartoon/BMP/JOHNWALK.BMP/010.png
Art asset: data/styles/cartoon/BMP/JOHNWALK.BMP/011.png
Art asset: data/styles/cartoon/BMP/JOHNWALK.BMP/012.png
Art asset: data/hd/BMP/JOHNWALK.BMP/013.png
Art asset: data/hd/BMP/JOHNWALK.BMP/014.png
Art asset: data/styles/cartoon/BMP/JOHNWALK.BMP/015.png
Art asset: data/styles/cartoon/BMP/JOHNWALK.BMP/016.png
Art asset: data/styles/cartoon/BMP/JOHNWALK.BMP/017.png
Art asset: data/styles/cartoon/BMP/JOHNWALK.BMP/018.png
Art asset: data/styles/cartoon/BMP/JOHNWALK.BMP/019.png
Art asset: data/styles/cartoon/BMP/JOHNWALK.BMP/020.png
Art asset: data/styles/cartoon/BMP/JOHNWALK.BMP/021.png
Art asset: data/styles/cartoon/BMP/JOHNWALK.BMP/022.png
Art asset: data/styles/cartoon/BMP/JOHNWALK.BMP/023.png
Art asset: data/styles/cartoon/BMP/JOHNWALK.BMP/024.png
Art asset: data/styles/cartoon/BMP/JOHNWALK.BMP/025.png
Art asset: data/styles/cartoon/BMP/JOHNWALK.BMP/026.png
Art asset: data/styles/cartoon/BMP/JOHNWALK.BMP/027.png
Art asset: data/styles/cartoon/BMP/JOHNWALK.BMP/028.png
Art asset: data/styles/cartoon/BMP/JOHNWALK.BMP/029.png
Art asset: data/hd/BMP/JOHNWALK.BMP/030.png
Art asset: data/hd/BMP/JOHNWALK.BMP/031.png
Art asset: data/hd/BMP/JOHNWALK.BMP/032.png
Art asset: data/hd/BMP/JOHNWALK.BMP/033.png
Art asset: data/hd/BMP/JOHNWALK.BMP/034.png
Art asset: data/hd/BMP/JOHNWALK.BMP/035.png

 +-- CALCULATE PATH --
 |
 |  . walking from A to A:
 |  . possible paths:  A
 |  . chosen path: A
 +--------------------

WALKING:  spot=0 hdg=0 next=0  -  data 0 300 243 16

JOHNNY DRAW: segment=1 frame=16 flip=0 x=299 y=243
    ------> Animate clouds
Clouds Pos: 87, 32
BG DRAW: frame=17 x=87 y=32 dx=0 dy=0 scale=2 canvas=528x152
Clouds Pos: 135, 26
BG DRAW: frame=16 x=135 y=26 dx=0 dy=0 scale=2 canvas=384x114
DISPLAY: n=1 ticks=0 segment=1 phases=3,7,9,-1 johnny=16,0,299,243
DISPLAY: n=2 ticks=0 segment=1 phases=3,7,9,-1 johnny=16,0,299,243
 ******* WAIT: 6 ticks *******

    ------> Animate walking
WALKING: end walk

DISPLAY: n=3 ticks=6 segment=1 phases=3,7,9,-1 johnny=16,0,299,243
 ******* WAIT: 0 ticks *******

NATIVE RETURN: segment=1 ticks=6
NATIVE CALL: segment=2 args=0,0,0,0

 +-- CALCULATE PATH --
 |
 |  . walking from A to A:
 |  . possible paths:  A
 |  . chosen path: A
 +--------------------

WALKING:  spot=0 hdg=0 next=0  -  data 0 300 243 16

JOHNNY DRAW: segment=2 frame=16 flip=0 x=299 y=243
DISPLAY: n=4 ticks=6 segment=2 phases=3,7,9,-1 johnny=16,0,299,243
 ******* WAIT: 2 ticks *******

    ------> Animate bg
WAVE SURFACE: frame=3 x=534 y=612 canvas=150x66
BG DRAW: frame=3 x=270 y=306 dx=0 dy=0 scale=2 canvas=150x66
WAVE SURFACE: frame=7 x=696 y=548 canvas=384x256
BG DRAW: frame=7 x=364 y=319 dx=0 dy=0 scale=2 canvas=384x256
WAVE SURFACE: frame=10 x=1036 y=606 canvas=154x74
BG DRAW: frame=10 x=518 y=303 dx=0 dy=0 scale=2 canvas=154x74
    ------> Animate clouds
Clouds Pos: 85, 32
BG DRAW: frame=17 x=85 y=32 dx=0 dy=0 scale=2 canvas=528x152
Clouds Pos: 134, 26
BG DRAW: frame=16 x=134 y=26 dx=0 dy=0 scale=2 canvas=384x114
DISPLAY: n=5 ticks=8 segment=2 phases=3,7,10,-1 johnny=16,0,299,243
 ******* WAIT: 4 ticks *******

    ------> Animate walking
WALKING: end walk

DISPLAY: n=6 ticks=12 segment=2 phases=3,7,10,-1 johnny=16,0,299,243
 ******* WAIT: 0 ticks *******

NATIVE RETURN: segment=2 ticks=12
NATIVE CALL: segment=3 args=0,0,0,0

 +-- CALCULATE PATH --
 |
 |  . walking from A to A:
 |  . possible paths:  A
 |  . chosen path: A
 +--------------------

WALKING:  spot=0 hdg=0 next=0  -  data 0 300 243 16

JOHNNY DRAW: segment=3 frame=16 flip=0 x=299 y=243
DISPLAY: n=7 ticks=12 segment=3 phases=3,7,10,-1 johnny=16,0,299,243
 ******* WAIT: 4 ticks *******

    ------> Animate bg
WAVE SURFACE: frame=7 x=696 y=548 canvas=384x256
BG DRAW: frame=7 x=364 y=319 dx=0 dy=0 scale=2 canvas=384x256
WAVE SURFACE: frame=10 x=1036 y=606 canvas=154x74
BG DRAW: frame=10 x=518 y=303 dx=0 dy=0 scale=2 canvas=154x74
WAVE SURFACE: frame=4 x=534 y=612 canvas=150x66
BG DRAW: frame=4 x=270 y=306 dx=0 dy=0 scale=2 canvas=150x66
    ------> Animate clouds
Clouds Pos: 83, 32
BG DRAW: frame=17 x=83 y=32 dx=0 dy=0 scale=2 canvas=528x152
Clouds Pos: 133, 26
BG DRAW: frame=16 x=133 y=26 dx=0 dy=0 scale=2 canvas=384x114
DISPLAY: n=8 ticks=16 segment=3 phases=4,7,10,-1 johnny=16,0,299,243
 ******* WAIT: 2 ticks *******

    ------> Animate walking
WALKING: end walk

DISPLAY: n=9 ticks=18 segment=3 phases=4,7,10,-1 johnny=16,0,299,243
 ******* WAIT: 0 ticks *******

NATIVE RETURN: segment=3 ticks=18
NATIVE CALL: segment=4 args=0,0,0,0

 +-- CALCULATE PATH --
 |
 |  . walking from A to A:
 |  . possible paths:  A
 |  . chosen path: A
 +--------------------

WALKING:  spot=0 hdg=0 next=0  -  data 0 300 243 16

JOHNNY DRAW: segment=4 frame=16 flip=0 x=299 y=243
DISPLAY: n=10 ticks=18 segment=4 phases=4,7,10,-1 johnny=16,0,299,243
 ******* WAIT: 6 ticks *******

    ------> Animate bg
WAVE SURFACE: frame=10 x=1036 y=606 canvas=154x74
BG DRAW: frame=10 x=518 y=303 dx=0 dy=0 scale=2 canvas=154x74
WAVE SURFACE: frame=4 x=534 y=612 canvas=150x66
BG DRAW: frame=4 x=270 y=306 dx=0 dy=0 scale=2 canvas=150x66
WAVE SURFACE: frame=8 x=696 y=548 canvas=384x256
BG DRAW: frame=8 x=364 y=319 dx=0 dy=0 scale=2 canvas=384x256
    ------> Animate clouds
Clouds Pos: 81, 32
BG DRAW: frame=17 x=81 y=32 dx=0 dy=0 scale=2 canvas=528x152
Clouds Pos: 132, 26
BG DRAW: frame=16 x=132 y=26 dx=0 dy=0 scale=2 canvas=384x114
    ------> Animate walking
WALKING: end walk

DISPLAY: n=11 ticks=24 segment=4 phases=4,8,10,-1 johnny=16,0,299,243
 ******* WAIT: 0 ticks *******

NATIVE RETURN: segment=4 ticks=24
NATIVE CALL: segment=5 args=0,0,0,0

 +-- CALCULATE PATH --
 |
 |  . walking from A to A:
 |  . possible paths:  A
 |  . chosen path: A
 +--------------------

WALKING:  spot=0 hdg=0 next=0  -  data 0 300 243 16

JOHNNY DRAW: segment=5 frame=16 flip=0 x=299 y=243
DISPLAY: n=12 ticks=24 segment=5 phases=4,8,10,-1 johnny=16,0,299,243
 ******* WAIT: 6 ticks *******

    ------> Animate walking
WALKING: end walk

DISPLAY: n=13 ticks=30 segment=5 phases=4,8,10,-1 johnny=16,0,299,243
 ******* WAIT: 0 ticks *******

NATIVE RETURN: segment=5 ticks=30
NATIVE CALL: segment=6 args=0,0,0,0

 +-- CALCULATE PATH --
 |
 |  . walking from A to A:
 |  . possible paths:  A
 |  . chosen path: A
 +--------------------

WALKING:  spot=0 hdg=0 next=0  -  data 0 300 243 16

JOHNNY DRAW: segment=6 frame=16 flip=0 x=299 y=243
DISPLAY: n=14 ticks=30 segment=6 phases=4,8,10,-1 johnny=16,0,299,243
 ******* WAIT: 2 ticks *******

    ------> Animate bg
WAVE SURFACE: frame=4 x=534 y=612 canvas=150x66
BG DRAW: frame=4 x=270 y=306 dx=0 dy=0 scale=2 canvas=150x66
WAVE SURFACE: frame=8 x=696 y=548 canvas=384x256
BG DRAW: frame=8 x=364 y=319 dx=0 dy=0 scale=2 canvas=384x256
WAVE SURFACE: frame=11 x=1036 y=606 canvas=154x74
BG DRAW: frame=11 x=518 y=303 dx=0 dy=0 scale=2 canvas=154x74
    ------> Animate clouds
Clouds Pos: 79, 32
BG DRAW: frame=17 x=79 y=32 dx=0 dy=0 scale=2 canvas=528x152
Clouds Pos: 131, 26
BG DRAW: frame=16 x=131 y=26 dx=0 dy=0 scale=2 canvas=384x114
DISPLAY: n=15 ticks=32 segment=6 phases=4,8,11,-1 johnny=16,0,299,243
 ******* WAIT: 4 ticks *******

    ------> Animate walking
WALKING: end walk

DISPLAY: n=16 ticks=36 segment=6 phases=4,8,11,-1 johnny=16,0,299,243
 ******* WAIT: 0 ticks *******

NATIVE RETURN: segment=6 ticks=36
NATIVE CALL: segment=7 args=0,0,0,0

 +-- CALCULATE PATH --
 |
 |  . walking from A to A:
 |  . possible paths:  A
 |  . chosen path: A
 +--------------------

WALKING:  spot=0 hdg=0 next=0  -  data 0 300 243 16

JOHNNY DRAW: segment=7 frame=16 flip=0 x=299 y=243
DISPLAY: n=17 ticks=36 segment=7 phases=4,8,11,-1 johnny=16,0,299,243
 ******* WAIT: 4 ticks *******

    ------> Animate bg
WAVE SURFACE: frame=8 x=696 y=548 canvas=384x256
BG DRAW: frame=8 x=364 y=319 dx=0 dy=0 scale=2 canvas=384x256
WAVE SURFACE: frame=11 x=1036 y=606 canvas=154x74
BG DRAW: frame=11 x=518 y=303 dx=0 dy=0 scale=2 canvas=154x74
WAVE SURFACE: frame=5 x=534 y=612 canvas=150x66
BG DRAW: frame=5 x=270 y=306 dx=0 dy=0 scale=2 canvas=150x66
    ------> Animate clouds
Clouds Pos: 77, 32
BG DRAW: frame=17 x=77 y=32 dx=0 dy=0 scale=2 canvas=528x152
Clouds Pos: 130, 26
BG DRAW: frame=16 x=130 y=26 dx=0 dy=0 scale=2 canvas=384x114
DISPLAY: n=18 ticks=40 segment=7 phases=5,8,11,-1 johnny=16,0,299,243
 ******* WAIT: 2 ticks *******

    ------> Animate walking
WALKING: end walk

DISPLAY: n=19 ticks=42 segment=7 phases=5,8,11,-1 johnny=16,0,299,243
 ******* WAIT: 0 ticks *******

NATIVE RETURN: segment=7 ticks=42
NATIVE CALL: segment=8 args=0,0,0,0

 +-- CALCULATE PATH --
 |
 |  . walking from A to A:
 |  . possible paths:  A
 |  . chosen path: A
 +--------------------

WALKING:  spot=0 hdg=0 next=0  -  data 0 300 243 16

JOHNNY DRAW: segment=8 frame=16 flip=0 x=299 y=243
DISPLAY: n=20 ticks=42 segment=8 phases=5,8,11,-1 johnny=16,0,299,243
 ******* WAIT: 6 ticks *******

    ------> Animate bg
WAVE SURFACE: frame=11 x=1036 y=606 canvas=154x74
BG DRAW: frame=11 x=518 y=303 dx=0 dy=0 scale=2 canvas=154x74
WAVE SURFACE: frame=5 x=534 y=612 canvas=150x66
BG DRAW: frame=5 x=270 y=306 dx=0 dy=0 scale=2 canvas=150x66
WAVE SURFACE: frame=6 x=696 y=548 canvas=384x256
BG DRAW: frame=6 x=364 y=319 dx=0 dy=0 scale=2 canvas=384x256
    ------> Animate clouds
Clouds Pos: 75, 32
BG DRAW: frame=17 x=75 y=32 dx=0 dy=0 scale=2 canvas=528x152
Clouds Pos: 129, 26
BG DRAW: frame=16 x=129 y=26 dx=0 dy=0 scale=2 canvas=384x114
    ------> Animate walking
WALKING: end walk

DISPLAY: n=21 ticks=48 segment=8 phases=5,6,11,-1 johnny=16,0,299,243
 ******* WAIT: 0 ticks *******

NATIVE RETURN: segment=8 ticks=48
NATIVE CALL: segment=9 args=0,0,0,0

 +-- CALCULATE PATH --
 |
 |  . walking from A to A:
 |  . possible paths:  A
 |  . chosen path: A
 +--------------------

WALKING:  spot=0 hdg=0 next=0  -  data 0 300 243 16

JOHNNY DRAW: segment=9 frame=16 flip=0 x=299 y=243
DISPLAY: n=22 ticks=48 segment=9 phases=5,6,11,-1 johnny=16,0,299,243
 ******* WAIT: 6 ticks *******

    ------> Animate walking
WALKING: end walk

DISPLAY: n=23 ticks=54 segment=9 phases=5,6,11,-1 johnny=16,0,299,243
 ******* WAIT: 0 ticks *******

NATIVE RETURN: segment=9 ticks=54
NATIVE CALL: segment=10 args=0,0,0,0

 +-- CALCULATE PATH --
 |
 |  . walking from A to A:
 |  . possible paths:  A
 |  . chosen path: A
 +--------------------

WALKING:  spot=0 hdg=0 next=0  -  data 0 300 243 16

JOHNNY DRAW: segment=10 frame=16 flip=0 x=299 y=243
DISPLAY: n=24 ticks=54 segment=10 phases=5,6,11,-1 johnny=16,0,299,243
 ******* WAIT: 2 ticks *******

    ------> Animate bg
WAVE SURFACE: frame=5 x=534 y=612 canvas=150x66
BG DRAW: frame=5 x=270 y=306 dx=0 dy=0 scale=2 canvas=150x66
WAVE SURFACE: frame=6 x=696 y=548 canvas=384x256
BG DRAW: frame=6 x=364 y=319 dx=0 dy=0 scale=2 canvas=384x256
WAVE SURFACE: frame=9 x=1036 y=606 canvas=154x74
BG DRAW: frame=9 x=518 y=303 dx=0 dy=0 scale=2 canvas=154x74
    ------> Animate clouds
Clouds Pos: 73, 32
BG DRAW: frame=17 x=73 y=32 dx=0 dy=0 scale=2 canvas=528x152
Clouds Pos: 128, 26
BG DRAW: frame=16 x=128 y=26 dx=0 dy=0 scale=2 canvas=384x114
DISPLAY: n=25 ticks=56 segment=10 phases=5,6,9,-1 johnny=16,0,299,243
 ******* WAIT: 4 ticks *******

    ------> Animate walking
WALKING: end walk

DISPLAY: n=26 ticks=60 segment=10 phases=5,6,9,-1 johnny=16,0,299,243
 ******* WAIT: 0 ticks *******

NATIVE RETURN: segment=10 ticks=60
NATIVE CALL: segment=11 args=0,0,0,0

 +-- CALCULATE PATH --
 |
 |  . walking from A to A:
 |  . possible paths:  A
 |  . chosen path: A
 +--------------------

WALKING:  spot=0 hdg=0 next=0  -  data 0 300 243 16

JOHNNY DRAW: segment=11 frame=16 flip=0 x=299 y=243
DISPLAY: n=27 ticks=60 segment=11 phases=5,6,9,-1 johnny=16,0,299,243
 ******* WAIT: 4 ticks *******

    ------> Animate bg
WAVE SURFACE: frame=6 x=696 y=548 canvas=384x256
BG DRAW: frame=6 x=364 y=319 dx=0 dy=0 scale=2 canvas=384x256
WAVE SURFACE: frame=9 x=1036 y=606 canvas=154x74
BG DRAW: frame=9 x=518 y=303 dx=0 dy=0 scale=2 canvas=154x74
WAVE SURFACE: frame=3 x=534 y=612 canvas=150x66
BG DRAW: frame=3 x=270 y=306 dx=0 dy=0 scale=2 canvas=150x66
    ------> Animate clouds
Clouds Pos: 71, 32
BG DRAW: frame=17 x=71 y=32 dx=0 dy=0 scale=2 canvas=528x152
Clouds Pos: 127, 26
BG DRAW: frame=16 x=127 y=26 dx=0 dy=0 scale=2 canvas=384x114
DISPLAY: n=28 ticks=64 segment=11 phases=3,6,9,-1 johnny=16,0,299,243
 ******* WAIT: 2 ticks *******

    ------> Animate walking
WALKING: end walk

DISPLAY: n=29 ticks=66 segment=11 phases=3,6,9,-1 johnny=16,0,299,243
 ******* WAIT: 0 ticks *******

NATIVE RETURN: segment=11 ticks=66
NATIVE CALL: segment=12 args=0,0,0,0

 +-- CALCULATE PATH --
 |
 |  . walking from A to A:
 |  . possible paths:  A
 |  . chosen path: A
 +--------------------

WALKING:  spot=0 hdg=0 next=0  -  data 0 300 243 16

JOHNNY DRAW: segment=12 frame=16 flip=0 x=299 y=243
DISPLAY: n=30 ticks=66 segment=12 phases=3,6,9,-1 johnny=16,0,299,243
 ******* WAIT: 6 ticks *******

    ------> Animate bg
WAVE SURFACE: frame=9 x=1036 y=606 canvas=154x74
BG DRAW: frame=9 x=518 y=303 dx=0 dy=0 scale=2 canvas=154x74
WAVE SURFACE: frame=3 x=534 y=612 canvas=150x66
BG DRAW: frame=3 x=270 y=306 dx=0 dy=0 scale=2 canvas=150x66
WAVE SURFACE: frame=7 x=696 y=548 canvas=384x256
BG DRAW: frame=7 x=364 y=319 dx=0 dy=0 scale=2 canvas=384x256
    ------> Animate clouds
Clouds Pos: 69, 32
BG DRAW: frame=17 x=69 y=32 dx=0 dy=0 scale=2 canvas=528x152
Clouds Pos: 126, 26
BG DRAW: frame=16 x=126 y=26 dx=0 dy=0 scale=2 canvas=384x114
    ------> Animate walking
WALKING: end walk

DISPLAY: n=31 ticks=72 segment=12 phases=3,7,9,-1 johnny=16,0,299,243
 ******* WAIT: 0 ticks *******

NATIVE RETURN: segment=12 ticks=72
NATIVE CALL: segment=13 args=0,0,0,0

 +-- CALCULATE PATH --
 |
 |  . walking from A to A:
 |  . possible paths:  A
 |  . chosen path: A
 +--------------------

WALKING:  spot=0 hdg=0 next=0  -  data 0 300 243 16

JOHNNY DRAW: segment=13 frame=16 flip=0 x=299 y=243
DISPLAY: n=32 ticks=72 segment=13 phases=3,7,9,-1 johnny=16,0,299,243
 ******* WAIT: 6 ticks *******

    ------> Animate walking
WALKING: end walk

DISPLAY: n=33 ticks=78 segment=13 phases=3,7,9,-1 johnny=16,0,299,243
 ******* WAIT: 0 ticks *******

NATIVE RETURN: segment=13 ticks=78
NATIVE CALL: segment=14 args=0,0,0,0

 +-- CALCULATE PATH --
 |
 |  . walking from A to A:
 |  . possible paths:  A
 |  . chosen path: A
 +--------------------

WALKING:  spot=0 hdg=0 next=0  -  data 0 300 243 16

JOHNNY DRAW: segment=14 frame=16 flip=0 x=299 y=243
DISPLAY: n=34 ticks=78 segment=14 phases=3,7,9,-1 johnny=16,0,299,243
 ******* WAIT: 2 ticks *******

    ------> Animate bg
WAVE SURFACE: frame=3 x=534 y=612 canvas=150x66
BG DRAW: frame=3 x=270 y=306 dx=0 dy=0 scale=2 canvas=150x66
WAVE SURFACE: frame=7 x=696 y=548 canvas=384x256
BG DRAW: frame=7 x=364 y=319 dx=0 dy=0 scale=2 canvas=384x256
WAVE SURFACE: frame=10 x=1036 y=606 canvas=154x74
BG DRAW: frame=10 x=518 y=303 dx=0 dy=0 scale=2 canvas=154x74
    ------> Animate clouds
Clouds Pos: 67, 32
BG DRAW: frame=17 x=67 y=32 dx=0 dy=0 scale=2 canvas=528x152
Clouds Pos: 125, 26
BG DRAW: frame=16 x=125 y=26 dx=0 dy=0 scale=2 canvas=384x114
DISPLAY: n=35 ticks=80 segment=14 phases=3,7,10,-1 johnny=16,0,299,243
 ******* WAIT: 4 ticks *******

    ------> Animate walking
WALKING: end walk

DISPLAY: n=36 ticks=84 segment=14 phases=3,7,10,-1 johnny=16,0,299,243
 ******* WAIT: 0 ticks *******

NATIVE RETURN: segment=14 ticks=84
NATIVE CALL: segment=15 args=0,0,0,0

 +-- CALCULATE PATH --
 |
 |  . walking from A to A:
 |  . possible paths:  A
 |  . chosen path: A
 +--------------------

WALKING:  spot=0 hdg=0 next=0  -  data 0 300 243 16

JOHNNY DRAW: segment=15 frame=16 flip=0 x=299 y=243
DISPLAY: n=37 ticks=84 segment=15 phases=3,7,10,-1 johnny=16,0,299,243
 ******* WAIT: 4 ticks *******

    ------> Animate bg
WAVE SURFACE: frame=7 x=696 y=548 canvas=384x256
BG DRAW: frame=7 x=364 y=319 dx=0 dy=0 scale=2 canvas=384x256
WAVE SURFACE: frame=10 x=1036 y=606 canvas=154x74
BG DRAW: frame=10 x=518 y=303 dx=0 dy=0 scale=2 canvas=154x74
WAVE SURFACE: frame=4 x=534 y=612 canvas=150x66
BG DRAW: frame=4 x=270 y=306 dx=0 dy=0 scale=2 canvas=150x66
    ------> Animate clouds
Clouds Pos: 65, 32
BG DRAW: frame=17 x=65 y=32 dx=0 dy=0 scale=2 canvas=528x152
Clouds Pos: 124, 26
BG DRAW: frame=16 x=124 y=26 dx=0 dy=0 scale=2 canvas=384x114
DISPLAY: n=38 ticks=88 segment=15 phases=4,7,10,-1 johnny=16,0,299,243
 ******* WAIT: 2 ticks *******

    ------> Animate walking
WALKING: end walk

DISPLAY: n=39 ticks=90 segment=15 phases=4,7,10,-1 johnny=16,0,299,243
 ******* WAIT: 0 ticks *******

NATIVE RETURN: segment=15 ticks=90
NATIVE CALL: segment=16 args=0,0,0,0

 +-- CALCULATE PATH --
 |
 |  . walking from A to A:
 |  . possible paths:  A
 |  . chosen path: A
 +--------------------

WALKING:  spot=0 hdg=0 next=0  -  data 0 300 243 16

JOHNNY DRAW: segment=16 frame=16 flip=0 x=299 y=243
DISPLAY: n=40 ticks=90 segment=16 phases=4,7,10,-1 johnny=16,0,299,243
 ******* WAIT: 6 ticks *******

    ------> Animate bg
WAVE SURFACE: frame=10 x=1036 y=606 canvas=154x74
BG DRAW: frame=10 x=518 y=303 dx=0 dy=0 scale=2 canvas=154x74
WAVE SURFACE: frame=4 x=534 y=612 canvas=150x66
BG DRAW: frame=4 x=270 y=306 dx=0 dy=0 scale=2 canvas=150x66
WAVE SURFACE: frame=8 x=696 y=548 canvas=384x256
BG DRAW: frame=8 x=364 y=319 dx=0 dy=0 scale=2 canvas=384x256
    ------> Animate clouds
Clouds Pos: 63, 32
BG DRAW: frame=17 x=63 y=32 dx=0 dy=0 scale=2 canvas=528x152
Clouds Pos: 123, 26
BG DRAW: frame=16 x=123 y=26 dx=0 dy=0 scale=2 canvas=384x114
    ------> Animate walking
WALKING: end walk

DISPLAY: n=41 ticks=96 segment=16 phases=4,8,10,-1 johnny=16,0,299,243
 ******* WAIT: 0 ticks *******

NATIVE RETURN: segment=16 ticks=96
NATIVE CALL: segment=17 args=0,0,0,0

 +-- CALCULATE PATH --
 |
 |  . walking from A to A:
 |  . possible paths:  A
 |  . chosen path: A
 +--------------------

WALKING:  spot=0 hdg=0 next=0  -  data 0 300 243 16

JOHNNY DRAW: segment=17 frame=16 flip=0 x=299 y=243
DISPLAY: n=42 ticks=96 segment=17 phases=4,8,10,-1 johnny=16,0,299,243
 ******* WAIT: 6 ticks *******

    ------> Animate walking
WALKING: end walk

DISPLAY: n=43 ticks=102 segment=17 phases=4,8,10,-1 johnny=16,0,299,243
 ******* WAIT: 0 ticks *******

NATIVE RETURN: segment=17 ticks=102
NATIVE CALL: segment=18 args=0,0,0,0

 +-- CALCULATE PATH --
 |
 |  . walking from A to A:
 |  . possible paths:  A
 |  . chosen path: A
 +--------------------

WALKING:  spot=0 hdg=0 next=0  -  data 0 300 243 16

JOHNNY DRAW: segment=18 frame=16 flip=0 x=299 y=243
DISPLAY: n=44 ticks=102 segment=18 phases=4,8,10,-1 johnny=16,0,299,243
 ******* WAIT: 2 ticks *******

    ------> Animate bg
WAVE SURFACE: frame=4 x=534 y=612 canvas=150x66
BG DRAW: frame=4 x=270 y=306 dx=0 dy=0 scale=2 canvas=150x66
WAVE SURFACE: frame=8 x=696 y=548 canvas=384x256
BG DRAW: frame=8 x=364 y=319 dx=0 dy=0 scale=2 canvas=384x256
WAVE SURFACE: frame=11 x=1036 y=606 canvas=154x74
BG DRAW: frame=11 x=518 y=303 dx=0 dy=0 scale=2 canvas=154x74
    ------> Animate clouds
Clouds Pos: 61, 32
BG DRAW: frame=17 x=61 y=32 dx=0 dy=0 scale=2 canvas=528x152
Clouds Pos: 122, 26
BG DRAW: frame=16 x=122 y=26 dx=0 dy=0 scale=2 canvas=384x114
DISPLAY: n=45 ticks=104 segment=18 phases=4,8,11,-1 johnny=16,0,299,243
 ******* WAIT: 4 ticks *******

    ------> Animate walking
WALKING: end walk

DISPLAY: n=46 ticks=108 segment=18 phases=4,8,11,-1 johnny=16,0,299,243
 ******* WAIT: 0 ticks *******

NATIVE RETURN: segment=18 ticks=108
NATIVE CALL: segment=19 args=0,0,0,0

 +-- CALCULATE PATH --
 |
 |  . walking from A to A:
 |  . possible paths:  A
 |  . chosen path: A
 +--------------------

WALKING:  spot=0 hdg=0 next=0  -  data 0 300 243 16

JOHNNY DRAW: segment=19 frame=16 flip=0 x=299 y=243
DISPLAY: n=47 ticks=108 segment=19 phases=4,8,11,-1 johnny=16,0,299,243
 ******* WAIT: 4 ticks *******

    ------> Animate bg
WAVE SURFACE: frame=8 x=696 y=548 canvas=384x256
BG DRAW: frame=8 x=364 y=319 dx=0 dy=0 scale=2 canvas=384x256
WAVE SURFACE: frame=11 x=1036 y=606 canvas=154x74
BG DRAW: frame=11 x=518 y=303 dx=0 dy=0 scale=2 canvas=154x74
WAVE SURFACE: frame=5 x=534 y=612 canvas=150x66
BG DRAW: frame=5 x=270 y=306 dx=0 dy=0 scale=2 canvas=150x66
    ------> Animate clouds
Clouds Pos: 59, 32
BG DRAW: frame=17 x=59 y=32 dx=0 dy=0 scale=2 canvas=528x152
Clouds Pos: 121, 26
BG DRAW: frame=16 x=121 y=26 dx=0 dy=0 scale=2 canvas=384x114
DISPLAY: n=48 ticks=112 segment=19 phases=5,8,11,-1 johnny=16,0,299,243
 ******* WAIT: 2 ticks *******

    ------> Animate walking
WALKING: end walk

DISPLAY: n=49 ticks=114 segment=19 phases=5,8,11,-1 johnny=16,0,299,243
 ******* WAIT: 0 ticks *******

NATIVE RETURN: segment=19 ticks=114
NATIVE CALL: segment=20 args=0,0,0,0

 +-- CALCULATE PATH --
 |
 |  . walking from A to A:
 |  . possible paths:  A
 |  . chosen path: A
 +--------------------

WALKING:  spot=0 hdg=0 next=0  -  data 0 300 243 16

JOHNNY DRAW: segment=20 frame=16 flip=0 x=299 y=243
DISPLAY: n=50 ticks=114 segment=20 phases=5,8,11,-1 johnny=16,0,299,243
 ******* WAIT: 6 ticks *******

    ------> Animate bg
WAVE SURFACE: frame=11 x=1036 y=606 canvas=154x74
BG DRAW: frame=11 x=518 y=303 dx=0 dy=0 scale=2 canvas=154x74
WAVE SURFACE: frame=5 x=534 y=612 canvas=150x66
BG DRAW: frame=5 x=270 y=306 dx=0 dy=0 scale=2 canvas=150x66
WAVE SURFACE: frame=6 x=696 y=548 canvas=384x256
BG DRAW: frame=6 x=364 y=319 dx=0 dy=0 scale=2 canvas=384x256
    ------> Animate clouds
Clouds Pos: 57, 32
BG DRAW: frame=17 x=57 y=32 dx=0 dy=0 scale=2 canvas=528x152
Clouds Pos: 120, 26
BG DRAW: frame=16 x=120 y=26 dx=0 dy=0 scale=2 canvas=384x114
    ------> Animate walking
WALKING: end walk

DISPLAY: n=51 ticks=120 segment=20 phases=5,6,11,-1 johnny=16,0,299,243
 ******* WAIT: 0 ticks *******

NATIVE RETURN: segment=20 ticks=120
NATIVE CALL: segment=21 args=0,0,0,0

 +-- CALCULATE PATH --
 |
 |  . walking from A to A:
 |  . possible paths:  A
 |  . chosen path: A
 +--------------------

WALKING:  spot=0 hdg=0 next=0  -  data 0 300 243 16

JOHNNY DRAW: segment=21 frame=16 flip=0 x=299 y=243
DISPLAY: n=52 ticks=120 segment=21 phases=5,6,11,-1 johnny=16,0,299,243
 ******* WAIT: 6 ticks *******

    ------> Animate walking
WALKING: end walk

DISPLAY: n=53 ticks=126 segment=21 phases=5,6,11,-1 johnny=16,0,299,243
 ******* WAIT: 0 ticks *******

NATIVE RETURN: segment=21 ticks=126
NATIVE CALL: segment=22 args=0,0,0,0

 +-- CALCULATE PATH --
 |
 |  . walking from A to A:
 |  . possible paths:  A
 |  . chosen path: A
 +--------------------

WALKING:  spot=0 hdg=0 next=0  -  data 0 300 243 16

JOHNNY DRAW: segment=22 frame=16 flip=0 x=299 y=243
DISPLAY: n=54 ticks=126 segment=22 phases=5,6,11,-1 johnny=16,0,299,243
 ******* WAIT: 2 ticks *******

    ------> Animate bg
WAVE SURFACE: frame=5 x=534 y=612 canvas=150x66
BG DRAW: frame=5 x=270 y=306 dx=0 dy=0 scale=2 canvas=150x66
WAVE SURFACE: frame=6 x=696 y=548 canvas=384x256
BG DRAW: frame=6 x=364 y=319 dx=0 dy=0 scale=2 canvas=384x256
WAVE SURFACE: frame=9 x=1036 y=606 canvas=154x74
BG DRAW: frame=9 x=518 y=303 dx=0 dy=0 scale=2 canvas=154x74
    ------> Animate clouds
Clouds Pos: 55, 32
BG DRAW: frame=17 x=55 y=32 dx=0 dy=0 scale=2 canvas=528x152
Clouds Pos: 119, 26
BG DRAW: frame=16 x=119 y=26 dx=0 dy=0 scale=2 canvas=384x114
DISPLAY: n=55 ticks=128 segment=22 phases=5,6,9,-1 johnny=16,0,299,243
 ******* WAIT: 4 ticks *******

    ------> Animate walking
WALKING: end walk

DISPLAY: n=56 ticks=132 segment=22 phases=5,6,9,-1 johnny=16,0,299,243
 ******* WAIT: 0 ticks *******

NATIVE RETURN: segment=22 ticks=132
NATIVE CALL: segment=23 args=0,0,0,0

 +-- CALCULATE PATH --
 |
 |  . walking from A to A:
 |  . possible paths:  A
 |  . chosen path: A
 +--------------------

WALKING:  spot=0 hdg=0 next=0  -  data 0 300 243 16

JOHNNY DRAW: segment=23 frame=16 flip=0 x=299 y=243
DISPLAY: n=57 ticks=132 segment=23 phases=5,6,9,-1 johnny=16,0,299,243
 ******* WAIT: 4 ticks *******

    ------> Animate bg
WAVE SURFACE: frame=6 x=696 y=548 canvas=384x256
BG DRAW: frame=6 x=364 y=319 dx=0 dy=0 scale=2 canvas=384x256
WAVE SURFACE: frame=9 x=1036 y=606 canvas=154x74
BG DRAW: frame=9 x=518 y=303 dx=0 dy=0 scale=2 canvas=154x74
WAVE SURFACE: frame=3 x=534 y=612 canvas=150x66
BG DRAW: frame=3 x=270 y=306 dx=0 dy=0 scale=2 canvas=150x66
    ------> Animate clouds
Clouds Pos: 53, 32
BG DRAW: frame=17 x=53 y=32 dx=0 dy=0 scale=2 canvas=528x152
Clouds Pos: 118, 26
BG DRAW: frame=16 x=118 y=26 dx=0 dy=0 scale=2 canvas=384x114
DISPLAY: n=58 ticks=136 segment=23 phases=3,6,9,-1 johnny=16,0,299,243
 ******* WAIT: 2 ticks *******

    ------> Animate walking
WALKING: end walk

DISPLAY: n=59 ticks=138 segment=23 phases=3,6,9,-1 johnny=16,0,299,243
 ******* WAIT: 0 ticks *******

NATIVE RETURN: segment=23 ticks=138
NATIVE CALL: segment=24 args=0,0,0,0

 +-- CALCULATE PATH --
 |
 |  . walking from A to A:
 |  . possible paths:  A
 |  . chosen path: A
 +--------------------

WALKING:  spot=0 hdg=0 next=0  -  data 0 300 243 16

JOHNNY DRAW: segment=24 frame=16 flip=0 x=299 y=243
DISPLAY: n=60 ticks=138 segment=24 phases=3,6,9,-1 johnny=16,0,299,243
 ******* WAIT: 6 ticks *******

    ------> Animate bg
WAVE SURFACE: frame=9 x=1036 y=606 canvas=154x74
BG DRAW: frame=9 x=518 y=303 dx=0 dy=0 scale=2 canvas=154x74
WAVE SURFACE: frame=3 x=534 y=612 canvas=150x66
BG DRAW: frame=3 x=270 y=306 dx=0 dy=0 scale=2 canvas=150x66
WAVE SURFACE: frame=7 x=696 y=548 canvas=384x256
BG DRAW: frame=7 x=364 y=319 dx=0 dy=0 scale=2 canvas=384x256
    ------> Animate clouds
Clouds Pos: 51, 32
BG DRAW: frame=17 x=51 y=32 dx=0 dy=0 scale=2 canvas=528x152
Clouds Pos: 117, 26
BG DRAW: frame=16 x=117 y=26 dx=0 dy=0 scale=2 canvas=384x114
    ------> Animate walking
WALKING: end walk

DISPLAY: n=61 ticks=144 segment=24 phases=3,7,9,-1 johnny=16,0,299,243
 ******* WAIT: 0 ticks *******

NATIVE RETURN: segment=24 ticks=144
NATIVE CALL: segment=25 args=0,0,0,0

 +-- CALCULATE PATH --
 |
 |  . walking from A to A:
 |  . possible paths:  A
 |  . chosen path: A
 +--------------------

WALKING:  spot=0 hdg=0 next=0  -  data 0 300 243 16

JOHNNY DRAW: segment=25 frame=16 flip=0 x=299 y=243
DISPLAY: n=62 ticks=144 segment=25 phases=3,7,9,-1 johnny=16,0,299,243
 ******* WAIT: 6 ticks *******

    ------> Animate walking
WALKING: end walk

DISPLAY: n=63 ticks=150 segment=25 phases=3,7,9,-1 johnny=16,0,299,243
 ******* WAIT: 0 ticks *******

NATIVE RETURN: segment=25 ticks=150
NATIVE CALL: segment=26 args=0,0,0,0

 +-- CALCULATE PATH --
 |
 |  . walking from A to A:
 |  . possible paths:  A
 |  . chosen path: A
 +--------------------

WALKING:  spot=0 hdg=0 next=0  -  data 0 300 243 16

JOHNNY DRAW: segment=26 frame=16 flip=0 x=299 y=243
DISPLAY: n=64 ticks=150 segment=26 phases=3,7,9,-1 johnny=16,0,299,243
 ******* WAIT: 2 ticks *******

    ------> Animate bg
WAVE SURFACE: frame=3 x=534 y=612 canvas=150x66
BG DRAW: frame=3 x=270 y=306 dx=0 dy=0 scale=2 canvas=150x66
WAVE SURFACE: frame=7 x=696 y=548 canvas=384x256
BG DRAW: frame=7 x=364 y=319 dx=0 dy=0 scale=2 canvas=384x256
WAVE SURFACE: frame=10 x=1036 y=606 canvas=154x74
BG DRAW: frame=10 x=518 y=303 dx=0 dy=0 scale=2 canvas=154x74
    ------> Animate clouds
Clouds Pos: 49, 32
BG DRAW: frame=17 x=49 y=32 dx=0 dy=0 scale=2 canvas=528x152
Clouds Pos: 116, 26
BG DRAW: frame=16 x=116 y=26 dx=0 dy=0 scale=2 canvas=384x114
DISPLAY: n=65 ticks=152 segment=26 phases=3,7,10,-1 johnny=16,0,299,243
 ******* WAIT: 4 ticks *******

    ------> Animate walking
WALKING: end walk

DISPLAY: n=66 ticks=156 segment=26 phases=3,7,10,-1 johnny=16,0,299,243
 ******* WAIT: 0 ticks *******

NATIVE RETURN: segment=26 ticks=156
NATIVE CALL: segment=27 args=0,0,0,0

 +-- CALCULATE PATH --
 |
 |  . walking from A to A:
 |  . possible paths:  A
 |  . chosen path: A
 +--------------------

WALKING:  spot=0 hdg=0 next=0  -  data 0 300 243 16

JOHNNY DRAW: segment=27 frame=16 flip=0 x=299 y=243
DISPLAY: n=67 ticks=156 segment=27 phases=3,7,10,-1 johnny=16,0,299,243
 ******* WAIT: 4 ticks *******

    ------> Animate bg
WAVE SURFACE: frame=7 x=696 y=548 canvas=384x256
BG DRAW: frame=7 x=364 y=319 dx=0 dy=0 scale=2 canvas=384x256
WAVE SURFACE: frame=10 x=1036 y=606 canvas=154x74
BG DRAW: frame=10 x=518 y=303 dx=0 dy=0 scale=2 canvas=154x74
WAVE SURFACE: frame=4 x=534 y=612 canvas=150x66
BG DRAW: frame=4 x=270 y=306 dx=0 dy=0 scale=2 canvas=150x66
    ------> Animate clouds
Clouds Pos: 47, 32
BG DRAW: frame=17 x=47 y=32 dx=0 dy=0 scale=2 canvas=528x152
Clouds Pos: 115, 26
BG DRAW: frame=16 x=115 y=26 dx=0 dy=0 scale=2 canvas=384x114
DISPLAY: n=68 ticks=160 segment=27 phases=4,7,10,-1 johnny=16,0,299,243
 ******* WAIT: 2 ticks *******

    ------> Animate walking
WALKING: end walk

DISPLAY: n=69 ticks=162 segment=27 phases=4,7,10,-1 johnny=16,0,299,243
 ******* WAIT: 0 ticks *******

NATIVE RETURN: segment=27 ticks=162
NATIVE CALL: segment=28 args=0,0,0,0

 +-- CALCULATE PATH --
 |
 |  . walking from A to A:
 |  . possible paths:  A
 |  . chosen path: A
 +--------------------

WALKING:  spot=0 hdg=0 next=0  -  data 0 300 243 16

JOHNNY DRAW: segment=28 frame=16 flip=0 x=299 y=243
DISPLAY: n=70 ticks=162 segment=28 phases=4,7,10,-1 johnny=16,0,299,243
 ******* WAIT: 6 ticks *******

    ------> Animate bg
WAVE SURFACE: frame=10 x=1036 y=606 canvas=154x74
BG DRAW: frame=10 x=518 y=303 dx=0 dy=0 scale=2 canvas=154x74
WAVE SURFACE: frame=4 x=534 y=612 canvas=150x66
BG DRAW: frame=4 x=270 y=306 dx=0 dy=0 scale=2 canvas=150x66
WAVE SURFACE: frame=8 x=696 y=548 canvas=384x256
BG DRAW: frame=8 x=364 y=319 dx=0 dy=0 scale=2 canvas=384x256
    ------> Animate clouds
Clouds Pos: 45, 32
BG DRAW: frame=17 x=45 y=32 dx=0 dy=0 scale=2 canvas=528x152
Clouds Pos: 114, 26
BG DRAW: frame=16 x=114 y=26 dx=0 dy=0 scale=2 canvas=384x114
    ------> Animate walking
WALKING: end walk

DISPLAY: n=71 ticks=168 segment=28 phases=4,8,10,-1 johnny=16,0,299,243
 ******* WAIT: 0 ticks *******

NATIVE RETURN: segment=28 ticks=168
NATIVE CALL: segment=29 args=0,0,0,0

 +-- CALCULATE PATH --
 |
 |  . walking from A to A:
 |  . possible paths:  A
 |  . chosen path: A
 +--------------------

WALKING:  spot=0 hdg=0 next=0  -  data 0 300 243 16

JOHNNY DRAW: segment=29 frame=16 flip=0 x=299 y=243
DISPLAY: n=72 ticks=168 segment=29 phases=4,8,10,-1 johnny=16,0,299,243
 ******* WAIT: 6 ticks *******

    ------> Animate walking
WALKING: end walk

DISPLAY: n=73 ticks=174 segment=29 phases=4,8,10,-1 johnny=16,0,299,243
 ******* WAIT: 0 ticks *******

NATIVE RETURN: segment=29 ticks=174
NATIVE CALL: segment=30 args=0,0,0,0

 +-- CALCULATE PATH --
 |
 |  . walking from A to A:
 |  . possible paths:  A
 |  . chosen path: A
 +--------------------

WALKING:  spot=0 hdg=0 next=0  -  data 0 300 243 16

JOHNNY DRAW: segment=30 frame=16 flip=0 x=299 y=243
DISPLAY: n=74 ticks=174 segment=30 phases=4,8,10,-1 johnny=16,0,299,243
 ******* WAIT: 2 ticks *******

    ------> Animate bg
WAVE SURFACE: frame=4 x=534 y=612 canvas=150x66
BG DRAW: frame=4 x=270 y=306 dx=0 dy=0 scale=2 canvas=150x66
WAVE SURFACE: frame=8 x=696 y=548 canvas=384x256
BG DRAW: frame=8 x=364 y=319 dx=0 dy=0 scale=2 canvas=384x256
WAVE SURFACE: frame=11 x=1036 y=606 canvas=154x74
BG DRAW: frame=11 x=518 y=303 dx=0 dy=0 scale=2 canvas=154x74
    ------> Animate clouds
Clouds Pos: 43, 32
BG DRAW: frame=17 x=43 y=32 dx=0 dy=0 scale=2 canvas=528x152
Clouds Pos: 113, 26
BG DRAW: frame=16 x=113 y=26 dx=0 dy=0 scale=2 canvas=384x114
DISPLAY: n=75 ticks=176 segment=30 phases=4,8,11,-1 johnny=16,0,299,243
 ******* WAIT: 4 ticks *******

    ------> Animate walking
WALKING: end walk

DISPLAY: n=76 ticks=180 segment=30 phases=4,8,11,-1 johnny=16,0,299,243
 ******* WAIT: 0 ticks *******

NATIVE RETURN: segment=30 ticks=180
NATIVE CALL: segment=31 args=0,0,0,0

 +-- CALCULATE PATH --
 |
 |  . walking from A to A:
 |  . possible paths:  A
 |  . chosen path: A
 +--------------------

WALKING:  spot=0 hdg=0 next=0  -  data 0 300 243 16

JOHNNY DRAW: segment=31 frame=16 flip=0 x=299 y=243
DISPLAY: n=77 ticks=180 segment=31 phases=4,8,11,-1 johnny=16,0,299,243
 ******* WAIT: 4 ticks *******

    ------> Animate bg
WAVE SURFACE: frame=8 x=696 y=548 canvas=384x256
BG DRAW: frame=8 x=364 y=319 dx=0 dy=0 scale=2 canvas=384x256
WAVE SURFACE: frame=11 x=1036 y=606 canvas=154x74
BG DRAW: frame=11 x=518 y=303 dx=0 dy=0 scale=2 canvas=154x74
WAVE SURFACE: frame=5 x=534 y=612 canvas=150x66
BG DRAW: frame=5 x=270 y=306 dx=0 dy=0 scale=2 canvas=150x66
    ------> Animate clouds
Clouds Pos: 41, 32
BG DRAW: frame=17 x=41 y=32 dx=0 dy=0 scale=2 canvas=528x152
Clouds Pos: 112, 26
BG DRAW: frame=16 x=112 y=26 dx=0 dy=0 scale=2 canvas=384x114
DISPLAY: n=78 ticks=184 segment=31 phases=5,8,11,-1 johnny=16,0,299,243
 ******* WAIT: 2 ticks *******

    ------> Animate walking
WALKING: end walk

DISPLAY: n=79 ticks=186 segment=31 phases=5,8,11,-1 johnny=16,0,299,243
 ******* WAIT: 0 ticks *******

NATIVE RETURN: segment=31 ticks=186
NATIVE CALL: segment=32 args=0,0,0,0

 +-- CALCULATE PATH --
 |
 |  . walking from A to A:
 |  . possible paths:  A
 |  . chosen path: A
 +--------------------

WALKING:  spot=0 hdg=0 next=0  -  data 0 300 243 16

JOHNNY DRAW: segment=32 frame=16 flip=0 x=299 y=243
DISPLAY: n=80 ticks=186 segment=32 phases=5,8,11,-1 johnny=16,0,299,243
 ******* WAIT: 6 ticks *******

    ------> Animate bg
WAVE SURFACE: frame=11 x=1036 y=606 canvas=154x74
BG DRAW: frame=11 x=518 y=303 dx=0 dy=0 scale=2 canvas=154x74
WAVE SURFACE: frame=5 x=534 y=612 canvas=150x66
BG DRAW: frame=5 x=270 y=306 dx=0 dy=0 scale=2 canvas=150x66
WAVE SURFACE: frame=6 x=696 y=548 canvas=384x256
BG DRAW: frame=6 x=364 y=319 dx=0 dy=0 scale=2 canvas=384x256
    ------> Animate clouds
Clouds Pos: 39, 32
BG DRAW: frame=17 x=39 y=32 dx=0 dy=0 scale=2 canvas=528x152
Clouds Pos: 111, 26
BG DRAW: frame=16 x=111 y=26 dx=0 dy=0 scale=2 canvas=384x114
    ------> Animate walking
WALKING: end walk

DISPLAY: n=81 ticks=192 segment=32 phases=5,6,11,-1 johnny=16,0,299,243
 ******* WAIT: 0 ticks *******

NATIVE RETURN: segment=32 ticks=192
Captured frame: final.ppm (1280x960)
Art assets decoded: cartoon=85, HD fallback=43, original fallback=0
DONE: native calls returned; cleanup complete
