zipvfs: opened archive 'scrantic_data.zip' (2614 entries)
Loading resources ...................................................................................................................................................................................
Art style: Cartoon (preview) (partial pack: 63/2401 assets; missing art uses HD/original), scale=2
rand seed: 11 (forced)
PALETTE: resource=JOHNCAST.PAL index=0
RGB: 0 168 0 168
RGB: 1 0 0 168
RGB: 2 0 168 0
RGB: 3 0 168 168
RGB: 4 168 0 0
RGB: 5 0 0 0
RGB: 6 168 168 0
RGB: 7 212 212 212
RGB: 8 128 128 128
RGB: 9 0 0 252
RGB: 10 0 252 0
RGB: 11 0 252 252
RGB: 12 252 0 0
RGB: 13 252 0 252
RGB: 14 252 252 0
RGB: 15 252 252 252
Art asset: data/styles/cartoon/SCR/OCEAN02.SCR.png
island backdrop: OCEAN02.SCR
Art asset: data/hd/BMP/MRAFT.BMP/000.png
Art asset: data/hd/BMP/MRAFT.BMP/001.png
Art asset: data/hd/BMP/MRAFT.BMP/002.png
Art asset: data/hd/BMP/MRAFT.BMP/003.png
Art asset: data/hd/BMP/MRAFT.BMP/004.png
Art asset: data/hd/BMP/MRAFT.BMP/005.png
Art asset: data/hd/BMP/MRAFT.BMP/006.png
Art asset: data/styles/cartoon/BMP/BACKGRND.BMP/000.png
Art asset: data/styles/cartoon/BMP/BACKGRND.BMP/001.png
Art asset: data/styles/cartoon/BMP/BACKGRND.BMP/002.png
Art asset: data/styles/cartoon/BMP/BACKGRND.BMP/003.png
Art asset: data/styles/cartoon/BMP/BACKGRND.BMP/004.png
Art asset: data/styles/cartoon/BMP/BACKGRND.BMP/005.png
Art asset: data/styles/cartoon/BMP/BACKGRND.BMP/006.png
Art asset: data/styles/cartoon/BMP/BACKGRND.BMP/007.png
Art asset: data/styles/cartoon/BMP/BACKGRND.BMP/008.png
Art asset: data/styles/cartoon/BMP/BACKGRND.BMP/009.png
Art asset: data/styles/cartoon/BMP/BACKGRND.BMP/010.png
Art asset: data/styles/cartoon/BMP/BACKGRND.BMP/011.png
Art asset: data/styles/cartoon/BMP/BACKGRND.BMP/012.png
Art asset: data/styles/cartoon/BMP/BACKGRND.BMP/013.png
Art asset: data/styles/cartoon/BMP/BACKGRND.BMP/014.png
Art asset: data/styles/cartoon/BMP/BACKGRND.BMP/015.png
Art asset: data/styles/cartoon/BMP/BACKGRND.BMP/016.png
Art asset: data/styles/cartoon/BMP/BACKGRND.BMP/017.png
Art asset: data/hd/BMP/BACKGRND.BMP/018.png
Art asset: data/hd/BMP/BACKGRND.BMP/019.png
Art asset: data/hd/BMP/BACKGRND.BMP/020.png
Art asset: data/hd/BMP/BACKGRND.BMP/021.png
Art asset: data/hd/BMP/BACKGRND.BMP/022.png
Art asset: data/hd/BMP/BACKGRND.BMP/023.png
Art asset: data/hd/BMP/BACKGRND.BMP/024.png
Art asset: data/hd/BMP/BACKGRND.BMP/025.png
Art asset: data/hd/BMP/BACKGRND.BMP/026.png
Art asset: data/hd/BMP/BACKGRND.BMP/027.png
Art asset: data/hd/BMP/BACKGRND.BMP/028.png
Art asset: data/hd/BMP/BACKGRND.BMP/029.png
Art asset: data/styles/cartoon/BMP/BACKGRND.BMP/030.png
Art asset: data/styles/cartoon/BMP/BACKGRND.BMP/031.png
Art asset: data/styles/cartoon/BMP/BACKGRND.BMP/032.png
Art asset: data/styles/cartoon/BMP/BACKGRND.BMP/033.png
Art asset: data/styles/cartoon/BMP/BACKGRND.BMP/034.png
Art asset: data/styles/cartoon/BMP/BACKGRND.BMP/035.png
Art asset: data/styles/cartoon/BMP/BACKGRND.BMP/036.png
Art asset: data/styles/cartoon/BMP/BACKGRND.BMP/037.png
Art asset: data/styles/cartoon/BMP/BACKGRND.BMP/038.png
Art asset: data/styles/cartoon/BMP/BACKGRND.BMP/039.png
Art asset: data/styles/cartoon/BMP/BACKGRND.BMP/040.png
Art asset: data/styles/cartoon/BMP/BACKGRND.BMP/041.png
Art asset: data/styles/cartoon/BMP/BACKGRND.BMP/000.png
Art asset: data/styles/cartoon/BMP/BACKGRND.BMP/001.png
Art asset: data/styles/cartoon/BMP/BACKGRND.BMP/002.png
Art asset: data/styles/cartoon/BMP/BACKGRND.BMP/003.png
Art asset: data/styles/cartoon/BMP/BACKGRND.BMP/004.png
Art asset: data/styles/cartoon/BMP/BACKGRND.BMP/005.png
Art asset: data/styles/cartoon/BMP/BACKGRND.BMP/006.png
Art asset: data/styles/cartoon/BMP/BACKGRND.BMP/007.png
Art asset: data/styles/cartoon/BMP/BACKGRND.BMP/008.png
Art asset: data/styles/cartoon/BMP/BACKGRND.BMP/009.png
Art asset: data/styles/cartoon/BMP/BACKGRND.BMP/010.png
Art asset: data/styles/cartoon/BMP/BACKGRND.BMP/011.png
Art asset: data/styles/cartoon/BMP/BACKGRND.BMP/012.png
Art asset: data/styles/cartoon/BMP/BACKGRND.BMP/013.png
Art asset: data/styles/cartoon/BMP/BACKGRND.BMP/014.png
Art asset: data/styles/cartoon/BMP/BACKGRND.BMP/015.png
Art asset: data/styles/cartoon/BMP/BACKGRND.BMP/016.png
Art asset: data/styles/cartoon/BMP/BACKGRND.BMP/017.png
Art asset: data/hd/BMP/BACKGRND.BMP/018.png
Art asset: data/hd/BMP/BACKGRND.BMP/019.png
Art asset: data/hd/BMP/BACKGRND.BMP/020.png
Art asset: data/hd/BMP/BACKGRND.BMP/021.png
Art asset: data/hd/BMP/BACKGRND.BMP/022.png
Art asset: data/hd/BMP/BACKGRND.BMP/023.png
Art asset: data/hd/BMP/BACKGRND.BMP/024.png
Art asset: data/hd/BMP/BACKGRND.BMP/025.png
Art asset: data/hd/BMP/BACKGRND.BMP/026.png
Art asset: data/hd/BMP/BACKGRND.BMP/027.png
Art asset: data/hd/BMP/BACKGRND.BMP/028.png
Art asset: data/hd/BMP/BACKGRND.BMP/029.png
Art asset: data/styles/cartoon/BMP/BACKGRND.BMP/030.png
Art asset: data/styles/cartoon/BMP/BACKGRND.BMP/031.png
Art asset: data/styles/cartoon/BMP/BACKGRND.BMP/032.png
Art asset: data/styles/cartoon/BMP/BACKGRND.BMP/033.png
Art asset: data/styles/cartoon/BMP/BACKGRND.BMP/034.png
Art asset: data/styles/cartoon/BMP/BACKGRND.BMP/035.png
Art asset: data/styles/cartoon/BMP/BACKGRND.BMP/036.png
Art asset: data/styles/cartoon/BMP/BACKGRND.BMP/037.png
Art asset: data/styles/cartoon/BMP/BACKGRND.BMP/038.png
Art asset: data/styles/cartoon/BMP/BACKGRND.BMP/039.png
Art asset: data/styles/cartoon/BMP/BACKGRND.BMP/040.png
Art asset: data/styles/cartoon/BMP/BACKGRND.BMP/041.png
Clouds Pos: 89, 32
Clouds Pos: 136, 26
---- Loading MJFISH.TTM
SETUP: direct original MJFISH.TTM tag1 resource-load setup on adsInitIsland context
    TTM_UNKNOWN_1 0
    SET_BMP_SLOT 3
    SET_FRAME1 0 0
    LOAD_IMAGE MJFISH2.BMP
Art asset: data/hd/BMP/MJFISH2.BMP/000.png
Art asset: data/hd/BMP/MJFISH2.BMP/001.png
Art asset: data/hd/BMP/MJFISH2.BMP/002.png
Art asset: data/hd/BMP/MJFISH2.BMP/003.png
Art asset: data/hd/BMP/MJFISH2.BMP/004.png
Art asset: data/hd/BMP/MJFISH2.BMP/005.png
Art asset: data/hd/BMP/MJFISH2.BMP/006.png
Art asset: data/hd/BMP/MJFISH2.BMP/007.png
Art asset: data/hd/BMP/MJFISH2.BMP/008.png
Art asset: data/hd/BMP/MJFISH2.BMP/009.png
Art asset: data/hd/BMP/MJFISH2.BMP/010.png
Art asset: data/hd/BMP/MJFISH2.BMP/011.png
Art asset: data/hd/BMP/MJFISH2.BMP/012.png
Art asset: data/hd/BMP/MJFISH2.BMP/013.png
Art asset: data/hd/BMP/MJFISH2.BMP/014.png
Art asset: data/hd/BMP/MJFISH2.BMP/015.png
Art asset: data/hd/BMP/MJFISH2.BMP/016.png
Art asset: data/hd/BMP/MJFISH2.BMP/017.png
Art asset: data/hd/BMP/MJFISH2.BMP/018.png
Art asset: data/hd/BMP/MJFISH2.BMP/019.png
Art asset: data/hd/BMP/MJFISH2.BMP/020.png
Art asset: data/hd/BMP/MJFISH2.BMP/021.png
Art asset: data/hd/BMP/MJFISH2.BMP/022.png
Art asset: data/hd/BMP/MJFISH2.BMP/023.png
Art asset: data/hd/BMP/MJFISH2.BMP/024.png
Art asset: data/hd/BMP/MJFISH2.BMP/025.png
Art asset: data/hd/BMP/MJFISH2.BMP/026.png
    SET_BMP_SLOT 4
    SET_FRAME1 0 0
    LOAD_IMAGE MJFISH3.BMP
Art asset: data/hd/BMP/MJFISH3.BMP/000.png
Art asset: data/hd/BMP/MJFISH3.BMP/001.png
Art asset: data/hd/BMP/MJFISH3.BMP/002.png
Art asset: data/hd/BMP/MJFISH3.BMP/003.png
Art asset: data/hd/BMP/MJFISH3.BMP/004.png
Art asset: data/hd/BMP/MJFISH3.BMP/005.png
Art asset: data/hd/BMP/MJFISH3.BMP/006.png
Art asset: data/hd/BMP/MJFISH3.BMP/007.png
Art asset: data/hd/BMP/MJFISH3.BMP/008.png
Art asset: data/hd/BMP/MJFISH3.BMP/009.png
Art asset: data/hd/BMP/MJFISH3.BMP/010.png
Art asset: data/hd/BMP/MJFISH3.BMP/011.png
Art asset: data/hd/BMP/MJFISH3.BMP/012.png
Art asset: data/hd/BMP/MJFISH3.BMP/013.png
Art asset: data/hd/BMP/MJFISH3.BMP/014.png
Art asset: data/hd/BMP/MJFISH3.BMP/015.png
Art asset: data/hd/BMP/MJFISH3.BMP/016.png
Art asset: data/hd/BMP/MJFISH3.BMP/017.png
Art asset: data/hd/BMP/MJFISH3.BMP/018.png
Art asset: data/hd/BMP/MJFISH3.BMP/019.png
Art asset: data/hd/BMP/MJFISH3.BMP/020.png
Art asset: data/hd/BMP/MJFISH3.BMP/021.png
Art asset: data/hd/BMP/MJFISH3.BMP/022.png
Art asset: data/hd/BMP/MJFISH3.BMP/023.png
Art asset: data/hd/BMP/MJFISH3.BMP/024.png
Art asset: data/hd/BMP/MJFISH3.BMP/025.png
Art asset: data/hd/BMP/MJFISH3.BMP/026.png
Art asset: data/hd/BMP/MJFISH3.BMP/027.png
Art asset: data/hd/BMP/MJFISH3.BMP/028.png
Art asset: data/hd/BMP/MJFISH3.BMP/029.png
Art asset: data/hd/BMP/MJFISH3.BMP/030.png
Art asset: data/hd/BMP/MJFISH3.BMP/031.png
Art asset: data/hd/BMP/MJFISH3.BMP/032.png
Art asset: data/hd/BMP/MJFISH3.BMP/033.png
Art asset: data/hd/BMP/MJFISH3.BMP/034.png
Art asset: data/hd/BMP/MJFISH3.BMP/035.png
Art asset: data/hd/BMP/MJFISH3.BMP/036.png
Art asset: data/hd/BMP/MJFISH3.BMP/037.png
    SAVE_IMAGE1 0 157 640 193
    SET_BMP_SLOT 2
    LOAD_IMAGE TRUNK.BMP
Art asset: data/hd/BMP/TRUNK.BMP/000.png
Art asset: data/hd/BMP/TRUNK.BMP/001.png
    SET_FRAME1 0 0
    SET_BMP_SLOT 0
    SET_FRAME1 0 0
    LOAD_IMAGE MJFISH1.BMP
Art asset: data/hd/BMP/MJFISH1.BMP/000.png
Art asset: data/hd/BMP/MJFISH1.BMP/001.png
Art asset: data/hd/BMP/MJFISH1.BMP/002.png
Art asset: data/hd/BMP/MJFISH1.BMP/003.png
Art asset: data/hd/BMP/MJFISH1.BMP/004.png
Art asset: data/hd/BMP/MJFISH1.BMP/005.png
Art asset: data/hd/BMP/MJFISH1.BMP/006.png
Art asset: data/hd/BMP/MJFISH1.BMP/007.png
Art asset: data/hd/BMP/MJFISH1.BMP/008.png
Art asset: data/hd/BMP/MJFISH1.BMP/009.png
Art asset: data/hd/BMP/MJFISH1.BMP/010.png
Art asset: data/hd/BMP/MJFISH1.BMP/011.png
Art asset: data/hd/BMP/MJFISH1.BMP/012.png
Art asset: data/hd/BMP/MJFISH1.BMP/013.png
Art asset: data/hd/BMP/MJFISH1.BMP/014.png
Art asset: data/hd/BMP/MJFISH1.BMP/015.png
Art asset: data/hd/BMP/MJFISH1.BMP/016.png
Art asset: data/hd/BMP/MJFISH1.BMP/017.png
Art asset: data/hd/BMP/MJFISH1.BMP/018.png
Art asset: data/hd/BMP/MJFISH1.BMP/019.png
Art asset: data/hd/BMP/MJFISH1.BMP/020.png
Art asset: data/hd/BMP/MJFISH1.BMP/021.png
Art asset: data/hd/BMP/MJFISH1.BMP/022.png
Art asset: data/hd/BMP/MJFISH1.BMP/023.png
Art asset: data/hd/BMP/MJFISH1.BMP/024.png
Art asset: data/hd/BMP/MJFISH1.BMP/025.png
Art asset: data/hd/BMP/MJFISH1.BMP/026.png
Art asset: data/hd/BMP/MJFISH1.BMP/027.png
Art asset: data/hd/BMP/MJFISH1.BMP/028.png
Art asset: data/hd/BMP/MJFISH1.BMP/029.png
    SET_BMP_SLOT 1
    SET_FRAME1 0 0
    LOAD_IMAGE JOHNWALK.BMP
Art asset: data/styles/cartoon/BMP/JOHNWALK.BMP/000.png
Art asset: data/styles/cartoon/BMP/JOHNWALK.BMP/001.png
Art asset: data/styles/cartoon/BMP/JOHNWALK.BMP/002.png
Art asset: data/styles/cartoon/BMP/JOHNWALK.BMP/003.png
Art asset: data/styles/cartoon/BMP/JOHNWALK.BMP/004.png
Art asset: data/styles/cartoon/BMP/JOHNWALK.BMP/005.png
Art asset: data/styles/cartoon/BMP/JOHNWALK.BMP/006.png
Art asset: data/styles/cartoon/BMP/JOHNWALK.BMP/007.png
Art asset: data/styles/cartoon/BMP/JOHNWALK.BMP/008.png
Art asset: data/styles/cartoon/BMP/JOHNWALK.BMP/009.png
Art asset: data/styles/cartoon/BMP/JOHNWALK.BMP/010.png
Art asset: data/styles/cartoon/BMP/JOHNWALK.BMP/011.png
Art asset: data/styles/cartoon/BMP/JOHNWALK.BMP/012.png
Art asset: data/hd/BMP/JOHNWALK.BMP/013.png
Art asset: data/hd/BMP/JOHNWALK.BMP/014.png
Art asset: data/styles/cartoon/BMP/JOHNWALK.BMP/015.png
Art asset: data/styles/cartoon/BMP/JOHNWALK.BMP/016.png
Art asset: data/styles/cartoon/BMP/JOHNWALK.BMP/017.png
Art asset: data/styles/cartoon/BMP/JOHNWALK.BMP/018.png
Art asset: data/styles/cartoon/BMP/JOHNWALK.BMP/019.png
Art asset: data/styles/cartoon/BMP/JOHNWALK.BMP/020.png
Art asset: data/styles/cartoon/BMP/JOHNWALK.BMP/021.png
Art asset: data/styles/cartoon/BMP/JOHNWALK.BMP/022.png
Art asset: data/styles/cartoon/BMP/JOHNWALK.BMP/023.png
Art asset: data/styles/cartoon/BMP/JOHNWALK.BMP/024.png
Art asset: data/styles/cartoon/BMP/JOHNWALK.BMP/025.png
Art asset: data/styles/cartoon/BMP/JOHNWALK.BMP/026.png
Art asset: data/styles/cartoon/BMP/JOHNWALK.BMP/027.png
Art asset: data/styles/cartoon/BMP/JOHNWALK.BMP/028.png
Art asset: data/styles/cartoon/BMP/JOHNWALK.BMP/029.png
Art asset: data/hd/BMP/JOHNWALK.BMP/030.png
Art asset: data/hd/BMP/JOHNWALK.BMP/031.png
Art asset: data/hd/BMP/JOHNWALK.BMP/032.png
Art asset: data/hd/BMP/JOHNWALK.BMP/033.png
Art asset: data/hd/BMP/JOHNWALK.BMP/034.png
Art asset: data/hd/BMP/JOHNWALK.BMP/035.png
    PURGE
    UPDATE
SCENE: TTM=MJFISH.TTM tag=29 seed=11 day=1 low=0 raft=0 offset=0,0 render=1280x960 mode=direct-source-tag
    CLEAR_SCREEN 0
    DRAW_SPRITE_FLIP 254 230 14 0
    DRAW_SPRITE_FLIP 306 278 21 0
    DRAW_SPRITE_FLIP 256 278 10 4
FISH DRAW: frame=10 flip=1 x=256 y=278 dx=0 dy=0 scale=2 canvas=32x40 ticks=0
    SET_DELAY 7
    UPDATE
CAPTURE: frame=10 display=1 ticks=0 flip=1 x=256 y=278 dx=0 dy=0 canvas=32x40 file=fish-010.ppm
    CLEAR_SCREEN 0
    DRAW_SPRITE_FLIP 254 230 14 0
    DRAW_SPRITE_FLIP 306 278 21 0
    DRAW_SPRITE_FLIP 249 278 8 4
FISH DRAW: frame=8 flip=1 x=249 y=278 dx=0 dy=0 scale=2 canvas=32x36 ticks=0
    UPDATE
CAPTURE: frame=8 display=3 ticks=7 flip=1 x=249 y=278 dx=0 dy=0 canvas=32x36 file=fish-008.ppm
    CLEAR_SCREEN 0
    DRAW_SPRITE_FLIP 254 230 14 0
    DRAW_SPRITE_FLIP 306 278 21 0
    DRAW_SPRITE_FLIP 252 279 9 4
FISH DRAW: frame=9 flip=1 x=252 y=279 dx=0 dy=0 scale=2 canvas=32x38 ticks=7
    PLAY_SAMPLE 7
    UPDATE
CAPTURE: frame=9 display=4 ticks=14 flip=1 x=252 y=279 dx=0 dy=0 canvas=32x38 file=fish-009.ppm
    CLEAR_SCREEN 0
    DRAW_SPRITE_FLIP 306 278 21 0
    DRAW_SPRITE_FLIP 254 220 15 0
    DRAW_SPRITE_FLIP 292 269 9 4
FISH DRAW: frame=9 flip=1 x=292 y=269 dx=0 dy=0 scale=2 canvas=32x38 ticks=14
    UPDATE
    CLEAR_SCREEN 0
    DRAW_SPRITE_FLIP 257 219 16 0
    DRAW_SPRITE_FLIP 304 268 10 4
FISH DRAW: frame=10 flip=1 x=304 y=268 dx=0 dy=0 scale=2 canvas=32x40 ticks=21
    UPDATE
    CLEAR_SCREEN 0
    DRAW_SPRITE_FLIP 261 217 17 0
    DRAW_SPRITE_FLIP 313 268 8 4
FISH DRAW: frame=8 flip=1 x=313 y=268 dx=0 dy=0 scale=2 canvas=32x36 ticks=28
    UPDATE
    CLEAR_SCREEN 0
    DRAW_SPRITE_FLIP 259 219 18 0
    DRAW_SPRITE_FLIP 306 277 20 0
    DRAW_SPRITE_FLIP 312 262 9 4
FISH DRAW: frame=9 flip=1 x=312 y=262 dx=0 dy=0 scale=2 canvas=32x38 ticks=35
    UPDATE
    DRAW_SPRITE_FLIP 262 221 19 0
    DRAW_SPRITE_FLIP 305 278 21 0
    DRAW_SPRITE_FLIP 321 258 8 4
FISH DRAW: frame=8 flip=1 x=321 y=258 dx=0 dy=0 scale=2 canvas=32x36 ticks=42
    TIMER 120 240
    UPDATE
    CLEAR_SCREEN 0
    DRAW_SPRITE_FLIP 262 221 19 0
    DRAW_SPRITE_FLIP 305 278 21 0
    DRAW_SPRITE_FLIP 324 259 9 4
FISH DRAW: frame=9 flip=1 x=324 y=259 dx=0 dy=0 scale=2 canvas=32x38 ticks=49
    SET_DELAY 8
    UPDATE
    CLEAR_SCREEN 0
    DRAW_SPRITE_FLIP 262 221 19 0
    DRAW_SPRITE_FLIP 305 278 21 0
    DRAW_SPRITE_FLIP 327 258 10 4
FISH DRAW: frame=10 flip=1 x=327 y=258 dx=0 dy=0 scale=2 canvas=32x40 ticks=229
    PURGE
    UPDATE
RETURN: displays=11 ticks=237 captured=1,1,1
Art assets decoded: cartoon=89, HD fallback=136, original fallback=0
DONE: direct native TTM returned and cleanup complete
