zipvfs: opened archive 'scrantic_data.zip' (2612 entries)
Loading resources ...................................................................................................................................................................................
Art style: Cartoon (preview) (partial pack: 61/2401 assets; missing art uses HD/original), scale=2
rand seed: 11 (forced)
Art asset: data/hd/SCR/NIGHT.SCR.png
island backdrop: NIGHT.SCR
Art asset: data/hd/BMP/MRAFT.BMP/000.png
Art asset: data/hd/BMP/MRAFT.BMP/001.png
Art asset: data/hd/BMP/MRAFT.BMP/002.png
Art asset: data/hd/BMP/MRAFT.BMP/003.png
Art asset: data/hd/BMP/MRAFT.BMP/004.png
Art asset: data/hd/BMP/MRAFT.BMP/005.png
Art asset: data/hd/BMP/MRAFT.BMP/006.png
Art asset: data/styles/cartoon/BMP/BACKGRND.BMP/000.png
Art asset: data/styles/cartoon/BMP/BACKGRND.BMP/001.png
Art asset: data/styles/cartoon/BMP/BACKGRND.BMP/002.png
Art asset: data/styles/cartoon/BMP/BACKGRND.BMP/003.png
Art asset: data/styles/cartoon/BMP/BACKGRND.BMP/004.png
Art asset: data/styles/cartoon/BMP/BACKGRND.BMP/005.png
Art asset: data/styles/cartoon/BMP/BACKGRND.BMP/006.png
Art asset: data/styles/cartoon/BMP/BACKGRND.BMP/007.png
Art asset: data/styles/cartoon/BMP/BACKGRND.BMP/008.png
Art asset: data/styles/cartoon/BMP/BACKGRND.BMP/009.png
Art asset: data/styles/cartoon/BMP/BACKGRND.BMP/010.png
Art asset: data/styles/cartoon/BMP/BACKGRND.BMP/011.png
Art asset: data/styles/cartoon/BMP/BACKGRND.BMP/012.png
Art asset: data/styles/cartoon/BMP/BACKGRND.BMP/013.png
Art asset: data/styles/cartoon/BMP/BACKGRND.BMP/014.png
Art asset: data/styles/cartoon/BMP/BACKGRND.BMP/015.png
Art asset: data/hd/BMP/BACKGRND.BMP/016.png
Art asset: data/hd/BMP/BACKGRND.BMP/017.png
Art asset: data/hd/BMP/BACKGRND.BMP/018.png
Art asset: data/hd/BMP/BACKGRND.BMP/019.png
Art asset: data/hd/BMP/BACKGRND.BMP/020.png
Art asset: data/hd/BMP/BACKGRND.BMP/021.png
Art asset: data/hd/BMP/BACKGRND.BMP/022.png
Art asset: data/hd/BMP/BACKGRND.BMP/023.png
Art asset: data/hd/BMP/BACKGRND.BMP/024.png
Art asset: data/hd/BMP/BACKGRND.BMP/025.png
Art asset: data/hd/BMP/BACKGRND.BMP/026.png
Art asset: data/hd/BMP/BACKGRND.BMP/027.png
Art asset: data/hd/BMP/BACKGRND.BMP/028.png
Art asset: data/hd/BMP/BACKGRND.BMP/029.png
Art asset: data/styles/cartoon/BMP/BACKGRND.BMP/030.png
Art asset: data/styles/cartoon/BMP/BACKGRND.BMP/031.png
Art asset: data/styles/cartoon/BMP/BACKGRND.BMP/032.png
Art asset: data/styles/cartoon/BMP/BACKGRND.BMP/033.png
Art asset: data/styles/cartoon/BMP/BACKGRND.BMP/034.png
Art asset: data/styles/cartoon/BMP/BACKGRND.BMP/035.png
Art asset: data/styles/cartoon/BMP/BACKGRND.BMP/036.png
Art asset: data/styles/cartoon/BMP/BACKGRND.BMP/037.png
Art asset: data/styles/cartoon/BMP/BACKGRND.BMP/038.png
Art asset: data/styles/cartoon/BMP/BACKGRND.BMP/039.png
Art asset: data/styles/cartoon/BMP/BACKGRND.BMP/040.png
Art asset: data/styles/cartoon/BMP/BACKGRND.BMP/041.png
GROUND SURFACE: x=380 y=588 canvas=640x180
BG DRAW: frame=0 x=288 y=279 dx=-80 dy=20 scale=2 canvas=640x180
BG DRAW: frame=13 x=442 y=148 dx=-80 dy=20 scale=2 canvas=48x290
BG DRAW: frame=12 x=365 y=122 dx=-80 dy=20 scale=2 canvas=304x138
BG DRAW: frame=14 x=396 y=279 dx=-80 dy=20 scale=2 canvas=208x56
BG DRAW: frame=1 x=249 y=303 dx=-80 dy=20 scale=2 canvas=768x138
BG DRAW: frame=2 x=150 y=328 dx=-80 dy=20 scale=2 canvas=128x60
LOW SURFACE: frame=30 x=306 y=686 canvas=240x96
BG DRAW: frame=30 x=233 y=323 dx=-80 dy=20 scale=2 canvas=240x96
LOW SURFACE: frame=30 x=306 y=686 canvas=240x96
BG DRAW: frame=30 x=233 y=323 dx=-80 dy=20 scale=2 canvas=240x96
LOW SURFACE: frame=33 x=574 y=752 canvas=352x56
BG DRAW: frame=33 x=367 y=356 dx=-80 dy=20 scale=2 canvas=352x56
LOW SURFACE: frame=30 x=306 y=686 canvas=240x96
BG DRAW: frame=30 x=233 y=323 dx=-80 dy=20 scale=2 canvas=240x96
LOW SURFACE: frame=33 x=574 y=752 canvas=352x56
BG DRAW: frame=33 x=367 y=356 dx=-80 dy=20 scale=2 canvas=352x56
LOW SURFACE: frame=36 x=956 y=686 canvas=176x96
BG DRAW: frame=36 x=558 y=323 dx=-80 dy=20 scale=2 canvas=176x96
LOW SURFACE: frame=30 x=306 y=686 canvas=240x96
BG DRAW: frame=30 x=233 y=323 dx=-80 dy=20 scale=2 canvas=240x96
LOW SURFACE: frame=33 x=574 y=752 canvas=352x56
BG DRAW: frame=33 x=367 y=356 dx=-80 dy=20 scale=2 canvas=352x56
LOW SURFACE: frame=36 x=956 y=686 canvas=176x96
BG DRAW: frame=36 x=558 y=323 dx=-80 dy=20 scale=2 canvas=176x96
LOW SURFACE: frame=39 x=98 y=720 canvas=208x58
BG DRAW: frame=39 x=129 y=340 dx=-80 dy=20 scale=2 canvas=208x58
Art asset: data/styles/cartoon/BMP/HOLIDAY.BMP/000.png
Art asset: data/styles/cartoon/BMP/HOLIDAY.BMP/001.png
Art asset: data/styles/cartoon/BMP/HOLIDAY.BMP/002.png
Art asset: data/styles/cartoon/BMP/HOLIDAY.BMP/003.png
PROP DRAW: frame=1 x=333 y=286 dx=-80 dy=20 scale=2 canvas=240x94
Art asset: data/styles/cartoon/BMP/BACKGRND.BMP/000.png
Art asset: data/styles/cartoon/BMP/BACKGRND.BMP/001.png
Art asset: data/styles/cartoon/BMP/BACKGRND.BMP/002.png
Art asset: data/styles/cartoon/BMP/BACKGRND.BMP/003.png
Art asset: data/styles/cartoon/BMP/BACKGRND.BMP/004.png
Art asset: data/styles/cartoon/BMP/BACKGRND.BMP/005.png
Art asset: data/styles/cartoon/BMP/BACKGRND.BMP/006.png
Art asset: data/styles/cartoon/BMP/BACKGRND.BMP/007.png
Art asset: data/styles/cartoon/BMP/BACKGRND.BMP/008.png
Art asset: data/styles/cartoon/BMP/BACKGRND.BMP/009.png
Art asset: data/styles/cartoon/BMP/BACKGRND.BMP/010.png
Art asset: data/styles/cartoon/BMP/BACKGRND.BMP/011.png
Art asset: data/styles/cartoon/BMP/BACKGRND.BMP/012.png
Art asset: data/styles/cartoon/BMP/BACKGRND.BMP/013.png
Art asset: data/styles/cartoon/BMP/BACKGRND.BMP/014.png
Art asset: data/styles/cartoon/BMP/BACKGRND.BMP/015.png
Art asset: data/hd/BMP/BACKGRND.BMP/016.png
Art asset: data/hd/BMP/BACKGRND.BMP/017.png
Art asset: data/hd/BMP/BACKGRND.BMP/018.png
Art asset: data/hd/BMP/BACKGRND.BMP/019.png
Art asset: data/hd/BMP/BACKGRND.BMP/020.png
Art asset: data/hd/BMP/BACKGRND.BMP/021.png
Art asset: data/hd/BMP/BACKGRND.BMP/022.png
Art asset: data/hd/BMP/BACKGRND.BMP/023.png
Art asset: data/hd/BMP/BACKGRND.BMP/024.png
Art asset: data/hd/BMP/BACKGRND.BMP/025.png
Art asset: data/hd/BMP/BACKGRND.BMP/026.png
Art asset: data/hd/BMP/BACKGRND.BMP/027.png
Art asset: data/hd/BMP/BACKGRND.BMP/028.png
Art asset: data/hd/BMP/BACKGRND.BMP/029.png
Art asset: data/styles/cartoon/BMP/BACKGRND.BMP/030.png
Art asset: data/styles/cartoon/BMP/BACKGRND.BMP/031.png
Art asset: data/styles/cartoon/BMP/BACKGRND.BMP/032.png
Art asset: data/styles/cartoon/BMP/BACKGRND.BMP/033.png
Art asset: data/styles/cartoon/BMP/BACKGRND.BMP/034.png
Art asset: data/styles/cartoon/BMP/BACKGRND.BMP/035.png
Art asset: data/styles/cartoon/BMP/BACKGRND.BMP/036.png
Art asset: data/styles/cartoon/BMP/BACKGRND.BMP/037.png
Art asset: data/styles/cartoon/BMP/BACKGRND.BMP/038.png
Art asset: data/styles/cartoon/BMP/BACKGRND.BMP/039.png
Art asset: data/styles/cartoon/BMP/BACKGRND.BMP/040.png
Art asset: data/styles/cartoon/BMP/BACKGRND.BMP/041.png
Clouds Pos: 352, 68
BG DRAW: frame=15 x=352 y=68 dx=-80 dy=20 scale=2 canvas=256x72
Clouds Pos: 347, 35
BG DRAW: frame=16 x=347 y=35 dx=-80 dy=20 scale=2 canvas=384x114
Clouds Pos: 173, 39
BG DRAW: frame=17 x=173 y=39 dx=-80 dy=20 scale=2 canvas=528x152
Clouds Pos: 106, 26
BG DRAW: frame=17 x=106 y=26 dx=-80 dy=20 scale=2 canvas=528x152
Clouds Pos: 371, 62
BG DRAW: frame=16 x=371 y=62 dx=-80 dy=20 scale=2 canvas=384x114
STATE: seed=11 holiday=2 night=1 offset=-80,20 low=1 raft=0 render=1280x960
NATIVE CALL: segment=1 args=0,0,0,0
Art asset: data/styles/cartoon/BMP/JOHNWALK.BMP/000.png
Art asset: data/styles/cartoon/BMP/JOHNWALK.BMP/001.png
Art asset: data/styles/cartoon/BMP/JOHNWALK.BMP/002.png
Art asset: data/styles/cartoon/BMP/JOHNWALK.BMP/003.png
Art asset: data/styles/cartoon/BMP/JOHNWALK.BMP/004.png
Art asset: data/styles/cartoon/BMP/JOHNWALK.BMP/005.png
Art asset: data/styles/cartoon/BMP/JOHNWALK.BMP/006.png
Art asset: data/styles/cartoon/BMP/JOHNWALK.BMP/007.png
Art asset: data/styles/cartoon/BMP/JOHNWALK.BMP/008.png
Art asset: data/styles/cartoon/BMP/JOHNWALK.BMP/009.png
Art asset: data/styles/cartoon/BMP/JOHNWALK.BMP/010.png
Art asset: data/styles/cartoon/BMP/JOHNWALK.BMP/011.png
Art asset: data/styles/cartoon/BMP/JOHNWALK.BMP/012.png
Art asset: data/hd/BMP/JOHNWALK.BMP/013.png
Art asset: data/hd/BMP/JOHNWALK.BMP/014.png
Art asset: data/styles/cartoon/BMP/JOHNWALK.BMP/015.png
Art asset: data/styles/cartoon/BMP/JOHNWALK.BMP/016.png
Art asset: data/styles/cartoon/BMP/JOHNWALK.BMP/017.png
Art asset: data/styles/cartoon/BMP/JOHNWALK.BMP/018.png
Art asset: data/styles/cartoon/BMP/JOHNWALK.BMP/019.png
Art asset: data/styles/cartoon/BMP/JOHNWALK.BMP/020.png
Art asset: data/styles/cartoon/BMP/JOHNWALK.BMP/021.png
Art asset: data/styles/cartoon/BMP/JOHNWALK.BMP/022.png
Art asset: data/styles/cartoon/BMP/JOHNWALK.BMP/023.png
Art asset: data/styles/cartoon/BMP/JOHNWALK.BMP/024.png
Art asset: data/styles/cartoon/BMP/JOHNWALK.BMP/025.png
Art asset: data/styles/cartoon/BMP/JOHNWALK.BMP/026.png
Art asset: data/styles/cartoon/BMP/JOHNWALK.BMP/027.png
Art asset: data/styles/cartoon/BMP/JOHNWALK.BMP/028.png
Art asset: data/styles/cartoon/BMP/JOHNWALK.BMP/029.png
Art asset: data/hd/BMP/JOHNWALK.BMP/030.png
Art asset: data/hd/BMP/JOHNWALK.BMP/031.png
Art asset: data/hd/BMP/JOHNWALK.BMP/032.png
Art asset: data/hd/BMP/JOHNWALK.BMP/033.png
Art asset: data/hd/BMP/JOHNWALK.BMP/034.png
Art asset: data/hd/BMP/JOHNWALK.BMP/035.png

 +-- CALCULATE PATH --
 |
 |  . walking from A to A:
 |  . possible paths:  A
 |  . chosen path: A
 +--------------------

WALKING:  spot=0 hdg=0 next=0  -  data 0 300 243 16

JOHNNY DRAW: segment=1 frame=16 flip=0 x=299 y=243
    ------> Animate clouds
Clouds Pos: 354, 68
BG DRAW: frame=15 x=354 y=68 dx=-80 dy=20 scale=2 canvas=256x72
Clouds Pos: 349, 35
BG DRAW: frame=16 x=349 y=35 dx=-80 dy=20 scale=2 canvas=384x114
Clouds Pos: 174, 39
BG DRAW: frame=17 x=174 y=39 dx=-80 dy=20 scale=2 canvas=528x152
Clouds Pos: 107, 26
BG DRAW: frame=17 x=107 y=26 dx=-80 dy=20 scale=2 canvas=528x152
Clouds Pos: 372, 62
BG DRAW: frame=16 x=372 y=62 dx=-80 dy=20 scale=2 canvas=384x114
DISPLAY: n=1 ticks=0 segment=1 phases=30,33,36,39 johnny=16,0,299,243
DISPLAY: n=2 ticks=0 segment=1 phases=30,33,36,39 johnny=16,0,299,243
 ******* WAIT: 6 ticks *******

    ------> Animate walking
WALKING: end walk

DISPLAY: n=3 ticks=6 segment=1 phases=30,33,36,39 johnny=16,0,299,243
 ******* WAIT: 0 ticks *******

NATIVE RETURN: segment=1 ticks=6
NATIVE CALL: segment=2 args=0,0,0,0

 +-- CALCULATE PATH --
 |
 |  . walking from A to A:
 |  . possible paths:  A
 |  . chosen path: A
 +--------------------

WALKING:  spot=0 hdg=0 next=0  -  data 0 300 243 16

JOHNNY DRAW: segment=2 frame=16 flip=0 x=299 y=243
DISPLAY: n=4 ticks=6 segment=2 phases=30,33,36,39 johnny=16,0,299,243
 ******* WAIT: 2 ticks *******

    ------> Animate bg
LOW SURFACE: frame=33 x=574 y=752 canvas=352x56
BG DRAW: frame=33 x=367 y=356 dx=-80 dy=20 scale=2 canvas=352x56
LOW SURFACE: frame=36 x=956 y=686 canvas=176x96
BG DRAW: frame=36 x=558 y=323 dx=-80 dy=20 scale=2 canvas=176x96
LOW SURFACE: frame=39 x=98 y=720 canvas=208x58
BG DRAW: frame=39 x=129 y=340 dx=-80 dy=20 scale=2 canvas=208x58
LOW SURFACE: frame=31 x=306 y=686 canvas=256x96
BG DRAW: frame=31 x=233 y=323 dx=-80 dy=20 scale=2 canvas=256x96
    ------> Animate clouds
Clouds Pos: 356, 68
BG DRAW: frame=15 x=356 y=68 dx=-80 dy=20 scale=2 canvas=256x72
Clouds Pos: 351, 35
BG DRAW: frame=16 x=351 y=35 dx=-80 dy=20 scale=2 canvas=384x114
Clouds Pos: 175, 39
BG DRAW: frame=17 x=175 y=39 dx=-80 dy=20 scale=2 canvas=528x152
Clouds Pos: 108, 26
BG DRAW: frame=17 x=108 y=26 dx=-80 dy=20 scale=2 canvas=528x152
Clouds Pos: 373, 62
BG DRAW: frame=16 x=373 y=62 dx=-80 dy=20 scale=2 canvas=384x114
DISPLAY: n=5 ticks=8 segment=2 phases=31,33,36,39 johnny=16,0,299,243
 ******* WAIT: 4 ticks *******

    ------> Animate walking
WALKING: end walk

DISPLAY: n=6 ticks=12 segment=2 phases=31,33,36,39 johnny=16,0,299,243
 ******* WAIT: 0 ticks *******

NATIVE RETURN: segment=2 ticks=12
NATIVE CALL: segment=3 args=0,0,0,0

 +-- CALCULATE PATH --
 |
 |  . walking from A to A:
 |  . possible paths:  A
 |  . chosen path: A
 +--------------------

WALKING:  spot=0 hdg=0 next=0  -  data 0 300 243 16

JOHNNY DRAW: segment=3 frame=16 flip=0 x=299 y=243
DISPLAY: n=7 ticks=12 segment=3 phases=31,33,36,39 johnny=16,0,299,243
 ******* WAIT: 4 ticks *******

    ------> Animate bg
LOW SURFACE: frame=36 x=956 y=686 canvas=176x96
BG DRAW: frame=36 x=558 y=323 dx=-80 dy=20 scale=2 canvas=176x96
LOW SURFACE: frame=39 x=98 y=720 canvas=208x58
BG DRAW: frame=39 x=129 y=340 dx=-80 dy=20 scale=2 canvas=208x58
LOW SURFACE: frame=31 x=306 y=686 canvas=256x96
BG DRAW: frame=31 x=233 y=323 dx=-80 dy=20 scale=2 canvas=256x96
LOW SURFACE: frame=34 x=574 y=752 canvas=352x56
BG DRAW: frame=34 x=367 y=356 dx=-80 dy=20 scale=2 canvas=352x56
    ------> Animate clouds
Clouds Pos: 358, 68
BG DRAW: frame=15 x=358 y=68 dx=-80 dy=20 scale=2 canvas=256x72
Clouds Pos: 353, 35
BG DRAW: frame=16 x=353 y=35 dx=-80 dy=20 scale=2 canvas=384x114
Clouds Pos: 176, 39
BG DRAW: frame=17 x=176 y=39 dx=-80 dy=20 scale=2 canvas=528x152
Clouds Pos: 109, 26
BG DRAW: frame=17 x=109 y=26 dx=-80 dy=20 scale=2 canvas=528x152
Clouds Pos: 374, 62
BG DRAW: frame=16 x=374 y=62 dx=-80 dy=20 scale=2 canvas=384x114
DISPLAY: n=8 ticks=16 segment=3 phases=31,34,36,39 johnny=16,0,299,243
 ******* WAIT: 2 ticks *******

    ------> Animate walking
WALKING: end walk

DISPLAY: n=9 ticks=18 segment=3 phases=31,34,36,39 johnny=16,0,299,243
 ******* WAIT: 0 ticks *******

NATIVE RETURN: segment=3 ticks=18
NATIVE CALL: segment=4 args=0,0,0,0

 +-- CALCULATE PATH --
 |
 |  . walking from A to A:
 |  . possible paths:  A
 |  . chosen path: A
 +--------------------

WALKING:  spot=0 hdg=0 next=0  -  data 0 300 243 16

JOHNNY DRAW: segment=4 frame=16 flip=0 x=299 y=243
DISPLAY: n=10 ticks=18 segment=4 phases=31,34,36,39 johnny=16,0,299,243
 ******* WAIT: 6 ticks *******

    ------> Animate bg
LOW SURFACE: frame=39 x=98 y=720 canvas=208x58
BG DRAW: frame=39 x=129 y=340 dx=-80 dy=20 scale=2 canvas=208x58
LOW SURFACE: frame=31 x=306 y=686 canvas=256x96
BG DRAW: frame=31 x=233 y=323 dx=-80 dy=20 scale=2 canvas=256x96
LOW SURFACE: frame=34 x=574 y=752 canvas=352x56
BG DRAW: frame=34 x=367 y=356 dx=-80 dy=20 scale=2 canvas=352x56
LOW SURFACE: frame=37 x=956 y=686 canvas=176x96
BG DRAW: frame=37 x=558 y=323 dx=-80 dy=20 scale=2 canvas=176x96
    ------> Animate clouds
Clouds Pos: 360, 68
BG DRAW: frame=15 x=360 y=68 dx=-80 dy=20 scale=2 canvas=256x72
Clouds Pos: 355, 35
BG DRAW: frame=16 x=355 y=35 dx=-80 dy=20 scale=2 canvas=384x114
Clouds Pos: 177, 39
BG DRAW: frame=17 x=177 y=39 dx=-80 dy=20 scale=2 canvas=528x152
Clouds Pos: 110, 26
BG DRAW: frame=17 x=110 y=26 dx=-80 dy=20 scale=2 canvas=528x152
Clouds Pos: 375, 62
BG DRAW: frame=16 x=375 y=62 dx=-80 dy=20 scale=2 canvas=384x114
    ------> Animate walking
WALKING: end walk

DISPLAY: n=11 ticks=24 segment=4 phases=31,34,37,39 johnny=16,0,299,243
 ******* WAIT: 0 ticks *******

NATIVE RETURN: segment=4 ticks=24
NATIVE CALL: segment=5 args=0,0,0,0

 +-- CALCULATE PATH --
 |
 |  . walking from A to A:
 |  . possible paths:  A
 |  . chosen path: A
 +--------------------

WALKING:  spot=0 hdg=0 next=0  -  data 0 300 243 16

JOHNNY DRAW: segment=5 frame=16 flip=0 x=299 y=243
DISPLAY: n=12 ticks=24 segment=5 phases=31,34,37,39 johnny=16,0,299,243
 ******* WAIT: 6 ticks *******

    ------> Animate walking
WALKING: end walk

DISPLAY: n=13 ticks=30 segment=5 phases=31,34,37,39 johnny=16,0,299,243
 ******* WAIT: 0 ticks *******

NATIVE RETURN: segment=5 ticks=30
NATIVE CALL: segment=6 args=0,0,0,0

 +-- CALCULATE PATH --
 |
 |  . walking from A to A:
 |  . possible paths:  A
 |  . chosen path: A
 +--------------------

WALKING:  spot=0 hdg=0 next=0  -  data 0 300 243 16

JOHNNY DRAW: segment=6 frame=16 flip=0 x=299 y=243
DISPLAY: n=14 ticks=30 segment=6 phases=31,34,37,39 johnny=16,0,299,243
 ******* WAIT: 2 ticks *******

    ------> Animate bg
LOW SURFACE: frame=31 x=306 y=686 canvas=256x96
BG DRAW: frame=31 x=233 y=323 dx=-80 dy=20 scale=2 canvas=256x96
LOW SURFACE: frame=34 x=574 y=752 canvas=352x56
BG DRAW: frame=34 x=367 y=356 dx=-80 dy=20 scale=2 canvas=352x56
LOW SURFACE: frame=37 x=956 y=686 canvas=176x96
BG DRAW: frame=37 x=558 y=323 dx=-80 dy=20 scale=2 canvas=176x96
LOW SURFACE: frame=40 x=98 y=720 canvas=208x58
BG DRAW: frame=40 x=129 y=340 dx=-80 dy=20 scale=2 canvas=208x58
    ------> Animate clouds
Clouds Pos: 362, 68
BG DRAW: frame=15 x=362 y=68 dx=-80 dy=20 scale=2 canvas=256x72
Clouds Pos: 357, 35
BG DRAW: frame=16 x=357 y=35 dx=-80 dy=20 scale=2 canvas=384x114
Clouds Pos: 178, 39
BG DRAW: frame=17 x=178 y=39 dx=-80 dy=20 scale=2 canvas=528x152
Clouds Pos: 111, 26
BG DRAW: frame=17 x=111 y=26 dx=-80 dy=20 scale=2 canvas=528x152
Clouds Pos: 376, 62
BG DRAW: frame=16 x=376 y=62 dx=-80 dy=20 scale=2 canvas=384x114
DISPLAY: n=15 ticks=32 segment=6 phases=31,34,37,40 johnny=16,0,299,243
 ******* WAIT: 4 ticks *******

    ------> Animate walking
WALKING: end walk

DISPLAY: n=16 ticks=36 segment=6 phases=31,34,37,40 johnny=16,0,299,243
 ******* WAIT: 0 ticks *******

NATIVE RETURN: segment=6 ticks=36
NATIVE CALL: segment=7 args=0,0,0,0

 +-- CALCULATE PATH --
 |
 |  . walking from A to A:
 |  . possible paths:  A
 |  . chosen path: A
 +--------------------

WALKING:  spot=0 hdg=0 next=0  -  data 0 300 243 16

JOHNNY DRAW: segment=7 frame=16 flip=0 x=299 y=243
DISPLAY: n=17 ticks=36 segment=7 phases=31,34,37,40 johnny=16,0,299,243
 ******* WAIT: 4 ticks *******

    ------> Animate bg
LOW SURFACE: frame=34 x=574 y=752 canvas=352x56
BG DRAW: frame=34 x=367 y=356 dx=-80 dy=20 scale=2 canvas=352x56
LOW SURFACE: frame=37 x=956 y=686 canvas=176x96
BG DRAW: frame=37 x=558 y=323 dx=-80 dy=20 scale=2 canvas=176x96
LOW SURFACE: frame=40 x=98 y=720 canvas=208x58
BG DRAW: frame=40 x=129 y=340 dx=-80 dy=20 scale=2 canvas=208x58
LOW SURFACE: frame=32 x=306 y=686 canvas=240x96
BG DRAW: frame=32 x=233 y=323 dx=-80 dy=20 scale=2 canvas=240x96
    ------> Animate clouds
Clouds Pos: 364, 68
BG DRAW: frame=15 x=364 y=68 dx=-80 dy=20 scale=2 canvas=256x72
Clouds Pos: 359, 35
BG DRAW: frame=16 x=359 y=35 dx=-80 dy=20 scale=2 canvas=384x114
Clouds Pos: 179, 39
BG DRAW: frame=17 x=179 y=39 dx=-80 dy=20 scale=2 canvas=528x152
Clouds Pos: 112, 26
BG DRAW: frame=17 x=112 y=26 dx=-80 dy=20 scale=2 canvas=528x152
Clouds Pos: 377, 62
BG DRAW: frame=16 x=377 y=62 dx=-80 dy=20 scale=2 canvas=384x114
DISPLAY: n=18 ticks=40 segment=7 phases=32,34,37,40 johnny=16,0,299,243
 ******* WAIT: 2 ticks *******

    ------> Animate walking
WALKING: end walk

DISPLAY: n=19 ticks=42 segment=7 phases=32,34,37,40 johnny=16,0,299,243
 ******* WAIT: 0 ticks *******

NATIVE RETURN: segment=7 ticks=42
NATIVE CALL: segment=8 args=0,0,0,0

 +-- CALCULATE PATH --
 |
 |  . walking from A to A:
 |  . possible paths:  A
 |  . chosen path: A
 +--------------------

WALKING:  spot=0 hdg=0 next=0  -  data 0 300 243 16

JOHNNY DRAW: segment=8 frame=16 flip=0 x=299 y=243
DISPLAY: n=20 ticks=42 segment=8 phases=32,34,37,40 johnny=16,0,299,243
 ******* WAIT: 6 ticks *******

    ------> Animate bg
LOW SURFACE: frame=37 x=956 y=686 canvas=176x96
BG DRAW: frame=37 x=558 y=323 dx=-80 dy=20 scale=2 canvas=176x96
LOW SURFACE: frame=40 x=98 y=720 canvas=208x58
BG DRAW: frame=40 x=129 y=340 dx=-80 dy=20 scale=2 canvas=208x58
LOW SURFACE: frame=32 x=306 y=686 canvas=240x96
BG DRAW: frame=32 x=233 y=323 dx=-80 dy=20 scale=2 canvas=240x96
LOW SURFACE: frame=35 x=574 y=752 canvas=352x56
BG DRAW: frame=35 x=367 y=356 dx=-80 dy=20 scale=2 canvas=352x56
    ------> Animate clouds
Clouds Pos: 366, 68
BG DRAW: frame=15 x=366 y=68 dx=-80 dy=20 scale=2 canvas=256x72
Clouds Pos: 361, 35
BG DRAW: frame=16 x=361 y=35 dx=-80 dy=20 scale=2 canvas=384x114
Clouds Pos: 180, 39
BG DRAW: frame=17 x=180 y=39 dx=-80 dy=20 scale=2 canvas=528x152
Clouds Pos: 113, 26
BG DRAW: frame=17 x=113 y=26 dx=-80 dy=20 scale=2 canvas=528x152
Clouds Pos: 378, 62
BG DRAW: frame=16 x=378 y=62 dx=-80 dy=20 scale=2 canvas=384x114
    ------> Animate walking
WALKING: end walk

DISPLAY: n=21 ticks=48 segment=8 phases=32,35,37,40 johnny=16,0,299,243
 ******* WAIT: 0 ticks *******

NATIVE RETURN: segment=8 ticks=48
NATIVE CALL: segment=9 args=0,0,0,0

 +-- CALCULATE PATH --
 |
 |  . walking from A to A:
 |  . possible paths:  A
 |  . chosen path: A
 +--------------------

WALKING:  spot=0 hdg=0 next=0  -  data 0 300 243 16

JOHNNY DRAW: segment=9 frame=16 flip=0 x=299 y=243
DISPLAY: n=22 ticks=48 segment=9 phases=32,35,37,40 johnny=16,0,299,243
 ******* WAIT: 6 ticks *******

    ------> Animate walking
WALKING: end walk

DISPLAY: n=23 ticks=54 segment=9 phases=32,35,37,40 johnny=16,0,299,243
 ******* WAIT: 0 ticks *******

NATIVE RETURN: segment=9 ticks=54
NATIVE CALL: segment=10 args=0,0,0,0

 +-- CALCULATE PATH --
 |
 |  . walking from A to A:
 |  . possible paths:  A
 |  . chosen path: A
 +--------------------

WALKING:  spot=0 hdg=0 next=0  -  data 0 300 243 16

JOHNNY DRAW: segment=10 frame=16 flip=0 x=299 y=243
DISPLAY: n=24 ticks=54 segment=10 phases=32,35,37,40 johnny=16,0,299,243
 ******* WAIT: 2 ticks *******

    ------> Animate bg
LOW SURFACE: frame=40 x=98 y=720 canvas=208x58
BG DRAW: frame=40 x=129 y=340 dx=-80 dy=20 scale=2 canvas=208x58
LOW SURFACE: frame=32 x=306 y=686 canvas=240x96
BG DRAW: frame=32 x=233 y=323 dx=-80 dy=20 scale=2 canvas=240x96
LOW SURFACE: frame=35 x=574 y=752 canvas=352x56
BG DRAW: frame=35 x=367 y=356 dx=-80 dy=20 scale=2 canvas=352x56
LOW SURFACE: frame=38 x=956 y=686 canvas=176x96
BG DRAW: frame=38 x=558 y=323 dx=-80 dy=20 scale=2 canvas=176x96
    ------> Animate clouds
Clouds Pos: 368, 68
BG DRAW: frame=15 x=368 y=68 dx=-80 dy=20 scale=2 canvas=256x72
Clouds Pos: 363, 35
BG DRAW: frame=16 x=363 y=35 dx=-80 dy=20 scale=2 canvas=384x114
Clouds Pos: 181, 39
BG DRAW: frame=17 x=181 y=39 dx=-80 dy=20 scale=2 canvas=528x152
Clouds Pos: 114, 26
BG DRAW: frame=17 x=114 y=26 dx=-80 dy=20 scale=2 canvas=528x152
Clouds Pos: 379, 62
BG DRAW: frame=16 x=379 y=62 dx=-80 dy=20 scale=2 canvas=384x114
DISPLAY: n=25 ticks=56 segment=10 phases=32,35,38,40 johnny=16,0,299,243
 ******* WAIT: 4 ticks *******

    ------> Animate walking
WALKING: end walk

DISPLAY: n=26 ticks=60 segment=10 phases=32,35,38,40 johnny=16,0,299,243
 ******* WAIT: 0 ticks *******

NATIVE RETURN: segment=10 ticks=60
NATIVE CALL: segment=11 args=0,0,0,0

 +-- CALCULATE PATH --
 |
 |  . walking from A to A:
 |  . possible paths:  A
 |  . chosen path: A
 +--------------------

WALKING:  spot=0 hdg=0 next=0  -  data 0 300 243 16

JOHNNY DRAW: segment=11 frame=16 flip=0 x=299 y=243
DISPLAY: n=27 ticks=60 segment=11 phases=32,35,38,40 johnny=16,0,299,243
 ******* WAIT: 4 ticks *******

    ------> Animate bg
LOW SURFACE: frame=32 x=306 y=686 canvas=240x96
BG DRAW: frame=32 x=233 y=323 dx=-80 dy=20 scale=2 canvas=240x96
LOW SURFACE: frame=35 x=574 y=752 canvas=352x56
BG DRAW: frame=35 x=367 y=356 dx=-80 dy=20 scale=2 canvas=352x56
LOW SURFACE: frame=38 x=956 y=686 canvas=176x96
BG DRAW: frame=38 x=558 y=323 dx=-80 dy=20 scale=2 canvas=176x96
LOW SURFACE: frame=41 x=98 y=720 canvas=208x58
BG DRAW: frame=41 x=129 y=340 dx=-80 dy=20 scale=2 canvas=208x58
    ------> Animate clouds
Clouds Pos: 370, 68
BG DRAW: frame=15 x=370 y=68 dx=-80 dy=20 scale=2 canvas=256x72
Clouds Pos: 365, 35
BG DRAW: frame=16 x=365 y=35 dx=-80 dy=20 scale=2 canvas=384x114
Clouds Pos: 182, 39
BG DRAW: frame=17 x=182 y=39 dx=-80 dy=20 scale=2 canvas=528x152
Clouds Pos: 115, 26
BG DRAW: frame=17 x=115 y=26 dx=-80 dy=20 scale=2 canvas=528x152
Clouds Pos: 380, 62
BG DRAW: frame=16 x=380 y=62 dx=-80 dy=20 scale=2 canvas=384x114
DISPLAY: n=28 ticks=64 segment=11 phases=32,35,38,41 johnny=16,0,299,243
 ******* WAIT: 2 ticks *******

    ------> Animate walking
WALKING: end walk

DISPLAY: n=29 ticks=66 segment=11 phases=32,35,38,41 johnny=16,0,299,243
 ******* WAIT: 0 ticks *******

NATIVE RETURN: segment=11 ticks=66
NATIVE CALL: segment=12 args=0,0,0,0

 +-- CALCULATE PATH --
 |
 |  . walking from A to A:
 |  . possible paths:  A
 |  . chosen path: A
 +--------------------

WALKING:  spot=0 hdg=0 next=0  -  data 0 300 243 16

JOHNNY DRAW: segment=12 frame=16 flip=0 x=299 y=243
DISPLAY: n=30 ticks=66 segment=12 phases=32,35,38,41 johnny=16,0,299,243
 ******* WAIT: 6 ticks *******

    ------> Animate bg
LOW SURFACE: frame=35 x=574 y=752 canvas=352x56
BG DRAW: frame=35 x=367 y=356 dx=-80 dy=20 scale=2 canvas=352x56
LOW SURFACE: frame=38 x=956 y=686 canvas=176x96
BG DRAW: frame=38 x=558 y=323 dx=-80 dy=20 scale=2 canvas=176x96
LOW SURFACE: frame=41 x=98 y=720 canvas=208x58
BG DRAW: frame=41 x=129 y=340 dx=-80 dy=20 scale=2 canvas=208x58
LOW SURFACE: frame=30 x=306 y=686 canvas=240x96
BG DRAW: frame=30 x=233 y=323 dx=-80 dy=20 scale=2 canvas=240x96
    ------> Animate clouds
Clouds Pos: 372, 68
BG DRAW: frame=15 x=372 y=68 dx=-80 dy=20 scale=2 canvas=256x72
Clouds Pos: 367, 35
BG DRAW: frame=16 x=367 y=35 dx=-80 dy=20 scale=2 canvas=384x114
Clouds Pos: 183, 39
BG DRAW: frame=17 x=183 y=39 dx=-80 dy=20 scale=2 canvas=528x152
Clouds Pos: 116, 26
BG DRAW: frame=17 x=116 y=26 dx=-80 dy=20 scale=2 canvas=528x152
Clouds Pos: 381, 62
BG DRAW: frame=16 x=381 y=62 dx=-80 dy=20 scale=2 canvas=384x114
    ------> Animate walking
WALKING: end walk

DISPLAY: n=31 ticks=72 segment=12 phases=30,35,38,41 johnny=16,0,299,243
 ******* WAIT: 0 ticks *******

NATIVE RETURN: segment=12 ticks=72
NATIVE CALL: segment=13 args=0,0,0,0

 +-- CALCULATE PATH --
 |
 |  . walking from A to A:
 |  . possible paths:  A
 |  . chosen path: A
 +--------------------

WALKING:  spot=0 hdg=0 next=0  -  data 0 300 243 16

JOHNNY DRAW: segment=13 frame=16 flip=0 x=299 y=243
DISPLAY: n=32 ticks=72 segment=13 phases=30,35,38,41 johnny=16,0,299,243
 ******* WAIT: 6 ticks *******

    ------> Animate walking
WALKING: end walk

DISPLAY: n=33 ticks=78 segment=13 phases=30,35,38,41 johnny=16,0,299,243
 ******* WAIT: 0 ticks *******

NATIVE RETURN: segment=13 ticks=78
NATIVE CALL: segment=14 args=0,0,0,0

 +-- CALCULATE PATH --
 |
 |  . walking from A to A:
 |  . possible paths:  A
 |  . chosen path: A
 +--------------------

WALKING:  spot=0 hdg=0 next=0  -  data 0 300 243 16

JOHNNY DRAW: segment=14 frame=16 flip=0 x=299 y=243
DISPLAY: n=34 ticks=78 segment=14 phases=30,35,38,41 johnny=16,0,299,243
 ******* WAIT: 2 ticks *******

    ------> Animate bg
LOW SURFACE: frame=38 x=956 y=686 canvas=176x96
BG DRAW: frame=38 x=558 y=323 dx=-80 dy=20 scale=2 canvas=176x96
LOW SURFACE: frame=41 x=98 y=720 canvas=208x58
BG DRAW: frame=41 x=129 y=340 dx=-80 dy=20 scale=2 canvas=208x58
LOW SURFACE: frame=30 x=306 y=686 canvas=240x96
BG DRAW: frame=30 x=233 y=323 dx=-80 dy=20 scale=2 canvas=240x96
LOW SURFACE: frame=33 x=574 y=752 canvas=352x56
BG DRAW: frame=33 x=367 y=356 dx=-80 dy=20 scale=2 canvas=352x56
    ------> Animate clouds
Clouds Pos: 374, 68
BG DRAW: frame=15 x=374 y=68 dx=-80 dy=20 scale=2 canvas=256x72
Clouds Pos: 369, 35
BG DRAW: frame=16 x=369 y=35 dx=-80 dy=20 scale=2 canvas=384x114
Clouds Pos: 184, 39
BG DRAW: frame=17 x=184 y=39 dx=-80 dy=20 scale=2 canvas=528x152
Clouds Pos: 117, 26
BG DRAW: frame=17 x=117 y=26 dx=-80 dy=20 scale=2 canvas=528x152
Clouds Pos: 382, 62
BG DRAW: frame=16 x=382 y=62 dx=-80 dy=20 scale=2 canvas=384x114
DISPLAY: n=35 ticks=80 segment=14 phases=30,33,38,41 johnny=16,0,299,243
 ******* WAIT: 4 ticks *******

    ------> Animate walking
WALKING: end walk

DISPLAY: n=36 ticks=84 segment=14 phases=30,33,38,41 johnny=16,0,299,243
 ******* WAIT: 0 ticks *******

NATIVE RETURN: segment=14 ticks=84
NATIVE CALL: segment=15 args=0,0,0,0

 +-- CALCULATE PATH --
 |
 |  . walking from A to A:
 |  . possible paths:  A
 |  . chosen path: A
 +--------------------

WALKING:  spot=0 hdg=0 next=0  -  data 0 300 243 16

JOHNNY DRAW: segment=15 frame=16 flip=0 x=299 y=243
DISPLAY: n=37 ticks=84 segment=15 phases=30,33,38,41 johnny=16,0,299,243
 ******* WAIT: 4 ticks *******

    ------> Animate bg
LOW SURFACE: frame=41 x=98 y=720 canvas=208x58
BG DRAW: frame=41 x=129 y=340 dx=-80 dy=20 scale=2 canvas=208x58
LOW SURFACE: frame=30 x=306 y=686 canvas=240x96
BG DRAW: frame=30 x=233 y=323 dx=-80 dy=20 scale=2 canvas=240x96
LOW SURFACE: frame=33 x=574 y=752 canvas=352x56
BG DRAW: frame=33 x=367 y=356 dx=-80 dy=20 scale=2 canvas=352x56
LOW SURFACE: frame=36 x=956 y=686 canvas=176x96
BG DRAW: frame=36 x=558 y=323 dx=-80 dy=20 scale=2 canvas=176x96
    ------> Animate clouds
Clouds Pos: 376, 68
BG DRAW: frame=15 x=376 y=68 dx=-80 dy=20 scale=2 canvas=256x72
Clouds Pos: 371, 35
BG DRAW: frame=16 x=371 y=35 dx=-80 dy=20 scale=2 canvas=384x114
Clouds Pos: 185, 39
BG DRAW: frame=17 x=185 y=39 dx=-80 dy=20 scale=2 canvas=528x152
Clouds Pos: 118, 26
BG DRAW: frame=17 x=118 y=26 dx=-80 dy=20 scale=2 canvas=528x152
Clouds Pos: 383, 62
BG DRAW: frame=16 x=383 y=62 dx=-80 dy=20 scale=2 canvas=384x114
DISPLAY: n=38 ticks=88 segment=15 phases=30,33,36,41 johnny=16,0,299,243
 ******* WAIT: 2 ticks *******

    ------> Animate walking
WALKING: end walk

DISPLAY: n=39 ticks=90 segment=15 phases=30,33,36,41 johnny=16,0,299,243
 ******* WAIT: 0 ticks *******

NATIVE RETURN: segment=15 ticks=90
NATIVE CALL: segment=16 args=0,0,0,0

 +-- CALCULATE PATH --
 |
 |  . walking from A to A:
 |  . possible paths:  A
 |  . chosen path: A
 +--------------------

WALKING:  spot=0 hdg=0 next=0  -  data 0 300 243 16

JOHNNY DRAW: segment=16 frame=16 flip=0 x=299 y=243
DISPLAY: n=40 ticks=90 segment=16 phases=30,33,36,41 johnny=16,0,299,243
 ******* WAIT: 6 ticks *******

    ------> Animate bg
LOW SURFACE: frame=30 x=306 y=686 canvas=240x96
BG DRAW: frame=30 x=233 y=323 dx=-80 dy=20 scale=2 canvas=240x96
LOW SURFACE: frame=33 x=574 y=752 canvas=352x56
BG DRAW: frame=33 x=367 y=356 dx=-80 dy=20 scale=2 canvas=352x56
LOW SURFACE: frame=36 x=956 y=686 canvas=176x96
BG DRAW: frame=36 x=558 y=323 dx=-80 dy=20 scale=2 canvas=176x96
LOW SURFACE: frame=39 x=98 y=720 canvas=208x58
BG DRAW: frame=39 x=129 y=340 dx=-80 dy=20 scale=2 canvas=208x58
    ------> Animate clouds
Clouds Pos: 378, 68
BG DRAW: frame=15 x=378 y=68 dx=-80 dy=20 scale=2 canvas=256x72
Clouds Pos: 373, 35
BG DRAW: frame=16 x=373 y=35 dx=-80 dy=20 scale=2 canvas=384x114
Clouds Pos: 186, 39
BG DRAW: frame=17 x=186 y=39 dx=-80 dy=20 scale=2 canvas=528x152
Clouds Pos: 119, 26
BG DRAW: frame=17 x=119 y=26 dx=-80 dy=20 scale=2 canvas=528x152
Clouds Pos: 384, 62
BG DRAW: frame=16 x=384 y=62 dx=-80 dy=20 scale=2 canvas=384x114
    ------> Animate walking
WALKING: end walk

DISPLAY: n=41 ticks=96 segment=16 phases=30,33,36,39 johnny=16,0,299,243
 ******* WAIT: 0 ticks *******

NATIVE RETURN: segment=16 ticks=96
NATIVE CALL: segment=17 args=0,0,0,0

 +-- CALCULATE PATH --
 |
 |  . walking from A to A:
 |  . possible paths:  A
 |  . chosen path: A
 +--------------------

WALKING:  spot=0 hdg=0 next=0  -  data 0 300 243 16

JOHNNY DRAW: segment=17 frame=16 flip=0 x=299 y=243
DISPLAY: n=42 ticks=96 segment=17 phases=30,33,36,39 johnny=16,0,299,243
 ******* WAIT: 6 ticks *******

    ------> Animate walking
WALKING: end walk

DISPLAY: n=43 ticks=102 segment=17 phases=30,33,36,39 johnny=16,0,299,243
 ******* WAIT: 0 ticks *******

NATIVE RETURN: segment=17 ticks=102
NATIVE CALL: segment=18 args=0,0,0,0

 +-- CALCULATE PATH --
 |
 |  . walking from A to A:
 |  . possible paths:  A
 |  . chosen path: A
 +--------------------

WALKING:  spot=0 hdg=0 next=0  -  data 0 300 243 16

JOHNNY DRAW: segment=18 frame=16 flip=0 x=299 y=243
DISPLAY: n=44 ticks=102 segment=18 phases=30,33,36,39 johnny=16,0,299,243
 ******* WAIT: 2 ticks *******

    ------> Animate bg
LOW SURFACE: frame=33 x=574 y=752 canvas=352x56
BG DRAW: frame=33 x=367 y=356 dx=-80 dy=20 scale=2 canvas=352x56
LOW SURFACE: frame=36 x=956 y=686 canvas=176x96
BG DRAW: frame=36 x=558 y=323 dx=-80 dy=20 scale=2 canvas=176x96
LOW SURFACE: frame=39 x=98 y=720 canvas=208x58
BG DRAW: frame=39 x=129 y=340 dx=-80 dy=20 scale=2 canvas=208x58
LOW SURFACE: frame=31 x=306 y=686 canvas=256x96
BG DRAW: frame=31 x=233 y=323 dx=-80 dy=20 scale=2 canvas=256x96
    ------> Animate clouds
Clouds Pos: 380, 68
BG DRAW: frame=15 x=380 y=68 dx=-80 dy=20 scale=2 canvas=256x72
Clouds Pos: 375, 35
BG DRAW: frame=16 x=375 y=35 dx=-80 dy=20 scale=2 canvas=384x114
Clouds Pos: 187, 39
BG DRAW: frame=17 x=187 y=39 dx=-80 dy=20 scale=2 canvas=528x152
Clouds Pos: 120, 26
BG DRAW: frame=17 x=120 y=26 dx=-80 dy=20 scale=2 canvas=528x152
Clouds Pos: 385, 62
BG DRAW: frame=16 x=385 y=62 dx=-80 dy=20 scale=2 canvas=384x114
DISPLAY: n=45 ticks=104 segment=18 phases=31,33,36,39 johnny=16,0,299,243
 ******* WAIT: 4 ticks *******

    ------> Animate walking
WALKING: end walk

DISPLAY: n=46 ticks=108 segment=18 phases=31,33,36,39 johnny=16,0,299,243
 ******* WAIT: 0 ticks *******

NATIVE RETURN: segment=18 ticks=108
NATIVE CALL: segment=19 args=0,0,0,0

 +-- CALCULATE PATH --
 |
 |  . walking from A to A:
 |  . possible paths:  A
 |  . chosen path: A
 +--------------------

WALKING:  spot=0 hdg=0 next=0  -  data 0 300 243 16

JOHNNY DRAW: segment=19 frame=16 flip=0 x=299 y=243
DISPLAY: n=47 ticks=108 segment=19 phases=31,33,36,39 johnny=16,0,299,243
 ******* WAIT: 4 ticks *******

    ------> Animate bg
LOW SURFACE: frame=36 x=956 y=686 canvas=176x96
BG DRAW: frame=36 x=558 y=323 dx=-80 dy=20 scale=2 canvas=176x96
LOW SURFACE: frame=39 x=98 y=720 canvas=208x58
BG DRAW: frame=39 x=129 y=340 dx=-80 dy=20 scale=2 canvas=208x58
LOW SURFACE: frame=31 x=306 y=686 canvas=256x96
BG DRAW: frame=31 x=233 y=323 dx=-80 dy=20 scale=2 canvas=256x96
LOW SURFACE: frame=34 x=574 y=752 canvas=352x56
BG DRAW: frame=34 x=367 y=356 dx=-80 dy=20 scale=2 canvas=352x56
    ------> Animate clouds
Clouds Pos: 382, 68
BG DRAW: frame=15 x=382 y=68 dx=-80 dy=20 scale=2 canvas=256x72
Clouds Pos: 377, 35
BG DRAW: frame=16 x=377 y=35 dx=-80 dy=20 scale=2 canvas=384x114
Clouds Pos: 188, 39
BG DRAW: frame=17 x=188 y=39 dx=-80 dy=20 scale=2 canvas=528x152
Clouds Pos: 121, 26
BG DRAW: frame=17 x=121 y=26 dx=-80 dy=20 scale=2 canvas=528x152
Clouds Pos: 386, 62
BG DRAW: frame=16 x=386 y=62 dx=-80 dy=20 scale=2 canvas=384x114
DISPLAY: n=48 ticks=112 segment=19 phases=31,34,36,39 johnny=16,0,299,243
 ******* WAIT: 2 ticks *******

    ------> Animate walking
WALKING: end walk

DISPLAY: n=49 ticks=114 segment=19 phases=31,34,36,39 johnny=16,0,299,243
 ******* WAIT: 0 ticks *******

NATIVE RETURN: segment=19 ticks=114
NATIVE CALL: segment=20 args=0,0,0,0

 +-- CALCULATE PATH --
 |
 |  . walking from A to A:
 |  . possible paths:  A
 |  . chosen path: A
 +--------------------

WALKING:  spot=0 hdg=0 next=0  -  data 0 300 243 16

JOHNNY DRAW: segment=20 frame=16 flip=0 x=299 y=243
DISPLAY: n=50 ticks=114 segment=20 phases=31,34,36,39 johnny=16,0,299,243
 ******* WAIT: 6 ticks *******

    ------> Animate bg
LOW SURFACE: frame=39 x=98 y=720 canvas=208x58
BG DRAW: frame=39 x=129 y=340 dx=-80 dy=20 scale=2 canvas=208x58
LOW SURFACE: frame=31 x=306 y=686 canvas=256x96
BG DRAW: frame=31 x=233 y=323 dx=-80 dy=20 scale=2 canvas=256x96
LOW SURFACE: frame=34 x=574 y=752 canvas=352x56
BG DRAW: frame=34 x=367 y=356 dx=-80 dy=20 scale=2 canvas=352x56
LOW SURFACE: frame=37 x=956 y=686 canvas=176x96
BG DRAW: frame=37 x=558 y=323 dx=-80 dy=20 scale=2 canvas=176x96
    ------> Animate clouds
Clouds Pos: 384, 68
BG DRAW: frame=15 x=384 y=68 dx=-80 dy=20 scale=2 canvas=256x72
Clouds Pos: 379, 35
BG DRAW: frame=16 x=379 y=35 dx=-80 dy=20 scale=2 canvas=384x114
Clouds Pos: 189, 39
BG DRAW: frame=17 x=189 y=39 dx=-80 dy=20 scale=2 canvas=528x152
Clouds Pos: 122, 26
BG DRAW: frame=17 x=122 y=26 dx=-80 dy=20 scale=2 canvas=528x152
Clouds Pos: 387, 62
BG DRAW: frame=16 x=387 y=62 dx=-80 dy=20 scale=2 canvas=384x114
    ------> Animate walking
WALKING: end walk

DISPLAY: n=51 ticks=120 segment=20 phases=31,34,37,39 johnny=16,0,299,243
 ******* WAIT: 0 ticks *******

NATIVE RETURN: segment=20 ticks=120
NATIVE CALL: segment=21 args=0,0,0,0

 +-- CALCULATE PATH --
 |
 |  . walking from A to A:
 |  . possible paths:  A
 |  . chosen path: A
 +--------------------

WALKING:  spot=0 hdg=0 next=0  -  data 0 300 243 16

JOHNNY DRAW: segment=21 frame=16 flip=0 x=299 y=243
DISPLAY: n=52 ticks=120 segment=21 phases=31,34,37,39 johnny=16,0,299,243
 ******* WAIT: 6 ticks *******

    ------> Animate walking
WALKING: end walk

DISPLAY: n=53 ticks=126 segment=21 phases=31,34,37,39 johnny=16,0,299,243
 ******* WAIT: 0 ticks *******

NATIVE RETURN: segment=21 ticks=126
NATIVE CALL: segment=22 args=0,0,0,0

 +-- CALCULATE PATH --
 |
 |  . walking from A to A:
 |  . possible paths:  A
 |  . chosen path: A
 +--------------------

WALKING:  spot=0 hdg=0 next=0  -  data 0 300 243 16

JOHNNY DRAW: segment=22 frame=16 flip=0 x=299 y=243
DISPLAY: n=54 ticks=126 segment=22 phases=31,34,37,39 johnny=16,0,299,243
 ******* WAIT: 2 ticks *******

    ------> Animate bg
LOW SURFACE: frame=31 x=306 y=686 canvas=256x96
BG DRAW: frame=31 x=233 y=323 dx=-80 dy=20 scale=2 canvas=256x96
LOW SURFACE: frame=34 x=574 y=752 canvas=352x56
BG DRAW: frame=34 x=367 y=356 dx=-80 dy=20 scale=2 canvas=352x56
LOW SURFACE: frame=37 x=956 y=686 canvas=176x96
BG DRAW: frame=37 x=558 y=323 dx=-80 dy=20 scale=2 canvas=176x96
LOW SURFACE: frame=40 x=98 y=720 canvas=208x58
BG DRAW: frame=40 x=129 y=340 dx=-80 dy=20 scale=2 canvas=208x58
    ------> Animate clouds
Clouds Pos: 386, 68
BG DRAW: frame=15 x=386 y=68 dx=-80 dy=20 scale=2 canvas=256x72
Clouds Pos: 381, 35
BG DRAW: frame=16 x=381 y=35 dx=-80 dy=20 scale=2 canvas=384x114
Clouds Pos: 190, 39
BG DRAW: frame=17 x=190 y=39 dx=-80 dy=20 scale=2 canvas=528x152
Clouds Pos: 123, 26
BG DRAW: frame=17 x=123 y=26 dx=-80 dy=20 scale=2 canvas=528x152
Clouds Pos: 388, 62
BG DRAW: frame=16 x=388 y=62 dx=-80 dy=20 scale=2 canvas=384x114
DISPLAY: n=55 ticks=128 segment=22 phases=31,34,37,40 johnny=16,0,299,243
 ******* WAIT: 4 ticks *******

    ------> Animate walking
WALKING: end walk

DISPLAY: n=56 ticks=132 segment=22 phases=31,34,37,40 johnny=16,0,299,243
 ******* WAIT: 0 ticks *******

NATIVE RETURN: segment=22 ticks=132
NATIVE CALL: segment=23 args=0,0,0,0

 +-- CALCULATE PATH --
 |
 |  . walking from A to A:
 |  . possible paths:  A
 |  . chosen path: A
 +--------------------

WALKING:  spot=0 hdg=0 next=0  -  data 0 300 243 16

JOHNNY DRAW: segment=23 frame=16 flip=0 x=299 y=243
DISPLAY: n=57 ticks=132 segment=23 phases=31,34,37,40 johnny=16,0,299,243
 ******* WAIT: 4 ticks *******

    ------> Animate bg
LOW SURFACE: frame=34 x=574 y=752 canvas=352x56
BG DRAW: frame=34 x=367 y=356 dx=-80 dy=20 scale=2 canvas=352x56
LOW SURFACE: frame=37 x=956 y=686 canvas=176x96
BG DRAW: frame=37 x=558 y=323 dx=-80 dy=20 scale=2 canvas=176x96
LOW SURFACE: frame=40 x=98 y=720 canvas=208x58
BG DRAW: frame=40 x=129 y=340 dx=-80 dy=20 scale=2 canvas=208x58
LOW SURFACE: frame=32 x=306 y=686 canvas=240x96
BG DRAW: frame=32 x=233 y=323 dx=-80 dy=20 scale=2 canvas=240x96
    ------> Animate clouds
Clouds Pos: 388, 68
BG DRAW: frame=15 x=388 y=68 dx=-80 dy=20 scale=2 canvas=256x72
Clouds Pos: 383, 35
BG DRAW: frame=16 x=383 y=35 dx=-80 dy=20 scale=2 canvas=384x114
Clouds Pos: 191, 39
BG DRAW: frame=17 x=191 y=39 dx=-80 dy=20 scale=2 canvas=528x152
Clouds Pos: 124, 26
BG DRAW: frame=17 x=124 y=26 dx=-80 dy=20 scale=2 canvas=528x152
Clouds Pos: 389, 62
BG DRAW: frame=16 x=389 y=62 dx=-80 dy=20 scale=2 canvas=384x114
DISPLAY: n=58 ticks=136 segment=23 phases=32,34,37,40 johnny=16,0,299,243
 ******* WAIT: 2 ticks *******

    ------> Animate walking
WALKING: end walk

DISPLAY: n=59 ticks=138 segment=23 phases=32,34,37,40 johnny=16,0,299,243
 ******* WAIT: 0 ticks *******

NATIVE RETURN: segment=23 ticks=138
NATIVE CALL: segment=24 args=0,0,0,0

 +-- CALCULATE PATH --
 |
 |  . walking from A to A:
 |  . possible paths:  A
 |  . chosen path: A
 +--------------------

WALKING:  spot=0 hdg=0 next=0  -  data 0 300 243 16

JOHNNY DRAW: segment=24 frame=16 flip=0 x=299 y=243
DISPLAY: n=60 ticks=138 segment=24 phases=32,34,37,40 johnny=16,0,299,243
 ******* WAIT: 6 ticks *******

    ------> Animate bg
LOW SURFACE: frame=37 x=956 y=686 canvas=176x96
BG DRAW: frame=37 x=558 y=323 dx=-80 dy=20 scale=2 canvas=176x96
LOW SURFACE: frame=40 x=98 y=720 canvas=208x58
BG DRAW: frame=40 x=129 y=340 dx=-80 dy=20 scale=2 canvas=208x58
LOW SURFACE: frame=32 x=306 y=686 canvas=240x96
BG DRAW: frame=32 x=233 y=323 dx=-80 dy=20 scale=2 canvas=240x96
LOW SURFACE: frame=35 x=574 y=752 canvas=352x56
BG DRAW: frame=35 x=367 y=356 dx=-80 dy=20 scale=2 canvas=352x56
    ------> Animate clouds
Clouds Pos: 390, 68
BG DRAW: frame=15 x=390 y=68 dx=-80 dy=20 scale=2 canvas=256x72
Clouds Pos: 385, 35
BG DRAW: frame=16 x=385 y=35 dx=-80 dy=20 scale=2 canvas=384x114
Clouds Pos: 192, 39
BG DRAW: frame=17 x=192 y=39 dx=-80 dy=20 scale=2 canvas=528x152
Clouds Pos: 125, 26
BG DRAW: frame=17 x=125 y=26 dx=-80 dy=20 scale=2 canvas=528x152
Clouds Pos: 390, 62
BG DRAW: frame=16 x=390 y=62 dx=-80 dy=20 scale=2 canvas=384x114
    ------> Animate walking
WALKING: end walk

DISPLAY: n=61 ticks=144 segment=24 phases=32,35,37,40 johnny=16,0,299,243
 ******* WAIT: 0 ticks *******

NATIVE RETURN: segment=24 ticks=144
NATIVE CALL: segment=25 args=0,0,0,0

 +-- CALCULATE PATH --
 |
 |  . walking from A to A:
 |  . possible paths:  A
 |  . chosen path: A
 +--------------------

WALKING:  spot=0 hdg=0 next=0  -  data 0 300 243 16

JOHNNY DRAW: segment=25 frame=16 flip=0 x=299 y=243
DISPLAY: n=62 ticks=144 segment=25 phases=32,35,37,40 johnny=16,0,299,243
 ******* WAIT: 6 ticks *******

    ------> Animate walking
WALKING: end walk

DISPLAY: n=63 ticks=150 segment=25 phases=32,35,37,40 johnny=16,0,299,243
 ******* WAIT: 0 ticks *******

NATIVE RETURN: segment=25 ticks=150
NATIVE CALL: segment=26 args=0,0,0,0

 +-- CALCULATE PATH --
 |
 |  . walking from A to A:
 |  . possible paths:  A
 |  . chosen path: A
 +--------------------

WALKING:  spot=0 hdg=0 next=0  -  data 0 300 243 16

JOHNNY DRAW: segment=26 frame=16 flip=0 x=299 y=243
DISPLAY: n=64 ticks=150 segment=26 phases=32,35,37,40 johnny=16,0,299,243
 ******* WAIT: 2 ticks *******

    ------> Animate bg
LOW SURFACE: frame=40 x=98 y=720 canvas=208x58
BG DRAW: frame=40 x=129 y=340 dx=-80 dy=20 scale=2 canvas=208x58
LOW SURFACE: frame=32 x=306 y=686 canvas=240x96
BG DRAW: frame=32 x=233 y=323 dx=-80 dy=20 scale=2 canvas=240x96
LOW SURFACE: frame=35 x=574 y=752 canvas=352x56
BG DRAW: frame=35 x=367 y=356 dx=-80 dy=20 scale=2 canvas=352x56
LOW SURFACE: frame=38 x=956 y=686 canvas=176x96
BG DRAW: frame=38 x=558 y=323 dx=-80 dy=20 scale=2 canvas=176x96
    ------> Animate clouds
Clouds Pos: 392, 68
BG DRAW: frame=15 x=392 y=68 dx=-80 dy=20 scale=2 canvas=256x72
Clouds Pos: 387, 35
BG DRAW: frame=16 x=387 y=35 dx=-80 dy=20 scale=2 canvas=384x114
Clouds Pos: 193, 39
BG DRAW: frame=17 x=193 y=39 dx=-80 dy=20 scale=2 canvas=528x152
Clouds Pos: 126, 26
BG DRAW: frame=17 x=126 y=26 dx=-80 dy=20 scale=2 canvas=528x152
Clouds Pos: 391, 62
BG DRAW: frame=16 x=391 y=62 dx=-80 dy=20 scale=2 canvas=384x114
DISPLAY: n=65 ticks=152 segment=26 phases=32,35,38,40 johnny=16,0,299,243
 ******* WAIT: 4 ticks *******

    ------> Animate walking
WALKING: end walk

DISPLAY: n=66 ticks=156 segment=26 phases=32,35,38,40 johnny=16,0,299,243
 ******* WAIT: 0 ticks *******

NATIVE RETURN: segment=26 ticks=156
NATIVE CALL: segment=27 args=0,0,0,0

 +-- CALCULATE PATH --
 |
 |  . walking from A to A:
 |  . possible paths:  A
 |  . chosen path: A
 +--------------------

WALKING:  spot=0 hdg=0 next=0  -  data 0 300 243 16

JOHNNY DRAW: segment=27 frame=16 flip=0 x=299 y=243
DISPLAY: n=67 ticks=156 segment=27 phases=32,35,38,40 johnny=16,0,299,243
 ******* WAIT: 4 ticks *******

    ------> Animate bg
LOW SURFACE: frame=32 x=306 y=686 canvas=240x96
BG DRAW: frame=32 x=233 y=323 dx=-80 dy=20 scale=2 canvas=240x96
LOW SURFACE: frame=35 x=574 y=752 canvas=352x56
BG DRAW: frame=35 x=367 y=356 dx=-80 dy=20 scale=2 canvas=352x56
LOW SURFACE: frame=38 x=956 y=686 canvas=176x96
BG DRAW: frame=38 x=558 y=323 dx=-80 dy=20 scale=2 canvas=176x96
LOW SURFACE: frame=41 x=98 y=720 canvas=208x58
BG DRAW: frame=41 x=129 y=340 dx=-80 dy=20 scale=2 canvas=208x58
    ------> Animate clouds
Clouds Pos: 394, 68
BG DRAW: frame=15 x=394 y=68 dx=-80 dy=20 scale=2 canvas=256x72
Clouds Pos: 389, 35
BG DRAW: frame=16 x=389 y=35 dx=-80 dy=20 scale=2 canvas=384x114
Clouds Pos: 194, 39
BG DRAW: frame=17 x=194 y=39 dx=-80 dy=20 scale=2 canvas=528x152
Clouds Pos: 127, 26
BG DRAW: frame=17 x=127 y=26 dx=-80 dy=20 scale=2 canvas=528x152
Clouds Pos: 392, 62
BG DRAW: frame=16 x=392 y=62 dx=-80 dy=20 scale=2 canvas=384x114
DISPLAY: n=68 ticks=160 segment=27 phases=32,35,38,41 johnny=16,0,299,243
 ******* WAIT: 2 ticks *******

    ------> Animate walking
WALKING: end walk

DISPLAY: n=69 ticks=162 segment=27 phases=32,35,38,41 johnny=16,0,299,243
 ******* WAIT: 0 ticks *******

NATIVE RETURN: segment=27 ticks=162
NATIVE CALL: segment=28 args=0,0,0,0

 +-- CALCULATE PATH --
 |
 |  . walking from A to A:
 |  . possible paths:  A
 |  . chosen path: A
 +--------------------

WALKING:  spot=0 hdg=0 next=0  -  data 0 300 243 16

JOHNNY DRAW: segment=28 frame=16 flip=0 x=299 y=243
DISPLAY: n=70 ticks=162 segment=28 phases=32,35,38,41 johnny=16,0,299,243
 ******* WAIT: 6 ticks *******

    ------> Animate bg
LOW SURFACE: frame=35 x=574 y=752 canvas=352x56
BG DRAW: frame=35 x=367 y=356 dx=-80 dy=20 scale=2 canvas=352x56
LOW SURFACE: frame=38 x=956 y=686 canvas=176x96
BG DRAW: frame=38 x=558 y=323 dx=-80 dy=20 scale=2 canvas=176x96
LOW SURFACE: frame=41 x=98 y=720 canvas=208x58
BG DRAW: frame=41 x=129 y=340 dx=-80 dy=20 scale=2 canvas=208x58
LOW SURFACE: frame=30 x=306 y=686 canvas=240x96
BG DRAW: frame=30 x=233 y=323 dx=-80 dy=20 scale=2 canvas=240x96
    ------> Animate clouds
Clouds Pos: 396, 68
BG DRAW: frame=15 x=396 y=68 dx=-80 dy=20 scale=2 canvas=256x72
Clouds Pos: 391, 35
BG DRAW: frame=16 x=391 y=35 dx=-80 dy=20 scale=2 canvas=384x114
Clouds Pos: 195, 39
BG DRAW: frame=17 x=195 y=39 dx=-80 dy=20 scale=2 canvas=528x152
Clouds Pos: 128, 26
BG DRAW: frame=17 x=128 y=26 dx=-80 dy=20 scale=2 canvas=528x152
Clouds Pos: 393, 62
BG DRAW: frame=16 x=393 y=62 dx=-80 dy=20 scale=2 canvas=384x114
    ------> Animate walking
WALKING: end walk

DISPLAY: n=71 ticks=168 segment=28 phases=30,35,38,41 johnny=16,0,299,243
 ******* WAIT: 0 ticks *******

NATIVE RETURN: segment=28 ticks=168
NATIVE CALL: segment=29 args=0,0,0,0

 +-- CALCULATE PATH --
 |
 |  . walking from A to A:
 |  . possible paths:  A
 |  . chosen path: A
 +--------------------

WALKING:  spot=0 hdg=0 next=0  -  data 0 300 243 16

JOHNNY DRAW: segment=29 frame=16 flip=0 x=299 y=243
DISPLAY: n=72 ticks=168 segment=29 phases=30,35,38,41 johnny=16,0,299,243
 ******* WAIT: 6 ticks *******

    ------> Animate walking
WALKING: end walk

DISPLAY: n=73 ticks=174 segment=29 phases=30,35,38,41 johnny=16,0,299,243
 ******* WAIT: 0 ticks *******

NATIVE RETURN: segment=29 ticks=174
NATIVE CALL: segment=30 args=0,0,0,0

 +-- CALCULATE PATH --
 |
 |  . walking from A to A:
 |  . possible paths:  A
 |  . chosen path: A
 +--------------------

WALKING:  spot=0 hdg=0 next=0  -  data 0 300 243 16

JOHNNY DRAW: segment=30 frame=16 flip=0 x=299 y=243
DISPLAY: n=74 ticks=174 segment=30 phases=30,35,38,41 johnny=16,0,299,243
 ******* WAIT: 2 ticks *******

    ------> Animate bg
LOW SURFACE: frame=38 x=956 y=686 canvas=176x96
BG DRAW: frame=38 x=558 y=323 dx=-80 dy=20 scale=2 canvas=176x96
LOW SURFACE: frame=41 x=98 y=720 canvas=208x58
BG DRAW: frame=41 x=129 y=340 dx=-80 dy=20 scale=2 canvas=208x58
LOW SURFACE: frame=30 x=306 y=686 canvas=240x96
BG DRAW: frame=30 x=233 y=323 dx=-80 dy=20 scale=2 canvas=240x96
LOW SURFACE: frame=33 x=574 y=752 canvas=352x56
BG DRAW: frame=33 x=367 y=356 dx=-80 dy=20 scale=2 canvas=352x56
    ------> Animate clouds
Clouds Pos: 398, 68
BG DRAW: frame=15 x=398 y=68 dx=-80 dy=20 scale=2 canvas=256x72
Clouds Pos: 393, 35
BG DRAW: frame=16 x=393 y=35 dx=-80 dy=20 scale=2 canvas=384x114
Clouds Pos: 196, 39
BG DRAW: frame=17 x=196 y=39 dx=-80 dy=20 scale=2 canvas=528x152
Clouds Pos: 129, 26
BG DRAW: frame=17 x=129 y=26 dx=-80 dy=20 scale=2 canvas=528x152
Clouds Pos: 394, 62
BG DRAW: frame=16 x=394 y=62 dx=-80 dy=20 scale=2 canvas=384x114
DISPLAY: n=75 ticks=176 segment=30 phases=30,33,38,41 johnny=16,0,299,243
 ******* WAIT: 4 ticks *******

    ------> Animate walking
WALKING: end walk

DISPLAY: n=76 ticks=180 segment=30 phases=30,33,38,41 johnny=16,0,299,243
 ******* WAIT: 0 ticks *******

NATIVE RETURN: segment=30 ticks=180
NATIVE CALL: segment=31 args=0,0,0,0

 +-- CALCULATE PATH --
 |
 |  . walking from A to A:
 |  . possible paths:  A
 |  . chosen path: A
 +--------------------

WALKING:  spot=0 hdg=0 next=0  -  data 0 300 243 16

JOHNNY DRAW: segment=31 frame=16 flip=0 x=299 y=243
DISPLAY: n=77 ticks=180 segment=31 phases=30,33,38,41 johnny=16,0,299,243
 ******* WAIT: 4 ticks *******

    ------> Animate bg
LOW SURFACE: frame=41 x=98 y=720 canvas=208x58
BG DRAW: frame=41 x=129 y=340 dx=-80 dy=20 scale=2 canvas=208x58
LOW SURFACE: frame=30 x=306 y=686 canvas=240x96
BG DRAW: frame=30 x=233 y=323 dx=-80 dy=20 scale=2 canvas=240x96
LOW SURFACE: frame=33 x=574 y=752 canvas=352x56
BG DRAW: frame=33 x=367 y=356 dx=-80 dy=20 scale=2 canvas=352x56
LOW SURFACE: frame=36 x=956 y=686 canvas=176x96
BG DRAW: frame=36 x=558 y=323 dx=-80 dy=20 scale=2 canvas=176x96
    ------> Animate clouds
Clouds Pos: 400, 68
BG DRAW: frame=15 x=400 y=68 dx=-80 dy=20 scale=2 canvas=256x72
Clouds Pos: 395, 35
BG DRAW: frame=16 x=395 y=35 dx=-80 dy=20 scale=2 canvas=384x114
Clouds Pos: 197, 39
BG DRAW: frame=17 x=197 y=39 dx=-80 dy=20 scale=2 canvas=528x152
Clouds Pos: 130, 26
BG DRAW: frame=17 x=130 y=26 dx=-80 dy=20 scale=2 canvas=528x152
Clouds Pos: 395, 62
BG DRAW: frame=16 x=395 y=62 dx=-80 dy=20 scale=2 canvas=384x114
DISPLAY: n=78 ticks=184 segment=31 phases=30,33,36,41 johnny=16,0,299,243
 ******* WAIT: 2 ticks *******

    ------> Animate walking
WALKING: end walk

DISPLAY: n=79 ticks=186 segment=31 phases=30,33,36,41 johnny=16,0,299,243
 ******* WAIT: 0 ticks *******

NATIVE RETURN: segment=31 ticks=186
NATIVE CALL: segment=32 args=0,0,0,0

 +-- CALCULATE PATH --
 |
 |  . walking from A to A:
 |  . possible paths:  A
 |  . chosen path: A
 +--------------------

WALKING:  spot=0 hdg=0 next=0  -  data 0 300 243 16

JOHNNY DRAW: segment=32 frame=16 flip=0 x=299 y=243
DISPLAY: n=80 ticks=186 segment=32 phases=30,33,36,41 johnny=16,0,299,243
 ******* WAIT: 6 ticks *******

    ------> Animate bg
LOW SURFACE: frame=30 x=306 y=686 canvas=240x96
BG DRAW: frame=30 x=233 y=323 dx=-80 dy=20 scale=2 canvas=240x96
LOW SURFACE: frame=33 x=574 y=752 canvas=352x56
BG DRAW: frame=33 x=367 y=356 dx=-80 dy=20 scale=2 canvas=352x56
LOW SURFACE: frame=36 x=956 y=686 canvas=176x96
BG DRAW: frame=36 x=558 y=323 dx=-80 dy=20 scale=2 canvas=176x96
LOW SURFACE: frame=39 x=98 y=720 canvas=208x58
BG DRAW: frame=39 x=129 y=340 dx=-80 dy=20 scale=2 canvas=208x58
    ------> Animate clouds
Clouds Pos: 402, 68
BG DRAW: frame=15 x=402 y=68 dx=-80 dy=20 scale=2 canvas=256x72
Clouds Pos: 397, 35
BG DRAW: frame=16 x=397 y=35 dx=-80 dy=20 scale=2 canvas=384x114
Clouds Pos: 198, 39
BG DRAW: frame=17 x=198 y=39 dx=-80 dy=20 scale=2 canvas=528x152
Clouds Pos: 131, 26
BG DRAW: frame=17 x=131 y=26 dx=-80 dy=20 scale=2 canvas=528x152
Clouds Pos: 396, 62
BG DRAW: frame=16 x=396 y=62 dx=-80 dy=20 scale=2 canvas=384x114
    ------> Animate walking
WALKING: end walk

DISPLAY: n=81 ticks=192 segment=32 phases=30,33,36,39 johnny=16,0,299,243
 ******* WAIT: 0 ticks *******

NATIVE RETURN: segment=32 ticks=192
Captured frame: final.ppm (1280x960)
Art assets decoded: cartoon=88, HD fallback=44, original fallback=0
DONE: native calls returned; cleanup complete
