test_accepted_hash_mutation_is_rejected (__main__.ArtToolsTests.test_accepted_hash_mutation_is_rejected) ... ok
test_all_filters_rgb_rgba_and_grayscale_alpha (__main__.ArtToolsTests.test_all_filters_rgb_rgba_and_grayscale_alpha) ... ok
test_alpha_channel_is_required_for_sprites (__main__.ArtToolsTests.test_alpha_channel_is_required_for_sprites) ... ok
test_alpha_declaration_is_checked_against_pixels (__main__.ArtToolsTests.test_alpha_declaration_is_checked_against_pixels) ... ok
test_bad_deflate_with_correct_chunk_crc_is_rejected (__main__.ArtToolsTests.test_bad_deflate_with_correct_chunk_crc_is_rejected) ... ok
test_build_is_repeatable_preserves_originals_and_refuses_overwrite (__main__.ArtToolsTests.test_build_is_repeatable_preserves_originals_and_refuses_overwrite) ... ok
test_complete_coverage_requires_all_original_slots (__main__.ArtToolsTests.test_complete_coverage_requires_all_original_slots) ... ok
test_complete_pack_accepts_blank_sprite_and_opaque_rgb_screen (__main__.ArtToolsTests.test_complete_pack_accepts_blank_sprite_and_opaque_rgb_screen) ... ok
test_corrupt_crc_mutation_names_one_asset (__main__.ArtToolsTests.test_corrupt_crc_mutation_names_one_asset) ... ok
test_declared_footprint_requires_exact_png (__main__.ArtToolsTests.test_declared_footprint_requires_exact_png) ... ok
test_duplicate_accepted_path_mutation_names_one_asset (__main__.ArtToolsTests.test_duplicate_accepted_path_mutation_names_one_asset) ... ok
test_duplicate_archive_member_mutation_names_one_asset (__main__.ArtToolsTests.test_duplicate_archive_member_mutation_names_one_asset) ... ok
test_extended_png_without_declaration_is_refused (__main__.ArtToolsTests.test_extended_png_without_declaration_is_refused) ... ok
test_footprint_name_size_and_offset_are_not_freeform (__main__.ArtToolsTests.test_footprint_name_size_and_offset_are_not_freeform) ... ok
test_footprint_rejects_other_slot_and_original_dimensions (__main__.ArtToolsTests.test_footprint_rejects_other_slot_and_original_dimensions) ... ok
test_inventory_exports_unmodified_and_records_exact_aliases (__main__.ArtToolsTests.test_inventory_exports_unmodified_and_records_exact_aliases) ... ok
test_missing_accepted_file_mutation_names_one_asset (__main__.ArtToolsTests.test_missing_accepted_file_mutation_names_one_asset) ... ok
test_missing_coverage_mutation_names_one_asset (__main__.ArtToolsTests.test_missing_coverage_mutation_names_one_asset) ... ok
test_named_island_footprints_preserve_original_catalog (__main__.ArtToolsTests.test_named_island_footprints_preserve_original_catalog) ... ok
test_registered_ground_build_preserves_hd (__main__.ArtToolsTests.test_registered_ground_build_preserves_hd) ... ok
test_side_footprint_rejects_wrong_slot_source_scale_and_family (__main__.ArtToolsTests.test_side_footprint_rejects_wrong_slot_source_scale_and_family) ... ok
test_side_footprint_requires_exact_declaration_and_png (__main__.ArtToolsTests.test_side_footprint_requires_exact_declaration_and_png) ... ok
test_source_hash_mutation_is_rejected (__main__.ArtToolsTests.test_source_hash_mutation_is_rejected) ... ok
test_traversal_path_is_rejected_before_opening_a_file (__main__.ArtToolsTests.test_traversal_path_is_rejected_before_opening_a_file) ... ok
test_true_alpha_preserves_opaque_magenta_and_binary_control (__main__.ArtToolsTests.test_true_alpha_preserves_opaque_magenta_and_binary_control) ... ok
test_unrecorded_png_is_rejected (__main__.ArtToolsTests.test_unrecorded_png_is_rejected) ... ok
test_unsupported_png_mutations_name_one_asset (__main__.ArtToolsTests.test_unsupported_png_mutations_name_one_asset) ... ok
test_wrong_dimensions_mutation_names_one_asset (__main__.ArtToolsTests.test_wrong_dimensions_mutation_names_one_asset) ... ok

----------------------------------------------------------------------
Ran 28 tests in 3.929s

OK
