zipvfs: opened archive 'scrantic_data.zip' (2591 entries)
Loading resources ...................................................................................................................................................................................
Art style: Cartoon (preview) (partial pack: 40/2401 assets; missing art uses HD/original), scale=2
rand seed: 11 (forced)
Art asset: data/styles/cartoon/SCR/OCEAN02.SCR.png
island backdrop: OCEAN02.SCR
Art asset: data/hd/BMP/MRAFT.BMP/000.png
Art asset: data/hd/BMP/MRAFT.BMP/001.png
Art asset: data/hd/BMP/MRAFT.BMP/002.png
Art asset: data/hd/BMP/MRAFT.BMP/003.png
Art asset: data/hd/BMP/MRAFT.BMP/004.png
Art asset: data/hd/BMP/MRAFT.BMP/005.png
Art asset: data/hd/BMP/MRAFT.BMP/006.png
Art asset: data/styles/cartoon/BMP/BACKGRND.BMP/000.png
Art asset: data/hd/BMP/BACKGRND.BMP/001.png
Art asset: data/hd/BMP/BACKGRND.BMP/002.png
Art asset: data/styles/cartoon/BMP/BACKGRND.BMP/003.png
Art asset: data/styles/cartoon/BMP/BACKGRND.BMP/004.png
Art asset: data/styles/cartoon/BMP/BACKGRND.BMP/005.png
Art asset: data/styles/cartoon/BMP/BACKGRND.BMP/006.png
Art asset: data/styles/cartoon/BMP/BACKGRND.BMP/007.png
Art asset: data/styles/cartoon/BMP/BACKGRND.BMP/008.png
Art asset: data/styles/cartoon/BMP/BACKGRND.BMP/009.png
Art asset: data/styles/cartoon/BMP/BACKGRND.BMP/010.png
Art asset: data/styles/cartoon/BMP/BACKGRND.BMP/011.png
Art asset: data/styles/cartoon/BMP/BACKGRND.BMP/012.png
Art asset: data/styles/cartoon/BMP/BACKGRND.BMP/013.png
Art asset: data/styles/cartoon/BMP/BACKGRND.BMP/014.png
Art asset: data/styles/cartoon/BMP/BACKGRND.BMP/015.png
Art asset: data/hd/BMP/BACKGRND.BMP/016.png
Art asset: data/hd/BMP/BACKGRND.BMP/017.png
Art asset: data/hd/BMP/BACKGRND.BMP/018.png
Art asset: data/hd/BMP/BACKGRND.BMP/019.png
Art asset: data/hd/BMP/BACKGRND.BMP/020.png
Art asset: data/hd/BMP/BACKGRND.BMP/021.png
Art asset: data/hd/BMP/BACKGRND.BMP/022.png
Art asset: data/hd/BMP/BACKGRND.BMP/023.png
Art asset: data/hd/BMP/BACKGRND.BMP/024.png
Art asset: data/hd/BMP/BACKGRND.BMP/025.png
Art asset: data/hd/BMP/BACKGRND.BMP/026.png
Art asset: data/hd/BMP/BACKGRND.BMP/027.png
Art asset: data/hd/BMP/BACKGRND.BMP/028.png
Art asset: data/hd/BMP/BACKGRND.BMP/029.png
Art asset: data/hd/BMP/BACKGRND.BMP/030.png
Art asset: data/hd/BMP/BACKGRND.BMP/031.png
Art asset: data/hd/BMP/BACKGRND.BMP/032.png
Art asset: data/hd/BMP/BACKGRND.BMP/033.png
Art asset: data/hd/BMP/BACKGRND.BMP/034.png
Art asset: data/hd/BMP/BACKGRND.BMP/035.png
Art asset: data/hd/BMP/BACKGRND.BMP/036.png
Art asset: data/hd/BMP/BACKGRND.BMP/037.png
Art asset: data/hd/BMP/BACKGRND.BMP/038.png
Art asset: data/hd/BMP/BACKGRND.BMP/039.png
Art asset: data/hd/BMP/BACKGRND.BMP/040.png
Art asset: data/hd/BMP/BACKGRND.BMP/041.png
Art asset: data/styles/cartoon/BMP/BACKGRND.BMP/000.png
Art asset: data/hd/BMP/BACKGRND.BMP/001.png
Art asset: data/hd/BMP/BACKGRND.BMP/002.png
Art asset: data/styles/cartoon/BMP/BACKGRND.BMP/003.png
Art asset: data/styles/cartoon/BMP/BACKGRND.BMP/004.png
Art asset: data/styles/cartoon/BMP/BACKGRND.BMP/005.png
Art asset: data/styles/cartoon/BMP/BACKGRND.BMP/006.png
Art asset: data/styles/cartoon/BMP/BACKGRND.BMP/007.png
Art asset: data/styles/cartoon/BMP/BACKGRND.BMP/008.png
Art asset: data/styles/cartoon/BMP/BACKGRND.BMP/009.png
Art asset: data/styles/cartoon/BMP/BACKGRND.BMP/010.png
Art asset: data/styles/cartoon/BMP/BACKGRND.BMP/011.png
Art asset: data/styles/cartoon/BMP/BACKGRND.BMP/012.png
Art asset: data/styles/cartoon/BMP/BACKGRND.BMP/013.png
Art asset: data/styles/cartoon/BMP/BACKGRND.BMP/014.png
Art asset: data/styles/cartoon/BMP/BACKGRND.BMP/015.png
Art asset: data/hd/BMP/BACKGRND.BMP/016.png
Art asset: data/hd/BMP/BACKGRND.BMP/017.png
Art asset: data/hd/BMP/BACKGRND.BMP/018.png
Art asset: data/hd/BMP/BACKGRND.BMP/019.png
Art asset: data/hd/BMP/BACKGRND.BMP/020.png
Art asset: data/hd/BMP/BACKGRND.BMP/021.png
Art asset: data/hd/BMP/BACKGRND.BMP/022.png
Art asset: data/hd/BMP/BACKGRND.BMP/023.png
Art asset: data/hd/BMP/BACKGRND.BMP/024.png
Art asset: data/hd/BMP/BACKGRND.BMP/025.png
Art asset: data/hd/BMP/BACKGRND.BMP/026.png
Art asset: data/hd/BMP/BACKGRND.BMP/027.png
Art asset: data/hd/BMP/BACKGRND.BMP/028.png
Art asset: data/hd/BMP/BACKGRND.BMP/029.png
Art asset: data/hd/BMP/BACKGRND.BMP/030.png
Art asset: data/hd/BMP/BACKGRND.BMP/031.png
Art asset: data/hd/BMP/BACKGRND.BMP/032.png
Art asset: data/hd/BMP/BACKGRND.BMP/033.png
Art asset: data/hd/BMP/BACKGRND.BMP/034.png
Art asset: data/hd/BMP/BACKGRND.BMP/035.png
Art asset: data/hd/BMP/BACKGRND.BMP/036.png
Art asset: data/hd/BMP/BACKGRND.BMP/037.png
Art asset: data/hd/BMP/BACKGRND.BMP/038.png
Art asset: data/hd/BMP/BACKGRND.BMP/039.png
Art asset: data/hd/BMP/BACKGRND.BMP/040.png
Art asset: data/hd/BMP/BACKGRND.BMP/041.png
Clouds Pos: 89, 32
Clouds Pos: 136, 26
TURN DRIVER: island_seed=11 path_seed=2 clip=left_boundary style=cartoon
TURN ISLAND: highTide=1 offset=0,0 raft=0 night=0 holiday=0
TURN SEGMENT: prime api=adsPlayWalk(2,3,2,3) start_ms=0
Art asset: data/styles/cartoon/BMP/JOHNWALK.BMP/000.png
Art asset: data/styles/cartoon/BMP/JOHNWALK.BMP/001.png
Art asset: data/styles/cartoon/BMP/JOHNWALK.BMP/002.png
Art asset: data/styles/cartoon/BMP/JOHNWALK.BMP/003.png
Art asset: data/styles/cartoon/BMP/JOHNWALK.BMP/004.png
Art asset: data/styles/cartoon/BMP/JOHNWALK.BMP/005.png
Art asset: data/styles/cartoon/BMP/JOHNWALK.BMP/006.png
Art asset: data/styles/cartoon/BMP/JOHNWALK.BMP/007.png
Art asset: data/styles/cartoon/BMP/JOHNWALK.BMP/008.png
Art asset: data/hd/BMP/JOHNWALK.BMP/009.png
Art asset: data/hd/BMP/JOHNWALK.BMP/010.png
Art asset: data/styles/cartoon/BMP/JOHNWALK.BMP/011.png
Art asset: data/hd/BMP/JOHNWALK.BMP/012.png
Art asset: data/hd/BMP/JOHNWALK.BMP/013.png
Art asset: data/hd/BMP/JOHNWALK.BMP/014.png
Art asset: data/styles/cartoon/BMP/JOHNWALK.BMP/015.png
Art asset: data/styles/cartoon/BMP/JOHNWALK.BMP/016.png
Art asset: data/styles/cartoon/BMP/JOHNWALK.BMP/017.png
Art asset: data/styles/cartoon/BMP/JOHNWALK.BMP/018.png
Art asset: data/styles/cartoon/BMP/JOHNWALK.BMP/019.png
Art asset: data/styles/cartoon/BMP/JOHNWALK.BMP/020.png
Art asset: data/styles/cartoon/BMP/JOHNWALK.BMP/021.png
Art asset: data/styles/cartoon/BMP/JOHNWALK.BMP/022.png
Art asset: data/styles/cartoon/BMP/JOHNWALK.BMP/023.png
Art asset: data/styles/cartoon/BMP/JOHNWALK.BMP/024.png
Art asset: data/styles/cartoon/BMP/JOHNWALK.BMP/025.png
Art asset: data/styles/cartoon/BMP/JOHNWALK.BMP/026.png
Art asset: data/styles/cartoon/BMP/JOHNWALK.BMP/027.png
Art asset: data/styles/cartoon/BMP/JOHNWALK.BMP/028.png
Art asset: data/styles/cartoon/BMP/JOHNWALK.BMP/029.png
Art asset: data/hd/BMP/JOHNWALK.BMP/030.png
Art asset: data/hd/BMP/JOHNWALK.BMP/031.png
Art asset: data/hd/BMP/JOHNWALK.BMP/032.png
Art asset: data/hd/BMP/JOHNWALK.BMP/033.png
Art asset: data/hd/BMP/JOHNWALK.BMP/034.png
Art asset: data/hd/BMP/JOHNWALK.BMP/035.png

 +-- CALCULATE PATH --
 |
 |  . walking from C to C:
 |  . possible paths:  C
 |  . chosen path: C
 +--------------------

WALKING:  spot=2 hdg=3 next=3  -  data 0 521 230 18

TURN DRAW: flip=0 x=520 y=230 frame=18
TURN ANIMATE: delay_ticks=80
    ------> Animate clouds
Clouds Pos: 87, 32
Clouds Pos: 135, 26
TURN WAIT: ticks=0 logical_ms=0
TURN DISPLAY: 1 logical_ms=0 file=display-001.ppm
 ******* WAIT: 6 ticks *******

    ------> Animate walking
WALKING: end walk

TURN ANIMATE: delay_ticks=0
TURN WAIT: ticks=6 logical_ms=120
TURN DISPLAY: 2 logical_ms=120 file=display-002.ppm
 ******* WAIT: 0 ticks *******

TURN SEGMENT END: prime end_ms=120
TURN SEGMENT: travel api=adsPlayWalk(2,3,0,2) start_ms=120

 +-- CALCULATE PATH --
 |
 |  . walking from C to A:
 |  . possible paths:  CA CBA CDEA
 |  . chosen path: CA
 +--------------------

WALKING:  spot=2 hdg=2 next=2  -  data 1 507 231 3

TURN DRAW: flip=1 x=506 y=231 frame=3
TURN ANIMATE: delay_ticks=6
TURN WAIT: ticks=0 logical_ms=120
TURN DISPLAY: 3 logical_ms=120 file=display-003.ppm
 ******* WAIT: 2 ticks *******

    ------> Animate bg
    ------> Animate clouds
Clouds Pos: 85, 32
Clouds Pos: 134, 26
TURN WAIT: ticks=2 logical_ms=160
TURN DISPLAY: 4 logical_ms=160 file=display-004.ppm
 ******* WAIT: 4 ticks *******

    ------> Animate walking
WALKING:  spot=2 hdg=2 next=-1  -  data 1 503 233 4

TURN DRAW: flip=1 x=502 y=233 frame=4
TURN ANIMATE: delay_ticks=6
TURN WAIT: ticks=4 logical_ms=240
TURN DISPLAY: 5 logical_ms=240 file=display-005.ppm
 ******* WAIT: 4 ticks *******

    ------> Animate bg
    ------> Animate clouds
Clouds Pos: 83, 32
Clouds Pos: 133, 26
TURN WAIT: ticks=4 logical_ms=320
TURN DISPLAY: 6 logical_ms=320 file=display-006.ppm
 ******* WAIT: 2 ticks *******

    ------> Animate walking
WALKING:  spot=2 hdg=2 next=-1  -  data 1 492 235 5

TURN DRAW: flip=1 x=491 y=235 frame=5
TURN ANIMATE: delay_ticks=6
TURN WAIT: ticks=2 logical_ms=360
TURN DISPLAY: 7 logical_ms=360 file=display-007.ppm
 ******* WAIT: 6 ticks *******

    ------> Animate bg
    ------> Animate clouds
Clouds Pos: 81, 32
Clouds Pos: 132, 26
    ------> Animate walking
WALKING:  spot=2 hdg=2 next=-1  -  data 1 485 235 6

TURN DRAW: flip=1 x=484 y=235 frame=6
TURN ANIMATE: delay_ticks=6
TURN WAIT: ticks=6 logical_ms=480
TURN DISPLAY: 8 logical_ms=480 file=display-008.ppm
 ******* WAIT: 6 ticks *******

    ------> Animate walking
WALKING:  spot=2 hdg=2 next=-1  -  data 1 487 235 7

TURN DRAW: flip=1 x=486 y=235 frame=7
TURN ANIMATE: delay_ticks=6
TURN WAIT: ticks=6 logical_ms=600
TURN DISPLAY: 9 logical_ms=600 file=display-009.ppm
 ******* WAIT: 2 ticks *******

    ------> Animate bg
    ------> Animate clouds
Clouds Pos: 79, 32
Clouds Pos: 131, 26
TURN WAIT: ticks=2 logical_ms=640
TURN DISPLAY: 10 logical_ms=640 file=display-010.ppm
 ******* WAIT: 4 ticks *******

    ------> Animate walking
WALKING:  spot=2 hdg=2 next=-1  -  data 1 477 236 8

TURN DRAW: flip=1 x=476 y=236 frame=8
TURN ANIMATE: delay_ticks=6
TURN WAIT: ticks=4 logical_ms=720
TURN DISPLAY: 11 logical_ms=720 file=display-011.ppm
 ******* WAIT: 4 ticks *******

    ------> Animate bg
    ------> Animate clouds
Clouds Pos: 77, 32
Clouds Pos: 130, 26
TURN WAIT: ticks=4 logical_ms=800
TURN DISPLAY: 12 logical_ms=800 file=display-012.ppm
 ******* WAIT: 2 ticks *******

    ------> Animate walking
WALKING:  spot=2 hdg=2 next=-1  -  data 1 469 239 1

TURN DRAW: flip=1 x=468 y=239 frame=1
TURN ANIMATE: delay_ticks=6
TURN WAIT: ticks=2 logical_ms=840
TURN DISPLAY: 13 logical_ms=840 file=display-013.ppm
 ******* WAIT: 6 ticks *******

    ------> Animate bg
    ------> Animate clouds
Clouds Pos: 75, 32
Clouds Pos: 129, 26
    ------> Animate walking
WALKING:  spot=2 hdg=2 next=-1  -  data 1 455 238 2

TURN DRAW: flip=1 x=454 y=238 frame=2
TURN ANIMATE: delay_ticks=6
TURN WAIT: ticks=6 logical_ms=960
TURN DISPLAY: 14 logical_ms=960 file=display-014.ppm
 ******* WAIT: 6 ticks *******

    ------> Animate walking
WALKING:  spot=2 hdg=2 next=-1  -  data 1 450 236 3

TURN DRAW: flip=1 x=449 y=236 frame=3
TURN ANIMATE: delay_ticks=6
TURN WAIT: ticks=6 logical_ms=1080
TURN DISPLAY: 15 logical_ms=1080 file=display-015.ppm
 ******* WAIT: 2 ticks *******

    ------> Animate bg
    ------> Animate clouds
Clouds Pos: 73, 32
Clouds Pos: 128, 26
TURN WAIT: ticks=2 logical_ms=1120
TURN DISPLAY: 16 logical_ms=1120 file=display-016.ppm
 ******* WAIT: 4 ticks *******

    ------> Animate walking
WALKING:  spot=2 hdg=2 next=-1  -  data 1 444 237 4

TURN DRAW: flip=1 x=443 y=237 frame=4
TURN ANIMATE: delay_ticks=6
TURN WAIT: ticks=4 logical_ms=1200
TURN DISPLAY: 17 logical_ms=1200 file=display-017.ppm
 ******* WAIT: 4 ticks *******

    ------> Animate bg
    ------> Animate clouds
Clouds Pos: 71, 32
Clouds Pos: 127, 26
TURN WAIT: ticks=4 logical_ms=1280
TURN DISPLAY: 18 logical_ms=1280 file=display-018.ppm
 ******* WAIT: 2 ticks *******

    ------> Animate walking
WALKING:  spot=2 hdg=2 next=-1  -  data 1 435 239 5

TURN DRAW: flip=1 x=434 y=239 frame=5
TURN ANIMATE: delay_ticks=6
TURN WAIT: ticks=2 logical_ms=1320
TURN DISPLAY: 19 logical_ms=1320 file=display-019.ppm
 ******* WAIT: 6 ticks *******

    ------> Animate bg
    ------> Animate clouds
Clouds Pos: 69, 32
Clouds Pos: 126, 26
    ------> Animate walking
WALKING:  spot=2 hdg=2 next=-1  -  data 1 426 238 6

TURN DRAW: flip=1 x=425 y=238 frame=6
TURN ANIMATE: delay_ticks=6
TURN WAIT: ticks=6 logical_ms=1440
TURN DISPLAY: 20 logical_ms=1440 file=display-020.ppm
 ******* WAIT: 6 ticks *******

    ------> Animate walking
WALKING:  spot=2 hdg=2 next=-1  -  data 1 427 238 7

TURN DRAW: flip=1 x=426 y=238 frame=7
TURN ANIMATE: delay_ticks=6
TURN WAIT: ticks=6 logical_ms=1560
TURN DISPLAY: 21 logical_ms=1560 file=display-021.ppm
 ******* WAIT: 2 ticks *******

    ------> Animate bg
    ------> Animate clouds
Clouds Pos: 67, 32
Clouds Pos: 125, 26
TURN WAIT: ticks=2 logical_ms=1600
TURN DISPLAY: 22 logical_ms=1600 file=display-022.ppm
 ******* WAIT: 4 ticks *******

    ------> Animate walking
WALKING:  spot=2 hdg=2 next=-1  -  data 1 418 238 8

TURN DRAW: flip=1 x=417 y=238 frame=8
TURN ANIMATE: delay_ticks=6
TURN WAIT: ticks=4 logical_ms=1680
TURN DISPLAY: 23 logical_ms=1680 file=display-023.ppm
 ******* WAIT: 4 ticks *******

    ------> Animate bg
    ------> Animate clouds
Clouds Pos: 65, 32
Clouds Pos: 124, 26
TURN WAIT: ticks=4 logical_ms=1760
TURN DISPLAY: 24 logical_ms=1760 file=display-024.ppm
 ******* WAIT: 2 ticks *******

    ------> Animate walking
WALKING:  spot=2 hdg=2 next=-1  -  data 1 410 241 1

TURN DRAW: flip=1 x=409 y=241 frame=1
TURN ANIMATE: delay_ticks=6
TURN WAIT: ticks=2 logical_ms=1800
TURN DISPLAY: 25 logical_ms=1800 file=display-025.ppm
 ******* WAIT: 6 ticks *******

    ------> Animate bg
    ------> Animate clouds
Clouds Pos: 63, 32
Clouds Pos: 123, 26
    ------> Animate walking
WALKING:  spot=2 hdg=2 next=-1  -  data 1 399 240 2

TURN DRAW: flip=1 x=398 y=240 frame=2
TURN ANIMATE: delay_ticks=6
TURN WAIT: ticks=6 logical_ms=1920
TURN DISPLAY: 26 logical_ms=1920 file=display-026.ppm
 ******* WAIT: 6 ticks *******

    ------> Animate walking
WALKING:  spot=2 hdg=2 next=-1  -  data 1 394 238 3

TURN DRAW: flip=1 x=393 y=238 frame=3
TURN ANIMATE: delay_ticks=6
TURN WAIT: ticks=6 logical_ms=2040
TURN DISPLAY: 27 logical_ms=2040 file=display-027.ppm
 ******* WAIT: 2 ticks *******

    ------> Animate bg
    ------> Animate clouds
Clouds Pos: 61, 32
Clouds Pos: 122, 26
TURN WAIT: ticks=2 logical_ms=2080
TURN DISPLAY: 28 logical_ms=2080 file=display-028.ppm
 ******* WAIT: 4 ticks *******

    ------> Animate walking
WALKING:  spot=2 hdg=2 next=-1  -  data 1 390 239 4

TURN DRAW: flip=1 x=389 y=239 frame=4
TURN ANIMATE: delay_ticks=6
TURN WAIT: ticks=4 logical_ms=2160
TURN DISPLAY: 29 logical_ms=2160 file=display-029.ppm
 ******* WAIT: 4 ticks *******

    ------> Animate bg
    ------> Animate clouds
Clouds Pos: 59, 32
Clouds Pos: 121, 26
TURN WAIT: ticks=4 logical_ms=2240
TURN DISPLAY: 30 logical_ms=2240 file=display-030.ppm
 ******* WAIT: 2 ticks *******

    ------> Animate walking
WALKING:  spot=2 hdg=2 next=-1  -  data 1 381 240 5

TURN DRAW: flip=1 x=380 y=240 frame=5
TURN ANIMATE: delay_ticks=6
TURN WAIT: ticks=2 logical_ms=2280
TURN DISPLAY: 31 logical_ms=2280 file=display-031.ppm
 ******* WAIT: 6 ticks *******

    ------> Animate bg
    ------> Animate clouds
Clouds Pos: 57, 32
Clouds Pos: 120, 26
    ------> Animate walking
WALKING:  spot=2 hdg=2 next=-1  -  data 1 368 238 6

TURN DRAW: flip=1 x=367 y=238 frame=6
TURN ANIMATE: delay_ticks=6
TURN WAIT: ticks=6 logical_ms=2400
TURN DISPLAY: 32 logical_ms=2400 file=display-032.ppm
 ******* WAIT: 6 ticks *******

    ------> Animate walking
WALKING:  spot=2 hdg=2 next=-1  -  data 1 370 238 7

TURN DRAW: flip=1 x=369 y=238 frame=7
TURN ANIMATE: delay_ticks=6
TURN WAIT: ticks=6 logical_ms=2520
TURN DISPLAY: 33 logical_ms=2520 file=display-033.ppm
 ******* WAIT: 2 ticks *******

    ------> Animate bg
    ------> Animate clouds
Clouds Pos: 55, 32
Clouds Pos: 119, 26
TURN WAIT: ticks=2 logical_ms=2560
TURN DISPLAY: 34 logical_ms=2560 file=display-034.ppm
 ******* WAIT: 4 ticks *******

    ------> Animate walking
WALKING:  spot=2 hdg=2 next=-1  -  data 1 361 239 8

TURN DRAW: flip=1 x=360 y=239 frame=8
TURN ANIMATE: delay_ticks=6
TURN WAIT: ticks=4 logical_ms=2640
TURN DISPLAY: 35 logical_ms=2640 file=display-035.ppm
 ******* WAIT: 4 ticks *******

    ------> Animate bg
    ------> Animate clouds
Clouds Pos: 53, 32
Clouds Pos: 118, 26
TURN WAIT: ticks=4 logical_ms=2720
TURN DISPLAY: 36 logical_ms=2720 file=display-036.ppm
 ******* WAIT: 2 ticks *******

    ------> Animate walking
WALKING:  spot=2 hdg=2 next=-1  -  data 1 353 242 1

TURN DRAW: flip=1 x=352 y=242 frame=1
TURN ANIMATE: delay_ticks=6
TURN WAIT: ticks=2 logical_ms=2760
TURN DISPLAY: 37 logical_ms=2760 file=display-037.ppm
 ******* WAIT: 6 ticks *******

    ------> Animate bg
    ------> Animate clouds
Clouds Pos: 51, 32
Clouds Pos: 117, 26
    ------> Animate walking
WALKING:  spot=2 hdg=2 next=-1  -  data 1 346 242 2

TURN DRAW: flip=1 x=345 y=242 frame=2
TURN ANIMATE: delay_ticks=6
TURN WAIT: ticks=6 logical_ms=2880
TURN DISPLAY: 38 logical_ms=2880 file=display-038.ppm
 ******* WAIT: 6 ticks *******

    ------> Animate walking
WALKING:  spot=2 hdg=2 next=-1  -  data 1 341 241 3

TURN DRAW: flip=1 x=340 y=241 frame=3
TURN ANIMATE: delay_ticks=6
TURN WAIT: ticks=6 logical_ms=3000
TURN DISPLAY: 39 logical_ms=3000 file=display-039.ppm
 ******* WAIT: 2 ticks *******

    ------> Animate bg
    ------> Animate clouds
Clouds Pos: 49, 32
Clouds Pos: 116, 26
TURN WAIT: ticks=2 logical_ms=3040
TURN DISPLAY: 40 logical_ms=3040 file=display-040.ppm
 ******* WAIT: 4 ticks *******

    ------> Animate walking
WALKING:  spot=2 hdg=2 next=-1  -  data 1 336 244 4

TURN DRAW: flip=1 x=335 y=244 frame=4
TURN ANIMATE: delay_ticks=6
TURN WAIT: ticks=4 logical_ms=3120
TURN DISPLAY: 41 logical_ms=3120 file=display-041.ppm
 ******* WAIT: 4 ticks *******

    ------> Animate bg
    ------> Animate clouds
Clouds Pos: 47, 32
Clouds Pos: 115, 26
TURN WAIT: ticks=4 logical_ms=3200
TURN DISPLAY: 42 logical_ms=3200 file=display-042.ppm
 ******* WAIT: 2 ticks *******

    ------> Animate walking
WALKING:  spot=2 hdg=2 next=-1  -  data 1 325 246 5

TURN DRAW: flip=1 x=324 y=246 frame=5
TURN ANIMATE: delay_ticks=6
TURN WAIT: ticks=2 logical_ms=3240
TURN DISPLAY: 43 logical_ms=3240 file=display-043.ppm
 ******* WAIT: 6 ticks *******

    ------> Animate bg
    ------> Animate clouds
Clouds Pos: 45, 32
Clouds Pos: 114, 26
    ------> Animate walking
WALKING:  spot=2 hdg=2 next=-1  -  data 1 325 246 5

TURN DRAW: flip=1 x=324 y=246 frame=5
TURN ANIMATE: delay_ticks=6
TURN WAIT: ticks=6 logical_ms=3360
TURN DISPLAY: 44 logical_ms=3360 file=display-044.ppm
 ******* WAIT: 6 ticks *******

    ------> Animate walking
WALKING:  spot=2 hdg=2 next=-1  -  data 1 315 243 6

TURN DRAW: flip=1 x=314 y=243 frame=6
TURN ANIMATE: delay_ticks=6
TURN WAIT: ticks=6 logical_ms=3480
TURN DISPLAY: 45 logical_ms=3480 file=display-045.ppm
 ******* WAIT: 2 ticks *******

    ------> Animate bg
    ------> Animate clouds
Clouds Pos: 43, 32
Clouds Pos: 113, 26
TURN WAIT: ticks=2 logical_ms=3520
TURN DISPLAY: 46 logical_ms=3520 file=display-046.ppm
 ******* WAIT: 4 ticks *******

    ------> Animate walking
WALKING:  spot=2 hdg=2 next=-1  -  data 1 316 243 7

TURN DRAW: flip=1 x=315 y=243 frame=7
TURN ANIMATE: delay_ticks=6
TURN WAIT: ticks=4 logical_ms=3600
TURN DISPLAY: 47 logical_ms=3600 file=display-047.ppm
 ******* WAIT: 4 ticks *******

    ------> Animate bg
    ------> Animate clouds
Clouds Pos: 41, 32
Clouds Pos: 112, 26
TURN WAIT: ticks=4 logical_ms=3680
TURN DISPLAY: 48 logical_ms=3680 file=display-048.ppm
 ******* WAIT: 2 ticks *******

    ------> Animate walking
WALKING:  spot=2 hdg=2 next=-1  -  data 1 307 243 8

TURN DRAW: flip=1 x=306 y=243 frame=8
TURN ANIMATE: delay_ticks=6
TURN WAIT: ticks=2 logical_ms=3720
TURN DISPLAY: 49 logical_ms=3720 file=display-049.ppm
 ******* WAIT: 6 ticks *******

    ------> Animate bg
    ------> Animate clouds
Clouds Pos: 39, 32
Clouds Pos: 111, 26
    ------> Animate walking
WALKING:  spot=2 hdg=2 next=-1  -  data 1 297 245 1

TURN DRAW: flip=1 x=296 y=245 frame=1
TURN ANIMATE: delay_ticks=6
TURN WAIT: ticks=6 logical_ms=3840
TURN DISPLAY: 50 logical_ms=3840 file=display-050.ppm
 ******* WAIT: 6 ticks *******

    ------> Animate walking
WALKING:  spot=2 hdg=2 next=-1  -  data 1 289 243 2

TURN DRAW: flip=1 x=288 y=243 frame=2
TURN ANIMATE: delay_ticks=6
TURN WAIT: ticks=6 logical_ms=3960
TURN DISPLAY: 51 logical_ms=3960 file=display-051.ppm
 ******* WAIT: 2 ticks *******

    ------> Animate bg
    ------> Animate clouds
Clouds Pos: 37, 32
Clouds Pos: 110, 26
TURN WAIT: ticks=2 logical_ms=4000
TURN DISPLAY: 52 logical_ms=4000 file=display-052.ppm
 ******* WAIT: 4 ticks *******

    ------> Animate walking
WALKING:  spot=0 hdg=2 next=2  -  data 1 285 241 0

TURN DRAW: flip=1 x=284 y=241 frame=0
TURN ANIMATE: delay_ticks=80
TURN WAIT: ticks=4 logical_ms=4080
TURN DISPLAY: 53 logical_ms=4080 file=display-053.ppm
 ******* WAIT: 4 ticks *******

    ------> Animate bg
    ------> Animate clouds
Clouds Pos: 35, 32
Clouds Pos: 109, 26
TURN WAIT: ticks=4 logical_ms=4160
TURN DISPLAY: 54 logical_ms=4160 file=display-054.ppm
 ******* WAIT: 8 ticks *******

    ------> Animate bg
    ------> Animate clouds
Clouds Pos: 33, 32
Clouds Pos: 108, 26
TURN WAIT: ticks=8 logical_ms=4320
TURN DISPLAY: 55 logical_ms=4320 file=display-055.ppm
 ******* WAIT: 8 ticks *******

    ------> Animate bg
    ------> Animate clouds
Clouds Pos: 31, 32
Clouds Pos: 107, 26
TURN WAIT: ticks=8 logical_ms=4480
TURN DISPLAY: 56 logical_ms=4480 file=display-056.ppm
 ******* WAIT: 8 ticks *******

    ------> Animate bg
    ------> Animate clouds
Clouds Pos: 29, 32
Clouds Pos: 106, 26
TURN WAIT: ticks=8 logical_ms=4640
TURN DISPLAY: 57 logical_ms=4640 file=display-057.ppm
 ******* WAIT: 8 ticks *******

    ------> Animate bg
    ------> Animate clouds
Clouds Pos: 27, 32
Clouds Pos: 105, 26
TURN WAIT: ticks=8 logical_ms=4800
TURN DISPLAY: 58 logical_ms=4800 file=display-058.ppm
 ******* WAIT: 8 ticks *******

    ------> Animate bg
    ------> Animate clouds
Clouds Pos: 25, 32
Clouds Pos: 104, 26
TURN WAIT: ticks=8 logical_ms=4960
TURN DISPLAY: 59 logical_ms=4960 file=display-059.ppm
 ******* WAIT: 8 ticks *******

    ------> Animate bg
    ------> Animate clouds
Clouds Pos: 23, 32
Clouds Pos: 103, 26
TURN WAIT: ticks=8 logical_ms=5120
TURN DISPLAY: 60 logical_ms=5120 file=display-060.ppm
 ******* WAIT: 8 ticks *******

    ------> Animate bg
    ------> Animate clouds
Clouds Pos: 21, 32
Clouds Pos: 102, 26
TURN WAIT: ticks=8 logical_ms=5280
TURN DISPLAY: 61 logical_ms=5280 file=display-061.ppm
 ******* WAIT: 8 ticks *******

    ------> Animate bg
    ------> Animate clouds
Clouds Pos: 19, 32
Clouds Pos: 101, 26
TURN WAIT: ticks=8 logical_ms=5440
TURN DISPLAY: 62 logical_ms=5440 file=display-062.ppm
 ******* WAIT: 8 ticks *******

    ------> Animate bg
    ------> Animate clouds
Clouds Pos: 17, 32
Clouds Pos: 100, 26
TURN WAIT: ticks=8 logical_ms=5600
TURN DISPLAY: 63 logical_ms=5600 file=display-063.ppm
 ******* WAIT: 4 ticks *******

    ------> Animate walking
WALKING: end walk

TURN ANIMATE: delay_ticks=0
TURN WAIT: ticks=4 logical_ms=5680
TURN DISPLAY: 64 logical_ms=5680 file=display-064.ppm
 ******* WAIT: 0 ticks *******

TURN SEGMENT END: travel end_ms=5680
Captured frame: final.ppm (1280x960)
Art assets decoded: cartoon=54, HD fallback=74, original fallback=0
TURN DRIVER: finite clips returned; cleanup complete; displays=64 logical_ms=5680
