PASS captured day/none/smoke
PASS captured day/halloween/smoke
PASS captured day/stpatricks/smoke
PASS captured day/christmas/smoke
PASS captured day/newyear/smoke
PASS all five day smoke captures before regression
PASS captured day/none/repeat
PASS captured day/halloween/repeat
PASS captured day/stpatricks/repeat
PASS captured day/christmas/repeat
PASS captured day/newyear/repeat
PASS captured night/none/smoke
PASS captured night/halloween/smoke
PASS captured night/stpatricks/smoke
PASS captured night/christmas/smoke
PASS captured night/newyear/smoke
PASS captured night/none/repeat
PASS captured night/halloween/repeat
PASS captured night/stpatricks/repeat
PASS captured night/christmas/repeat
PASS captured night/newyear/repeat
PASS captured offset/none/smoke
PASS captured offset/halloween/smoke
PASS captured offset/stpatricks/smoke
PASS captured offset/christmas/smoke
PASS captured offset/newyear/smoke
PASS captured offset/none/repeat
PASS captured offset/halloween/repeat
PASS captured offset/stpatricks/repeat
PASS captured offset/christmas/repeat
PASS captured offset/newyear/repeat
PASS seasonal captures, exact repeats, scoped pixels, three negatives and unchanged production
