zipvfs: opened archive 'scrantic_data.zip' (2581 entries)
Loading resources ...................................................................................................................................................................................
Art style: Cartoon (preview) (partial pack: 30/2401 assets; missing art uses HD/original), scale=2
rand seed: 11 (forced)
Art asset: data/styles/cartoon/SCR/OCEAN02.SCR.png
island backdrop: OCEAN02.SCR
Art asset: data/hd/BMP/MRAFT.BMP/000.png
Art asset: data/hd/BMP/MRAFT.BMP/001.png
Art asset: data/hd/BMP/MRAFT.BMP/002.png
Art asset: data/hd/BMP/MRAFT.BMP/003.png
Art asset: data/hd/BMP/MRAFT.BMP/004.png
Art asset: data/hd/BMP/MRAFT.BMP/005.png
Art asset: data/hd/BMP/MRAFT.BMP/006.png
Art asset: data/styles/cartoon/BMP/BACKGRND.BMP/000.png
Art asset: data/hd/BMP/BACKGRND.BMP/001.png
Art asset: data/hd/BMP/BACKGRND.BMP/002.png
Art asset: data/styles/cartoon/BMP/BACKGRND.BMP/003.png
Art asset: data/styles/cartoon/BMP/BACKGRND.BMP/004.png
Art asset: data/styles/cartoon/BMP/BACKGRND.BMP/005.png
Art asset: data/styles/cartoon/BMP/BACKGRND.BMP/006.png
Art asset: data/styles/cartoon/BMP/BACKGRND.BMP/007.png
Art asset: data/styles/cartoon/BMP/BACKGRND.BMP/008.png
Art asset: data/styles/cartoon/BMP/BACKGRND.BMP/009.png
Art asset: data/styles/cartoon/BMP/BACKGRND.BMP/010.png
Art asset: data/styles/cartoon/BMP/BACKGRND.BMP/011.png
Art asset: data/styles/cartoon/BMP/BACKGRND.BMP/012.png
Art asset: data/styles/cartoon/BMP/BACKGRND.BMP/013.png
Art asset: data/styles/cartoon/BMP/BACKGRND.BMP/014.png
Art asset: data/styles/cartoon/BMP/BACKGRND.BMP/015.png
Art asset: data/hd/BMP/BACKGRND.BMP/016.png
Art asset: data/hd/BMP/BACKGRND.BMP/017.png
Art asset: data/hd/BMP/BACKGRND.BMP/018.png
Art asset: data/hd/BMP/BACKGRND.BMP/019.png
Art asset: data/hd/BMP/BACKGRND.BMP/020.png
Art asset: data/hd/BMP/BACKGRND.BMP/021.png
Art asset: data/hd/BMP/BACKGRND.BMP/022.png
Art asset: data/hd/BMP/BACKGRND.BMP/023.png
Art asset: data/hd/BMP/BACKGRND.BMP/024.png
Art asset: data/hd/BMP/BACKGRND.BMP/025.png
Art asset: data/hd/BMP/BACKGRND.BMP/026.png
Art asset: data/hd/BMP/BACKGRND.BMP/027.png
Art asset: data/hd/BMP/BACKGRND.BMP/028.png
Art asset: data/hd/BMP/BACKGRND.BMP/029.png
Art asset: data/hd/BMP/BACKGRND.BMP/030.png
Art asset: data/hd/BMP/BACKGRND.BMP/031.png
Art asset: data/hd/BMP/BACKGRND.BMP/032.png
Art asset: data/hd/BMP/BACKGRND.BMP/033.png
Art asset: data/hd/BMP/BACKGRND.BMP/034.png
Art asset: data/hd/BMP/BACKGRND.BMP/035.png
Art asset: data/hd/BMP/BACKGRND.BMP/036.png
Art asset: data/hd/BMP/BACKGRND.BMP/037.png
Art asset: data/hd/BMP/BACKGRND.BMP/038.png
Art asset: data/hd/BMP/BACKGRND.BMP/039.png
Art asset: data/hd/BMP/BACKGRND.BMP/040.png
Art asset: data/hd/BMP/BACKGRND.BMP/041.png
Art asset: data/styles/cartoon/BMP/BACKGRND.BMP/000.png
Art asset: data/hd/BMP/BACKGRND.BMP/001.png
Art asset: data/hd/BMP/BACKGRND.BMP/002.png
Art asset: data/styles/cartoon/BMP/BACKGRND.BMP/003.png
Art asset: data/styles/cartoon/BMP/BACKGRND.BMP/004.png
Art asset: data/styles/cartoon/BMP/BACKGRND.BMP/005.png
Art asset: data/styles/cartoon/BMP/BACKGRND.BMP/006.png
Art asset: data/styles/cartoon/BMP/BACKGRND.BMP/007.png
Art asset: data/styles/cartoon/BMP/BACKGRND.BMP/008.png
Art asset: data/styles/cartoon/BMP/BACKGRND.BMP/009.png
Art asset: data/styles/cartoon/BMP/BACKGRND.BMP/010.png
Art asset: data/styles/cartoon/BMP/BACKGRND.BMP/011.png
Art asset: data/styles/cartoon/BMP/BACKGRND.BMP/012.png
Art asset: data/styles/cartoon/BMP/BACKGRND.BMP/013.png
Art asset: data/styles/cartoon/BMP/BACKGRND.BMP/014.png
Art asset: data/styles/cartoon/BMP/BACKGRND.BMP/015.png
Art asset: data/hd/BMP/BACKGRND.BMP/016.png
Art asset: data/hd/BMP/BACKGRND.BMP/017.png
Art asset: data/hd/BMP/BACKGRND.BMP/018.png
Art asset: data/hd/BMP/BACKGRND.BMP/019.png
Art asset: data/hd/BMP/BACKGRND.BMP/020.png
Art asset: data/hd/BMP/BACKGRND.BMP/021.png
Art asset: data/hd/BMP/BACKGRND.BMP/022.png
Art asset: data/hd/BMP/BACKGRND.BMP/023.png
Art asset: data/hd/BMP/BACKGRND.BMP/024.png
Art asset: data/hd/BMP/BACKGRND.BMP/025.png
Art asset: data/hd/BMP/BACKGRND.BMP/026.png
Art asset: data/hd/BMP/BACKGRND.BMP/027.png
Art asset: data/hd/BMP/BACKGRND.BMP/028.png
Art asset: data/hd/BMP/BACKGRND.BMP/029.png
Art asset: data/hd/BMP/BACKGRND.BMP/030.png
Art asset: data/hd/BMP/BACKGRND.BMP/031.png
Art asset: data/hd/BMP/BACKGRND.BMP/032.png
Art asset: data/hd/BMP/BACKGRND.BMP/033.png
Art asset: data/hd/BMP/BACKGRND.BMP/034.png
Art asset: data/hd/BMP/BACKGRND.BMP/035.png
Art asset: data/hd/BMP/BACKGRND.BMP/036.png
Art asset: data/hd/BMP/BACKGRND.BMP/037.png
Art asset: data/hd/BMP/BACKGRND.BMP/038.png
Art asset: data/hd/BMP/BACKGRND.BMP/039.png
Art asset: data/hd/BMP/BACKGRND.BMP/040.png
Art asset: data/hd/BMP/BACKGRND.BMP/041.png
Clouds Pos: 89, 32
Clouds Pos: 136, 26
TURN DRIVER: island_seed=11 path_seed=2 clip=decreasing style=cartoon
TURN ISLAND: highTide=1 offset=0,0 raft=0 night=0 holiday=0
TURN SEGMENT: prime api=adsPlayWalk(0,0,0,0) start_ms=0
Art asset: data/hd/BMP/JOHNWALK.BMP/000.png
Art asset: data/hd/BMP/JOHNWALK.BMP/001.png
Art asset: data/hd/BMP/JOHNWALK.BMP/002.png
Art asset: data/hd/BMP/JOHNWALK.BMP/003.png
Art asset: data/hd/BMP/JOHNWALK.BMP/004.png
Art asset: data/hd/BMP/JOHNWALK.BMP/005.png
Art asset: data/hd/BMP/JOHNWALK.BMP/006.png
Art asset: data/hd/BMP/JOHNWALK.BMP/007.png
Art asset: data/hd/BMP/JOHNWALK.BMP/008.png
Art asset: data/hd/BMP/JOHNWALK.BMP/009.png
Art asset: data/hd/BMP/JOHNWALK.BMP/010.png
Art asset: data/styles/cartoon/BMP/JOHNWALK.BMP/011.png
Art asset: data/hd/BMP/JOHNWALK.BMP/012.png
Art asset: data/hd/BMP/JOHNWALK.BMP/013.png
Art asset: data/hd/BMP/JOHNWALK.BMP/014.png
Art asset: data/hd/BMP/JOHNWALK.BMP/015.png
Art asset: data/styles/cartoon/BMP/JOHNWALK.BMP/016.png
Art asset: data/styles/cartoon/BMP/JOHNWALK.BMP/017.png
Art asset: data/styles/cartoon/BMP/JOHNWALK.BMP/018.png
Art asset: data/styles/cartoon/BMP/JOHNWALK.BMP/019.png
Art asset: data/styles/cartoon/BMP/JOHNWALK.BMP/020.png
Art asset: data/styles/cartoon/BMP/JOHNWALK.BMP/021.png
Art asset: data/styles/cartoon/BMP/JOHNWALK.BMP/022.png
Art asset: data/styles/cartoon/BMP/JOHNWALK.BMP/023.png
Art asset: data/styles/cartoon/BMP/JOHNWALK.BMP/024.png
Art asset: data/styles/cartoon/BMP/JOHNWALK.BMP/025.png
Art asset: data/styles/cartoon/BMP/JOHNWALK.BMP/026.png
Art asset: data/styles/cartoon/BMP/JOHNWALK.BMP/027.png
Art asset: data/styles/cartoon/BMP/JOHNWALK.BMP/028.png
Art asset: data/styles/cartoon/BMP/JOHNWALK.BMP/029.png
Art asset: data/hd/BMP/JOHNWALK.BMP/030.png
Art asset: data/hd/BMP/JOHNWALK.BMP/031.png
Art asset: data/hd/BMP/JOHNWALK.BMP/032.png
Art asset: data/hd/BMP/JOHNWALK.BMP/033.png
Art asset: data/hd/BMP/JOHNWALK.BMP/034.png
Art asset: data/hd/BMP/JOHNWALK.BMP/035.png

 +-- CALCULATE PATH --
 |
 |  . walking from A to A:
 |  . possible paths:  A
 |  . chosen path: A
 +--------------------

WALKING:  spot=0 hdg=0 next=0  -  data 0 300 243 16

TURN DRAW: flip=0 x=299 y=243 frame=16
TURN ANIMATE: delay_ticks=80
    ------> Animate clouds
Clouds Pos: 87, 32
Clouds Pos: 135, 26
TURN WAIT: ticks=0 logical_ms=0
TURN DISPLAY: 1 logical_ms=0 file=display-001.ppm
 ******* WAIT: 6 ticks *******

    ------> Animate walking
WALKING: end walk

TURN ANIMATE: delay_ticks=0
TURN WAIT: ticks=6 logical_ms=120
TURN DISPLAY: 2 logical_ms=120 file=display-002.ppm
 ******* WAIT: 0 ticks *******

TURN SEGMENT END: prime end_ms=120
TURN SEGMENT: turn01 api=adsPlayWalk(0,0,0,7) start_ms=120

 +-- CALCULATE PATH --
 |
 |  . walking from A to A:
 |  . possible paths:  A
 |  . chosen path: A
 +--------------------

WALKING:  spot=0 hdg=7 next=7  -  data 0 300 243 17

TURN DRAW: flip=0 x=299 y=243 frame=17
TURN ANIMATE: delay_ticks=6
TURN WAIT: ticks=0 logical_ms=120
TURN DISPLAY: 3 logical_ms=120 file=display-003.ppm
 ******* WAIT: 2 ticks *******

    ------> Animate bg
    ------> Animate clouds
Clouds Pos: 85, 32
Clouds Pos: 134, 26
TURN WAIT: ticks=2 logical_ms=160
TURN DISPLAY: 4 logical_ms=160 file=display-004.ppm
 ******* WAIT: 4 ticks *******

    ------> Animate walking
WALKING:  spot=0 hdg=7 next=7  -  data 0 300 243 17

TURN DRAW: flip=0 x=299 y=243 frame=17
TURN ANIMATE: delay_ticks=80
TURN WAIT: ticks=4 logical_ms=240
TURN DISPLAY: 5 logical_ms=240 file=display-005.ppm
 ******* WAIT: 4 ticks *******

    ------> Animate bg
    ------> Animate clouds
Clouds Pos: 83, 32
Clouds Pos: 133, 26
TURN WAIT: ticks=4 logical_ms=320
TURN DISPLAY: 6 logical_ms=320 file=display-006.ppm
 ******* WAIT: 8 ticks *******

    ------> Animate bg
    ------> Animate clouds
Clouds Pos: 81, 32
Clouds Pos: 132, 26
TURN WAIT: ticks=8 logical_ms=480
TURN DISPLAY: 7 logical_ms=480 file=display-007.ppm
 ******* WAIT: 8 ticks *******

    ------> Animate bg
    ------> Animate clouds
Clouds Pos: 79, 32
Clouds Pos: 131, 26
TURN WAIT: ticks=8 logical_ms=640
TURN DISPLAY: 8 logical_ms=640 file=display-008.ppm
 ******* WAIT: 8 ticks *******

    ------> Animate bg
    ------> Animate clouds
Clouds Pos: 77, 32
Clouds Pos: 130, 26
TURN WAIT: ticks=8 logical_ms=800
TURN DISPLAY: 9 logical_ms=800 file=display-009.ppm
 ******* WAIT: 8 ticks *******

    ------> Animate bg
    ------> Animate clouds
Clouds Pos: 75, 32
Clouds Pos: 129, 26
TURN WAIT: ticks=8 logical_ms=960
TURN DISPLAY: 10 logical_ms=960 file=display-010.ppm
 ******* WAIT: 8 ticks *******

    ------> Animate bg
    ------> Animate clouds
Clouds Pos: 73, 32
Clouds Pos: 128, 26
TURN WAIT: ticks=8 logical_ms=1120
TURN DISPLAY: 11 logical_ms=1120 file=display-011.ppm
 ******* WAIT: 8 ticks *******

    ------> Animate bg
    ------> Animate clouds
Clouds Pos: 71, 32
Clouds Pos: 127, 26
TURN WAIT: ticks=8 logical_ms=1280
TURN DISPLAY: 12 logical_ms=1280 file=display-012.ppm
 ******* WAIT: 8 ticks *******

    ------> Animate bg
    ------> Animate clouds
Clouds Pos: 69, 32
Clouds Pos: 126, 26
TURN WAIT: ticks=8 logical_ms=1440
TURN DISPLAY: 13 logical_ms=1440 file=display-013.ppm
 ******* WAIT: 8 ticks *******

    ------> Animate bg
    ------> Animate clouds
Clouds Pos: 67, 32
Clouds Pos: 125, 26
TURN WAIT: ticks=8 logical_ms=1600
TURN DISPLAY: 14 logical_ms=1600 file=display-014.ppm
 ******* WAIT: 8 ticks *******

    ------> Animate bg
    ------> Animate clouds
Clouds Pos: 65, 32
Clouds Pos: 124, 26
TURN WAIT: ticks=8 logical_ms=1760
TURN DISPLAY: 15 logical_ms=1760 file=display-015.ppm
 ******* WAIT: 4 ticks *******

    ------> Animate walking
WALKING: end walk

TURN ANIMATE: delay_ticks=0
TURN WAIT: ticks=4 logical_ms=1840
TURN DISPLAY: 16 logical_ms=1840 file=display-016.ppm
 ******* WAIT: 0 ticks *******

TURN SEGMENT END: turn01 end_ms=1840
TURN SEGMENT: turn02 api=adsPlayWalk(0,7,0,6) start_ms=1840

 +-- CALCULATE PATH --
 |
 |  . walking from A to A:
 |  . possible paths:  A
 |  . chosen path: A
 +--------------------

WALKING:  spot=0 hdg=6 next=6  -  data 0 305 241 0

TURN DRAW: flip=0 x=304 y=241 frame=0
TURN ANIMATE: delay_ticks=6
TURN WAIT: ticks=0 logical_ms=1840
TURN DISPLAY: 17 logical_ms=1840 file=display-017.ppm
 ******* WAIT: 4 ticks *******

    ------> Animate bg
    ------> Animate clouds
Clouds Pos: 63, 32
Clouds Pos: 123, 26
TURN WAIT: ticks=4 logical_ms=1920
TURN DISPLAY: 18 logical_ms=1920 file=display-018.ppm
 ******* WAIT: 2 ticks *******

    ------> Animate walking
WALKING:  spot=0 hdg=6 next=6  -  data 0 305 241 0

TURN DRAW: flip=0 x=304 y=241 frame=0
TURN ANIMATE: delay_ticks=80
TURN WAIT: ticks=2 logical_ms=1960
TURN DISPLAY: 19 logical_ms=1960 file=display-019.ppm
 ******* WAIT: 6 ticks *******

    ------> Animate bg
    ------> Animate clouds
Clouds Pos: 61, 32
Clouds Pos: 122, 26
TURN WAIT: ticks=6 logical_ms=2080
TURN DISPLAY: 20 logical_ms=2080 file=display-020.ppm
 ******* WAIT: 8 ticks *******

    ------> Animate bg
    ------> Animate clouds
Clouds Pos: 59, 32
Clouds Pos: 121, 26
TURN WAIT: ticks=8 logical_ms=2240
TURN DISPLAY: 21 logical_ms=2240 file=display-021.ppm
 ******* WAIT: 8 ticks *******

    ------> Animate bg
    ------> Animate clouds
Clouds Pos: 57, 32
Clouds Pos: 120, 26
TURN WAIT: ticks=8 logical_ms=2400
TURN DISPLAY: 22 logical_ms=2400 file=display-022.ppm
 ******* WAIT: 8 ticks *******

    ------> Animate bg
    ------> Animate clouds
Clouds Pos: 55, 32
Clouds Pos: 119, 26
TURN WAIT: ticks=8 logical_ms=2560
TURN DISPLAY: 23 logical_ms=2560 file=display-023.ppm
 ******* WAIT: 8 ticks *******

    ------> Animate bg
    ------> Animate clouds
Clouds Pos: 53, 32
Clouds Pos: 118, 26
TURN WAIT: ticks=8 logical_ms=2720
TURN DISPLAY: 24 logical_ms=2720 file=display-024.ppm
 ******* WAIT: 8 ticks *******

    ------> Animate bg
    ------> Animate clouds
Clouds Pos: 51, 32
Clouds Pos: 117, 26
TURN WAIT: ticks=8 logical_ms=2880
TURN DISPLAY: 25 logical_ms=2880 file=display-025.ppm
 ******* WAIT: 8 ticks *******

    ------> Animate bg
    ------> Animate clouds
Clouds Pos: 49, 32
Clouds Pos: 116, 26
TURN WAIT: ticks=8 logical_ms=3040
TURN DISPLAY: 26 logical_ms=3040 file=display-026.ppm
 ******* WAIT: 8 ticks *******

    ------> Animate bg
    ------> Animate clouds
Clouds Pos: 47, 32
Clouds Pos: 115, 26
TURN WAIT: ticks=8 logical_ms=3200
TURN DISPLAY: 27 logical_ms=3200 file=display-027.ppm
 ******* WAIT: 8 ticks *******

    ------> Animate bg
    ------> Animate clouds
Clouds Pos: 45, 32
Clouds Pos: 114, 26
TURN WAIT: ticks=8 logical_ms=3360
TURN DISPLAY: 28 logical_ms=3360 file=display-028.ppm
 ******* WAIT: 8 ticks *******

    ------> Animate bg
    ------> Animate clouds
Clouds Pos: 43, 32
Clouds Pos: 113, 26
TURN WAIT: ticks=8 logical_ms=3520
TURN DISPLAY: 29 logical_ms=3520 file=display-029.ppm
 ******* WAIT: 2 ticks *******

    ------> Animate walking
WALKING: end walk

TURN ANIMATE: delay_ticks=0
TURN WAIT: ticks=2 logical_ms=3560
TURN DISPLAY: 30 logical_ms=3560 file=display-030.ppm
 ******* WAIT: 0 ticks *******

TURN SEGMENT END: turn02 end_ms=3560
TURN SEGMENT: turn03 api=adsPlayWalk(0,6,0,5) start_ms=3560

 +-- CALCULATE PATH --
 |
 |  . walking from A to A:
 |  . possible paths:  A
 |  . chosen path: A
 +--------------------

WALKING:  spot=0 hdg=5 next=5  -  data 1 300 239 18

TURN DRAW: flip=1 x=299 y=239 frame=18
TURN ANIMATE: delay_ticks=6
TURN WAIT: ticks=0 logical_ms=3560
TURN DISPLAY: 31 logical_ms=3560 file=display-031.ppm
 ******* WAIT: 6 ticks *******

    ------> Animate bg
    ------> Animate clouds
Clouds Pos: 41, 32
Clouds Pos: 112, 26
    ------> Animate walking
WALKING:  spot=0 hdg=5 next=5  -  data 1 300 239 18

TURN DRAW: flip=1 x=299 y=239 frame=18
TURN ANIMATE: delay_ticks=80
TURN WAIT: ticks=6 logical_ms=3680
TURN DISPLAY: 32 logical_ms=3680 file=display-032.ppm
 ******* WAIT: 8 ticks *******

    ------> Animate bg
    ------> Animate clouds
Clouds Pos: 39, 32
Clouds Pos: 111, 26
TURN WAIT: ticks=8 logical_ms=3840
TURN DISPLAY: 33 logical_ms=3840 file=display-033.ppm
 ******* WAIT: 8 ticks *******

    ------> Animate bg
    ------> Animate clouds
Clouds Pos: 37, 32
Clouds Pos: 110, 26
TURN WAIT: ticks=8 logical_ms=4000
TURN DISPLAY: 34 logical_ms=4000 file=display-034.ppm
 ******* WAIT: 8 ticks *******

    ------> Animate bg
    ------> Animate clouds
Clouds Pos: 35, 32
Clouds Pos: 109, 26
TURN WAIT: ticks=8 logical_ms=4160
TURN DISPLAY: 35 logical_ms=4160 file=display-035.ppm
 ******* WAIT: 8 ticks *******

    ------> Animate bg
    ------> Animate clouds
Clouds Pos: 33, 32
Clouds Pos: 108, 26
TURN WAIT: ticks=8 logical_ms=4320
TURN DISPLAY: 36 logical_ms=4320 file=display-036.ppm
 ******* WAIT: 8 ticks *******

    ------> Animate bg
    ------> Animate clouds
Clouds Pos: 31, 32
Clouds Pos: 107, 26
TURN WAIT: ticks=8 logical_ms=4480
TURN DISPLAY: 37 logical_ms=4480 file=display-037.ppm
 ******* WAIT: 8 ticks *******

    ------> Animate bg
    ------> Animate clouds
Clouds Pos: 29, 32
Clouds Pos: 106, 26
TURN WAIT: ticks=8 logical_ms=4640
TURN DISPLAY: 38 logical_ms=4640 file=display-038.ppm
 ******* WAIT: 8 ticks *******

    ------> Animate bg
    ------> Animate clouds
Clouds Pos: 27, 32
Clouds Pos: 105, 26
TURN WAIT: ticks=8 logical_ms=4800
TURN DISPLAY: 39 logical_ms=4800 file=display-039.ppm
 ******* WAIT: 8 ticks *******

    ------> Animate bg
    ------> Animate clouds
Clouds Pos: 25, 32
Clouds Pos: 104, 26
TURN WAIT: ticks=8 logical_ms=4960
TURN DISPLAY: 40 logical_ms=4960 file=display-040.ppm
 ******* WAIT: 8 ticks *******

    ------> Animate bg
    ------> Animate clouds
Clouds Pos: 23, 32
Clouds Pos: 103, 26
TURN WAIT: ticks=8 logical_ms=5120
TURN DISPLAY: 41 logical_ms=5120 file=display-041.ppm
 ******* WAIT: 8 ticks *******

    ------> Animate bg
    ------> Animate clouds
Clouds Pos: 21, 32
Clouds Pos: 102, 26
    ------> Animate walking
WALKING: end walk

TURN ANIMATE: delay_ticks=0
TURN WAIT: ticks=8 logical_ms=5280
TURN DISPLAY: 42 logical_ms=5280 file=display-042.ppm
 ******* WAIT: 0 ticks *******

TURN SEGMENT END: turn03 end_ms=5280
TURN SEGMENT: turn04 api=adsPlayWalk(0,5,0,4) start_ms=5280

 +-- CALCULATE PATH --
 |
 |  . walking from A to A:
 |  . possible paths:  A
 |  . chosen path: A
 +--------------------

WALKING:  spot=0 hdg=4 next=4  -  data 0 299 241 15

TURN DRAW: flip=0 x=298 y=241 frame=15
TURN ANIMATE: delay_ticks=6
TURN WAIT: ticks=0 logical_ms=5280
TURN DISPLAY: 43 logical_ms=5280 file=display-043.ppm
 ******* WAIT: 6 ticks *******

    ------> Animate walking
WALKING:  spot=0 hdg=4 next=4  -  data 0 299 241 15

TURN DRAW: flip=0 x=298 y=241 frame=15
TURN ANIMATE: delay_ticks=80
TURN WAIT: ticks=6 logical_ms=5400
TURN DISPLAY: 44 logical_ms=5400 file=display-044.ppm
 ******* WAIT: 2 ticks *******

    ------> Animate bg
    ------> Animate clouds
Clouds Pos: 19, 32
Clouds Pos: 101, 26
TURN WAIT: ticks=2 logical_ms=5440
TURN DISPLAY: 45 logical_ms=5440 file=display-045.ppm
 ******* WAIT: 8 ticks *******

    ------> Animate bg
    ------> Animate clouds
Clouds Pos: 17, 32
Clouds Pos: 100, 26
TURN WAIT: ticks=8 logical_ms=5600
TURN DISPLAY: 46 logical_ms=5600 file=display-046.ppm
 ******* WAIT: 8 ticks *******

    ------> Animate bg
    ------> Animate clouds
Clouds Pos: 15, 32
Clouds Pos: 99, 26
TURN WAIT: ticks=8 logical_ms=5760
TURN DISPLAY: 47 logical_ms=5760 file=display-047.ppm
 ******* WAIT: 8 ticks *******

    ------> Animate bg
    ------> Animate clouds
Clouds Pos: 13, 32
Clouds Pos: 98, 26
TURN WAIT: ticks=8 logical_ms=5920
TURN DISPLAY: 48 logical_ms=5920 file=display-048.ppm
 ******* WAIT: 8 ticks *******

    ------> Animate bg
    ------> Animate clouds
Clouds Pos: 11, 32
Clouds Pos: 97, 26
TURN WAIT: ticks=8 logical_ms=6080
TURN DISPLAY: 49 logical_ms=6080 file=display-049.ppm
 ******* WAIT: 8 ticks *******

    ------> Animate bg
    ------> Animate clouds
Clouds Pos: 9, 32
Clouds Pos: 96, 26
TURN WAIT: ticks=8 logical_ms=6240
TURN DISPLAY: 50 logical_ms=6240 file=display-050.ppm
 ******* WAIT: 8 ticks *******

    ------> Animate bg
    ------> Animate clouds
Clouds Pos: 7, 32
Clouds Pos: 95, 26
TURN WAIT: ticks=8 logical_ms=6400
TURN DISPLAY: 51 logical_ms=6400 file=display-051.ppm
 ******* WAIT: 8 ticks *******

    ------> Animate bg
    ------> Animate clouds
Clouds Pos: 5, 32
Clouds Pos: 94, 26
TURN WAIT: ticks=8 logical_ms=6560
TURN DISPLAY: 52 logical_ms=6560 file=display-052.ppm
 ******* WAIT: 8 ticks *******

    ------> Animate bg
    ------> Animate clouds
Clouds Pos: 3, 32
Clouds Pos: 93, 26
TURN WAIT: ticks=8 logical_ms=6720
TURN DISPLAY: 53 logical_ms=6720 file=display-053.ppm
 ******* WAIT: 8 ticks *******

    ------> Animate bg
    ------> Animate clouds
Clouds Pos: 1, 32
Clouds Pos: 92, 26
TURN WAIT: ticks=8 logical_ms=6880
TURN DISPLAY: 54 logical_ms=6880 file=display-054.ppm
 ******* WAIT: 6 ticks *******

    ------> Animate walking
WALKING: end walk

TURN ANIMATE: delay_ticks=0
TURN WAIT: ticks=6 logical_ms=7000
TURN DISPLAY: 55 logical_ms=7000 file=display-055.ppm
 ******* WAIT: 0 ticks *******

TURN SEGMENT END: turn04 end_ms=7000
TURN SEGMENT: turn05 api=adsPlayWalk(0,4,0,3) start_ms=7000

 +-- CALCULATE PATH --
 |
 |  . walking from A to A:
 |  . possible paths:  A
 |  . chosen path: A
 +--------------------

WALKING:  spot=0 hdg=3 next=3  -  data 0 299 240 18

TURN DRAW: flip=0 x=298 y=240 frame=18
TURN ANIMATE: delay_ticks=6
TURN WAIT: ticks=0 logical_ms=7000
TURN DISPLAY: 56 logical_ms=7000 file=display-056.ppm
 ******* WAIT: 2 ticks *******

    ------> Animate bg
    ------> Animate clouds
Clouds Pos: -1, 32
Clouds Pos: 91, 26
TURN WAIT: ticks=2 logical_ms=7040
TURN DISPLAY: 57 logical_ms=7040 file=display-057.ppm
 ******* WAIT: 4 ticks *******

    ------> Animate walking
WALKING:  spot=0 hdg=3 next=3  -  data 0 299 240 18

TURN DRAW: flip=0 x=298 y=240 frame=18
TURN ANIMATE: delay_ticks=80
TURN WAIT: ticks=4 logical_ms=7120
TURN DISPLAY: 58 logical_ms=7120 file=display-058.ppm
 ******* WAIT: 4 ticks *******

    ------> Animate bg
    ------> Animate clouds
Clouds Pos: -3, 32
Clouds Pos: 90, 26
TURN WAIT: ticks=4 logical_ms=7200
TURN DISPLAY: 59 logical_ms=7200 file=display-059.ppm
 ******* WAIT: 8 ticks *******

    ------> Animate bg
    ------> Animate clouds
Clouds Pos: -5, 32
Clouds Pos: 89, 26
TURN WAIT: ticks=8 logical_ms=7360
TURN DISPLAY: 60 logical_ms=7360 file=display-060.ppm
 ******* WAIT: 8 ticks *******

    ------> Animate bg
    ------> Animate clouds
Clouds Pos: -7, 32
Clouds Pos: 88, 26
TURN WAIT: ticks=8 logical_ms=7520
TURN DISPLAY: 61 logical_ms=7520 file=display-061.ppm
 ******* WAIT: 8 ticks *******

    ------> Animate bg
    ------> Animate clouds
Clouds Pos: -9, 32
Clouds Pos: 87, 26
TURN WAIT: ticks=8 logical_ms=7680
TURN DISPLAY: 62 logical_ms=7680 file=display-062.ppm
 ******* WAIT: 8 ticks *******

    ------> Animate bg
    ------> Animate clouds
Clouds Pos: -11, 32
Clouds Pos: 86, 26
TURN WAIT: ticks=8 logical_ms=7840
TURN DISPLAY: 63 logical_ms=7840 file=display-063.ppm
 ******* WAIT: 8 ticks *******

    ------> Animate bg
    ------> Animate clouds
Clouds Pos: -13, 32
Clouds Pos: 85, 26
TURN WAIT: ticks=8 logical_ms=8000
TURN DISPLAY: 64 logical_ms=8000 file=display-064.ppm
 ******* WAIT: 8 ticks *******

    ------> Animate bg
    ------> Animate clouds
Clouds Pos: -15, 32
Clouds Pos: 84, 26
TURN WAIT: ticks=8 logical_ms=8160
TURN DISPLAY: 65 logical_ms=8160 file=display-065.ppm
 ******* WAIT: 8 ticks *******

    ------> Animate bg
    ------> Animate clouds
Clouds Pos: -17, 32
Clouds Pos: 83, 26
TURN WAIT: ticks=8 logical_ms=8320
TURN DISPLAY: 66 logical_ms=8320 file=display-066.ppm
 ******* WAIT: 8 ticks *******

    ------> Animate bg
    ------> Animate clouds
Clouds Pos: -19, 32
Clouds Pos: 82, 26
TURN WAIT: ticks=8 logical_ms=8480
TURN DISPLAY: 67 logical_ms=8480 file=display-067.ppm
 ******* WAIT: 8 ticks *******

    ------> Animate bg
    ------> Animate clouds
Clouds Pos: -21, 32
Clouds Pos: 81, 26
TURN WAIT: ticks=8 logical_ms=8640
TURN DISPLAY: 68 logical_ms=8640 file=display-068.ppm
 ******* WAIT: 4 ticks *******

    ------> Animate walking
WALKING: end walk

TURN ANIMATE: delay_ticks=0
TURN WAIT: ticks=4 logical_ms=8720
TURN DISPLAY: 69 logical_ms=8720 file=display-069.ppm
 ******* WAIT: 0 ticks *******

TURN SEGMENT END: turn05 end_ms=8720
TURN SEGMENT: turn06 api=adsPlayWalk(0,3,0,2) start_ms=8720

 +-- CALCULATE PATH --
 |
 |  . walking from A to A:
 |  . possible paths:  A
 |  . chosen path: A
 +--------------------

WALKING:  spot=0 hdg=2 next=2  -  data 1 285 241 0

TURN DRAW: flip=1 x=284 y=241 frame=0
TURN ANIMATE: delay_ticks=6
TURN WAIT: ticks=0 logical_ms=8720
TURN DISPLAY: 70 logical_ms=8720 file=display-070.ppm
 ******* WAIT: 4 ticks *******

    ------> Animate bg
    ------> Animate clouds
Clouds Pos: -23, 32
Clouds Pos: 80, 26
TURN WAIT: ticks=4 logical_ms=8800
TURN DISPLAY: 71 logical_ms=8800 file=display-071.ppm
 ******* WAIT: 2 ticks *******

    ------> Animate walking
WALKING:  spot=0 hdg=2 next=2  -  data 1 285 241 0

TURN DRAW: flip=1 x=284 y=241 frame=0
TURN ANIMATE: delay_ticks=80
TURN WAIT: ticks=2 logical_ms=8840
TURN DISPLAY: 72 logical_ms=8840 file=display-072.ppm
 ******* WAIT: 6 ticks *******

    ------> Animate bg
    ------> Animate clouds
Clouds Pos: -25, 32
Clouds Pos: 79, 26
TURN WAIT: ticks=6 logical_ms=8960
TURN DISPLAY: 73 logical_ms=8960 file=display-073.ppm
 ******* WAIT: 8 ticks *******

    ------> Animate bg
    ------> Animate clouds
Clouds Pos: -27, 32
Clouds Pos: 78, 26
TURN WAIT: ticks=8 logical_ms=9120
TURN DISPLAY: 74 logical_ms=9120 file=display-074.ppm
 ******* WAIT: 8 ticks *******

    ------> Animate bg
    ------> Animate clouds
Clouds Pos: -29, 32
Clouds Pos: 77, 26
TURN WAIT: ticks=8 logical_ms=9280
TURN DISPLAY: 75 logical_ms=9280 file=display-075.ppm
 ******* WAIT: 8 ticks *******

    ------> Animate bg
    ------> Animate clouds
Clouds Pos: -31, 32
Clouds Pos: 76, 26
TURN WAIT: ticks=8 logical_ms=9440
TURN DISPLAY: 76 logical_ms=9440 file=display-076.ppm
 ******* WAIT: 8 ticks *******

    ------> Animate bg
    ------> Animate clouds
Clouds Pos: -33, 32
Clouds Pos: 75, 26
TURN WAIT: ticks=8 logical_ms=9600
TURN DISPLAY: 77 logical_ms=9600 file=display-077.ppm
 ******* WAIT: 8 ticks *******

    ------> Animate bg
    ------> Animate clouds
Clouds Pos: -35, 32
Clouds Pos: 74, 26
TURN WAIT: ticks=8 logical_ms=9760
TURN DISPLAY: 78 logical_ms=9760 file=display-078.ppm
 ******* WAIT: 8 ticks *******

    ------> Animate bg
    ------> Animate clouds
Clouds Pos: -37, 32
Clouds Pos: 73, 26
TURN WAIT: ticks=8 logical_ms=9920
TURN DISPLAY: 79 logical_ms=9920 file=display-079.ppm
 ******* WAIT: 8 ticks *******

    ------> Animate bg
    ------> Animate clouds
Clouds Pos: -39, 32
Clouds Pos: 72, 26
TURN WAIT: ticks=8 logical_ms=10080
TURN DISPLAY: 80 logical_ms=10080 file=display-080.ppm
 ******* WAIT: 8 ticks *******

    ------> Animate bg
    ------> Animate clouds
Clouds Pos: -41, 32
Clouds Pos: 71, 26
TURN WAIT: ticks=8 logical_ms=10240
TURN DISPLAY: 81 logical_ms=10240 file=display-081.ppm
 ******* WAIT: 8 ticks *******

    ------> Animate bg
    ------> Animate clouds
Clouds Pos: -43, 32
Clouds Pos: 70, 26
TURN WAIT: ticks=8 logical_ms=10400
TURN DISPLAY: 82 logical_ms=10400 file=display-082.ppm
 ******* WAIT: 2 ticks *******

    ------> Animate walking
WALKING: end walk

TURN ANIMATE: delay_ticks=0
TURN WAIT: ticks=2 logical_ms=10440
TURN DISPLAY: 83 logical_ms=10440 file=display-083.ppm
 ******* WAIT: 0 ticks *******

TURN SEGMENT END: turn06 end_ms=10440
TURN SEGMENT: turn07 api=adsPlayWalk(0,2,0,1) start_ms=10440

 +-- CALCULATE PATH --
 |
 |  . walking from A to A:
 |  . possible paths:  A
 |  . chosen path: A
 +--------------------

WALKING:  spot=0 hdg=1 next=1  -  data 1 294 243 17

TURN DRAW: flip=1 x=293 y=243 frame=17
TURN ANIMATE: delay_ticks=6
TURN WAIT: ticks=0 logical_ms=10440
TURN DISPLAY: 84 logical_ms=10440 file=display-084.ppm
 ******* WAIT: 6 ticks *******

    ------> Animate bg
    ------> Animate clouds
Clouds Pos: -45, 32
Clouds Pos: 69, 26
    ------> Animate walking
WALKING:  spot=0 hdg=1 next=1  -  data 1 294 243 17

TURN DRAW: flip=1 x=293 y=243 frame=17
TURN ANIMATE: delay_ticks=80
TURN WAIT: ticks=6 logical_ms=10560
TURN DISPLAY: 85 logical_ms=10560 file=display-085.ppm
 ******* WAIT: 8 ticks *******

    ------> Animate bg
    ------> Animate clouds
Clouds Pos: -47, 32
Clouds Pos: 68, 26
TURN WAIT: ticks=8 logical_ms=10720
TURN DISPLAY: 86 logical_ms=10720 file=display-086.ppm
 ******* WAIT: 8 ticks *******

    ------> Animate bg
    ------> Animate clouds
Clouds Pos: -49, 32
Clouds Pos: 67, 26
TURN WAIT: ticks=8 logical_ms=10880
TURN DISPLAY: 87 logical_ms=10880 file=display-087.ppm
 ******* WAIT: 8 ticks *******

    ------> Animate bg
    ------> Animate clouds
Clouds Pos: -51, 32
Clouds Pos: 66, 26
TURN WAIT: ticks=8 logical_ms=11040
TURN DISPLAY: 88 logical_ms=11040 file=display-088.ppm
 ******* WAIT: 8 ticks *******

    ------> Animate bg
    ------> Animate clouds
Clouds Pos: -53, 32
Clouds Pos: 65, 26
TURN WAIT: ticks=8 logical_ms=11200
TURN DISPLAY: 89 logical_ms=11200 file=display-089.ppm
 ******* WAIT: 8 ticks *******

    ------> Animate bg
    ------> Animate clouds
Clouds Pos: -55, 32
Clouds Pos: 64, 26
TURN WAIT: ticks=8 logical_ms=11360
TURN DISPLAY: 90 logical_ms=11360 file=display-090.ppm
 ******* WAIT: 8 ticks *******

    ------> Animate bg
    ------> Animate clouds
Clouds Pos: -57, 32
Clouds Pos: 63, 26
TURN WAIT: ticks=8 logical_ms=11520
TURN DISPLAY: 91 logical_ms=11520 file=display-091.ppm
 ******* WAIT: 8 ticks *******

    ------> Animate bg
    ------> Animate clouds
Clouds Pos: -59, 32
Clouds Pos: 62, 26
TURN WAIT: ticks=8 logical_ms=11680
TURN DISPLAY: 92 logical_ms=11680 file=display-092.ppm
 ******* WAIT: 8 ticks *******

    ------> Animate bg
    ------> Animate clouds
Clouds Pos: -61, 32
Clouds Pos: 61, 26
TURN WAIT: ticks=8 logical_ms=11840
TURN DISPLAY: 93 logical_ms=11840 file=display-093.ppm
 ******* WAIT: 8 ticks *******

    ------> Animate bg
    ------> Animate clouds
Clouds Pos: -63, 32
Clouds Pos: 60, 26
TURN WAIT: ticks=8 logical_ms=12000
TURN DISPLAY: 94 logical_ms=12000 file=display-094.ppm
 ******* WAIT: 8 ticks *******

    ------> Animate bg
    ------> Animate clouds
Clouds Pos: -65, 32
Clouds Pos: 59, 26
    ------> Animate walking
WALKING: end walk

TURN ANIMATE: delay_ticks=0
TURN WAIT: ticks=8 logical_ms=12160
TURN DISPLAY: 95 logical_ms=12160 file=display-095.ppm
 ******* WAIT: 0 ticks *******

TURN SEGMENT END: turn07 end_ms=12160
TURN SEGMENT: turn08 api=adsPlayWalk(0,1,0,0) start_ms=12160

 +-- CALCULATE PATH --
 |
 |  . walking from A to A:
 |  . possible paths:  A
 |  . chosen path: A
 +--------------------

WALKING:  spot=0 hdg=0 next=0  -  data 0 300 243 16

TURN DRAW: flip=0 x=299 y=243 frame=16
TURN ANIMATE: delay_ticks=6
TURN WAIT: ticks=0 logical_ms=12160
TURN DISPLAY: 96 logical_ms=12160 file=display-096.ppm
 ******* WAIT: 6 ticks *******

    ------> Animate walking
WALKING:  spot=0 hdg=0 next=0  -  data 0 300 243 16

TURN DRAW: flip=0 x=299 y=243 frame=16
TURN ANIMATE: delay_ticks=80
TURN WAIT: ticks=6 logical_ms=12280
TURN DISPLAY: 97 logical_ms=12280 file=display-097.ppm
 ******* WAIT: 2 ticks *******

    ------> Animate bg
    ------> Animate clouds
Clouds Pos: -67, 32
Clouds Pos: 58, 26
TURN WAIT: ticks=2 logical_ms=12320
TURN DISPLAY: 98 logical_ms=12320 file=display-098.ppm
 ******* WAIT: 8 ticks *******

    ------> Animate bg
    ------> Animate clouds
Clouds Pos: -69, 32
Clouds Pos: 57, 26
TURN WAIT: ticks=8 logical_ms=12480
TURN DISPLAY: 99 logical_ms=12480 file=display-099.ppm
 ******* WAIT: 8 ticks *******

    ------> Animate bg
    ------> Animate clouds
Clouds Pos: -71, 32
Clouds Pos: 56, 26
TURN WAIT: ticks=8 logical_ms=12640
TURN DISPLAY: 100 logical_ms=12640 file=display-100.ppm
 ******* WAIT: 8 ticks *******

    ------> Animate bg
    ------> Animate clouds
Clouds Pos: -73, 32
Clouds Pos: 55, 26
TURN WAIT: ticks=8 logical_ms=12800
TURN DISPLAY: 101 logical_ms=12800 file=display-101.ppm
 ******* WAIT: 8 ticks *******

    ------> Animate bg
    ------> Animate clouds
Clouds Pos: -75, 32
Clouds Pos: 54, 26
TURN WAIT: ticks=8 logical_ms=12960
TURN DISPLAY: 102 logical_ms=12960 file=display-102.ppm
 ******* WAIT: 8 ticks *******

    ------> Animate bg
    ------> Animate clouds
Clouds Pos: -77, 32
Clouds Pos: 53, 26
TURN WAIT: ticks=8 logical_ms=13120
TURN DISPLAY: 103 logical_ms=13120 file=display-103.ppm
 ******* WAIT: 8 ticks *******

    ------> Animate bg
    ------> Animate clouds
Clouds Pos: -79, 32
Clouds Pos: 52, 26
TURN WAIT: ticks=8 logical_ms=13280
TURN DISPLAY: 104 logical_ms=13280 file=display-104.ppm
 ******* WAIT: 8 ticks *******

    ------> Animate bg
    ------> Animate clouds
Clouds Pos: -81, 32
Clouds Pos: 51, 26
TURN WAIT: ticks=8 logical_ms=13440
TURN DISPLAY: 105 logical_ms=13440 file=display-105.ppm
 ******* WAIT: 8 ticks *******

    ------> Animate bg
    ------> Animate clouds
Clouds Pos: -83, 32
Clouds Pos: 50, 26
TURN WAIT: ticks=8 logical_ms=13600
TURN DISPLAY: 106 logical_ms=13600 file=display-106.ppm
 ******* WAIT: 8 ticks *******

    ------> Animate bg
    ------> Animate clouds
Clouds Pos: -85, 32
Clouds Pos: 49, 26
TURN WAIT: ticks=8 logical_ms=13760
TURN DISPLAY: 107 logical_ms=13760 file=display-107.ppm
 ******* WAIT: 6 ticks *******

    ------> Animate walking
WALKING: end walk

TURN ANIMATE: delay_ticks=0
TURN WAIT: ticks=6 logical_ms=13880
TURN DISPLAY: 108 logical_ms=13880 file=display-108.ppm
 ******* WAIT: 0 ticks *******

TURN SEGMENT END: turn08 end_ms=13880
Captured frame: final.ppm (1280x960)
Art assets decoded: cartoon=44, HD fallback=84, original fallback=0
TURN DRIVER: finite clips returned; cleanup complete; displays=108 logical_ms=13880
