zipvfs: opened archive 'scrantic_data.zip' (2612 entries)
Loading resources ...................................................................................................................................................................................
Art style: Cartoon (preview) (partial pack: 61/2401 assets; missing art uses HD/original), scale=2
rand seed: 11 (forced)
Art asset: data/hd/SCR/NIGHT.SCR.png
island backdrop: NIGHT.SCR
Art asset: data/hd/BMP/MRAFT.BMP/000.png
Art asset: data/hd/BMP/MRAFT.BMP/001.png
Art asset: data/hd/BMP/MRAFT.BMP/002.png
Art asset: data/hd/BMP/MRAFT.BMP/003.png
Art asset: data/hd/BMP/MRAFT.BMP/004.png
Art asset: data/hd/BMP/MRAFT.BMP/005.png
Art asset: data/hd/BMP/MRAFT.BMP/006.png
Art asset: data/styles/cartoon/BMP/BACKGRND.BMP/000.png
Art asset: data/styles/cartoon/BMP/BACKGRND.BMP/001.png
Art asset: data/styles/cartoon/BMP/BACKGRND.BMP/002.png
Art asset: data/styles/cartoon/BMP/BACKGRND.BMP/003.png
Art asset: data/styles/cartoon/BMP/BACKGRND.BMP/004.png
Art asset: data/styles/cartoon/BMP/BACKGRND.BMP/005.png
Art asset: data/styles/cartoon/BMP/BACKGRND.BMP/006.png
Art asset: data/styles/cartoon/BMP/BACKGRND.BMP/007.png
Art asset: data/styles/cartoon/BMP/BACKGRND.BMP/008.png
Art asset: data/styles/cartoon/BMP/BACKGRND.BMP/009.png
Art asset: data/styles/cartoon/BMP/BACKGRND.BMP/010.png
Art asset: data/styles/cartoon/BMP/BACKGRND.BMP/011.png
Art asset: data/styles/cartoon/BMP/BACKGRND.BMP/012.png
Art asset: data/styles/cartoon/BMP/BACKGRND.BMP/013.png
Art asset: data/styles/cartoon/BMP/BACKGRND.BMP/014.png
Art asset: data/styles/cartoon/BMP/BACKGRND.BMP/015.png
Art asset: data/hd/BMP/BACKGRND.BMP/016.png
Art asset: data/hd/BMP/BACKGRND.BMP/017.png
Art asset: data/hd/BMP/BACKGRND.BMP/018.png
Art asset: data/hd/BMP/BACKGRND.BMP/019.png
Art asset: data/hd/BMP/BACKGRND.BMP/020.png
Art asset: data/hd/BMP/BACKGRND.BMP/021.png
Art asset: data/hd/BMP/BACKGRND.BMP/022.png
Art asset: data/hd/BMP/BACKGRND.BMP/023.png
Art asset: data/hd/BMP/BACKGRND.BMP/024.png
Art asset: data/hd/BMP/BACKGRND.BMP/025.png
Art asset: data/hd/BMP/BACKGRND.BMP/026.png
Art asset: data/hd/BMP/BACKGRND.BMP/027.png
Art asset: data/hd/BMP/BACKGRND.BMP/028.png
Art asset: data/hd/BMP/BACKGRND.BMP/029.png
Art asset: data/styles/cartoon/BMP/BACKGRND.BMP/030.png
Art asset: data/styles/cartoon/BMP/BACKGRND.BMP/031.png
Art asset: data/styles/cartoon/BMP/BACKGRND.BMP/032.png
Art asset: data/styles/cartoon/BMP/BACKGRND.BMP/033.png
Art asset: data/styles/cartoon/BMP/BACKGRND.BMP/034.png
Art asset: data/styles/cartoon/BMP/BACKGRND.BMP/035.png
Art asset: data/styles/cartoon/BMP/BACKGRND.BMP/036.png
Art asset: data/styles/cartoon/BMP/BACKGRND.BMP/037.png
Art asset: data/styles/cartoon/BMP/BACKGRND.BMP/038.png
Art asset: data/styles/cartoon/BMP/BACKGRND.BMP/039.png
Art asset: data/styles/cartoon/BMP/BACKGRND.BMP/040.png
Art asset: data/styles/cartoon/BMP/BACKGRND.BMP/041.png
GROUND SURFACE: x=380 y=588 canvas=640x180
BG DRAW: frame=0 x=288 y=279 dx=-80 dy=20 scale=2 canvas=640x180
BG DRAW: frame=13 x=442 y=148 dx=-80 dy=20 scale=2 canvas=48x290
BG DRAW: frame=12 x=365 y=122 dx=-80 dy=20 scale=2 canvas=304x138
BG DRAW: frame=14 x=396 y=279 dx=-80 dy=20 scale=2 canvas=208x56
WAVE SURFACE: frame=6 x=536 y=588 canvas=384x256
BG DRAW: frame=6 x=364 y=319 dx=-80 dy=20 scale=2 canvas=384x256
WAVE SURFACE: frame=6 x=536 y=588 canvas=384x256
BG DRAW: frame=6 x=364 y=319 dx=-80 dy=20 scale=2 canvas=384x256
WAVE SURFACE: frame=9 x=876 y=646 canvas=154x74
BG DRAW: frame=9 x=518 y=303 dx=-80 dy=20 scale=2 canvas=154x74
WAVE SURFACE: frame=6 x=536 y=588 canvas=384x256
BG DRAW: frame=6 x=364 y=319 dx=-80 dy=20 scale=2 canvas=384x256
WAVE SURFACE: frame=9 x=876 y=646 canvas=154x74
BG DRAW: frame=9 x=518 y=303 dx=-80 dy=20 scale=2 canvas=154x74
WAVE SURFACE: frame=3 x=374 y=652 canvas=150x66
BG DRAW: frame=3 x=270 y=306 dx=-80 dy=20 scale=2 canvas=150x66
WAVE SURFACE: frame=9 x=876 y=646 canvas=154x74
BG DRAW: frame=9 x=518 y=303 dx=-80 dy=20 scale=2 canvas=154x74
WAVE SURFACE: frame=3 x=374 y=652 canvas=150x66
BG DRAW: frame=3 x=270 y=306 dx=-80 dy=20 scale=2 canvas=150x66
WAVE SURFACE: frame=7 x=536 y=588 canvas=384x256
BG DRAW: frame=7 x=364 y=319 dx=-80 dy=20 scale=2 canvas=384x256
Art asset: data/styles/cartoon/BMP/BACKGRND.BMP/000.png
Art asset: data/styles/cartoon/BMP/BACKGRND.BMP/001.png
Art asset: data/styles/cartoon/BMP/BACKGRND.BMP/002.png
Art asset: data/styles/cartoon/BMP/BACKGRND.BMP/003.png
Art asset: data/styles/cartoon/BMP/BACKGRND.BMP/004.png
Art asset: data/styles/cartoon/BMP/BACKGRND.BMP/005.png
Art asset: data/styles/cartoon/BMP/BACKGRND.BMP/006.png
Art asset: data/styles/cartoon/BMP/BACKGRND.BMP/007.png
Art asset: data/styles/cartoon/BMP/BACKGRND.BMP/008.png
Art asset: data/styles/cartoon/BMP/BACKGRND.BMP/009.png
Art asset: data/styles/cartoon/BMP/BACKGRND.BMP/010.png
Art asset: data/styles/cartoon/BMP/BACKGRND.BMP/011.png
Art asset: data/styles/cartoon/BMP/BACKGRND.BMP/012.png
Art asset: data/styles/cartoon/BMP/BACKGRND.BMP/013.png
Art asset: data/styles/cartoon/BMP/BACKGRND.BMP/014.png
Art asset: data/styles/cartoon/BMP/BACKGRND.BMP/015.png
Art asset: data/hd/BMP/BACKGRND.BMP/016.png
Art asset: data/hd/BMP/BACKGRND.BMP/017.png
Art asset: data/hd/BMP/BACKGRND.BMP/018.png
Art asset: data/hd/BMP/BACKGRND.BMP/019.png
Art asset: data/hd/BMP/BACKGRND.BMP/020.png
Art asset: data/hd/BMP/BACKGRND.BMP/021.png
Art asset: data/hd/BMP/BACKGRND.BMP/022.png
Art asset: data/hd/BMP/BACKGRND.BMP/023.png
Art asset: data/hd/BMP/BACKGRND.BMP/024.png
Art asset: data/hd/BMP/BACKGRND.BMP/025.png
Art asset: data/hd/BMP/BACKGRND.BMP/026.png
Art asset: data/hd/BMP/BACKGRND.BMP/027.png
Art asset: data/hd/BMP/BACKGRND.BMP/028.png
Art asset: data/hd/BMP/BACKGRND.BMP/029.png
Art asset: data/styles/cartoon/BMP/BACKGRND.BMP/030.png
Art asset: data/styles/cartoon/BMP/BACKGRND.BMP/031.png
Art asset: data/styles/cartoon/BMP/BACKGRND.BMP/032.png
Art asset: data/styles/cartoon/BMP/BACKGRND.BMP/033.png
Art asset: data/styles/cartoon/BMP/BACKGRND.BMP/034.png
Art asset: data/styles/cartoon/BMP/BACKGRND.BMP/035.png
Art asset: data/styles/cartoon/BMP/BACKGRND.BMP/036.png
Art asset: data/styles/cartoon/BMP/BACKGRND.BMP/037.png
Art asset: data/styles/cartoon/BMP/BACKGRND.BMP/038.png
Art asset: data/styles/cartoon/BMP/BACKGRND.BMP/039.png
Art asset: data/styles/cartoon/BMP/BACKGRND.BMP/040.png
Art asset: data/styles/cartoon/BMP/BACKGRND.BMP/041.png
Clouds Pos: 352, 68
BG DRAW: frame=15 x=352 y=68 dx=-80 dy=20 scale=2 canvas=256x72
Clouds Pos: 347, 35
BG DRAW: frame=16 x=347 y=35 dx=-80 dy=20 scale=2 canvas=384x114
Clouds Pos: 173, 39
BG DRAW: frame=17 x=173 y=39 dx=-80 dy=20 scale=2 canvas=528x152
Clouds Pos: 106, 26
BG DRAW: frame=17 x=106 y=26 dx=-80 dy=20 scale=2 canvas=528x152
Clouds Pos: 371, 62
BG DRAW: frame=16 x=371 y=62 dx=-80 dy=20 scale=2 canvas=384x114
STATE: seed=11 holiday=0 night=1 offset=-80,20 low=0 raft=0 render=1280x960
CLOUD FIXTURE: wind=0 count=3 source=explicit-native-state
CLOUD INITIAL: frame=15 x=40 y=25 speed=1
CLOUD INITIAL: frame=16 x=230 y=55 speed=2
CLOUD INITIAL: frame=17 x=375 y=30 speed=1
NATIVE CALL: segment=1 args=0,0,0,0
Art asset: data/styles/cartoon/BMP/JOHNWALK.BMP/000.png
Art asset: data/styles/cartoon/BMP/JOHNWALK.BMP/001.png
Art asset: data/styles/cartoon/BMP/JOHNWALK.BMP/002.png
Art asset: data/styles/cartoon/BMP/JOHNWALK.BMP/003.png
Art asset: data/styles/cartoon/BMP/JOHNWALK.BMP/004.png
Art asset: data/styles/cartoon/BMP/JOHNWALK.BMP/005.png
Art asset: data/styles/cartoon/BMP/JOHNWALK.BMP/006.png
Art asset: data/styles/cartoon/BMP/JOHNWALK.BMP/007.png
Art asset: data/styles/cartoon/BMP/JOHNWALK.BMP/008.png
Art asset: data/styles/cartoon/BMP/JOHNWALK.BMP/009.png
Art asset: data/styles/cartoon/BMP/JOHNWALK.BMP/010.png
Art asset: data/styles/cartoon/BMP/JOHNWALK.BMP/011.png
Art asset: data/styles/cartoon/BMP/JOHNWALK.BMP/012.png
Art asset: data/hd/BMP/JOHNWALK.BMP/013.png
Art asset: data/hd/BMP/JOHNWALK.BMP/014.png
Art asset: data/styles/cartoon/BMP/JOHNWALK.BMP/015.png
Art asset: data/styles/cartoon/BMP/JOHNWALK.BMP/016.png
Art asset: data/styles/cartoon/BMP/JOHNWALK.BMP/017.png
Art asset: data/styles/cartoon/BMP/JOHNWALK.BMP/018.png
Art asset: data/styles/cartoon/BMP/JOHNWALK.BMP/019.png
Art asset: data/styles/cartoon/BMP/JOHNWALK.BMP/020.png
Art asset: data/styles/cartoon/BMP/JOHNWALK.BMP/021.png
Art asset: data/styles/cartoon/BMP/JOHNWALK.BMP/022.png
Art asset: data/styles/cartoon/BMP/JOHNWALK.BMP/023.png
Art asset: data/styles/cartoon/BMP/JOHNWALK.BMP/024.png
Art asset: data/styles/cartoon/BMP/JOHNWALK.BMP/025.png
Art asset: data/styles/cartoon/BMP/JOHNWALK.BMP/026.png
Art asset: data/styles/cartoon/BMP/JOHNWALK.BMP/027.png
Art asset: data/styles/cartoon/BMP/JOHNWALK.BMP/028.png
Art asset: data/styles/cartoon/BMP/JOHNWALK.BMP/029.png
Art asset: data/hd/BMP/JOHNWALK.BMP/030.png
Art asset: data/hd/BMP/JOHNWALK.BMP/031.png
Art asset: data/hd/BMP/JOHNWALK.BMP/032.png
Art asset: data/hd/BMP/JOHNWALK.BMP/033.png
Art asset: data/hd/BMP/JOHNWALK.BMP/034.png
Art asset: data/hd/BMP/JOHNWALK.BMP/035.png

 +-- CALCULATE PATH --
 |
 |  . walking from A to A:
 |  . possible paths:  A
 |  . chosen path: A
 +--------------------

WALKING:  spot=0 hdg=0 next=0  -  data 0 300 243 16

JOHNNY DRAW: segment=1 frame=16 flip=0 x=299 y=243
    ------> Animate clouds
Clouds Pos: 41, 25
BG DRAW: frame=15 x=41 y=25 dx=-80 dy=20 scale=2 canvas=256x72
CLOUD DRAW: frame=15 flip=1 x=41 y=25 dx=-80 dy=20 scale=2 canvas=256x72 blits=256 bounds=-78,90,178,162
Clouds Pos: 232, 55
BG DRAW: frame=16 x=232 y=55 dx=-80 dy=20 scale=2 canvas=384x114
CLOUD DRAW: frame=16 flip=1 x=232 y=55 dx=-80 dy=20 scale=2 canvas=384x114 blits=384 bounds=304,150,688,264
Clouds Pos: 376, 30
BG DRAW: frame=17 x=376 y=30 dx=-80 dy=20 scale=2 canvas=528x152
CLOUD DRAW: frame=17 flip=1 x=376 y=30 dx=-80 dy=20 scale=2 canvas=528x152 blits=528 bounds=592,100,1120,252
DISPLAY: n=1 ticks=0 segment=1 phases=3,7,9,-1 johnny=16,0,299,243
DISPLAY: n=2 ticks=0 segment=1 phases=3,7,9,-1 johnny=16,0,299,243
 ******* WAIT: 6 ticks *******

    ------> Animate walking
WALKING: end walk

DISPLAY: n=3 ticks=6 segment=1 phases=3,7,9,-1 johnny=16,0,299,243
 ******* WAIT: 0 ticks *******

NATIVE RETURN: segment=1 ticks=6
NATIVE CALL: segment=2 args=0,0,0,0

 +-- CALCULATE PATH --
 |
 |  . walking from A to A:
 |  . possible paths:  A
 |  . chosen path: A
 +--------------------

WALKING:  spot=0 hdg=0 next=0  -  data 0 300 243 16

JOHNNY DRAW: segment=2 frame=16 flip=0 x=299 y=243
DISPLAY: n=4 ticks=6 segment=2 phases=3,7,9,-1 johnny=16,0,299,243
 ******* WAIT: 2 ticks *******

    ------> Animate bg
WAVE SURFACE: frame=3 x=374 y=652 canvas=150x66
BG DRAW: frame=3 x=270 y=306 dx=-80 dy=20 scale=2 canvas=150x66
WAVE SURFACE: frame=7 x=536 y=588 canvas=384x256
BG DRAW: frame=7 x=364 y=319 dx=-80 dy=20 scale=2 canvas=384x256
WAVE SURFACE: frame=10 x=876 y=646 canvas=154x74
BG DRAW: frame=10 x=518 y=303 dx=-80 dy=20 scale=2 canvas=154x74
    ------> Animate clouds
Clouds Pos: 42, 25
BG DRAW: frame=15 x=42 y=25 dx=-80 dy=20 scale=2 canvas=256x72
CLOUD DRAW: frame=15 flip=1 x=42 y=25 dx=-80 dy=20 scale=2 canvas=256x72 blits=256 bounds=-76,90,180,162
Clouds Pos: 234, 55
BG DRAW: frame=16 x=234 y=55 dx=-80 dy=20 scale=2 canvas=384x114
CLOUD DRAW: frame=16 flip=1 x=234 y=55 dx=-80 dy=20 scale=2 canvas=384x114 blits=384 bounds=308,150,692,264
Clouds Pos: 377, 30
BG DRAW: frame=17 x=377 y=30 dx=-80 dy=20 scale=2 canvas=528x152
CLOUD DRAW: frame=17 flip=1 x=377 y=30 dx=-80 dy=20 scale=2 canvas=528x152 blits=528 bounds=594,100,1122,252
DISPLAY: n=5 ticks=8 segment=2 phases=3,7,10,-1 johnny=16,0,299,243
 ******* WAIT: 4 ticks *******

    ------> Animate walking
WALKING: end walk

DISPLAY: n=6 ticks=12 segment=2 phases=3,7,10,-1 johnny=16,0,299,243
 ******* WAIT: 0 ticks *******

NATIVE RETURN: segment=2 ticks=12
NATIVE CALL: segment=3 args=0,0,0,0

 +-- CALCULATE PATH --
 |
 |  . walking from A to A:
 |  . possible paths:  A
 |  . chosen path: A
 +--------------------

WALKING:  spot=0 hdg=0 next=0  -  data 0 300 243 16

JOHNNY DRAW: segment=3 frame=16 flip=0 x=299 y=243
DISPLAY: n=7 ticks=12 segment=3 phases=3,7,10,-1 johnny=16,0,299,243
 ******* WAIT: 4 ticks *******

    ------> Animate bg
WAVE SURFACE: frame=7 x=536 y=588 canvas=384x256
BG DRAW: frame=7 x=364 y=319 dx=-80 dy=20 scale=2 canvas=384x256
WAVE SURFACE: frame=10 x=876 y=646 canvas=154x74
BG DRAW: frame=10 x=518 y=303 dx=-80 dy=20 scale=2 canvas=154x74
WAVE SURFACE: frame=4 x=374 y=652 canvas=150x66
BG DRAW: frame=4 x=270 y=306 dx=-80 dy=20 scale=2 canvas=150x66
    ------> Animate clouds
Clouds Pos: 43, 25
BG DRAW: frame=15 x=43 y=25 dx=-80 dy=20 scale=2 canvas=256x72
CLOUD DRAW: frame=15 flip=1 x=43 y=25 dx=-80 dy=20 scale=2 canvas=256x72 blits=256 bounds=-74,90,182,162
Clouds Pos: 236, 55
BG DRAW: frame=16 x=236 y=55 dx=-80 dy=20 scale=2 canvas=384x114
CLOUD DRAW: frame=16 flip=1 x=236 y=55 dx=-80 dy=20 scale=2 canvas=384x114 blits=384 bounds=312,150,696,264
Clouds Pos: 378, 30
BG DRAW: frame=17 x=378 y=30 dx=-80 dy=20 scale=2 canvas=528x152
CLOUD DRAW: frame=17 flip=1 x=378 y=30 dx=-80 dy=20 scale=2 canvas=528x152 blits=528 bounds=596,100,1124,252
DISPLAY: n=8 ticks=16 segment=3 phases=4,7,10,-1 johnny=16,0,299,243
 ******* WAIT: 2 ticks *******

    ------> Animate walking
WALKING: end walk

DISPLAY: n=9 ticks=18 segment=3 phases=4,7,10,-1 johnny=16,0,299,243
 ******* WAIT: 0 ticks *******

NATIVE RETURN: segment=3 ticks=18
NATIVE CALL: segment=4 args=0,0,0,0

 +-- CALCULATE PATH --
 |
 |  . walking from A to A:
 |  . possible paths:  A
 |  . chosen path: A
 +--------------------

WALKING:  spot=0 hdg=0 next=0  -  data 0 300 243 16

JOHNNY DRAW: segment=4 frame=16 flip=0 x=299 y=243
DISPLAY: n=10 ticks=18 segment=4 phases=4,7,10,-1 johnny=16,0,299,243
 ******* WAIT: 6 ticks *******

    ------> Animate bg
WAVE SURFACE: frame=10 x=876 y=646 canvas=154x74
BG DRAW: frame=10 x=518 y=303 dx=-80 dy=20 scale=2 canvas=154x74
WAVE SURFACE: frame=4 x=374 y=652 canvas=150x66
BG DRAW: frame=4 x=270 y=306 dx=-80 dy=20 scale=2 canvas=150x66
WAVE SURFACE: frame=8 x=536 y=588 canvas=384x256
BG DRAW: frame=8 x=364 y=319 dx=-80 dy=20 scale=2 canvas=384x256
    ------> Animate clouds
Clouds Pos: 44, 25
BG DRAW: frame=15 x=44 y=25 dx=-80 dy=20 scale=2 canvas=256x72
CLOUD DRAW: frame=15 flip=1 x=44 y=25 dx=-80 dy=20 scale=2 canvas=256x72 blits=256 bounds=-72,90,184,162
Clouds Pos: 238, 55
BG DRAW: frame=16 x=238 y=55 dx=-80 dy=20 scale=2 canvas=384x114
CLOUD DRAW: frame=16 flip=1 x=238 y=55 dx=-80 dy=20 scale=2 canvas=384x114 blits=384 bounds=316,150,700,264
Clouds Pos: 379, 30
BG DRAW: frame=17 x=379 y=30 dx=-80 dy=20 scale=2 canvas=528x152
CLOUD DRAW: frame=17 flip=1 x=379 y=30 dx=-80 dy=20 scale=2 canvas=528x152 blits=528 bounds=598,100,1126,252
    ------> Animate walking
WALKING: end walk

DISPLAY: n=11 ticks=24 segment=4 phases=4,8,10,-1 johnny=16,0,299,243
 ******* WAIT: 0 ticks *******

NATIVE RETURN: segment=4 ticks=24
NATIVE CALL: segment=5 args=0,0,0,0

 +-- CALCULATE PATH --
 |
 |  . walking from A to A:
 |  . possible paths:  A
 |  . chosen path: A
 +--------------------

WALKING:  spot=0 hdg=0 next=0  -  data 0 300 243 16

JOHNNY DRAW: segment=5 frame=16 flip=0 x=299 y=243
DISPLAY: n=12 ticks=24 segment=5 phases=4,8,10,-1 johnny=16,0,299,243
 ******* WAIT: 6 ticks *******

    ------> Animate walking
WALKING: end walk

DISPLAY: n=13 ticks=30 segment=5 phases=4,8,10,-1 johnny=16,0,299,243
 ******* WAIT: 0 ticks *******

NATIVE RETURN: segment=5 ticks=30
NATIVE CALL: segment=6 args=0,0,0,0

 +-- CALCULATE PATH --
 |
 |  . walking from A to A:
 |  . possible paths:  A
 |  . chosen path: A
 +--------------------

WALKING:  spot=0 hdg=0 next=0  -  data 0 300 243 16

JOHNNY DRAW: segment=6 frame=16 flip=0 x=299 y=243
DISPLAY: n=14 ticks=30 segment=6 phases=4,8,10,-1 johnny=16,0,299,243
 ******* WAIT: 2 ticks *******

    ------> Animate bg
WAVE SURFACE: frame=4 x=374 y=652 canvas=150x66
BG DRAW: frame=4 x=270 y=306 dx=-80 dy=20 scale=2 canvas=150x66
WAVE SURFACE: frame=8 x=536 y=588 canvas=384x256
BG DRAW: frame=8 x=364 y=319 dx=-80 dy=20 scale=2 canvas=384x256
WAVE SURFACE: frame=11 x=876 y=646 canvas=154x74
BG DRAW: frame=11 x=518 y=303 dx=-80 dy=20 scale=2 canvas=154x74
    ------> Animate clouds
Clouds Pos: 45, 25
BG DRAW: frame=15 x=45 y=25 dx=-80 dy=20 scale=2 canvas=256x72
CLOUD DRAW: frame=15 flip=1 x=45 y=25 dx=-80 dy=20 scale=2 canvas=256x72 blits=256 bounds=-70,90,186,162
Clouds Pos: 240, 55
BG DRAW: frame=16 x=240 y=55 dx=-80 dy=20 scale=2 canvas=384x114
CLOUD DRAW: frame=16 flip=1 x=240 y=55 dx=-80 dy=20 scale=2 canvas=384x114 blits=384 bounds=320,150,704,264
Clouds Pos: 380, 30
BG DRAW: frame=17 x=380 y=30 dx=-80 dy=20 scale=2 canvas=528x152
CLOUD DRAW: frame=17 flip=1 x=380 y=30 dx=-80 dy=20 scale=2 canvas=528x152 blits=528 bounds=600,100,1128,252
DISPLAY: n=15 ticks=32 segment=6 phases=4,8,11,-1 johnny=16,0,299,243
 ******* WAIT: 4 ticks *******

    ------> Animate walking
WALKING: end walk

DISPLAY: n=16 ticks=36 segment=6 phases=4,8,11,-1 johnny=16,0,299,243
 ******* WAIT: 0 ticks *******

NATIVE RETURN: segment=6 ticks=36
NATIVE CALL: segment=7 args=0,0,0,0

 +-- CALCULATE PATH --
 |
 |  . walking from A to A:
 |  . possible paths:  A
 |  . chosen path: A
 +--------------------

WALKING:  spot=0 hdg=0 next=0  -  data 0 300 243 16

JOHNNY DRAW: segment=7 frame=16 flip=0 x=299 y=243
DISPLAY: n=17 ticks=36 segment=7 phases=4,8,11,-1 johnny=16,0,299,243
 ******* WAIT: 4 ticks *******

    ------> Animate bg
WAVE SURFACE: frame=8 x=536 y=588 canvas=384x256
BG DRAW: frame=8 x=364 y=319 dx=-80 dy=20 scale=2 canvas=384x256
WAVE SURFACE: frame=11 x=876 y=646 canvas=154x74
BG DRAW: frame=11 x=518 y=303 dx=-80 dy=20 scale=2 canvas=154x74
WAVE SURFACE: frame=5 x=374 y=652 canvas=150x66
BG DRAW: frame=5 x=270 y=306 dx=-80 dy=20 scale=2 canvas=150x66
    ------> Animate clouds
Clouds Pos: 46, 25
BG DRAW: frame=15 x=46 y=25 dx=-80 dy=20 scale=2 canvas=256x72
CLOUD DRAW: frame=15 flip=1 x=46 y=25 dx=-80 dy=20 scale=2 canvas=256x72 blits=256 bounds=-68,90,188,162
Clouds Pos: 242, 55
BG DRAW: frame=16 x=242 y=55 dx=-80 dy=20 scale=2 canvas=384x114
CLOUD DRAW: frame=16 flip=1 x=242 y=55 dx=-80 dy=20 scale=2 canvas=384x114 blits=384 bounds=324,150,708,264
Clouds Pos: 381, 30
BG DRAW: frame=17 x=381 y=30 dx=-80 dy=20 scale=2 canvas=528x152
CLOUD DRAW: frame=17 flip=1 x=381 y=30 dx=-80 dy=20 scale=2 canvas=528x152 blits=528 bounds=602,100,1130,252
DISPLAY: n=18 ticks=40 segment=7 phases=5,8,11,-1 johnny=16,0,299,243
 ******* WAIT: 2 ticks *******

    ------> Animate walking
WALKING: end walk

DISPLAY: n=19 ticks=42 segment=7 phases=5,8,11,-1 johnny=16,0,299,243
 ******* WAIT: 0 ticks *******

NATIVE RETURN: segment=7 ticks=42
NATIVE CALL: segment=8 args=0,0,0,0

 +-- CALCULATE PATH --
 |
 |  . walking from A to A:
 |  . possible paths:  A
 |  . chosen path: A
 +--------------------

WALKING:  spot=0 hdg=0 next=0  -  data 0 300 243 16

JOHNNY DRAW: segment=8 frame=16 flip=0 x=299 y=243
DISPLAY: n=20 ticks=42 segment=8 phases=5,8,11,-1 johnny=16,0,299,243
 ******* WAIT: 6 ticks *******

    ------> Animate bg
WAVE SURFACE: frame=11 x=876 y=646 canvas=154x74
BG DRAW: frame=11 x=518 y=303 dx=-80 dy=20 scale=2 canvas=154x74
WAVE SURFACE: frame=5 x=374 y=652 canvas=150x66
BG DRAW: frame=5 x=270 y=306 dx=-80 dy=20 scale=2 canvas=150x66
WAVE SURFACE: frame=6 x=536 y=588 canvas=384x256
BG DRAW: frame=6 x=364 y=319 dx=-80 dy=20 scale=2 canvas=384x256
    ------> Animate clouds
Clouds Pos: 47, 25
BG DRAW: frame=15 x=47 y=25 dx=-80 dy=20 scale=2 canvas=256x72
CLOUD DRAW: frame=15 flip=1 x=47 y=25 dx=-80 dy=20 scale=2 canvas=256x72 blits=256 bounds=-66,90,190,162
Clouds Pos: 244, 55
BG DRAW: frame=16 x=244 y=55 dx=-80 dy=20 scale=2 canvas=384x114
CLOUD DRAW: frame=16 flip=1 x=244 y=55 dx=-80 dy=20 scale=2 canvas=384x114 blits=384 bounds=328,150,712,264
Clouds Pos: 382, 30
BG DRAW: frame=17 x=382 y=30 dx=-80 dy=20 scale=2 canvas=528x152
CLOUD DRAW: frame=17 flip=1 x=382 y=30 dx=-80 dy=20 scale=2 canvas=528x152 blits=528 bounds=604,100,1132,252
    ------> Animate walking
WALKING: end walk

DISPLAY: n=21 ticks=48 segment=8 phases=5,6,11,-1 johnny=16,0,299,243
 ******* WAIT: 0 ticks *******

NATIVE RETURN: segment=8 ticks=48
NATIVE CALL: segment=9 args=0,0,0,0

 +-- CALCULATE PATH --
 |
 |  . walking from A to A:
 |  . possible paths:  A
 |  . chosen path: A
 +--------------------

WALKING:  spot=0 hdg=0 next=0  -  data 0 300 243 16

JOHNNY DRAW: segment=9 frame=16 flip=0 x=299 y=243
DISPLAY: n=22 ticks=48 segment=9 phases=5,6,11,-1 johnny=16,0,299,243
 ******* WAIT: 6 ticks *******

    ------> Animate walking
WALKING: end walk

DISPLAY: n=23 ticks=54 segment=9 phases=5,6,11,-1 johnny=16,0,299,243
 ******* WAIT: 0 ticks *******

NATIVE RETURN: segment=9 ticks=54
NATIVE CALL: segment=10 args=0,0,0,0

 +-- CALCULATE PATH --
 |
 |  . walking from A to A:
 |  . possible paths:  A
 |  . chosen path: A
 +--------------------

WALKING:  spot=0 hdg=0 next=0  -  data 0 300 243 16

JOHNNY DRAW: segment=10 frame=16 flip=0 x=299 y=243
DISPLAY: n=24 ticks=54 segment=10 phases=5,6,11,-1 johnny=16,0,299,243
 ******* WAIT: 2 ticks *******

    ------> Animate bg
WAVE SURFACE: frame=5 x=374 y=652 canvas=150x66
BG DRAW: frame=5 x=270 y=306 dx=-80 dy=20 scale=2 canvas=150x66
WAVE SURFACE: frame=6 x=536 y=588 canvas=384x256
BG DRAW: frame=6 x=364 y=319 dx=-80 dy=20 scale=2 canvas=384x256
WAVE SURFACE: frame=9 x=876 y=646 canvas=154x74
BG DRAW: frame=9 x=518 y=303 dx=-80 dy=20 scale=2 canvas=154x74
    ------> Animate clouds
Clouds Pos: 48, 25
BG DRAW: frame=15 x=48 y=25 dx=-80 dy=20 scale=2 canvas=256x72
CLOUD DRAW: frame=15 flip=1 x=48 y=25 dx=-80 dy=20 scale=2 canvas=256x72 blits=256 bounds=-64,90,192,162
Clouds Pos: 246, 55
BG DRAW: frame=16 x=246 y=55 dx=-80 dy=20 scale=2 canvas=384x114
CLOUD DRAW: frame=16 flip=1 x=246 y=55 dx=-80 dy=20 scale=2 canvas=384x114 blits=384 bounds=332,150,716,264
Clouds Pos: 383, 30
BG DRAW: frame=17 x=383 y=30 dx=-80 dy=20 scale=2 canvas=528x152
CLOUD DRAW: frame=17 flip=1 x=383 y=30 dx=-80 dy=20 scale=2 canvas=528x152 blits=528 bounds=606,100,1134,252
DISPLAY: n=25 ticks=56 segment=10 phases=5,6,9,-1 johnny=16,0,299,243
 ******* WAIT: 4 ticks *******

    ------> Animate walking
WALKING: end walk

DISPLAY: n=26 ticks=60 segment=10 phases=5,6,9,-1 johnny=16,0,299,243
 ******* WAIT: 0 ticks *******

NATIVE RETURN: segment=10 ticks=60
NATIVE CALL: segment=11 args=0,0,0,0

 +-- CALCULATE PATH --
 |
 |  . walking from A to A:
 |  . possible paths:  A
 |  . chosen path: A
 +--------------------

WALKING:  spot=0 hdg=0 next=0  -  data 0 300 243 16

JOHNNY DRAW: segment=11 frame=16 flip=0 x=299 y=243
DISPLAY: n=27 ticks=60 segment=11 phases=5,6,9,-1 johnny=16,0,299,243
 ******* WAIT: 4 ticks *******

    ------> Animate bg
WAVE SURFACE: frame=6 x=536 y=588 canvas=384x256
BG DRAW: frame=6 x=364 y=319 dx=-80 dy=20 scale=2 canvas=384x256
WAVE SURFACE: frame=9 x=876 y=646 canvas=154x74
BG DRAW: frame=9 x=518 y=303 dx=-80 dy=20 scale=2 canvas=154x74
WAVE SURFACE: frame=3 x=374 y=652 canvas=150x66
BG DRAW: frame=3 x=270 y=306 dx=-80 dy=20 scale=2 canvas=150x66
    ------> Animate clouds
Clouds Pos: 49, 25
BG DRAW: frame=15 x=49 y=25 dx=-80 dy=20 scale=2 canvas=256x72
CLOUD DRAW: frame=15 flip=1 x=49 y=25 dx=-80 dy=20 scale=2 canvas=256x72 blits=256 bounds=-62,90,194,162
Clouds Pos: 248, 55
BG DRAW: frame=16 x=248 y=55 dx=-80 dy=20 scale=2 canvas=384x114
CLOUD DRAW: frame=16 flip=1 x=248 y=55 dx=-80 dy=20 scale=2 canvas=384x114 blits=384 bounds=336,150,720,264
Clouds Pos: 384, 30
BG DRAW: frame=17 x=384 y=30 dx=-80 dy=20 scale=2 canvas=528x152
CLOUD DRAW: frame=17 flip=1 x=384 y=30 dx=-80 dy=20 scale=2 canvas=528x152 blits=528 bounds=608,100,1136,252
DISPLAY: n=28 ticks=64 segment=11 phases=3,6,9,-1 johnny=16,0,299,243
 ******* WAIT: 2 ticks *******

    ------> Animate walking
WALKING: end walk

DISPLAY: n=29 ticks=66 segment=11 phases=3,6,9,-1 johnny=16,0,299,243
 ******* WAIT: 0 ticks *******

NATIVE RETURN: segment=11 ticks=66
NATIVE CALL: segment=12 args=0,0,0,0

 +-- CALCULATE PATH --
 |
 |  . walking from A to A:
 |  . possible paths:  A
 |  . chosen path: A
 +--------------------

WALKING:  spot=0 hdg=0 next=0  -  data 0 300 243 16

JOHNNY DRAW: segment=12 frame=16 flip=0 x=299 y=243
DISPLAY: n=30 ticks=66 segment=12 phases=3,6,9,-1 johnny=16,0,299,243
 ******* WAIT: 6 ticks *******

    ------> Animate bg
WAVE SURFACE: frame=9 x=876 y=646 canvas=154x74
BG DRAW: frame=9 x=518 y=303 dx=-80 dy=20 scale=2 canvas=154x74
WAVE SURFACE: frame=3 x=374 y=652 canvas=150x66
BG DRAW: frame=3 x=270 y=306 dx=-80 dy=20 scale=2 canvas=150x66
WAVE SURFACE: frame=7 x=536 y=588 canvas=384x256
BG DRAW: frame=7 x=364 y=319 dx=-80 dy=20 scale=2 canvas=384x256
    ------> Animate clouds
Clouds Pos: 50, 25
BG DRAW: frame=15 x=50 y=25 dx=-80 dy=20 scale=2 canvas=256x72
CLOUD DRAW: frame=15 flip=1 x=50 y=25 dx=-80 dy=20 scale=2 canvas=256x72 blits=256 bounds=-60,90,196,162
Clouds Pos: 250, 55
BG DRAW: frame=16 x=250 y=55 dx=-80 dy=20 scale=2 canvas=384x114
CLOUD DRAW: frame=16 flip=1 x=250 y=55 dx=-80 dy=20 scale=2 canvas=384x114 blits=384 bounds=340,150,724,264
Clouds Pos: 385, 30
BG DRAW: frame=17 x=385 y=30 dx=-80 dy=20 scale=2 canvas=528x152
CLOUD DRAW: frame=17 flip=1 x=385 y=30 dx=-80 dy=20 scale=2 canvas=528x152 blits=528 bounds=610,100,1138,252
    ------> Animate walking
WALKING: end walk

DISPLAY: n=31 ticks=72 segment=12 phases=3,7,9,-1 johnny=16,0,299,243
 ******* WAIT: 0 ticks *******

NATIVE RETURN: segment=12 ticks=72
NATIVE CALL: segment=13 args=0,0,0,0

 +-- CALCULATE PATH --
 |
 |  . walking from A to A:
 |  . possible paths:  A
 |  . chosen path: A
 +--------------------

WALKING:  spot=0 hdg=0 next=0  -  data 0 300 243 16

JOHNNY DRAW: segment=13 frame=16 flip=0 x=299 y=243
DISPLAY: n=32 ticks=72 segment=13 phases=3,7,9,-1 johnny=16,0,299,243
 ******* WAIT: 6 ticks *******

    ------> Animate walking
WALKING: end walk

DISPLAY: n=33 ticks=78 segment=13 phases=3,7,9,-1 johnny=16,0,299,243
 ******* WAIT: 0 ticks *******

NATIVE RETURN: segment=13 ticks=78
NATIVE CALL: segment=14 args=0,0,0,0

 +-- CALCULATE PATH --
 |
 |  . walking from A to A:
 |  . possible paths:  A
 |  . chosen path: A
 +--------------------

WALKING:  spot=0 hdg=0 next=0  -  data 0 300 243 16

JOHNNY DRAW: segment=14 frame=16 flip=0 x=299 y=243
DISPLAY: n=34 ticks=78 segment=14 phases=3,7,9,-1 johnny=16,0,299,243
 ******* WAIT: 2 ticks *******

    ------> Animate bg
WAVE SURFACE: frame=3 x=374 y=652 canvas=150x66
BG DRAW: frame=3 x=270 y=306 dx=-80 dy=20 scale=2 canvas=150x66
WAVE SURFACE: frame=7 x=536 y=588 canvas=384x256
BG DRAW: frame=7 x=364 y=319 dx=-80 dy=20 scale=2 canvas=384x256
WAVE SURFACE: frame=10 x=876 y=646 canvas=154x74
BG DRAW: frame=10 x=518 y=303 dx=-80 dy=20 scale=2 canvas=154x74
    ------> Animate clouds
Clouds Pos: 51, 25
BG DRAW: frame=15 x=51 y=25 dx=-80 dy=20 scale=2 canvas=256x72
CLOUD DRAW: frame=15 flip=1 x=51 y=25 dx=-80 dy=20 scale=2 canvas=256x72 blits=256 bounds=-58,90,198,162
Clouds Pos: 252, 55
BG DRAW: frame=16 x=252 y=55 dx=-80 dy=20 scale=2 canvas=384x114
CLOUD DRAW: frame=16 flip=1 x=252 y=55 dx=-80 dy=20 scale=2 canvas=384x114 blits=384 bounds=344,150,728,264
Clouds Pos: 386, 30
BG DRAW: frame=17 x=386 y=30 dx=-80 dy=20 scale=2 canvas=528x152
CLOUD DRAW: frame=17 flip=1 x=386 y=30 dx=-80 dy=20 scale=2 canvas=528x152 blits=528 bounds=612,100,1140,252
DISPLAY: n=35 ticks=80 segment=14 phases=3,7,10,-1 johnny=16,0,299,243
 ******* WAIT: 4 ticks *******

    ------> Animate walking
WALKING: end walk

DISPLAY: n=36 ticks=84 segment=14 phases=3,7,10,-1 johnny=16,0,299,243
 ******* WAIT: 0 ticks *******

NATIVE RETURN: segment=14 ticks=84
NATIVE CALL: segment=15 args=0,0,0,0

 +-- CALCULATE PATH --
 |
 |  . walking from A to A:
 |  . possible paths:  A
 |  . chosen path: A
 +--------------------

WALKING:  spot=0 hdg=0 next=0  -  data 0 300 243 16

JOHNNY DRAW: segment=15 frame=16 flip=0 x=299 y=243
DISPLAY: n=37 ticks=84 segment=15 phases=3,7,10,-1 johnny=16,0,299,243
 ******* WAIT: 4 ticks *******

    ------> Animate bg
WAVE SURFACE: frame=7 x=536 y=588 canvas=384x256
BG DRAW: frame=7 x=364 y=319 dx=-80 dy=20 scale=2 canvas=384x256
WAVE SURFACE: frame=10 x=876 y=646 canvas=154x74
BG DRAW: frame=10 x=518 y=303 dx=-80 dy=20 scale=2 canvas=154x74
WAVE SURFACE: frame=4 x=374 y=652 canvas=150x66
BG DRAW: frame=4 x=270 y=306 dx=-80 dy=20 scale=2 canvas=150x66
    ------> Animate clouds
Clouds Pos: 52, 25
BG DRAW: frame=15 x=52 y=25 dx=-80 dy=20 scale=2 canvas=256x72
CLOUD DRAW: frame=15 flip=1 x=52 y=25 dx=-80 dy=20 scale=2 canvas=256x72 blits=256 bounds=-56,90,200,162
Clouds Pos: 254, 55
BG DRAW: frame=16 x=254 y=55 dx=-80 dy=20 scale=2 canvas=384x114
CLOUD DRAW: frame=16 flip=1 x=254 y=55 dx=-80 dy=20 scale=2 canvas=384x114 blits=384 bounds=348,150,732,264
Clouds Pos: 387, 30
BG DRAW: frame=17 x=387 y=30 dx=-80 dy=20 scale=2 canvas=528x152
CLOUD DRAW: frame=17 flip=1 x=387 y=30 dx=-80 dy=20 scale=2 canvas=528x152 blits=528 bounds=614,100,1142,252
DISPLAY: n=38 ticks=88 segment=15 phases=4,7,10,-1 johnny=16,0,299,243
 ******* WAIT: 2 ticks *******

    ------> Animate walking
WALKING: end walk

DISPLAY: n=39 ticks=90 segment=15 phases=4,7,10,-1 johnny=16,0,299,243
 ******* WAIT: 0 ticks *******

NATIVE RETURN: segment=15 ticks=90
NATIVE CALL: segment=16 args=0,0,0,0

 +-- CALCULATE PATH --
 |
 |  . walking from A to A:
 |  . possible paths:  A
 |  . chosen path: A
 +--------------------

WALKING:  spot=0 hdg=0 next=0  -  data 0 300 243 16

JOHNNY DRAW: segment=16 frame=16 flip=0 x=299 y=243
DISPLAY: n=40 ticks=90 segment=16 phases=4,7,10,-1 johnny=16,0,299,243
 ******* WAIT: 6 ticks *******

    ------> Animate bg
WAVE SURFACE: frame=10 x=876 y=646 canvas=154x74
BG DRAW: frame=10 x=518 y=303 dx=-80 dy=20 scale=2 canvas=154x74
WAVE SURFACE: frame=4 x=374 y=652 canvas=150x66
BG DRAW: frame=4 x=270 y=306 dx=-80 dy=20 scale=2 canvas=150x66
WAVE SURFACE: frame=8 x=536 y=588 canvas=384x256
BG DRAW: frame=8 x=364 y=319 dx=-80 dy=20 scale=2 canvas=384x256
    ------> Animate clouds
Clouds Pos: 53, 25
BG DRAW: frame=15 x=53 y=25 dx=-80 dy=20 scale=2 canvas=256x72
CLOUD DRAW: frame=15 flip=1 x=53 y=25 dx=-80 dy=20 scale=2 canvas=256x72 blits=256 bounds=-54,90,202,162
Clouds Pos: 256, 55
BG DRAW: frame=16 x=256 y=55 dx=-80 dy=20 scale=2 canvas=384x114
CLOUD DRAW: frame=16 flip=1 x=256 y=55 dx=-80 dy=20 scale=2 canvas=384x114 blits=384 bounds=352,150,736,264
Clouds Pos: 388, 30
BG DRAW: frame=17 x=388 y=30 dx=-80 dy=20 scale=2 canvas=528x152
CLOUD DRAW: frame=17 flip=1 x=388 y=30 dx=-80 dy=20 scale=2 canvas=528x152 blits=528 bounds=616,100,1144,252
    ------> Animate walking
WALKING: end walk

DISPLAY: n=41 ticks=96 segment=16 phases=4,8,10,-1 johnny=16,0,299,243
 ******* WAIT: 0 ticks *******

NATIVE RETURN: segment=16 ticks=96
NATIVE CALL: segment=17 args=0,0,0,0

 +-- CALCULATE PATH --
 |
 |  . walking from A to A:
 |  . possible paths:  A
 |  . chosen path: A
 +--------------------

WALKING:  spot=0 hdg=0 next=0  -  data 0 300 243 16

JOHNNY DRAW: segment=17 frame=16 flip=0 x=299 y=243
DISPLAY: n=42 ticks=96 segment=17 phases=4,8,10,-1 johnny=16,0,299,243
 ******* WAIT: 6 ticks *******

    ------> Animate walking
WALKING: end walk

DISPLAY: n=43 ticks=102 segment=17 phases=4,8,10,-1 johnny=16,0,299,243
 ******* WAIT: 0 ticks *******

NATIVE RETURN: segment=17 ticks=102
NATIVE CALL: segment=18 args=0,0,0,0

 +-- CALCULATE PATH --
 |
 |  . walking from A to A:
 |  . possible paths:  A
 |  . chosen path: A
 +--------------------

WALKING:  spot=0 hdg=0 next=0  -  data 0 300 243 16

JOHNNY DRAW: segment=18 frame=16 flip=0 x=299 y=243
DISPLAY: n=44 ticks=102 segment=18 phases=4,8,10,-1 johnny=16,0,299,243
 ******* WAIT: 2 ticks *******

    ------> Animate bg
WAVE SURFACE: frame=4 x=374 y=652 canvas=150x66
BG DRAW: frame=4 x=270 y=306 dx=-80 dy=20 scale=2 canvas=150x66
WAVE SURFACE: frame=8 x=536 y=588 canvas=384x256
BG DRAW: frame=8 x=364 y=319 dx=-80 dy=20 scale=2 canvas=384x256
WAVE SURFACE: frame=11 x=876 y=646 canvas=154x74
BG DRAW: frame=11 x=518 y=303 dx=-80 dy=20 scale=2 canvas=154x74
    ------> Animate clouds
Clouds Pos: 54, 25
BG DRAW: frame=15 x=54 y=25 dx=-80 dy=20 scale=2 canvas=256x72
CLOUD DRAW: frame=15 flip=1 x=54 y=25 dx=-80 dy=20 scale=2 canvas=256x72 blits=256 bounds=-52,90,204,162
Clouds Pos: 258, 55
BG DRAW: frame=16 x=258 y=55 dx=-80 dy=20 scale=2 canvas=384x114
CLOUD DRAW: frame=16 flip=1 x=258 y=55 dx=-80 dy=20 scale=2 canvas=384x114 blits=384 bounds=356,150,740,264
Clouds Pos: 389, 30
BG DRAW: frame=17 x=389 y=30 dx=-80 dy=20 scale=2 canvas=528x152
CLOUD DRAW: frame=17 flip=1 x=389 y=30 dx=-80 dy=20 scale=2 canvas=528x152 blits=528 bounds=618,100,1146,252
DISPLAY: n=45 ticks=104 segment=18 phases=4,8,11,-1 johnny=16,0,299,243
 ******* WAIT: 4 ticks *******

    ------> Animate walking
WALKING: end walk

DISPLAY: n=46 ticks=108 segment=18 phases=4,8,11,-1 johnny=16,0,299,243
 ******* WAIT: 0 ticks *******

NATIVE RETURN: segment=18 ticks=108
NATIVE CALL: segment=19 args=0,0,0,0

 +-- CALCULATE PATH --
 |
 |  . walking from A to A:
 |  . possible paths:  A
 |  . chosen path: A
 +--------------------

WALKING:  spot=0 hdg=0 next=0  -  data 0 300 243 16

JOHNNY DRAW: segment=19 frame=16 flip=0 x=299 y=243
DISPLAY: n=47 ticks=108 segment=19 phases=4,8,11,-1 johnny=16,0,299,243
 ******* WAIT: 4 ticks *******

    ------> Animate bg
WAVE SURFACE: frame=8 x=536 y=588 canvas=384x256
BG DRAW: frame=8 x=364 y=319 dx=-80 dy=20 scale=2 canvas=384x256
WAVE SURFACE: frame=11 x=876 y=646 canvas=154x74
BG DRAW: frame=11 x=518 y=303 dx=-80 dy=20 scale=2 canvas=154x74
WAVE SURFACE: frame=5 x=374 y=652 canvas=150x66
BG DRAW: frame=5 x=270 y=306 dx=-80 dy=20 scale=2 canvas=150x66
    ------> Animate clouds
Clouds Pos: 55, 25
BG DRAW: frame=15 x=55 y=25 dx=-80 dy=20 scale=2 canvas=256x72
CLOUD DRAW: frame=15 flip=1 x=55 y=25 dx=-80 dy=20 scale=2 canvas=256x72 blits=256 bounds=-50,90,206,162
Clouds Pos: 260, 55
BG DRAW: frame=16 x=260 y=55 dx=-80 dy=20 scale=2 canvas=384x114
CLOUD DRAW: frame=16 flip=1 x=260 y=55 dx=-80 dy=20 scale=2 canvas=384x114 blits=384 bounds=360,150,744,264
Clouds Pos: 390, 30
BG DRAW: frame=17 x=390 y=30 dx=-80 dy=20 scale=2 canvas=528x152
CLOUD DRAW: frame=17 flip=1 x=390 y=30 dx=-80 dy=20 scale=2 canvas=528x152 blits=528 bounds=620,100,1148,252
DISPLAY: n=48 ticks=112 segment=19 phases=5,8,11,-1 johnny=16,0,299,243
 ******* WAIT: 2 ticks *******

    ------> Animate walking
WALKING: end walk

DISPLAY: n=49 ticks=114 segment=19 phases=5,8,11,-1 johnny=16,0,299,243
 ******* WAIT: 0 ticks *******

NATIVE RETURN: segment=19 ticks=114
NATIVE CALL: segment=20 args=0,0,0,0

 +-- CALCULATE PATH --
 |
 |  . walking from A to A:
 |  . possible paths:  A
 |  . chosen path: A
 +--------------------

WALKING:  spot=0 hdg=0 next=0  -  data 0 300 243 16

JOHNNY DRAW: segment=20 frame=16 flip=0 x=299 y=243
DISPLAY: n=50 ticks=114 segment=20 phases=5,8,11,-1 johnny=16,0,299,243
 ******* WAIT: 6 ticks *******

    ------> Animate bg
WAVE SURFACE: frame=11 x=876 y=646 canvas=154x74
BG DRAW: frame=11 x=518 y=303 dx=-80 dy=20 scale=2 canvas=154x74
WAVE SURFACE: frame=5 x=374 y=652 canvas=150x66
BG DRAW: frame=5 x=270 y=306 dx=-80 dy=20 scale=2 canvas=150x66
WAVE SURFACE: frame=6 x=536 y=588 canvas=384x256
BG DRAW: frame=6 x=364 y=319 dx=-80 dy=20 scale=2 canvas=384x256
    ------> Animate clouds
Clouds Pos: 56, 25
BG DRAW: frame=15 x=56 y=25 dx=-80 dy=20 scale=2 canvas=256x72
CLOUD DRAW: frame=15 flip=1 x=56 y=25 dx=-80 dy=20 scale=2 canvas=256x72 blits=256 bounds=-48,90,208,162
Clouds Pos: 262, 55
BG DRAW: frame=16 x=262 y=55 dx=-80 dy=20 scale=2 canvas=384x114
CLOUD DRAW: frame=16 flip=1 x=262 y=55 dx=-80 dy=20 scale=2 canvas=384x114 blits=384 bounds=364,150,748,264
Clouds Pos: 391, 30
BG DRAW: frame=17 x=391 y=30 dx=-80 dy=20 scale=2 canvas=528x152
CLOUD DRAW: frame=17 flip=1 x=391 y=30 dx=-80 dy=20 scale=2 canvas=528x152 blits=528 bounds=622,100,1150,252
    ------> Animate walking
WALKING: end walk

DISPLAY: n=51 ticks=120 segment=20 phases=5,6,11,-1 johnny=16,0,299,243
 ******* WAIT: 0 ticks *******

NATIVE RETURN: segment=20 ticks=120
Captured frame: final.ppm (1280x960)
Art assets decoded: cartoon=84, HD fallback=44, original fallback=0
DONE: native calls returned; cleanup complete
